Oct 10 19:30:50 runnervmmprz5 systemd[1]: Started zebrad.service - /opt/zbench/bin/zebrad-v6.4.2 -c /etc/zbench/zebrad.toml start.
Oct 10 19:30:50 runnervmmprz5 zebrad-v6.4.2[2756]: Thank you for running a testnet zebrad 6.4.2 node!
Oct 10 19:30:50 runnervmmprz5 zebrad-v6.4.2[2756]: You're helping to strengthen the network and contributing to a social good :)
Oct 10 19:30:50 runnervmmprz5 zebrad-v6.4.2[2756]: 2026-10-10T19:30:50.958388Z  INFO zebrad::components::tracing::component: started tracing component filter="info" TRACING_STATIC_MAX_LEVEL=LevelFilter::INFO LOG_STATIC_MAX_LEVEL=Info
Oct 10 19:30:50 runnervmmprz5 zebrad-v6.4.2[2756]: 2026-10-10T19:30:50.961359Z  INFO zebrad::components::tracing::component: installed sentry tracing layer
Oct 10 19:30:50 runnervmmprz5 zebrad-v6.4.2[2756]: 2026-10-10T19:30:50.961368Z  INFO zebrad::components::tracing::component: set 'tracing.progress_bar ="summary"' in zebrad.toml to activate progress bars
Oct 10 19:30:50 runnervmmprz5 zebrad-v6.4.2[2756]: 2026-10-10T19:30:50.961371Z  INFO zebrad::application: Diagnostic metadata:
Oct 10 19:30:50 runnervmmprz5 zebrad-v6.4.2[2756]: version: 6.4.2
Oct 10 19:30:50 runnervmmprz5 zebrad-v6.4.2[2756]: Zcash network: Testnet
Oct 10 19:30:50 runnervmmprz5 zebrad-v6.4.2[2756]: running state version: 28.0.0+indexer
Oct 10 19:30:50 runnervmmprz5 zebrad-v6.4.2[2756]: initial disk state version: 28.0.0
Oct 10 19:30:50 runnervmmprz5 zebrad-v6.4.2[2756]: features: default,default_release_binaries,howudoin,indexer,indicatif,metrics_exporter_prometheus,opentelemetry,progress_bar,prometheus,release_max_level_info,sentry
Oct 10 19:30:50 runnervmmprz5 zebrad-v6.4.2[2756]: branch: HEAD
Oct 10 19:30:50 runnervmmprz5 zebrad-v6.4.2[2756]: git commit: e3eef2f
Oct 10 19:30:50 runnervmmprz5 zebrad-v6.4.2[2756]: commit timestamp: 2026-09-25T19:37:34.000000000Z
Oct 10 19:30:50 runnervmmprz5 zebrad-v6.4.2[2756]: target triple: x86_64-unknown-linux-gnu
Oct 10 19:30:50 runnervmmprz5 zebrad-v6.4.2[2756]: rust compiler: 1.91.0
Oct 10 19:30:50 runnervmmprz5 zebrad-v6.4.2[2756]: rust release date: 2025-10-28
Oct 10 19:30:50 runnervmmprz5 zebrad-v6.4.2[2756]: optimization level: 3
Oct 10 19:30:50 runnervmmprz5 zebrad-v6.4.2[2756]: debug checks: true
Oct 10 19:30:50 runnervmmprz5 zebrad-v6.4.2[2756]: 2026-10-10T19:30:50.961377Z  INFO zebrad::application: Using config file at: "/etc/zbench/zebrad.toml"
Oct 10 19:30:50 runnervmmprz5 zebrad-v6.4.2[2756]: 2026-10-10T19:30:50.961383Z  INFO zebrad::application: ZebradConfig { consensus: Config { checkpoint_sync: true }, metrics: Config { endpoint_addr: Some(127.0.0.1:9101) }, network: Config { listen_addr: 127.0.0.1:8233, external_addr: None, network: Testnet, initial_mainnet_peers: {}, initial_testnet_peers: {}, cache_dir: IsEnabled(false), peerset_initial_target_size: 25, crawl_new_peer_interval: 61s, max_connections_per_ip: 1 }, state: Config { cache_dir: "/zbench/zebra", ephemeral: false, should_backup_non_finalized_state: true, delete_old_database: true, debug_stop_at_height: None, debug_validity_check_interval: None, debug_skip_non_finalized_state_backup_task: false }, tracing: Config { inner: InnerConfig { use_color: false, force_use_color: false, filter: None, buffer_limit: 128000, endpoint_addr: None, flamegraph: None, progress_bar: None, log_file: None, use_journald: false, opentelemetry_endpoint: None, opentelemetry_service_name: None, opentelemetry_sample_percent: None } }, sync: Config { download_concurrency_limit: 50, checkpoint_verify_concurrency_limit: 1000, full_verify_concurrency_limit: 20, parallel_cpu_threads: 0 }, mempool: Config { tx_cost_limit: 80000000, eviction_memory_time: 3600s, debug_enable_at_height: None, max_datacarrier_bytes: Some(83) }, notify: Config { block_notify_command: None }, rpc: Config { listen_addr: Some(127.0.0.1:8232), indexer_listen_addr: Some(127.0.0.1:8230), lightwalletd_listen_addr: None, parallel_cpu_threads: 0, debug_force_finished_sync: false, cookie_dir: "/zbench/zebra-cookie", enable_cookie_auth: true, max_response_body_size: 52428800 }, mining: Config { miner_address: None, extra_coinbase_data: None, miner_memo: None, internal_miner: false }, health: Config { listen_addr: None, min_connected_peers: 1, ready_max_blocks_behind: 2, enforce_on_test_networks: false, ready_max_tip_age: 300s }, zcashd_compat: Config { enabled: false, manage_zcashd: false, zcashd_source: Path, zcashd_path: None, zcashd_datadir: None, zcashd_extra_args: [], p2p_connect_addr: None, block_gossip_peer_ips: [], startup_delay: 1s, restart_backoff: 2s, restart_backoff_max: 300s, restart_reset_after: 3600s, shutdown_grace_period: 300s } }
Oct 10 19:30:50 runnervmmprz5 zebrad-v6.4.2[2756]: 2026-10-10T19:30:50.963473Z  INFO {zebrad="e3eef2f" net="Test"}: zebrad::application: initialized rayon thread pool for CPU-bound tasks num_threads=4
Oct 10 19:30:50 runnervmmprz5 zebrad-v6.4.2[2756]: 2026-10-10T19:30:50.964320Z  INFO {zebrad="e3eef2f" net="Test"}: zebrad::components::metrics: Trying to open metrics endpoint at 127.0.0.1:9101...
Oct 10 19:30:50 runnervmmprz5 zebrad-v6.4.2[2756]: 2026-10-10T19:30:50.965919Z  INFO {zebrad="e3eef2f" net="Test"}: zebrad::components::metrics: Opened metrics endpoint at 127.0.0.1:9101
Oct 10 19:30:50 runnervmmprz5 zebrad-v6.4.2[2756]: 2026-10-10T19:30:50.966697Z  INFO zebrad::commands::start: Starting zebrad
Oct 10 19:30:50 runnervmmprz5 zebrad-v6.4.2[2756]: 2026-10-10T19:30:50.967650Z  WARN zebrad::commands::start: TCP slow-start-after-idle is enabled, which resets TCP's congestion window between block requests and significantly reduces single-peer throughput for block propagation. Hint: set `net.ipv4.tcp_slow_start_after_idle=0` via sysctl. See https://zebra.zfnd.org/user/troubleshooting.html#linux-tcp-tuning-for-block-propagation setting="net.ipv4.tcp_slow_start_after_idle"
Oct 10 19:30:50 runnervmmprz5 zebrad-v6.4.2[2756]: 2026-10-10T19:30:50.967678Z  INFO zebrad::commands::start: initializing node state
Oct 10 19:30:50 runnervmmprz5 zebrad-v6.4.2[2756]: 2026-10-10T19:30:50.967979Z  INFO zebrad::commands::start: opening database, this may take a few minutes
Oct 10 19:30:50 runnervmmprz5 zebrad-v6.4.2[2756]: 2026-10-10T19:30:50.970935Z  INFO zebra_state::service::finalized_state::disk_format::upgrade: trying to open current database format running_version=28.0.0+indexer
Oct 10 19:30:52 runnervmmprz5 zebrad-v6.4.2[2756]: 2026-10-10T19:30:52.283228Z  INFO zebra_state::service::finalized_state::disk_db: Opened Zebra state cache at /zbench/zebra/state/v28/testnet
Oct 10 19:30:52 runnervmmprz5 zebrad-v6.4.2[2756]: 2026-10-10T19:30:52.285294Z  INFO zebra_state::service::finalized_state::disk_format::upgrade: checking database format produced by a previous zebra instance is current and valid running_version=28.0.0+indexer
Oct 10 19:30:52 runnervmmprz5 zebrad-v6.4.2[2756]: 2026-10-10T19:30:52.285637Z  INFO zebra_state::service::finalized_state::disk_format::upgrade: started checking/adding indexes for spending tx ids
Oct 10 19:30:52 runnervmmprz5 zebrad-v6.4.2[2756]: 2026-10-10T19:30:52.291740Z  INFO zebra_state::service::non_finalized_state: restoring non-finalized blocks from backup and spawning backup task backup_dir_path="/zbench/zebra/non_finalized_state/testnet"
Oct 10 19:30:52 runnervmmprz5 zebrad-v6.4.2[2756]: 2026-10-10T19:30:52.292636Z  INFO zebra_state::service::non_finalized_state: no blocks were restored from the non-finalized backup cache
Oct 10 19:30:52 runnervmmprz5 zebrad-v6.4.2[2756]: 2026-10-10T19:30:52.292674Z  INFO zebra_state::service: loaded Zebra state cache chain_tip=Some((block::Hash("00005894e6410b9d9524e38d725e6595ef4c8f85d4deb9e56b340751b0c3d678"), Height(4382897)))
Oct 10 19:30:52 runnervmmprz5 zebrad-v6.4.2[2756]: 2026-10-10T19:30:52.293782Z  INFO zebra_state::service: starting legacy chain check
Oct 10 19:30:52 runnervmmprz5 zebrad-v6.4.2[2756]: 2026-10-10T19:30:52.294214Z  INFO zebra_state::service: cached state consensus branch is valid: no legacy chain found
Oct 10 19:30:52 runnervmmprz5 zebrad-v6.4.2[2756]: 2026-10-10T19:30:52.294234Z  INFO zebrad::commands::start: logging database metrics on startup
Oct 10 19:30:52 runnervmmprz5 zebrad-v6.4.2[2756]: 2026-10-10T19:30:52.296764Z  INFO zebra_state::service::finalized_state::disk_db: Total Database Disk Size: 12.6 GB
Oct 10 19:30:52 runnervmmprz5 zebrad-v6.4.2[2756]: 2026-10-10T19:30:52.296783Z  INFO zebra_state::service::finalized_state::disk_db: Total Live Data Disk Size: 12.6 GB
Oct 10 19:30:52 runnervmmprz5 zebrad-v6.4.2[2756]: 2026-10-10T19:30:52.296787Z  INFO zebra_state::service::finalized_state::disk_db: Total Database Memory Size: 61.4 KB
Oct 10 19:30:52 runnervmmprz5 zebrad-v6.4.2[2756]: 2026-10-10T19:30:52.296795Z  INFO zebrad::commands::start: initializing network
Oct 10 19:30:52 runnervmmprz5 zebrad-v6.4.2[2756]: 2026-10-10T19:30:52.297031Z  INFO open_listener{addr=127.0.0.1:8233}: zebra_network::peer_set::initialize: Trying to open Zcash protocol endpoint at 127.0.0.1:8233...
Oct 10 19:30:52 runnervmmprz5 zebrad-v6.4.2[2756]: 2026-10-10T19:30:52.297082Z  INFO open_listener{addr=127.0.0.1:8233}: zebra_network::peer_set::initialize: Opened Zcash protocol endpoint at 127.0.0.1:8233
Oct 10 19:30:52 runnervmmprz5 zebrad-v6.4.2[2756]: 2026-10-10T19:30:52.299061Z  INFO zebra_network::address_book_updater: starting the address book updater
Oct 10 19:30:52 runnervmmprz5 zebrad-v6.4.2[2756]: 2026-10-10T19:30:52.299448Z  WARN add_initial_peers: zebra_network::config: no initial peers in the network config. Hint: you must configure at least one peer IP or DNS seeder to run Zebra, give it some previously cached peer IP addresses on disk, or make sure Zebra's listener port gets inbound connections.
Oct 10 19:30:52 runnervmmprz5 zebrad-v6.4.2[2756]: 2026-10-10T19:30:52.299940Z  INFO add_initial_peers: zebra_network::peer_set::initialize: connecting to initial peer set ipv4_peer_count=0 ipv6_peer_count=0
Oct 10 19:30:52 runnervmmprz5 zebrad-v6.4.2[2756]: 2026-10-10T19:30:52.299955Z  INFO add_initial_peers: zebra_network::peer_set::initialize: finished connecting to initial seed and disk cache peers handshake_success_total=0 handshake_error_total=0 outbound_connections=0
Oct 10 19:30:52 runnervmmprz5 zebrad-v6.4.2[2756]: 2026-10-10T19:30:52.299998Z  INFO zebra_network::peer_set::initialize: sending initial request for peers active_initial_peer_count=0
Oct 10 19:30:52 runnervmmprz5 zebrad-v6.4.2[2756]: 2026-10-10T19:30:52.300054Z  INFO crawl_and_dial{new_peer_interval=61s}: zebra_network::peer_set::initialize: starting the peer address crawler crawl_new_peer_interval=61s outbound_connections=0
Oct 10 19:30:52 runnervmmprz5 zebrad-v6.4.2[2756]: 2026-10-10T19:30:52.300754Z  INFO zebrad::commands::start: initializing verifiers
Oct 10 19:30:52 runnervmmprz5 zebrad-v6.4.2[2756]: 2026-10-10T19:30:52.300943Z  INFO init{config=Config { checkpoint_sync: true } network=Testnet}: zebra_consensus::router: starting state checkpoint validation
Oct 10 19:30:52 runnervmmprz5 zebrad-v6.4.2[2756]: 2026-10-10T19:30:52.301718Z  INFO init{config=Config { checkpoint_sync: true } network=Testnet}: zebra_consensus::router: initializing block verifier router tip=Some((Height(4382897), block::Hash("00005894e6410b9d9524e38d725e6595ef4c8f85d4deb9e56b340751b0c3d678"))) max_checkpoint_height=Height(4359385)
Oct 10 19:30:52 runnervmmprz5 zebrad-v6.4.2[2756]: 2026-10-10T19:30:52.302250Z  INFO zebrad::commands::start: initializing syncer
Oct 10 19:30:52 runnervmmprz5 zebrad-v6.4.2[2756]: 2026-10-10T19:30:52.302561Z  INFO zebrad::commands::start: initializing mempool
Oct 10 19:30:52 runnervmmprz5 zebrad-v6.4.2[2756]: 2026-10-10T19:30:52.302721Z  INFO zebrad::commands::start: fully initializing inbound peer request handler
Oct 10 19:30:52 runnervmmprz5 zebrad-v6.4.2[2756]: 2026-10-10T19:30:52.306130Z  INFO zebra_rpc::server::cookie: RPC auth cookie written to disk
Oct 10 19:30:52 runnervmmprz5 zebrad-v6.4.2[2756]: 2026-10-10T19:30:52.306169Z  INFO zebra_rpc::server: Opened RPC endpoint at 127.0.0.1:8232
Oct 10 19:30:52 runnervmmprz5 zebrad-v6.4.2[2756]: 2026-10-10T19:30:52.306183Z  INFO zebrad::commands::start: spawning indexer RPC server
Oct 10 19:30:52 runnervmmprz5 zebrad-v6.4.2[2756]: 2026-10-10T19:30:52.307595Z  INFO init: zebra_rpc::indexer::server: Trying to open indexer RPC endpoint at 127.0.0.1:8230...
Oct 10 19:30:52 runnervmmprz5 zebrad-v6.4.2[2756]: 2026-10-10T19:30:52.307632Z  INFO init: zebra_rpc::indexer::server: Opened RPC endpoint at 127.0.0.1:8230
Oct 10 19:30:52 runnervmmprz5 zebrad-v6.4.2[2756]: 2026-10-10T19:30:52.307645Z  INFO zebrad::commands::start: spawning block gossip task
Oct 10 19:30:52 runnervmmprz5 zebrad-v6.4.2[2756]: 2026-10-10T19:30:52.307649Z  INFO zebrad::commands::start: spawning block notify task
Oct 10 19:30:52 runnervmmprz5 zebrad-v6.4.2[2756]: 2026-10-10T19:30:52.307652Z  INFO zebrad::commands::start: spawning mempool queue checker task
Oct 10 19:30:52 runnervmmprz5 zebrad-v6.4.2[2756]: 2026-10-10T19:30:52.307655Z  INFO zebrad::commands::start: spawning mempool transaction gossip task
Oct 10 19:30:52 runnervmmprz5 zebrad-v6.4.2[2756]: 2026-10-10T19:30:52.307658Z  INFO zebrad::commands::start: spawning delete old databases task
Oct 10 19:30:52 runnervmmprz5 zebrad-v6.4.2[2756]: 2026-10-10T19:30:52.307664Z  INFO zebrad::commands::start: spawning progress logging task
Oct 10 19:30:52 runnervmmprz5 zebrad-v6.4.2[2756]: 2026-10-10T19:30:52.307668Z  INFO zebrad::commands::start: initializing health endpoints
Oct 10 19:30:52 runnervmmprz5 zebrad-v6.4.2[2756]: 2026-10-10T19:30:52.307672Z  INFO zebrad::commands::start: spawning end of support checking task
Oct 10 19:30:52 runnervmmprz5 zebrad-v6.4.2[2756]: 2026-10-10T19:30:52.307680Z  INFO zebrad::commands::start: spawning mempool crawler task
Oct 10 19:30:52 runnervmmprz5 zebrad-v6.4.2[2756]: 2026-10-10T19:30:52.307683Z  INFO zebrad::commands::start: spawning syncer task
Oct 10 19:30:52 runnervmmprz5 zebrad-v6.4.2[2756]: 2026-10-10T19:30:52.307687Z  INFO zebrad::commands::start: spawned initial Zebra tasks
Oct 10 19:30:52 runnervmmprz5 zebrad-v6.4.2[2756]: 2026-10-10T19:30:52.307732Z  INFO zebra_state::config: checking for old database versions db_kind="state"
Oct 10 19:30:52 runnervmmprz5 zebrad-v6.4.2[2756]: 2026-10-10T19:30:52.307768Z  INFO zebrad::components::mempool::queue_checker: initializing mempool queue checker task
Oct 10 19:30:52 runnervmmprz5 zebrad-v6.4.2[2756]: 2026-10-10T19:30:52.307779Z  INFO zebra_state::config: finished old database version cleanup task
Oct 10 19:30:52 runnervmmprz5 zebrad-v6.4.2[2756]: 2026-10-10T19:30:52.307785Z  INFO zebrad::components::mempool::gossip: initializing transaction gossip task
Oct 10 19:30:52 runnervmmprz5 zebrad-v6.4.2[2756]: 2026-10-10T19:30:52.307928Z  INFO zebrad::components::sync::end_of_support: Starting end of support task
Oct 10 19:30:52 runnervmmprz5 zebrad-v6.4.2[2756]: 2026-10-10T19:30:52.308289Z  INFO zebrad::components::mempool::crawler: initializing mempool crawler task
Oct 10 19:30:52 runnervmmprz5 zebrad-v6.4.2[2756]: 2026-10-10T19:30:52.308331Z  WARN zebrad::components::sync::progress: chain tip metrics channel closed err=SendError { .. }
Oct 10 19:30:52 runnervmmprz5 zebrad-v6.4.2[2756]: 2026-10-10T19:30:52.308414Z  INFO zebrad::components::sync::gossip: initializing block gossip task
Oct 10 19:30:52 runnervmmprz5 zebrad-v6.4.2[2756]: 2026-10-10T19:30:52.310409Z  INFO sync:try_to_sync: zebrad::components::sync: starting sync, obtaining new tips state_tip=Some(Height(4382897))
Oct 10 19:30:55 runnervmmprz5 zebrad-v6.4.2[2756]: 2026-10-10T19:30:55.184715Z  INFO init{config=Config { checkpoint_sync: true } network=Testnet}: zebra_consensus::router: finished state checkpoint validation
Oct 10 19:30:58 runnervmmprz5 zebrad-v6.4.2[2756]: 2026-10-10T19:30:58.320769Z  INFO sync:try_to_sync: zebrad::components::sync: exhausted prospective tip set
Oct 10 19:30:58 runnervmmprz5 zebrad-v6.4.2[2756]: 2026-10-10T19:30:58.320804Z  INFO sync: zebrad::components::sync: waiting to restart sync timeout=67s state_tip=Some(Height(4382897))
Oct 10 19:30:59 runnervmmprz5 zebrad-v6.4.2[2756]: 2026-10-10T19:30:59.310832Z  INFO zebrad::components::sync::gossip: height=Height(4382897) request=AdvertiseBlock(block::Hash("00005894e6410b9d9524e38d725e6595ef4c8f85d4deb9e56b340751b0c3d678"), None) log_msg="sending committed block broadcast"
Oct 10 19:31:02 runnervmmprz5 zebrad-v6.4.2[2756]: 2026-10-10T19:31:02.308990Z  INFO zebrad::components::sync::end_of_support: Release always valid in Testnet
Oct 10 19:31:02 runnervmmprz5 zebrad-v6.4.2[2756]: 2026-10-10T19:31:02.310154Z  INFO zebrad::components::mempool: activating mempool: Zebra is close to the tip tip_height=Height(4382897)
Oct 10 19:31:52 runnervmmprz5 zebrad-v6.4.2[2756]: 2026-10-10T19:31:52.325869Z  INFO zebrad::components::sync::progress: initial sync is very slow, or estimated tip is wrong. Hint: check your network connection, and your computer clock and time zone sync_percent=99.539% current_height=Height(4382897) network_upgrade=Nu6_3 remaining_sync_blocks=20293 after_checkpoint_height=Height(4360395) time_since_last_state_block=1m
Oct 10 19:31:53 runnervmmprz5 zebrad-v6.4.2[2756]: 2026-10-10T19:31:53.303613Z  INFO crawl_and_dial{new_peer_interval=61s}:crawl: zebra_network::peer_set::candidate_set::crawl: timeout waiting for peer service readiness or peer responses
Oct 10 19:32:05 runnervmmprz5 zebrad-v6.4.2[2756]: 2026-10-10T19:32:05.321497Z  INFO sync:try_to_sync: zebrad::components::sync: starting sync, obtaining new tips state_tip=Some(Height(4382897))
Oct 10 19:32:11 runnervmmprz5 zebrad-v6.4.2[2756]: 2026-10-10T19:32:11.321838Z  INFO zebrad::components::mempool::crawler: mempool crawl timed out: Elapsed(())
Oct 10 19:32:16 runnervmmprz5 zebrad-v6.4.2[2756]: 2026-10-10T19:32:16.834719Z  INFO zebra_state::service::finalized_state::disk_format::upgrade: finished checking/adding indexes for spending tx ids
Oct 10 19:32:20 runnervmmprz5 zebrad-v6.4.2[2756]: 2026-10-10T19:32:20.271196Z  INFO zebra_state::service::finalized_state::disk_format::upgrade: database format is valid running_version=28.0.0+indexer initial_disk_version=28.0.0+indexer
Oct 10 19:32:23 runnervmmprz5 zebrad-v6.4.2[2756]: 2026-10-10T19:32:23.060153Z  INFO sync:try_to_sync: zebrad::components::sync: exhausted prospective tip set
Oct 10 19:32:23 runnervmmprz5 zebrad-v6.4.2[2756]: 2026-10-10T19:32:23.060191Z  INFO sync: zebrad::components::sync: waiting to restart sync timeout=67s state_tip=Some(Height(4382897))
Oct 10 19:32:52 runnervmmprz5 zebrad-v6.4.2[2756]: 2026-10-10T19:32:52.339492Z  INFO zebrad::components::sync::progress: initial sync is very slow, or estimated tip is wrong. Hint: check your network connection, and your computer clock and time zone sync_percent=99.539% current_height=Height(4382897) network_upgrade=Nu6_3 remaining_sync_blocks=20293 after_checkpoint_height=Height(4360395) time_since_last_state_block=2m
Oct 10 19:33:30 runnervmmprz5 zebrad-v6.4.2[2756]: 2026-10-10T19:33:30.061320Z  INFO sync:try_to_sync: zebrad::components::sync: starting sync, obtaining new tips state_tip=Some(Height(4382897))
Oct 10 19:33:36 runnervmmprz5 zebrad-v6.4.2[2756]: 2026-10-10T19:33:36.325452Z  INFO sync:try_to_sync: zebrad::components::sync: exhausted prospective tip set
Oct 10 19:33:36 runnervmmprz5 zebrad-v6.4.2[2756]: 2026-10-10T19:33:36.325486Z  INFO sync: zebrad::components::sync: waiting to restart sync timeout=67s state_tip=Some(Height(4382897))
Oct 10 19:33:52 runnervmmprz5 zebrad-v6.4.2[2756]: 2026-10-10T19:33:52.354945Z  INFO zebrad::components::sync::progress: initial sync is very slow, or estimated tip is wrong. Hint: check your network connection, and your computer clock and time zone sync_percent=99.539% current_height=Height(4382897) network_upgrade=Nu6_3 remaining_sync_blocks=20294 after_checkpoint_height=Height(4360395) time_since_last_state_block=3m
Oct 10 19:34:43 runnervmmprz5 zebrad-v6.4.2[2756]: 2026-10-10T19:34:43.326820Z  INFO sync:try_to_sync: zebrad::components::sync: starting sync, obtaining new tips state_tip=Some(Height(4382897))
Oct 10 19:34:52 runnervmmprz5 zebrad-v6.4.2[2756]: 2026-10-10T19:34:52.368991Z  INFO zebrad::components::sync::progress: initial sync is very slow, or estimated tip is wrong. Hint: check your network connection, and your computer clock and time zone sync_percent=99.539% current_height=Height(4382897) network_upgrade=Nu6_3 remaining_sync_blocks=20295 after_checkpoint_height=Height(4360395) time_since_last_state_block=4m
Oct 10 19:34:55 runnervmmprz5 zebrad-v6.4.2[2756]: 2026-10-10T19:34:55.327231Z  INFO sync:try_to_sync: zebrad::components::sync: exhausted prospective tip set
Oct 10 19:34:55 runnervmmprz5 zebrad-v6.4.2[2756]: 2026-10-10T19:34:55.327270Z  INFO sync: zebrad::components::sync: waiting to restart sync timeout=67s state_tip=Some(Height(4382897))
Oct 10 19:35:52 runnervmmprz5 zebrad-v6.4.2[2756]: 2026-10-10T19:35:52.380785Z  INFO zebrad::components::sync::progress: initial sync is very slow, or estimated tip is wrong. Hint: check your network connection, and your computer clock and time zone sync_percent=99.539% current_height=Height(4382897) network_upgrade=Nu6_3 remaining_sync_blocks=20296 after_checkpoint_height=Height(4360395) time_since_last_state_block=5m
Oct 10 19:35:57 runnervmmprz5 zebrad-v6.4.2[2756]: 2026-10-10T19:35:57.301083Z  WARN crawl_and_dial{new_peer_interval=61s}:crawl: zebra_network::peer_set::set: network request with no peer connections. Hint: check your network connection address_metrics=AddressMetrics { responded: 1, never_attempted_gossiped: 2, failed: 0, attempt_pending: 0, recently_live: 1, recently_stopped_responding: 0, num_addresses: 3, address_limit: 5000 }
Oct 10 19:36:02 runnervmmprz5 zebrad-v6.4.2[2756]: 2026-10-10T19:36:02.328805Z  INFO sync:try_to_sync: zebrad::components::sync: starting sync, obtaining new tips state_tip=Some(Height(4382897))
Oct 10 19:36:05 runnervmmprz5 zebrad-v6.4.2[2756]: 2026-10-10T19:36:05.301462Z  INFO crawl_and_dial{new_peer_interval=61s}:crawl: zebra_network::peer_set::candidate_set::crawl: timeout waiting for peer service readiness or peer responses
Oct 10 19:36:43 runnervmmprz5 zebrad-v6.4.2[2756]: 2026-10-10T19:36:43.257166Z  INFO sync:try_to_sync: zebrad::components::sync: exhausted prospective tip set
Oct 10 19:36:43 runnervmmprz5 zebrad-v6.4.2[2756]: 2026-10-10T19:36:43.257205Z  INFO sync: zebrad::components::sync: waiting to restart sync timeout=67s state_tip=Some(Height(4382897))
Oct 10 19:36:52 runnervmmprz5 zebrad-v6.4.2[2756]: 2026-10-10T19:36:52.394942Z  INFO zebrad::components::sync::progress: initial sync is very slow, or estimated tip is wrong. Hint: check your network connection, and your computer clock and time zone sync_percent=99.539% current_height=Height(4382897) network_upgrade=Nu6_3 remaining_sync_blocks=20297 after_checkpoint_height=Height(4360395) time_since_last_state_block=6m
Oct 10 19:37:50 runnervmmprz5 zebrad-v6.4.2[2756]: 2026-10-10T19:37:50.258649Z  INFO sync:try_to_sync: zebrad::components::sync: starting sync, obtaining new tips state_tip=Some(Height(4382897))
Oct 10 19:37:52 runnervmmprz5 zebrad-v6.4.2[2756]: 2026-10-10T19:37:52.409983Z  INFO zebrad::components::sync::progress: initial sync is very slow, or estimated tip is wrong. Hint: check your network connection, and your computer clock and time zone sync_percent=99.539% current_height=Height(4382897) network_upgrade=Nu6_3 remaining_sync_blocks=20297 after_checkpoint_height=Height(4360395) time_since_last_state_block=7m
Oct 10 19:37:56 runnervmmprz5 zebrad-v6.4.2[2756]: 2026-10-10T19:37:56.261305Z  INFO sync:try_to_sync: zebrad::components::sync: exhausted prospective tip set
Oct 10 19:37:56 runnervmmprz5 zebrad-v6.4.2[2756]: 2026-10-10T19:37:56.261337Z  INFO sync: zebrad::components::sync: waiting to restart sync timeout=67s state_tip=Some(Height(4382897))
Oct 10 19:38:52 runnervmmprz5 zebrad-v6.4.2[2756]: 2026-10-10T19:38:52.422222Z  INFO zebrad::components::sync::progress: initial sync is very slow, or estimated tip is wrong. Hint: check your network connection, and your computer clock and time zone sync_percent=99.539% current_height=Height(4382897) network_upgrade=Nu6_3 remaining_sync_blocks=20298 after_checkpoint_height=Height(4360395) time_since_last_state_block=8m
Oct 10 19:39:03 runnervmmprz5 zebrad-v6.4.2[2756]: 2026-10-10T19:39:03.262758Z  INFO sync:try_to_sync: zebrad::components::sync: starting sync, obtaining new tips state_tip=Some(Height(4382897))
Oct 10 19:39:09 runnervmmprz5 zebrad-v6.4.2[2756]: 2026-10-10T19:39:09.264807Z  INFO sync:try_to_sync: zebrad::components::sync: exhausted prospective tip set
Oct 10 19:39:09 runnervmmprz5 zebrad-v6.4.2[2756]: 2026-10-10T19:39:09.264838Z  INFO sync: zebrad::components::sync: waiting to restart sync timeout=67s state_tip=Some(Height(4382897))
Oct 10 19:39:52 runnervmmprz5 zebrad-v6.4.2[2756]: 2026-10-10T19:39:52.436686Z  INFO zebrad::components::sync::progress: initial sync is very slow, or estimated tip is wrong. Hint: check your network connection, and your computer clock and time zone sync_percent=99.539% current_height=Height(4382897) network_upgrade=Nu6_3 remaining_sync_blocks=20299 after_checkpoint_height=Height(4360395) time_since_last_state_block=9m
Oct 10 19:40:16 runnervmmprz5 zebrad-v6.4.2[2756]: 2026-10-10T19:40:16.265595Z  INFO sync:try_to_sync: zebrad::components::sync: starting sync, obtaining new tips state_tip=Some(Height(4382897))
Oct 10 19:40:22 runnervmmprz5 zebrad-v6.4.2[2756]: 2026-10-10T19:40:22.266677Z  INFO sync:try_to_sync: zebrad::components::sync: exhausted prospective tip set
Oct 10 19:40:22 runnervmmprz5 zebrad-v6.4.2[2756]: 2026-10-10T19:40:22.266710Z  INFO sync: zebrad::components::sync: waiting to restart sync timeout=67s state_tip=Some(Height(4382897))
Oct 10 19:40:52 runnervmmprz5 zebrad-v6.4.2[2756]: 2026-10-10T19:40:52.451204Z  INFO zebrad::components::sync::progress: initial sync is very slow, or estimated tip is wrong. Hint: check your network connection, and your computer clock and time zone sync_percent=99.539% current_height=Height(4382897) network_upgrade=Nu6_3 remaining_sync_blocks=20300 after_checkpoint_height=Height(4360395) time_since_last_state_block=10m
Oct 10 19:41:29 runnervmmprz5 zebrad-v6.4.2[2756]: 2026-10-10T19:41:29.267597Z  INFO sync:try_to_sync: zebrad::components::sync: starting sync, obtaining new tips state_tip=Some(Height(4382897))
Oct 10 19:41:35 runnervmmprz5 zebrad-v6.4.2[2756]: 2026-10-10T19:41:35.269240Z  INFO sync:try_to_sync: zebrad::components::sync: exhausted prospective tip set
Oct 10 19:41:35 runnervmmprz5 zebrad-v6.4.2[2756]: 2026-10-10T19:41:35.269272Z  INFO sync: zebrad::components::sync: waiting to restart sync timeout=67s state_tip=Some(Height(4382897))
Oct 10 19:41:52 runnervmmprz5 zebrad-v6.4.2[2756]: 2026-10-10T19:41:52.465466Z  INFO zebrad::components::sync::progress: initial sync is very slow, or estimated tip is wrong. Hint: check your network connection, and your computer clock and time zone sync_percent=99.539% current_height=Height(4382897) network_upgrade=Nu6_3 remaining_sync_blocks=20301 after_checkpoint_height=Height(4360395) time_since_last_state_block=11m
Oct 10 19:42:42 runnervmmprz5 zebrad-v6.4.2[2756]: 2026-10-10T19:42:42.270313Z  INFO sync:try_to_sync: zebrad::components::sync: starting sync, obtaining new tips state_tip=Some(Height(4382897))
Oct 10 19:42:48 runnervmmprz5 zebrad-v6.4.2[2756]: 2026-10-10T19:42:48.271614Z  INFO sync:try_to_sync: zebrad::components::sync: exhausted prospective tip set
Oct 10 19:42:48 runnervmmprz5 zebrad-v6.4.2[2756]: 2026-10-10T19:42:48.271648Z  INFO sync: zebrad::components::sync: waiting to restart sync timeout=67s state_tip=Some(Height(4382897))
Oct 10 19:42:52 runnervmmprz5 zebrad-v6.4.2[2756]: 2026-10-10T19:42:52.479806Z  INFO zebrad::components::sync::progress: initial sync is very slow, or estimated tip is wrong. Hint: check your network connection, and your computer clock and time zone sync_percent=99.539% current_height=Height(4382897) network_upgrade=Nu6_3 remaining_sync_blocks=20301 after_checkpoint_height=Height(4360395) time_since_last_state_block=12m
