1791660667.144281 runnervmmprz5 ztreamerd-master[2840]: 2026-10-10T19:31:07.144153Z  INFO zakura_state::service::finalized_state::disk_db: Opened Zakura state cache at /zbench/zakura-v29/state/v29/testnet
1791660667.154181 runnervmmprz5 ztreamerd-master[2840]: 2026-10-10T19:31:07.154108Z  INFO zakura_state::service::finalized_state::disk_format::upgrade: Zakura automatically upgraded the database format newer_running_version=Version { major: 28, minor: 0, patch: 1 }
1791660667.155155 runnervmmprz5 ztreamerd-master[2840]: 2026-10-10T19:31:07.155086Z  INFO zakura_state::service::finalized_state::disk_format::upgrade: marked database format as upgraded running_version=29.1.0+indexer disk_version=28.0.0 format_upgrade_version=28.0.1
1791660667.155155 runnervmmprz5 ztreamerd-master[2840]: 2026-10-10T19:31:07.155098Z  INFO zakura_state::service::finalized_state::disk_format::upgrade: Zakura automatically upgraded the database format newer_running_version=Version { major: 28, minor: 0, patch: 2 }
1791660667.155876 runnervmmprz5 ztreamerd-master[2840]: 2026-10-10T19:31:07.155797Z  INFO zakura_state::service::finalized_state::disk_format::upgrade: marked database format as upgraded running_version=29.1.0+indexer disk_version=28.0.1 format_upgrade_version=28.0.2
1791660667.155876 runnervmmprz5 ztreamerd-master[2840]: 2026-10-10T19:31:07.155809Z  INFO zakura_state::service::finalized_state::disk_format::upgrade: Zakura automatically upgraded the database format newer_running_version=Version { major: 28, minor: 1, patch: 3 }
1791660667.156556 runnervmmprz5 ztreamerd-master[2840]: 2026-10-10T19:31:07.156541Z  INFO zakura_state::service::finalized_state::disk_format::upgrade: marked database format as upgraded running_version=29.1.0+indexer disk_version=28.0.2 format_upgrade_version=28.1.3
1791660667.156912 runnervmmprz5 ztreamerd-master[2840]: 2026-10-10T19:31:07.156808Z  INFO zakura_state::service::finalized_state::disk_format::upgrade: Zakura automatically upgraded the database format newer_running_version=Version { major: 28, minor: 1, patch: 4 }
1791660667.162231 runnervmmprz5 ztreamerd-master[2840]: 2026-10-10T19:31:07.162148Z  INFO zakura_state::service::finalized_state::disk_format::upgrade: marked database format as upgraded running_version=29.1.0+indexer disk_version=28.1.3 format_upgrade_version=28.1.4
1791660667.162575 runnervmmprz5 ztreamerd-master[2840]: 2026-10-10T19:31:07.162557Z  INFO zakura_state::service::finalized_state::disk_format::upgrade: Zakura automatically upgraded the database format newer_running_version=Version { major: 28, minor: 1, patch: 5 }
1791660667.163693 runnervmmprz5 ztreamerd-master[2840]: 2026-10-10T19:31:07.163415Z  INFO zakura_state::service::finalized_state::disk_format::upgrade: marked database format as upgraded running_version=29.1.0+indexer disk_version=28.1.4 format_upgrade_version=28.1.5
1791660667.163693 runnervmmprz5 ztreamerd-master[2840]: 2026-10-10T19:31:07.163501Z  INFO zakura_state::service::finalized_state::disk_format::upgrade: Zakura automatically upgraded the database format newer_running_version=Version { major: 29, minor: 0, patch: 0 }
1791660667.164331 runnervmmprz5 ztreamerd-master[2840]: 2026-10-10T19:31:07.164310Z  INFO zakura_state::service::finalized_state::disk_format::upgrade: marked database format as upgraded running_version=29.1.0+indexer disk_version=28.1.5 format_upgrade_version=29.0.0
1791660667.164331 runnervmmprz5 ztreamerd-master[2840]: 2026-10-10T19:31:07.164324Z  INFO zakura_state::service::finalized_state::disk_format::upgrade: Zakura automatically upgraded the database format newer_running_version=Version { major: 29, minor: 1, patch: 0 }
1791660667.165396 runnervmmprz5 ztreamerd-master[2840]: 2026-10-10T19:31:07.165243Z  INFO zakura_state::service::finalized_state::disk_format::upgrade: marked database format as upgraded running_version=29.1.0+indexer disk_version=29.0.0 format_upgrade_version=29.1.0
1791660667.165396 runnervmmprz5 ztreamerd-master[2840]: 2026-10-10T19:31:07.165263Z  INFO zakura_state::service::finalized_state::disk_format::upgrade: database is fully upgraded newer_running_version=29.1.0+indexer older_disk_version=28.0.0
1791660667.168916 runnervmmprz5 ztreamerd-master[2840]: 2026-10-10T19:31:07.168637Z  INFO zakura_state::service::finalized_state::disk_format::upgrade: started checking/adding indexes for spending tx ids
1791660733.794513 runnervmmprz5 ztreamerd-master[2840]: 2026-10-10T19:32:13.794469Z  INFO zakura_state::service::finalized_state::disk_format::upgrade: finished checking/adding indexes for spending tx ids
1791660737.051472 runnervmmprz5 ztreamerd-master[2840]: 2026-10-10T19:32:17.051405Z  INFO zakura_state::service::finalized_state::disk_format::upgrade: database format is valid running_version=29.1.0+indexer initial_disk_version=28.0.0
1791660737.051866 runnervmmprz5 ztreamerd-master[2840]: 2026-10-10T19:32:17.051701Z  INFO zakura_state::service: historical tree derivation is idle: this network has no embedded historical frontier artifact
1791660737.051866 runnervmmprz5 ztreamerd-master[2840]: 2026-10-10T19:32:17.051773Z  INFO zakura_state::service::non_finalized_state: restoring non-finalized blocks from backup and spawning backup task backup_dir_path="/zbench/zakura-v29/non_finalized_state/testnet"
1791660737.052057 runnervmmprz5 ztreamerd-master[2840]: 2026-10-10T19:32:17.052027Z  INFO zakura_state::service: loaded Zakura state cache chain_tip=Some((block::Hash("00005894e6410b9d9524e38d725e6595ef4c8f85d4deb9e56b340751b0c3d678"), Height(4382897)))
1791660737.052283 runnervmmprz5 ztreamerd-master[2840]: 2026-10-10T19:32:17.052262Z  INFO zakura_state::service: starting legacy chain check
1791660737.052493 runnervmmprz5 ztreamerd-master[2840]: 2026-10-10T19:32:17.052475Z  INFO zakura_state::service: cached state consensus branch is valid: no legacy chain found
1791660737.052591 runnervmmprz5 ztreamerd-master[2840]: 2026-10-10T19:32:17.052569Z  INFO zakurad::commands::start: logging database metrics on startup
1791660737.056173 runnervmmprz5 ztreamerd-master[2840]: 2026-10-10T19:32:17.056138Z  INFO zakura_state::service::finalized_state::disk_db: Total Database Disk Size: 12.6 GB
1791660737.056173 runnervmmprz5 ztreamerd-master[2840]: 2026-10-10T19:32:17.056157Z  INFO zakura_state::service::finalized_state::disk_db: Total Live Data Disk Size: 12.6 GB
1791660737.056173 runnervmmprz5 ztreamerd-master[2840]: 2026-10-10T19:32:17.056163Z  INFO zakura_state::service::finalized_state::disk_db: Total Database Memory Size: 103.7 MB
1791660737.056339 runnervmmprz5 ztreamerd-master[2840]: 2026-10-10T19:32:17.056190Z  INFO zakurad::commands::start::zakura::coordinator: sync apply lifecycle changed apply_phase="native" apply_epoch=0
1791660737.056339 runnervmmprz5 ztreamerd-master[2840]: 2026-10-10T19:32:17.056199Z  INFO zakurad::commands::start: initializing network
1791660737.056339 runnervmmprz5 ztreamerd-master[2840]: 2026-10-10T19:32:17.056265Z  INFO open_listener{addr=0.0.0.0:8243}: zakura_network::peer_set::initialize: Trying to open Zcash protocol endpoint at 0.0.0.0:8243...
1791660737.056339 runnervmmprz5 ztreamerd-master[2840]: 2026-10-10T19:32:17.056310Z  INFO open_listener{addr=0.0.0.0:8243}: zakura_network::peer_set::initialize: Opened Zcash protocol endpoint at 0.0.0.0:8243
1791660737.056538 runnervmmprz5 ztreamerd-master[2840]: 2026-10-10T19:32:17.056515Z  INFO zakura_network::address_book_updater: starting the address book updater
1791660737.057062 runnervmmprz5 ztreamerd-master[2840]: 2026-10-10T19:32:17.057041Z  INFO add_initial_peers: zakura_network::config: resolved seed peer IP addresses seed="127.0.0.1:8233" remote_ip_count=1
1791660737.057208 runnervmmprz5 ztreamerd-master[2840]: 2026-10-10T19:32:17.057162Z  INFO add_initial_peers: zakura_network::peer_set::initialize: connecting to initial peer set ipv4_peer_count=1 ipv6_peer_count=0
1791660737.058901 runnervmmprz5 ztreamerd-master[2840]: 2026-10-10T19:32:17.058882Z  INFO add_initial_peers: zakura_network::peer_set::initialize: finished connecting to initial seed and disk cache peers handshake_success_total=1 handshake_error_total=0 outbound_connections=1
1791660737.059183 runnervmmprz5 ztreamerd-master[2840]: 2026-10-10T19:32:17.059159Z  INFO zakura_network::peer_set::initialize: sending initial request for peers active_initial_peer_count=1
1791660737.059750 runnervmmprz5 ztreamerd-master[2840]: 2026-10-10T19:32:17.059702Z  INFO zakurad::commands::start: initializing verifiers
1791660737.059750 runnervmmprz5 ztreamerd-master[2840]: 2026-10-10T19:32:17.059720Z  INFO crawl_and_dial{new_peer_interval=61s}: zakura_network::peer_set::initialize: starting the peer address crawler crawl_new_peer_interval=61s outbound_connections=1
1791660737.059845 runnervmmprz5 ztreamerd-master[2840]: 2026-10-10T19:32:17.059797Z  INFO init_with_transaction_state{config=Config { checkpoint_sync: true, vct_fast_sync: None } network=Testnet}: zakura_consensus::router: starting state checkpoint validation
1791660737.060113 runnervmmprz5 ztreamerd-master[2840]: 2026-10-10T19:32:17.060089Z  INFO init_with_transaction_state{config=Config { checkpoint_sync: true, vct_fast_sync: None } network=Testnet}: zakura_consensus::router: initializing block verifier router tip=Some((Height(4382897), block::Hash("00005894e6410b9d9524e38d725e6595ef4c8f85d4deb9e56b340751b0c3d678"))) max_checkpoint_height=Height(4023200)
1791660737.060296 runnervmmprz5 ztreamerd-master[2840]: 2026-10-10T19:32:17.060270Z  INFO zakurad::commands::start: initializing syncer
1791660737.060296 runnervmmprz5 ztreamerd-master[2840]: 2026-10-10T19:32:17.060294Z  INFO zakurad::commands::start: initializing mempool
1791660737.060460 runnervmmprz5 ztreamerd-master[2840]: 2026-10-10T19:32:17.060311Z  INFO zakurad::commands::start: fully initializing inbound peer request handler
1791660737.060778 runnervmmprz5 ztreamerd-master[2840]: 2026-10-10T19:32:17.060759Z  INFO zakura_rpc::server::cookie: RPC auth cookie written to disk
1791660737.060846 runnervmmprz5 ztreamerd-master[2840]: 2026-10-10T19:32:17.060811Z  INFO zakura_rpc::server: Opened RPC endpoint at 127.0.0.1:8242
1791660737.060846 runnervmmprz5 ztreamerd-master[2840]: 2026-10-10T19:32:17.060840Z  WARN zakurad::commands::start: configure an indexer_listen_addr to start the indexer RPC server
1791660737.060846 runnervmmprz5 ztreamerd-master[2840]: 2026-10-10T19:32:17.060845Z  INFO zakurad::commands::start: spawning block gossip task
1791660737.060928 runnervmmprz5 ztreamerd-master[2840]: 2026-10-10T19:32:17.060849Z  INFO zakurad::commands::start: spawning mempool queue checker task
1791660737.060928 runnervmmprz5 ztreamerd-master[2840]: 2026-10-10T19:32:17.060852Z  INFO zakurad::commands::start: spawning mempool transaction gossip task
1791660737.060928 runnervmmprz5 ztreamerd-master[2840]: 2026-10-10T19:32:17.060856Z  INFO zakurad::commands::start: spawning delete old databases task
1791660737.060928 runnervmmprz5 ztreamerd-master[2840]: 2026-10-10T19:32:17.060858Z  INFO zakurad::components::sync::gossip: initializing block gossip task
1791660737.060928 runnervmmprz5 ztreamerd-master[2840]: 2026-10-10T19:32:17.060865Z  INFO zakurad::commands::start: spawning progress logging task
1791660737.060928 runnervmmprz5 ztreamerd-master[2840]: 2026-10-10T19:32:17.060871Z  INFO zakurad::commands::start: initializing health endpoints
1791660737.060928 runnervmmprz5 ztreamerd-master[2840]: 2026-10-10T19:32:17.060876Z  INFO zakurad::commands::start: spawning end of support checking task
1791660737.060928 runnervmmprz5 ztreamerd-master[2840]: 2026-10-10T19:32:17.060896Z  INFO zakurad::commands::start: spawning mempool crawler task
1791660737.060928 runnervmmprz5 ztreamerd-master[2840]: 2026-10-10T19:32:17.060902Z  INFO zakurad::commands::start: spawning syncer task
1791660737.060928 runnervmmprz5 ztreamerd-master[2840]: 2026-10-10T19:32:17.060906Z  INFO zakurad::components::mempool::queue_checker: initializing mempool queue checker task
1791660737.060928 runnervmmprz5 ztreamerd-master[2840]: 2026-10-10T19:32:17.060909Z  INFO zakurad::commands::start: spawned initial Zakura tasks
1791660737.060928 runnervmmprz5 ztreamerd-master[2840]: 2026-10-10T19:32:17.060912Z  INFO zakurad::components::mempool::gossip: initializing transaction gossip task
1791660737.060928 runnervmmprz5 ztreamerd-master[2840]: 2026-10-10T19:32:17.060925Z  INFO ztreamerd: waiting for Zakura to sync near the chain tip
1791660737.061208 runnervmmprz5 ztreamerd-master[2840]: 2026-10-10T19:32:17.060939Z  WARN zakurad::components::sync::progress: chain tip metrics channel closed err=SendError { .. }
1791660737.061208 runnervmmprz5 ztreamerd-master[2840]: 2026-10-10T19:32:17.060946Z  INFO zakurad::components::sync::end_of_support: Starting end of support task
1791660737.061208 runnervmmprz5 ztreamerd-master[2840]: 2026-10-10T19:32:17.060952Z  INFO zakurad::components::mempool::crawler: initializing mempool crawler task
1791660737.061208 runnervmmprz5 ztreamerd-master[2840]: 2026-10-10T19:32:17.060957Z  INFO zakura_state::config: checking for old database versions db_kind="state"
1791660737.061208 runnervmmprz5 ztreamerd-master[2840]: 2026-10-10T19:32:17.060997Z  INFO zakura_state::config: finished old database version cleanup task
1791660737.061208 runnervmmprz5 ztreamerd-master[2840]: 2026-10-10T19:32:17.061077Z  INFO sync:try_to_sync{header_runtime_status=None}: zakurad::components::sync: starting sync, obtaining new tips state_tip=Some(Height(4382897))
1791660737.061508 runnervmmprz5 ztreamerd-master[2840]: 2026-10-10T19:32:17.061483Z  INFO crawl_and_dial{new_peer_interval=61s}: zakura_network::peer_set::initialize: timer-based crawl finished active_outbound_connections=76 peerset_target_size=100 outbound_connection_limit=150 remaining_replenishment_demand=4
1791660739.565158 runnervmmprz5 ztreamerd-master[2840]: 2026-10-10T19:32:19.565096Z  INFO init_with_transaction_state{config=Config { checkpoint_sync: true, vct_fast_sync: None } network=Testnet}: zakura_consensus::router: finished state checkpoint validation
1791660743.062725 runnervmmprz5 ztreamerd-master[2840]: 2026-10-10T19:32:23.062683Z  INFO ztreamerd: Zakura is near the chain tip tip=Some((Height(4382897), block::Hash("00005894e6410b9d9524e38d725e6595ef4c8f85d4deb9e56b340751b0c3d678")))
1791660743.062725 runnervmmprz5 ztreamerd-master[2840]: 2026-10-10T19:32:23.062723Z  INFO zakurad::components::sync::gossip: height=Height(4382897) request=AdvertiseBlock(block::Hash("00005894e6410b9d9524e38d725e6595ef4c8f85d4deb9e56b340751b0c3d678"), None) log_msg="sending committed block broadcast"
1791660743.063050 runnervmmprz5 ztreamerd-master[2840]: 2026-10-10T19:32:23.062722Z  INFO sync:try_to_sync{header_runtime_status=None}: zakurad::components::sync: exhausted prospective tip set
1791660743.063050 runnervmmprz5 ztreamerd-master[2840]: 2026-10-10T19:32:23.062746Z  INFO sync: zakurad::components::sync: waiting to restart sync timeout=10s state_tip=Some(Height(4382897))
1791660743.063050 runnervmmprz5 ztreamerd-master[2840]: 2026-10-10T19:32:23.062882Z  INFO ztreamerd: syncing historical compact index
1791660747.061961 runnervmmprz5 ztreamerd-master[2840]: 2026-10-10T19:32:27.061920Z  INFO zakurad::components::sync::end_of_support: Release always valid in Testnet
1791660747.064137 runnervmmprz5 ztreamerd-master[2840]: 2026-10-10T19:32:27.064106Z  INFO zakurad::components::mempool: activating mempool tip_height=Height(4382897) reason="estimated close to the network tip"
1791660753.064676 runnervmmprz5 ztreamerd-master[2840]: 2026-10-10T19:32:33.064620Z  INFO sync:try_to_sync{header_runtime_status=None}: zakurad::components::sync: starting sync, obtaining new tips state_tip=Some(Height(4382897))
1791660759.066596 runnervmmprz5 ztreamerd-master[2840]: 2026-10-10T19:32:39.066547Z  INFO sync:try_to_sync{header_runtime_status=None}: zakurad::components::sync: exhausted prospective tip set
1791660759.067202 runnervmmprz5 ztreamerd-master[2840]: 2026-10-10T19:32:39.067045Z  INFO sync: zakurad::components::sync: waiting to restart sync timeout=10s state_tip=Some(Height(4382897))
1791660769.068196 runnervmmprz5 ztreamerd-master[2840]: 2026-10-10T19:32:49.068113Z  INFO sync:try_to_sync{header_runtime_status=None}: zakurad::components::sync: starting sync, obtaining new tips state_tip=Some(Height(4382897))
1791660775.069578 runnervmmprz5 ztreamerd-master[2840]: 2026-10-10T19:32:55.069533Z  INFO sync:try_to_sync{header_runtime_status=None}: zakurad::components::sync: exhausted prospective tip set
1791660775.069578 runnervmmprz5 ztreamerd-master[2840]: 2026-10-10T19:32:55.069568Z  INFO sync: zakurad::components::sync: waiting to restart sync timeout=10s state_tip=Some(Height(4382897))
1791660785.070356 runnervmmprz5 ztreamerd-master[2840]: 2026-10-10T19:33:05.070261Z  INFO sync:try_to_sync{header_runtime_status=None}: zakurad::components::sync: starting sync, obtaining new tips state_tip=Some(Height(4382897))
1791660791.111363 runnervmmprz5 ztreamerd-master[2840]: 2026-10-10T19:33:11.111313Z  INFO sync:try_to_sync{header_runtime_status=None}: zakurad::components::sync: exhausted prospective tip set
1791660791.111363 runnervmmprz5 ztreamerd-master[2840]: 2026-10-10T19:33:11.111352Z  INFO sync: zakurad::components::sync: waiting to restart sync timeout=10s state_tip=Some(Height(4382897))
1791660797.076467 runnervmmprz5 ztreamerd-master[2840]: 2026-10-10T19:33:17.076396Z  INFO zakurad::components::sync::progress: initial sync is very slow, or estimated tip is wrong. Hint: check your network connection, and your computer clock and time zone sync_percent=99.539% current_height=Height(4382897) network_upgrade=Nu6_3 remaining_sync_blocks=20294 after_checkpoint_height=Height(4024210) time_since_last_state_block=1m
1791660798.063435 runnervmmprz5 ztreamerd-master[2840]: 2026-10-10T19:33:18.061591Z  INFO crawl_and_dial{new_peer_interval=61s}: zakura_network::peer_set::initialize: timer-based crawl finished active_outbound_connections=1 peerset_target_size=100 outbound_connection_limit=150 remaining_replenishment_demand=79
1791660801.111916 runnervmmprz5 ztreamerd-master[2840]: 2026-10-10T19:33:21.111870Z  INFO sync:try_to_sync{header_runtime_status=None}: zakurad::components::sync: starting sync, obtaining new tips state_tip=Some(Height(4382897))
1791660807.113029 runnervmmprz5 ztreamerd-master[2840]: 2026-10-10T19:33:27.112984Z  INFO sync:try_to_sync{header_runtime_status=None}: zakurad::components::sync: exhausted prospective tip set
1791660807.113766 runnervmmprz5 ztreamerd-master[2840]: 2026-10-10T19:33:27.113556Z  INFO sync: zakurad::components::sync: waiting to restart sync timeout=10s state_tip=Some(Height(4382897))
1791660817.114583 runnervmmprz5 ztreamerd-master[2840]: 2026-10-10T19:33:37.114511Z  INFO sync:try_to_sync{header_runtime_status=None}: zakurad::components::sync: starting sync, obtaining new tips state_tip=Some(Height(4382897))
1791660819.450563 runnervmmprz5 ztreamerd-master[2840]: 2026-10-10T19:33:39.450458Z  INFO ztreamer_indexer::pipeline: historical pipeline stage totals start_height=0 target_height=4382897 target_hash=00005894e6410b9d9524e38d725e6595ef4c8f85d4deb9e56b340751b0c3d678 fetch_read_seconds=173.719672726 fetch_header_read_seconds=118.706218257 fetch_transaction_read_seconds=53.238524912 fetch_txid_read_seconds=1.774929557 parse_seconds=1.44437514 worker_send_wait_seconds=66.371847929 processed_ranges=17121 processed_blocks=4382898 processed_bytes=10745242165 coordinator_receive_wait_seconds=71.246328908 batch_send_wait_seconds=0.000524672 write_seconds=57.810548047 write_batches=62 written_blocks=4382898
1791660819.450977 runnervmmprz5 ztreamerd-master[2840]: 2026-10-10T19:33:39.450749Z  INFO ztreamerd: historical compact index complete height=4382897 elapsed_seconds=76.387857288
1791660819.451123 runnervmmprz5 ztreamerd-master[2840]: 2026-10-10T19:33:39.451105Z  INFO ztreamerd: serving CompactTxStreamer gRPC address=127.0.0.1:9067 tls=false
1791660823.116905 runnervmmprz5 ztreamerd-master[2840]: 2026-10-10T19:33:43.116860Z  INFO sync:try_to_sync{header_runtime_status=None}: zakurad::components::sync: exhausted prospective tip set
1791660823.116905 runnervmmprz5 ztreamerd-master[2840]: 2026-10-10T19:33:43.116897Z  INFO sync: zakurad::components::sync: waiting to restart sync timeout=10s state_tip=Some(Height(4382897))
1791660833.118813 runnervmmprz5 ztreamerd-master[2840]: 2026-10-10T19:33:53.118738Z  INFO sync:try_to_sync{header_runtime_status=None}: zakurad::components::sync: starting sync, obtaining new tips state_tip=Some(Height(4382897))
1791660839.120002 runnervmmprz5 ztreamerd-master[2840]: 2026-10-10T19:33:59.119946Z  INFO sync:try_to_sync{header_runtime_status=None}: zakurad::components::sync: exhausted prospective tip set
1791660839.120002 runnervmmprz5 ztreamerd-master[2840]: 2026-10-10T19:33:59.119986Z  INFO sync: zakurad::components::sync: waiting to restart sync timeout=10s state_tip=Some(Height(4382897))
1791660849.121476 runnervmmprz5 ztreamerd-master[2840]: 2026-10-10T19:34:09.121391Z  INFO sync:try_to_sync{header_runtime_status=None}: zakurad::components::sync: starting sync, obtaining new tips state_tip=Some(Height(4382897))
1791660855.123719 runnervmmprz5 ztreamerd-master[2840]: 2026-10-10T19:34:15.123614Z  INFO sync:try_to_sync{header_runtime_status=None}: zakurad::components::sync: exhausted prospective tip set
1791660855.123719 runnervmmprz5 ztreamerd-master[2840]: 2026-10-10T19:34:15.123648Z  INFO sync: zakurad::components::sync: waiting to restart sync timeout=10s state_tip=Some(Height(4382897))
1791660857.090773 runnervmmprz5 ztreamerd-master[2840]: 2026-10-10T19:34:17.090718Z  INFO zakurad::components::sync::progress: initial sync is very slow, or estimated tip is wrong. Hint: check your network connection, and your computer clock and time zone sync_percent=99.539% current_height=Height(4382897) network_upgrade=Nu6_3 remaining_sync_blocks=20294 after_checkpoint_height=Height(4024210) time_since_last_state_block=2m
1791660859.062433 runnervmmprz5 ztreamerd-master[2840]: 2026-10-10T19:34:19.062377Z  INFO crawl_and_dial{new_peer_interval=61s}: zakura_network::peer_set::initialize: timer-based crawl finished active_outbound_connections=1 peerset_target_size=100 outbound_connection_limit=150 remaining_replenishment_demand=79
1791660865.124326 runnervmmprz5 ztreamerd-master[2840]: 2026-10-10T19:34:25.124280Z  INFO sync:try_to_sync{header_runtime_status=None}: zakurad::components::sync: starting sync, obtaining new tips state_tip=Some(Height(4382897))
1791660871.125369 runnervmmprz5 ztreamerd-master[2840]: 2026-10-10T19:34:31.125308Z  INFO sync:try_to_sync{header_runtime_status=None}: zakurad::components::sync: exhausted prospective tip set
1791660871.125369 runnervmmprz5 ztreamerd-master[2840]: 2026-10-10T19:34:31.125341Z  INFO sync: zakurad::components::sync: waiting to restart sync timeout=10s state_tip=Some(Height(4382897))
1791660881.125976 runnervmmprz5 ztreamerd-master[2840]: 2026-10-10T19:34:41.125929Z  INFO sync:try_to_sync{header_runtime_status=None}: zakurad::components::sync: starting sync, obtaining new tips state_tip=Some(Height(4382897))
1791660887.127404 runnervmmprz5 ztreamerd-master[2840]: 2026-10-10T19:34:47.127352Z  INFO sync:try_to_sync{header_runtime_status=None}: zakurad::components::sync: exhausted prospective tip set
1791660887.127404 runnervmmprz5 ztreamerd-master[2840]: 2026-10-10T19:34:47.127389Z  INFO sync: zakurad::components::sync: waiting to restart sync timeout=10s state_tip=Some(Height(4382897))
1791660897.128776 runnervmmprz5 ztreamerd-master[2840]: 2026-10-10T19:34:57.128728Z  INFO sync:try_to_sync{header_runtime_status=None}: zakurad::components::sync: starting sync, obtaining new tips state_tip=Some(Height(4382897))
1791660903.130415 runnervmmprz5 ztreamerd-master[2840]: 2026-10-10T19:35:03.130351Z  INFO sync:try_to_sync{header_runtime_status=None}: zakurad::components::sync: exhausted prospective tip set
1791660903.130415 runnervmmprz5 ztreamerd-master[2840]: 2026-10-10T19:35:03.130381Z  INFO sync: zakurad::components::sync: waiting to restart sync timeout=10s state_tip=Some(Height(4382897))
1791660913.131299 runnervmmprz5 ztreamerd-master[2840]: 2026-10-10T19:35:13.131252Z  INFO sync:try_to_sync{header_runtime_status=None}: zakurad::components::sync: starting sync, obtaining new tips state_tip=Some(Height(4382897))
1791660917.108827 runnervmmprz5 ztreamerd-master[2840]: 2026-10-10T19:35:17.108763Z  INFO zakurad::components::sync::progress: initial sync is very slow, or estimated tip is wrong. Hint: check your network connection, and your computer clock and time zone sync_percent=99.539% current_height=Height(4382897) network_upgrade=Nu6_3 remaining_sync_blocks=20295 after_checkpoint_height=Height(4024210) time_since_last_state_block=3m
1791660919.132862 runnervmmprz5 ztreamerd-master[2840]: 2026-10-10T19:35:19.132795Z  INFO sync:try_to_sync{header_runtime_status=None}: zakurad::components::sync: exhausted prospective tip set
1791660919.132862 runnervmmprz5 ztreamerd-master[2840]: 2026-10-10T19:35:19.132836Z  INFO sync: zakurad::components::sync: waiting to restart sync timeout=10s state_tip=Some(Height(4382897))
1791660920.061653 runnervmmprz5 ztreamerd-master[2840]: 2026-10-10T19:35:20.061593Z  INFO crawl_and_dial{new_peer_interval=61s}: zakura_network::peer_set::initialize: timer-based crawl finished active_outbound_connections=1 peerset_target_size=100 outbound_connection_limit=150 remaining_replenishment_demand=79
1791660929.134741 runnervmmprz5 ztreamerd-master[2840]: 2026-10-10T19:35:29.134679Z  INFO sync:try_to_sync{header_runtime_status=None}: zakurad::components::sync: starting sync, obtaining new tips state_tip=Some(Height(4382897))
1791660935.136860 runnervmmprz5 ztreamerd-master[2840]: 2026-10-10T19:35:35.136810Z  INFO sync:try_to_sync{header_runtime_status=None}: zakurad::components::sync: exhausted prospective tip set
1791660935.136860 runnervmmprz5 ztreamerd-master[2840]: 2026-10-10T19:35:35.136845Z  INFO sync: zakurad::components::sync: waiting to restart sync timeout=10s state_tip=Some(Height(4382897))
1791660943.608355 runnervmmprz5 ztreamerd-master[2840]: 2026-10-10T19:35:43.608283Z  INFO ztreamerd::lifecycle: shutting down node and application
1791660943.608355 runnervmmprz5 ztreamerd-master[2840]: 2026-10-10T19:35:43.608314Z  INFO zakurad::commands::start: exiting Zakura: asking other tasks to stop
1791660943.608355 runnervmmprz5 ztreamerd-master[2840]: 2026-10-10T19:35:43.608329Z  INFO zakurad::commands::start: exiting Zakura: all tasks have been asked to stop, waiting for remaining tasks to finish
1791660943.608315 runnervmmprz5 systemd[1]: Stopping zbench-ztreamer-master.service - /opt/zbench/bin/ztreamerd-master --zakura-config /home/runner/work/zcash-indexer-bench/zcash-indexer-bench/runs/ztreamer-master-r2/index/zakura.toml --index-dir /zbench/index/ztreamer-master --grpc-listen 127.0.0.1:9067 --metrics-listen 127.0.0.1:9999...
1791660943.624757 runnervmmprz5 ztreamerd-master[2840]: 2026-10-10T19:35:43.624731Z  INFO zakura_state::service: dropping the state: logging database metrics
1791660943.625232 runnervmmprz5 ztreamerd-master[2840]: 2026-10-10T19:35:43.625197Z  INFO zakura_state::service::finalized_state::disk_format::upgrade: checking new blocks were written in current database format running_version=29.1.0+indexer
1791660943.625232 runnervmmprz5 ztreamerd-master[2840]: 2026-10-10T19:35:43.625055Z  INFO zakura_network::address_book_updater: stopping address book updater error=Err(AllAddressBookUpdaterSendersClosed)
1791660943.625342 runnervmmprz5 ztreamerd-master[2840]: 2026-10-10T19:35:43.625215Z  INFO zakura_state::service::finalized_state::disk_format::upgrade: checking database format produced by new blocks in this instance is valid running_version=29.1.0+indexer
1791660943.627191 runnervmmprz5 ztreamerd-master[2840]: 2026-10-10T19:35:43.627168Z  INFO zakura_state::service::finalized_state::disk_db: Total Database Disk Size: 12.6 GB
1791660943.627191 runnervmmprz5 ztreamerd-master[2840]: 2026-10-10T19:35:43.627184Z  INFO zakura_state::service::finalized_state::disk_db: Total Live Data Disk Size: 12.6 GB
1791660943.627191 runnervmmprz5 ztreamerd-master[2840]: 2026-10-10T19:35:43.627187Z  INFO zakura_state::service::finalized_state::disk_db: Total Database Memory Size: 103.7 MB
1791660943.627266 runnervmmprz5 ztreamerd-master[2840]: 2026-10-10T19:35:43.627214Z  INFO zakura_state::service::finalized_state::disk_format::upgrade: checking new blocks were written in current database format running_version=29.1.0+indexer
1791660943.627266 runnervmmprz5 ztreamerd-master[2840]: 2026-10-10T19:35:43.627220Z  INFO zakura_state::service::finalized_state::disk_format::upgrade: checking database format produced by new blocks in this instance is valid running_version=29.1.0+indexer
1791660946.860438 runnervmmprz5 ztreamerd-master[2840]: 2026-10-10T19:35:46.860391Z  INFO zakura_state::service::finalized_state::disk_format::upgrade: database format is valid running_version=29.1.0+indexer initial_disk_version=29.1.0+indexer
1791660946.860438 runnervmmprz5 ztreamerd-master[2840]: 2026-10-10T19:35:46.860393Z  INFO zakura_state::service::finalized_state::disk_format::upgrade: database format is valid running_version=29.1.0+indexer initial_disk_version=29.1.0+indexer
1791660946.860438 runnervmmprz5 ztreamerd-master[2840]: 2026-10-10T19:35:46.860432Z  INFO zakura_state::service::finalized_state::disk_db: forcing shutdown of a state database with multiple active instances path="/zbench/zakura-v29/state/v29/testnet"
1791660946.860830 runnervmmprz5 ztreamerd-master[2840]: 2026-10-10T19:35:46.860443Z  INFO zakura_state::service::finalized_state::disk_db: forcing shutdown of a state database with multiple active instances path="/zbench/zakura-v29/state/v29/testnet"
1791660946.861465 runnervmmprz5 ztreamerd-master[2840]: 2026-10-10T19:35:46.861449Z  INFO zakura_state::service: waiting for the block write task to finish
1791660946.861657 runnervmmprz5 ztreamerd-master[2840]: 2026-10-10T19:35:46.861642Z  INFO zakura_state::service::finalized_state::disk_format::upgrade: checking new blocks were written in current database format running_version=29.1.0+indexer
1791660946.861657 runnervmmprz5 ztreamerd-master[2840]: 2026-10-10T19:35:46.861650Z  INFO zakura_state::service::finalized_state::disk_format::upgrade: checking database format produced by new blocks in this instance is valid running_version=29.1.0+indexer
1791660949.144616 runnervmmprz5 ztreamerd-master[2840]: 2026-10-10T19:35:49.144436Z  INFO zakura_state::service::finalized_state::disk_format::upgrade: database format is valid running_version=29.1.0+indexer initial_disk_version=29.1.0+indexer
1791660949.200677 runnervmmprz5 systemd[1]: zbench-ztreamer-master.service: Deactivated successfully.
1791660949.200864 runnervmmprz5 systemd[1]: Stopped zbench-ztreamer-master.service - /opt/zbench/bin/ztreamerd-master --zakura-config /home/runner/work/zcash-indexer-bench/zcash-indexer-bench/runs/ztreamer-master-r2/index/zakura.toml --index-dir /zbench/index/ztreamer-master --grpc-listen 127.0.0.1:9067 --metrics-listen 127.0.0.1:9999.
1791660949.201128 runnervmmprz5 systemd[1]: zbench-ztreamer-master.service: Consumed 3min 36.011s CPU time, 11.5G memory peak, 0B memory swap peak, read 13.5G from disk, written 8.1G to disk.
