Oct 10 19:28:29 runnervmmprz5 systemd[1]: Started zebrad.service - /opt/zbench/bin/zebrad-v6.4.2 -c /etc/zbench/zebrad.toml start.
Oct 10 19:28:29 runnervmmprz5 zebrad-v6.4.2[2716]: Thank you for running a testnet zebrad 6.4.2 node!
Oct 10 19:28:29 runnervmmprz5 zebrad-v6.4.2[2716]: You're helping to strengthen the network and contributing to a social good :)
Oct 10 19:28:29 runnervmmprz5 zebrad-v6.4.2[2716]: 2026-10-10T19:28:29.155409Z  INFO zebrad::components::tracing::component: started tracing component filter="info" TRACING_STATIC_MAX_LEVEL=LevelFilter::INFO LOG_STATIC_MAX_LEVEL=Info
Oct 10 19:28:29 runnervmmprz5 zebrad-v6.4.2[2716]: 2026-10-10T19:28:29.157851Z  INFO zebrad::components::tracing::component: installed sentry tracing layer
Oct 10 19:28:29 runnervmmprz5 zebrad-v6.4.2[2716]: 2026-10-10T19:28:29.157862Z  INFO zebrad::components::tracing::component: set 'tracing.progress_bar ="summary"' in zebrad.toml to activate progress bars
Oct 10 19:28:29 runnervmmprz5 zebrad-v6.4.2[2716]: 2026-10-10T19:28:29.157865Z  INFO zebrad::application: Diagnostic metadata:
Oct 10 19:28:29 runnervmmprz5 zebrad-v6.4.2[2716]: version: 6.4.2
Oct 10 19:28:29 runnervmmprz5 zebrad-v6.4.2[2716]: Zcash network: Testnet
Oct 10 19:28:29 runnervmmprz5 zebrad-v6.4.2[2716]: running state version: 28.0.0+indexer
Oct 10 19:28:29 runnervmmprz5 zebrad-v6.4.2[2716]: initial disk state version: 28.0.0
Oct 10 19:28:29 runnervmmprz5 zebrad-v6.4.2[2716]: features: default,default_release_binaries,howudoin,indexer,indicatif,metrics_exporter_prometheus,opentelemetry,progress_bar,prometheus,release_max_level_info,sentry
Oct 10 19:28:29 runnervmmprz5 zebrad-v6.4.2[2716]: branch: HEAD
Oct 10 19:28:29 runnervmmprz5 zebrad-v6.4.2[2716]: git commit: e3eef2f
Oct 10 19:28:29 runnervmmprz5 zebrad-v6.4.2[2716]: commit timestamp: 2026-09-25T19:37:34.000000000Z
Oct 10 19:28:29 runnervmmprz5 zebrad-v6.4.2[2716]: target triple: x86_64-unknown-linux-gnu
Oct 10 19:28:29 runnervmmprz5 zebrad-v6.4.2[2716]: rust compiler: 1.91.0
Oct 10 19:28:29 runnervmmprz5 zebrad-v6.4.2[2716]: rust release date: 2025-10-28
Oct 10 19:28:29 runnervmmprz5 zebrad-v6.4.2[2716]: optimization level: 3
Oct 10 19:28:29 runnervmmprz5 zebrad-v6.4.2[2716]: debug checks: true
Oct 10 19:28:29 runnervmmprz5 zebrad-v6.4.2[2716]: 2026-10-10T19:28:29.157871Z  INFO zebrad::application: Using config file at: "/etc/zbench/zebrad.toml"
Oct 10 19:28:29 runnervmmprz5 zebrad-v6.4.2[2716]: 2026-10-10T19:28:29.157874Z  INFO zebrad::application: ZebradConfig { consensus: Config { checkpoint_sync: true }, metrics: Config { endpoint_addr: Some(127.0.0.1:9101) }, network: Config { listen_addr: 127.0.0.1:8233, external_addr: None, network: Testnet, initial_mainnet_peers: {}, initial_testnet_peers: {}, cache_dir: IsEnabled(false), peerset_initial_target_size: 25, crawl_new_peer_interval: 61s, max_connections_per_ip: 1 }, state: Config { cache_dir: "/zbench/zebra", ephemeral: false, should_backup_non_finalized_state: true, delete_old_database: true, debug_stop_at_height: None, debug_validity_check_interval: None, debug_skip_non_finalized_state_backup_task: false }, tracing: Config { inner: InnerConfig { use_color: false, force_use_color: false, filter: None, buffer_limit: 128000, endpoint_addr: None, flamegraph: None, progress_bar: None, log_file: None, use_journald: false, opentelemetry_endpoint: None, opentelemetry_service_name: None, opentelemetry_sample_percent: None } }, sync: Config { download_concurrency_limit: 50, checkpoint_verify_concurrency_limit: 1000, full_verify_concurrency_limit: 20, parallel_cpu_threads: 0 }, mempool: Config { tx_cost_limit: 80000000, eviction_memory_time: 3600s, debug_enable_at_height: None, max_datacarrier_bytes: Some(83) }, notify: Config { block_notify_command: None }, rpc: Config { listen_addr: Some(127.0.0.1:8232), indexer_listen_addr: Some(127.0.0.1:8230), lightwalletd_listen_addr: None, parallel_cpu_threads: 0, debug_force_finished_sync: false, cookie_dir: "/zbench/zebra-cookie", enable_cookie_auth: true, max_response_body_size: 52428800 }, mining: Config { miner_address: None, extra_coinbase_data: None, miner_memo: None, internal_miner: false }, health: Config { listen_addr: None, min_connected_peers: 1, ready_max_blocks_behind: 2, enforce_on_test_networks: false, ready_max_tip_age: 300s }, zcashd_compat: Config { enabled: false, manage_zcashd: false, zcashd_source: Path, zcashd_path: None, zcashd_datadir: None, zcashd_extra_args: [], p2p_connect_addr: None, block_gossip_peer_ips: [], startup_delay: 1s, restart_backoff: 2s, restart_backoff_max: 300s, restart_reset_after: 3600s, shutdown_grace_period: 300s } }
Oct 10 19:28:29 runnervmmprz5 zebrad-v6.4.2[2716]: 2026-10-10T19:28:29.159595Z  INFO {zebrad="e3eef2f" net="Test"}: zebrad::application: initialized rayon thread pool for CPU-bound tasks num_threads=4
Oct 10 19:28:29 runnervmmprz5 zebrad-v6.4.2[2716]: 2026-10-10T19:28:29.160416Z  INFO {zebrad="e3eef2f" net="Test"}: zebrad::components::metrics: Trying to open metrics endpoint at 127.0.0.1:9101...
Oct 10 19:28:29 runnervmmprz5 zebrad-v6.4.2[2716]: 2026-10-10T19:28:29.162000Z  INFO {zebrad="e3eef2f" net="Test"}: zebrad::components::metrics: Opened metrics endpoint at 127.0.0.1:9101
Oct 10 19:28:29 runnervmmprz5 zebrad-v6.4.2[2716]: 2026-10-10T19:28:29.162865Z  INFO zebrad::commands::start: Starting zebrad
Oct 10 19:28:29 runnervmmprz5 zebrad-v6.4.2[2716]: 2026-10-10T19:28:29.163872Z  WARN zebrad::commands::start: TCP slow-start-after-idle is enabled, which resets TCP's congestion window between block requests and significantly reduces single-peer throughput for block propagation. Hint: set `net.ipv4.tcp_slow_start_after_idle=0` via sysctl. See https://zebra.zfnd.org/user/troubleshooting.html#linux-tcp-tuning-for-block-propagation setting="net.ipv4.tcp_slow_start_after_idle"
Oct 10 19:28:29 runnervmmprz5 zebrad-v6.4.2[2716]: 2026-10-10T19:28:29.163894Z  INFO zebrad::commands::start: initializing node state
Oct 10 19:28:29 runnervmmprz5 zebrad-v6.4.2[2716]: 2026-10-10T19:28:29.164256Z  INFO zebrad::commands::start: opening database, this may take a few minutes
Oct 10 19:28:29 runnervmmprz5 zebrad-v6.4.2[2716]: 2026-10-10T19:28:29.166898Z  INFO zebra_state::service::finalized_state::disk_format::upgrade: trying to open current database format running_version=28.0.0+indexer
Oct 10 19:28:30 runnervmmprz5 zebrad-v6.4.2[2716]: 2026-10-10T19:28:30.318012Z  INFO zebra_state::service::finalized_state::disk_db: Opened Zebra state cache at /zbench/zebra/state/v28/testnet
Oct 10 19:28:30 runnervmmprz5 zebrad-v6.4.2[2716]: 2026-10-10T19:28:30.320277Z  INFO zebra_state::service::finalized_state::disk_format::upgrade: checking database format produced by a previous zebra instance is current and valid running_version=28.0.0+indexer
Oct 10 19:28:30 runnervmmprz5 zebrad-v6.4.2[2716]: 2026-10-10T19:28:30.320653Z  INFO zebra_state::service::finalized_state::disk_format::upgrade: started checking/adding indexes for spending tx ids
Oct 10 19:28:30 runnervmmprz5 zebrad-v6.4.2[2716]: 2026-10-10T19:28:30.325543Z  INFO zebra_state::service::non_finalized_state: restoring non-finalized blocks from backup and spawning backup task backup_dir_path="/zbench/zebra/non_finalized_state/testnet"
Oct 10 19:28:30 runnervmmprz5 zebrad-v6.4.2[2716]: 2026-10-10T19:28:30.326184Z  INFO zebra_state::service::non_finalized_state: no blocks were restored from the non-finalized backup cache
Oct 10 19:28:30 runnervmmprz5 zebrad-v6.4.2[2716]: 2026-10-10T19:28:30.326215Z  INFO zebra_state::service: loaded Zebra state cache chain_tip=Some((block::Hash("00005894e6410b9d9524e38d725e6595ef4c8f85d4deb9e56b340751b0c3d678"), Height(4382897)))
Oct 10 19:28:30 runnervmmprz5 zebrad-v6.4.2[2716]: 2026-10-10T19:28:30.327838Z  INFO zebra_state::service: starting legacy chain check
Oct 10 19:28:30 runnervmmprz5 zebrad-v6.4.2[2716]: 2026-10-10T19:28:30.328098Z  INFO zebra_state::service: cached state consensus branch is valid: no legacy chain found
Oct 10 19:28:30 runnervmmprz5 zebrad-v6.4.2[2716]: 2026-10-10T19:28:30.328115Z  INFO zebrad::commands::start: logging database metrics on startup
Oct 10 19:28:30 runnervmmprz5 zebrad-v6.4.2[2716]: 2026-10-10T19:28:30.330132Z  INFO zebra_state::service::finalized_state::disk_db: Total Database Disk Size: 12.6 GB
Oct 10 19:28:30 runnervmmprz5 zebrad-v6.4.2[2716]: 2026-10-10T19:28:30.334208Z  INFO zebra_state::service::finalized_state::disk_db: Total Live Data Disk Size: 12.6 GB
Oct 10 19:28:30 runnervmmprz5 zebrad-v6.4.2[2716]: 2026-10-10T19:28:30.334213Z  INFO zebra_state::service::finalized_state::disk_db: Total Database Memory Size: 61.4 KB
Oct 10 19:28:30 runnervmmprz5 zebrad-v6.4.2[2716]: 2026-10-10T19:28:30.334223Z  INFO zebrad::commands::start: initializing network
Oct 10 19:28:30 runnervmmprz5 zebrad-v6.4.2[2716]: 2026-10-10T19:28:30.334473Z  INFO open_listener{addr=127.0.0.1:8233}: zebra_network::peer_set::initialize: Trying to open Zcash protocol endpoint at 127.0.0.1:8233...
Oct 10 19:28:30 runnervmmprz5 zebrad-v6.4.2[2716]: 2026-10-10T19:28:30.334531Z  INFO open_listener{addr=127.0.0.1:8233}: zebra_network::peer_set::initialize: Opened Zcash protocol endpoint at 127.0.0.1:8233
Oct 10 19:28:30 runnervmmprz5 zebrad-v6.4.2[2716]: 2026-10-10T19:28:30.336107Z  INFO zebra_network::address_book_updater: starting the address book updater
Oct 10 19:28:30 runnervmmprz5 zebrad-v6.4.2[2716]: 2026-10-10T19:28:30.336957Z  WARN add_initial_peers: zebra_network::config: no initial peers in the network config. Hint: you must configure at least one peer IP or DNS seeder to run Zebra, give it some previously cached peer IP addresses on disk, or make sure Zebra's listener port gets inbound connections.
Oct 10 19:28:30 runnervmmprz5 zebrad-v6.4.2[2716]: 2026-10-10T19:28:30.337224Z  INFO add_initial_peers: zebra_network::peer_set::initialize: connecting to initial peer set ipv4_peer_count=0 ipv6_peer_count=0
Oct 10 19:28:30 runnervmmprz5 zebrad-v6.4.2[2716]: 2026-10-10T19:28:30.337296Z  INFO add_initial_peers: zebra_network::peer_set::initialize: finished connecting to initial seed and disk cache peers handshake_success_total=0 handshake_error_total=0 outbound_connections=0
Oct 10 19:28:30 runnervmmprz5 zebrad-v6.4.2[2716]: 2026-10-10T19:28:30.337337Z  INFO zebra_network::peer_set::initialize: sending initial request for peers active_initial_peer_count=0
Oct 10 19:28:30 runnervmmprz5 zebrad-v6.4.2[2716]: 2026-10-10T19:28:30.337373Z  INFO crawl_and_dial{new_peer_interval=61s}: zebra_network::peer_set::initialize: starting the peer address crawler crawl_new_peer_interval=61s outbound_connections=0
Oct 10 19:28:30 runnervmmprz5 zebrad-v6.4.2[2716]: 2026-10-10T19:28:30.337450Z  INFO zebrad::commands::start: initializing verifiers
Oct 10 19:28:30 runnervmmprz5 zebrad-v6.4.2[2716]: 2026-10-10T19:28:30.337638Z  INFO init{config=Config { checkpoint_sync: true } network=Testnet}: zebra_consensus::router: starting state checkpoint validation
Oct 10 19:28:30 runnervmmprz5 zebrad-v6.4.2[2716]: 2026-10-10T19:28:30.338490Z  INFO init{config=Config { checkpoint_sync: true } network=Testnet}: zebra_consensus::router: initializing block verifier router tip=Some((Height(4382897), block::Hash("00005894e6410b9d9524e38d725e6595ef4c8f85d4deb9e56b340751b0c3d678"))) max_checkpoint_height=Height(4359385)
Oct 10 19:28:30 runnervmmprz5 zebrad-v6.4.2[2716]: 2026-10-10T19:28:30.338944Z  INFO zebrad::commands::start: initializing syncer
Oct 10 19:28:30 runnervmmprz5 zebrad-v6.4.2[2716]: 2026-10-10T19:28:30.339217Z  INFO zebrad::commands::start: initializing mempool
Oct 10 19:28:30 runnervmmprz5 zebrad-v6.4.2[2716]: 2026-10-10T19:28:30.339927Z  INFO zebrad::commands::start: fully initializing inbound peer request handler
Oct 10 19:28:30 runnervmmprz5 zebrad-v6.4.2[2716]: 2026-10-10T19:28:30.343119Z  INFO zebra_rpc::server::cookie: RPC auth cookie written to disk
Oct 10 19:28:30 runnervmmprz5 zebrad-v6.4.2[2716]: 2026-10-10T19:28:30.343173Z  INFO zebra_rpc::server: Opened RPC endpoint at 127.0.0.1:8232
Oct 10 19:28:30 runnervmmprz5 zebrad-v6.4.2[2716]: 2026-10-10T19:28:30.343188Z  INFO zebrad::commands::start: spawning indexer RPC server
Oct 10 19:28:30 runnervmmprz5 zebrad-v6.4.2[2716]: 2026-10-10T19:28:30.344918Z  INFO init: zebra_rpc::indexer::server: Trying to open indexer RPC endpoint at 127.0.0.1:8230...
Oct 10 19:28:30 runnervmmprz5 zebrad-v6.4.2[2716]: 2026-10-10T19:28:30.344954Z  INFO init: zebra_rpc::indexer::server: Opened RPC endpoint at 127.0.0.1:8230
Oct 10 19:28:30 runnervmmprz5 zebrad-v6.4.2[2716]: 2026-10-10T19:28:30.344966Z  INFO zebrad::commands::start: spawning block gossip task
Oct 10 19:28:30 runnervmmprz5 zebrad-v6.4.2[2716]: 2026-10-10T19:28:30.344972Z  INFO zebrad::commands::start: spawning block notify task
Oct 10 19:28:30 runnervmmprz5 zebrad-v6.4.2[2716]: 2026-10-10T19:28:30.344976Z  INFO zebrad::commands::start: spawning mempool queue checker task
Oct 10 19:28:30 runnervmmprz5 zebrad-v6.4.2[2716]: 2026-10-10T19:28:30.344979Z  INFO zebrad::commands::start: spawning mempool transaction gossip task
Oct 10 19:28:30 runnervmmprz5 zebrad-v6.4.2[2716]: 2026-10-10T19:28:30.344982Z  INFO zebrad::commands::start: spawning delete old databases task
Oct 10 19:28:30 runnervmmprz5 zebrad-v6.4.2[2716]: 2026-10-10T19:28:30.344986Z  INFO zebrad::commands::start: spawning progress logging task
Oct 10 19:28:30 runnervmmprz5 zebrad-v6.4.2[2716]: 2026-10-10T19:28:30.344989Z  INFO zebrad::commands::start: initializing health endpoints
Oct 10 19:28:30 runnervmmprz5 zebrad-v6.4.2[2716]: 2026-10-10T19:28:30.344993Z  INFO zebrad::commands::start: spawning end of support checking task
Oct 10 19:28:30 runnervmmprz5 zebrad-v6.4.2[2716]: 2026-10-10T19:28:30.344999Z  INFO zebrad::commands::start: spawning mempool crawler task
Oct 10 19:28:30 runnervmmprz5 zebrad-v6.4.2[2716]: 2026-10-10T19:28:30.345002Z  INFO zebrad::commands::start: spawning syncer task
Oct 10 19:28:30 runnervmmprz5 zebrad-v6.4.2[2716]: 2026-10-10T19:28:30.345006Z  INFO zebrad::commands::start: spawned initial Zebra tasks
Oct 10 19:28:30 runnervmmprz5 zebrad-v6.4.2[2716]: 2026-10-10T19:28:30.345038Z  INFO zebra_state::config: checking for old database versions db_kind="state"
Oct 10 19:28:30 runnervmmprz5 zebrad-v6.4.2[2716]: 2026-10-10T19:28:30.345032Z  INFO zebrad::components::sync::end_of_support: Starting end of support task
Oct 10 19:28:30 runnervmmprz5 zebrad-v6.4.2[2716]: 2026-10-10T19:28:30.345072Z  INFO zebra_state::config: finished old database version cleanup task
Oct 10 19:28:30 runnervmmprz5 zebrad-v6.4.2[2716]: 2026-10-10T19:28:30.345071Z  INFO zebrad::components::mempool::queue_checker: initializing mempool queue checker task
Oct 10 19:28:30 runnervmmprz5 zebrad-v6.4.2[2716]: 2026-10-10T19:28:30.345078Z  INFO zebrad::components::mempool::gossip: initializing transaction gossip task
Oct 10 19:28:30 runnervmmprz5 zebrad-v6.4.2[2716]: 2026-10-10T19:28:30.345284Z  INFO zebrad::components::mempool::crawler: initializing mempool crawler task
Oct 10 19:28:30 runnervmmprz5 zebrad-v6.4.2[2716]: 2026-10-10T19:28:30.345304Z  INFO zebrad::components::sync::gossip: initializing block gossip task
Oct 10 19:28:30 runnervmmprz5 zebrad-v6.4.2[2716]: 2026-10-10T19:28:30.345365Z  WARN zebrad::components::sync::progress: chain tip metrics channel closed err=SendError { .. }
Oct 10 19:28:30 runnervmmprz5 zebrad-v6.4.2[2716]: 2026-10-10T19:28:30.345971Z  INFO sync:try_to_sync: zebrad::components::sync: starting sync, obtaining new tips state_tip=Some(Height(4382897))
Oct 10 19:28:31 runnervmmprz5 zebrad-v6.4.2[2716]: 2026-10-10T19:28:31.004895Z  INFO init{config=Config { checkpoint_sync: true } network=Testnet}: zebra_consensus::router: finished state checkpoint validation
Oct 10 19:28:36 runnervmmprz5 zebrad-v6.4.2[2716]: 2026-10-10T19:28:36.356801Z  INFO sync:try_to_sync: zebrad::components::sync: exhausted prospective tip set
Oct 10 19:28:36 runnervmmprz5 zebrad-v6.4.2[2716]: 2026-10-10T19:28:36.356831Z  INFO sync: zebrad::components::sync: waiting to restart sync timeout=67s state_tip=Some(Height(4382897))
Oct 10 19:28:37 runnervmmprz5 zebrad-v6.4.2[2716]: 2026-10-10T19:28:37.348605Z  INFO zebrad::components::sync::gossip: height=Height(4382897) request=AdvertiseBlock(block::Hash("00005894e6410b9d9524e38d725e6595ef4c8f85d4deb9e56b340751b0c3d678"), None) log_msg="sending committed block broadcast"
Oct 10 19:28:40 runnervmmprz5 zebrad-v6.4.2[2716]: 2026-10-10T19:28:40.346248Z  INFO zebrad::components::sync::end_of_support: Release always valid in Testnet
Oct 10 19:28:40 runnervmmprz5 zebrad-v6.4.2[2716]: 2026-10-10T19:28:40.346393Z  INFO zebrad::components::mempool: activating mempool: Zebra is close to the tip tip_height=Height(4382897)
Oct 10 19:29:30 runnervmmprz5 zebrad-v6.4.2[2716]: 2026-10-10T19:29:30.359791Z  INFO zebrad::components::sync::progress: initial sync is very slow, or estimated tip is wrong. Hint: check your network connection, and your computer clock and time zone sync_percent=99.539% current_height=Height(4382897) network_upgrade=Nu6_3 remaining_sync_blocks=20291 after_checkpoint_height=Height(4360395) time_since_last_state_block=1m
Oct 10 19:29:31 runnervmmprz5 zebrad-v6.4.2[2716]: 2026-10-10T19:29:31.339879Z  INFO crawl_and_dial{new_peer_interval=61s}:crawl: zebra_network::peer_set::candidate_set::crawl: timeout waiting for peer service readiness or peer responses
Oct 10 19:29:32 runnervmmprz5 zebrad-v6.4.2[2716]: 2026-10-10T19:29:32.104163Z  INFO zebra_state::service::finalized_state::disk_format::upgrade: finished checking/adding indexes for spending tx ids
Oct 10 19:29:35 runnervmmprz5 zebrad-v6.4.2[2716]: 2026-10-10T19:29:35.602239Z  INFO zebra_state::service::finalized_state::disk_format::upgrade: database format is valid running_version=28.0.0+indexer initial_disk_version=28.0.0+indexer
Oct 10 19:29:43 runnervmmprz5 zebrad-v6.4.2[2716]: 2026-10-10T19:29:43.358359Z  INFO sync:try_to_sync: zebrad::components::sync: starting sync, obtaining new tips state_tip=Some(Height(4382897))
Oct 10 19:29:49 runnervmmprz5 zebrad-v6.4.2[2716]: 2026-10-10T19:29:49.358302Z  INFO zebrad::components::mempool::crawler: mempool crawl timed out: Elapsed(())
Oct 10 19:30:30 runnervmmprz5 zebrad-v6.4.2[2716]: 2026-10-10T19:30:30.377173Z  INFO zebrad::components::sync::progress: initial sync is very slow, or estimated tip is wrong. Hint: check your network connection, and your computer clock and time zone sync_percent=99.539% current_height=Height(4382897) network_upgrade=Nu6_3 remaining_sync_blocks=20291 after_checkpoint_height=Height(4360395) time_since_last_state_block=2m
Oct 10 19:30:40 runnervmmprz5 zebrad-v6.4.2[2716]: 2026-10-10T19:30:40.339602Z  INFO crawl_and_dial{new_peer_interval=61s}:crawl: zebra_network::peer_set::candidate_set::crawl: timeout waiting for peer service readiness or peer responses
Oct 10 19:30:50 runnervmmprz5 zebrad-v6.4.2[2716]: 2026-10-10T19:30:50.359746Z  INFO sync:try_to_sync: zebrad::components::sync: temporary error obtaining tips: deadline has elapsed
Oct 10 19:30:50 runnervmmprz5 zebrad-v6.4.2[2716]: 2026-10-10T19:30:50.359821Z  INFO sync: zebrad::components::sync: waiting to restart sync timeout=67s state_tip=Some(Height(4382897))
Oct 10 19:31:30 runnervmmprz5 zebrad-v6.4.2[2716]: 2026-10-10T19:31:30.391463Z  INFO zebrad::components::sync::progress: initial sync is very slow, or estimated tip is wrong. Hint: check your network connection, and your computer clock and time zone sync_percent=99.539% current_height=Height(4382897) network_upgrade=Nu6_3 remaining_sync_blocks=20292 after_checkpoint_height=Height(4360395) time_since_last_state_block=3m
Oct 10 19:31:41 runnervmmprz5 zebrad-v6.4.2[2716]: 2026-10-10T19:31:41.339704Z  INFO crawl_and_dial{new_peer_interval=61s}:crawl: zebra_network::peer_set::candidate_set::crawl: timeout waiting for peer service readiness or peer responses
Oct 10 19:31:57 runnervmmprz5 zebrad-v6.4.2[2716]: 2026-10-10T19:31:57.360760Z  INFO sync:try_to_sync: zebrad::components::sync: starting sync, obtaining new tips state_tip=Some(Height(4382897))
Oct 10 19:32:15 runnervmmprz5 zebrad-v6.4.2[2716]: 2026-10-10T19:32:15.360937Z  INFO zebrad::components::mempool::crawler: mempool crawl timed out: Elapsed(())
Oct 10 19:32:30 runnervmmprz5 zebrad-v6.4.2[2716]: 2026-10-10T19:32:30.406990Z  INFO zebrad::components::sync::progress: initial sync is very slow, or estimated tip is wrong. Hint: check your network connection, and your computer clock and time zone sync_percent=99.539% current_height=Height(4382897) network_upgrade=Nu6_3 remaining_sync_blocks=20293 after_checkpoint_height=Height(4360395) time_since_last_state_block=4m
Oct 10 19:32:42 runnervmmprz5 zebrad-v6.4.2[2716]: 2026-10-10T19:32:42.340208Z  INFO crawl_and_dial{new_peer_interval=61s}:crawl: zebra_network::peer_set::candidate_set::crawl: timeout waiting for peer service readiness or peer responses
Oct 10 19:33:04 runnervmmprz5 zebrad-v6.4.2[2716]: 2026-10-10T19:33:04.361428Z  INFO sync:try_to_sync: zebrad::components::sync: temporary error obtaining tips: deadline has elapsed
Oct 10 19:33:04 runnervmmprz5 zebrad-v6.4.2[2716]: 2026-10-10T19:33:04.361507Z  INFO sync: zebrad::components::sync: waiting to restart sync timeout=67s state_tip=Some(Height(4382897))
Oct 10 19:33:30 runnervmmprz5 zebrad-v6.4.2[2716]: 2026-10-10T19:33:30.422242Z  INFO zebrad::components::sync::progress: initial sync is very slow, or estimated tip is wrong. Hint: check your network connection, and your computer clock and time zone sync_percent=99.539% current_height=Height(4382897) network_upgrade=Nu6_3 remaining_sync_blocks=20294 after_checkpoint_height=Height(4360395) time_since_last_state_block=5m
Oct 10 19:33:43 runnervmmprz5 zebrad-v6.4.2[2716]: 2026-10-10T19:33:43.339492Z  INFO crawl_and_dial{new_peer_interval=61s}:crawl: zebra_network::peer_set::candidate_set::crawl: timeout waiting for peer service readiness or peer responses
Oct 10 19:34:11 runnervmmprz5 zebrad-v6.4.2[2716]: 2026-10-10T19:34:11.363115Z  INFO sync:try_to_sync: zebrad::components::sync: starting sync, obtaining new tips state_tip=Some(Height(4382897))
Oct 10 19:34:30 runnervmmprz5 zebrad-v6.4.2[2716]: 2026-10-10T19:34:30.436669Z  INFO zebrad::components::sync::progress: initial sync is very slow, or estimated tip is wrong. Hint: check your network connection, and your computer clock and time zone sync_percent=99.539% current_height=Height(4382897) network_upgrade=Nu6_3 remaining_sync_blocks=20295 after_checkpoint_height=Height(4360395) time_since_last_state_block=6m
Oct 10 19:34:41 runnervmmprz5 zebrad-v6.4.2[2716]: 2026-10-10T19:34:41.362472Z  INFO zebrad::components::mempool::crawler: mempool crawl timed out: Elapsed(())
Oct 10 19:34:44 runnervmmprz5 zebrad-v6.4.2[2716]: 2026-10-10T19:34:44.340327Z  INFO crawl_and_dial{new_peer_interval=61s}:crawl: zebra_network::peer_set::candidate_set::crawl: timeout waiting for peer service readiness or peer responses
Oct 10 19:35:18 runnervmmprz5 zebrad-v6.4.2[2716]: 2026-10-10T19:35:18.363659Z  INFO sync:try_to_sync: zebrad::components::sync: temporary error obtaining tips: deadline has elapsed
Oct 10 19:35:18 runnervmmprz5 zebrad-v6.4.2[2716]: 2026-10-10T19:35:18.363735Z  INFO sync: zebrad::components::sync: waiting to restart sync timeout=67s state_tip=Some(Height(4382897))
Oct 10 19:35:30 runnervmmprz5 zebrad-v6.4.2[2716]: 2026-10-10T19:35:30.450907Z  INFO zebrad::components::sync::progress: initial sync is very slow, or estimated tip is wrong. Hint: check your network connection, and your computer clock and time zone sync_percent=99.539% current_height=Height(4382897) network_upgrade=Nu6_3 remaining_sync_blocks=20295 after_checkpoint_height=Height(4360395) time_since_last_state_block=7m
Oct 10 19:35:45 runnervmmprz5 zebrad-v6.4.2[2716]: 2026-10-10T19:35:45.339893Z  INFO crawl_and_dial{new_peer_interval=61s}:crawl: zebra_network::peer_set::candidate_set::crawl: timeout waiting for peer service readiness or peer responses
Oct 10 19:36:25 runnervmmprz5 zebrad-v6.4.2[2716]: 2026-10-10T19:36:25.365327Z  INFO sync:try_to_sync: zebrad::components::sync: starting sync, obtaining new tips state_tip=Some(Height(4382897))
Oct 10 19:36:30 runnervmmprz5 zebrad-v6.4.2[2716]: 2026-10-10T19:36:30.467678Z  INFO zebrad::components::sync::progress: initial sync is very slow, or estimated tip is wrong. Hint: check your network connection, and your computer clock and time zone sync_percent=99.539% current_height=Height(4382897) network_upgrade=Nu6_3 remaining_sync_blocks=20296 after_checkpoint_height=Height(4360395) time_since_last_state_block=8m
Oct 10 19:36:46 runnervmmprz5 zebrad-v6.4.2[2716]: 2026-10-10T19:36:46.339515Z  INFO crawl_and_dial{new_peer_interval=61s}:crawl: zebra_network::peer_set::candidate_set::crawl: timeout waiting for peer service readiness or peer responses
Oct 10 19:37:07 runnervmmprz5 zebrad-v6.4.2[2716]: 2026-10-10T19:37:07.364965Z  INFO zebrad::components::mempool::crawler: mempool crawl timed out: Elapsed(())
Oct 10 19:37:30 runnervmmprz5 zebrad-v6.4.2[2716]: 2026-10-10T19:37:30.483364Z  INFO zebrad::components::sync::progress: initial sync is very slow, or estimated tip is wrong. Hint: check your network connection, and your computer clock and time zone sync_percent=99.539% current_height=Height(4382897) network_upgrade=Nu6_3 remaining_sync_blocks=20297 after_checkpoint_height=Height(4360395) time_since_last_state_block=9m
Oct 10 19:37:32 runnervmmprz5 zebrad-v6.4.2[2716]: 2026-10-10T19:37:32.367216Z  INFO sync:try_to_sync: zebrad::components::sync: temporary error obtaining tips: deadline has elapsed
Oct 10 19:37:32 runnervmmprz5 zebrad-v6.4.2[2716]: 2026-10-10T19:37:32.367283Z  INFO sync: zebrad::components::sync: waiting to restart sync timeout=67s state_tip=Some(Height(4382897))
Oct 10 19:37:47 runnervmmprz5 zebrad-v6.4.2[2716]: 2026-10-10T19:37:47.340268Z  INFO crawl_and_dial{new_peer_interval=61s}:crawl: zebra_network::peer_set::candidate_set::crawl: timeout waiting for peer service readiness or peer responses
Oct 10 19:38:30 runnervmmprz5 zebrad-v6.4.2[2716]: 2026-10-10T19:38:30.500877Z  INFO zebrad::components::sync::progress: initial sync is very slow, or estimated tip is wrong. Hint: check your network connection, and your computer clock and time zone sync_percent=99.539% current_height=Height(4382897) network_upgrade=Nu6_3 remaining_sync_blocks=20298 after_checkpoint_height=Height(4360395) time_since_last_state_block=10m
Oct 10 19:38:39 runnervmmprz5 zebrad-v6.4.2[2716]: 2026-10-10T19:38:39.369235Z  INFO sync:try_to_sync: zebrad::components::sync: starting sync, obtaining new tips state_tip=Some(Height(4382897))
Oct 10 19:38:48 runnervmmprz5 zebrad-v6.4.2[2716]: 2026-10-10T19:38:48.339500Z  INFO crawl_and_dial{new_peer_interval=61s}:crawl: zebra_network::peer_set::candidate_set::crawl: timeout waiting for peer service readiness or peer responses
Oct 10 19:39:30 runnervmmprz5 zebrad-v6.4.2[2716]: 2026-10-10T19:39:30.515413Z  INFO zebrad::components::sync::progress: initial sync is very slow, or estimated tip is wrong. Hint: check your network connection, and your computer clock and time zone sync_percent=99.539% current_height=Height(4382897) network_upgrade=Nu6_3 remaining_sync_blocks=20299 after_checkpoint_height=Height(4360395) time_since_last_state_block=11m
Oct 10 19:39:33 runnervmmprz5 zebrad-v6.4.2[2716]: 2026-10-10T19:39:33.366856Z  INFO zebrad::components::mempool::crawler: mempool crawl timed out: Elapsed(())
Oct 10 19:39:46 runnervmmprz5 zebrad-v6.4.2[2716]: 2026-10-10T19:39:46.371068Z  INFO sync:try_to_sync: zebrad::components::sync: temporary error obtaining tips: deadline has elapsed
Oct 10 19:39:46 runnervmmprz5 zebrad-v6.4.2[2716]: 2026-10-10T19:39:46.371151Z  INFO sync: zebrad::components::sync: waiting to restart sync timeout=67s state_tip=Some(Height(4382897))
Oct 10 19:39:49 runnervmmprz5 zebrad-v6.4.2[2716]: 2026-10-10T19:39:49.339961Z  INFO crawl_and_dial{new_peer_interval=61s}:crawl: zebra_network::peer_set::candidate_set::crawl: timeout waiting for peer service readiness or peer responses
Oct 10 19:40:30 runnervmmprz5 zebrad-v6.4.2[2716]: 2026-10-10T19:40:30.530460Z  INFO zebrad::components::sync::progress: initial sync is very slow, or estimated tip is wrong. Hint: check your network connection, and your computer clock and time zone sync_percent=99.539% current_height=Height(4382897) network_upgrade=Nu6_3 remaining_sync_blocks=20299 after_checkpoint_height=Height(4360395) time_since_last_state_block=12m
Oct 10 19:40:50 runnervmmprz5 zebrad-v6.4.2[2716]: 2026-10-10T19:40:50.339752Z  INFO crawl_and_dial{new_peer_interval=61s}:crawl: zebra_network::peer_set::candidate_set::crawl: timeout waiting for peer service readiness or peer responses
Oct 10 19:40:53 runnervmmprz5 zebrad-v6.4.2[2716]: 2026-10-10T19:40:53.371966Z  INFO sync:try_to_sync: zebrad::components::sync: starting sync, obtaining new tips state_tip=Some(Height(4382897))
Oct 10 19:41:30 runnervmmprz5 zebrad-v6.4.2[2716]: 2026-10-10T19:41:30.548866Z  INFO zebrad::components::sync::progress: initial sync is very slow, or estimated tip is wrong. Hint: check your network connection, and your computer clock and time zone sync_percent=99.539% current_height=Height(4382897) network_upgrade=Nu6_3 remaining_sync_blocks=20300 after_checkpoint_height=Height(4360395) time_since_last_state_block=13m
Oct 10 19:41:51 runnervmmprz5 zebrad-v6.4.2[2716]: 2026-10-10T19:41:51.339432Z  INFO crawl_and_dial{new_peer_interval=61s}:crawl: zebra_network::peer_set::candidate_set::crawl: timeout waiting for peer service readiness or peer responses
Oct 10 19:41:59 runnervmmprz5 zebrad-v6.4.2[2716]: 2026-10-10T19:41:59.369080Z  INFO zebrad::components::mempool::crawler: mempool crawl timed out: Elapsed(())
Oct 10 19:42:00 runnervmmprz5 zebrad-v6.4.2[2716]: 2026-10-10T19:42:00.373146Z  INFO sync:try_to_sync: zebrad::components::sync: temporary error obtaining tips: deadline has elapsed
Oct 10 19:42:00 runnervmmprz5 zebrad-v6.4.2[2716]: 2026-10-10T19:42:00.373219Z  INFO sync: zebrad::components::sync: waiting to restart sync timeout=67s state_tip=Some(Height(4382897))
Oct 10 19:42:30 runnervmmprz5 zebrad-v6.4.2[2716]: 2026-10-10T19:42:30.563995Z  INFO zebrad::components::sync::progress: initial sync is very slow, or estimated tip is wrong. Hint: check your network connection, and your computer clock and time zone sync_percent=99.539% current_height=Height(4382897) network_upgrade=Nu6_3 remaining_sync_blocks=20301 after_checkpoint_height=Height(4360395) time_since_last_state_block=14m
Oct 10 19:42:52 runnervmmprz5 zebrad-v6.4.2[2716]: 2026-10-10T19:42:52.339428Z  INFO crawl_and_dial{new_peer_interval=61s}:crawl: zebra_network::peer_set::candidate_set::crawl: timeout waiting for peer service readiness or peer responses
Oct 10 19:43:07 runnervmmprz5 zebrad-v6.4.2[2716]: 2026-10-10T19:43:07.373936Z  INFO sync:try_to_sync: zebrad::components::sync: starting sync, obtaining new tips state_tip=Some(Height(4382897))
Oct 10 19:43:30 runnervmmprz5 zebrad-v6.4.2[2716]: 2026-10-10T19:43:30.575685Z  WARN zebrad::components::sync::progress: chain updates have stalled, state height has not increased for 15 minutes. Hint: check your network connection, and your computer clock and time zone sync_percent=99.539% current_height=Height(4382897) network_upgrade=Nu6_3 time_since_last_state_block=15m target_block_spacing=1m 15s max_block_spacing=7m 30s is_syncer_stopped=true
Oct 10 19:43:53 runnervmmprz5 zebrad-v6.4.2[2716]: 2026-10-10T19:43:53.340198Z  INFO crawl_and_dial{new_peer_interval=61s}:crawl: zebra_network::peer_set::candidate_set::crawl: timeout waiting for peer service readiness or peer responses
Oct 10 19:44:14 runnervmmprz5 zebrad-v6.4.2[2716]: 2026-10-10T19:44:14.374545Z  INFO sync:try_to_sync: zebrad::components::sync: temporary error obtaining tips: deadline has elapsed
Oct 10 19:44:14 runnervmmprz5 zebrad-v6.4.2[2716]: 2026-10-10T19:44:14.374668Z  INFO sync: zebrad::components::sync: waiting to restart sync timeout=67s state_tip=Some(Height(4382897))
Oct 10 19:44:25 runnervmmprz5 zebrad-v6.4.2[2716]: 2026-10-10T19:44:25.370808Z  INFO zebrad::components::mempool::crawler: mempool crawl timed out: Elapsed(())
Oct 10 19:44:30 runnervmmprz5 zebrad-v6.4.2[2716]: 2026-10-10T19:44:30.589581Z  WARN zebrad::components::sync::progress: chain updates have stalled, state height has not increased for 16 minutes. Hint: check your network connection, and your computer clock and time zone sync_percent=99.539% current_height=Height(4382897) network_upgrade=Nu6_3 time_since_last_state_block=16m target_block_spacing=1m 15s max_block_spacing=7m 30s is_syncer_stopped=true
Oct 10 19:44:54 runnervmmprz5 zebrad-v6.4.2[2716]: 2026-10-10T19:44:54.339514Z  INFO crawl_and_dial{new_peer_interval=61s}:crawl: zebra_network::peer_set::candidate_set::crawl: timeout waiting for peer service readiness or peer responses
Oct 10 19:45:21 runnervmmprz5 zebrad-v6.4.2[2716]: 2026-10-10T19:45:21.375635Z  INFO sync:try_to_sync: zebrad::components::sync: starting sync, obtaining new tips state_tip=Some(Height(4382897))
Oct 10 19:45:30 runnervmmprz5 zebrad-v6.4.2[2716]: 2026-10-10T19:45:30.606896Z  WARN zebrad::components::sync::progress: chain updates have stalled, state height has not increased for 17 minutes. Hint: check your network connection, and your computer clock and time zone sync_percent=99.539% current_height=Height(4382897) network_upgrade=Nu6_3 time_since_last_state_block=17m target_block_spacing=1m 15s max_block_spacing=7m 30s is_syncer_stopped=true
Oct 10 19:45:55 runnervmmprz5 zebrad-v6.4.2[2716]: 2026-10-10T19:45:55.340083Z  INFO crawl_and_dial{new_peer_interval=61s}:crawl: zebra_network::peer_set::candidate_set::crawl: timeout waiting for peer service readiness or peer responses
Oct 10 19:46:28 runnervmmprz5 zebrad-v6.4.2[2716]: 2026-10-10T19:46:28.377288Z  INFO sync:try_to_sync: zebrad::components::sync: temporary error obtaining tips: deadline has elapsed
Oct 10 19:46:28 runnervmmprz5 zebrad-v6.4.2[2716]: 2026-10-10T19:46:28.377361Z  INFO sync: zebrad::components::sync: waiting to restart sync timeout=67s state_tip=Some(Height(4382897))
Oct 10 19:46:30 runnervmmprz5 zebrad-v6.4.2[2716]: 2026-10-10T19:46:30.623980Z  WARN zebrad::components::sync::progress: chain updates have stalled, state height has not increased for 18 minutes. Hint: check your network connection, and your computer clock and time zone sync_percent=99.539% current_height=Height(4382897) network_upgrade=Nu6_3 time_since_last_state_block=18m target_block_spacing=1m 15s max_block_spacing=7m 30s is_syncer_stopped=true
Oct 10 19:46:51 runnervmmprz5 zebrad-v6.4.2[2716]: 2026-10-10T19:46:51.373273Z  INFO zebrad::components::mempool::crawler: mempool crawl timed out: Elapsed(())
Oct 10 19:46:56 runnervmmprz5 zebrad-v6.4.2[2716]: 2026-10-10T19:46:56.339779Z  INFO crawl_and_dial{new_peer_interval=61s}:crawl: zebra_network::peer_set::candidate_set::crawl: timeout waiting for peer service readiness or peer responses
Oct 10 19:47:30 runnervmmprz5 zebrad-v6.4.2[2716]: 2026-10-10T19:47:30.638838Z  WARN zebrad::components::sync::progress: chain updates have stalled, state height has not increased for 19 minutes. Hint: check your network connection, and your computer clock and time zone sync_percent=99.539% current_height=Height(4382897) network_upgrade=Nu6_3 time_since_last_state_block=19m target_block_spacing=1m 15s max_block_spacing=7m 30s is_syncer_stopped=true
Oct 10 19:47:35 runnervmmprz5 zebrad-v6.4.2[2716]: 2026-10-10T19:47:35.378697Z  INFO sync:try_to_sync: zebrad::components::sync: starting sync, obtaining new tips state_tip=Some(Height(4382897))
Oct 10 19:47:57 runnervmmprz5 zebrad-v6.4.2[2716]: 2026-10-10T19:47:57.339976Z  INFO crawl_and_dial{new_peer_interval=61s}:crawl: zebra_network::peer_set::candidate_set::crawl: timeout waiting for peer service readiness or peer responses
Oct 10 19:48:30 runnervmmprz5 zebrad-v6.4.2[2716]: 2026-10-10T19:48:30.654050Z  WARN zebrad::components::sync::progress: chain updates have stalled, state height has not increased for 20 minutes. Hint: check your network connection, and your computer clock and time zone sync_percent=99.539% current_height=Height(4382897) network_upgrade=Nu6_3 time_since_last_state_block=20m target_block_spacing=1m 15s max_block_spacing=7m 30s is_syncer_stopped=true
Oct 10 19:48:42 runnervmmprz5 zebrad-v6.4.2[2716]: 2026-10-10T19:48:42.380322Z  INFO sync:try_to_sync: zebrad::components::sync: temporary error obtaining tips: deadline has elapsed
Oct 10 19:48:42 runnervmmprz5 zebrad-v6.4.2[2716]: 2026-10-10T19:48:42.380402Z  INFO sync: zebrad::components::sync: waiting to restart sync timeout=67s state_tip=Some(Height(4382897))
Oct 10 19:48:58 runnervmmprz5 zebrad-v6.4.2[2716]: 2026-10-10T19:48:58.339497Z  INFO crawl_and_dial{new_peer_interval=61s}:crawl: zebra_network::peer_set::candidate_set::crawl: timeout waiting for peer service readiness or peer responses
Oct 10 19:49:17 runnervmmprz5 zebrad-v6.4.2[2716]: 2026-10-10T19:49:17.375436Z  INFO zebrad::components::mempool::crawler: mempool crawl timed out: Elapsed(())
Oct 10 19:49:30 runnervmmprz5 zebrad-v6.4.2[2716]: 2026-10-10T19:49:30.666375Z  WARN zebrad::components::sync::progress: chain updates have stalled, state height has not increased for 21 minutes. Hint: check your network connection, and your computer clock and time zone sync_percent=99.539% current_height=Height(4382897) network_upgrade=Nu6_3 time_since_last_state_block=21m target_block_spacing=1m 15s max_block_spacing=7m 30s is_syncer_stopped=true
Oct 10 19:49:49 runnervmmprz5 zebrad-v6.4.2[2716]: 2026-10-10T19:49:49.381969Z  INFO sync:try_to_sync: zebrad::components::sync: starting sync, obtaining new tips state_tip=Some(Height(4382897))
Oct 10 19:49:59 runnervmmprz5 zebrad-v6.4.2[2716]: 2026-10-10T19:49:59.340092Z  INFO crawl_and_dial{new_peer_interval=61s}:crawl: zebra_network::peer_set::candidate_set::crawl: timeout waiting for peer service readiness or peer responses
Oct 10 19:50:30 runnervmmprz5 zebrad-v6.4.2[2716]: 2026-10-10T19:50:30.682418Z  WARN zebrad::components::sync::progress: chain updates have stalled, state height has not increased for 22 minutes. Hint: check your network connection, and your computer clock and time zone sync_percent=99.539% current_height=Height(4382897) network_upgrade=Nu6_3 time_since_last_state_block=22m target_block_spacing=1m 15s max_block_spacing=7m 30s is_syncer_stopped=true
Oct 10 19:50:56 runnervmmprz5 zebrad-v6.4.2[2716]: 2026-10-10T19:50:56.383104Z  INFO sync:try_to_sync: zebrad::components::sync: temporary error obtaining tips: deadline has elapsed
Oct 10 19:50:56 runnervmmprz5 zebrad-v6.4.2[2716]: 2026-10-10T19:50:56.383202Z  INFO sync: zebrad::components::sync: waiting to restart sync timeout=67s state_tip=Some(Height(4382897))
Oct 10 19:51:00 runnervmmprz5 zebrad-v6.4.2[2716]: 2026-10-10T19:51:00.339866Z  INFO crawl_and_dial{new_peer_interval=61s}:crawl: zebra_network::peer_set::candidate_set::crawl: timeout waiting for peer service readiness or peer responses
Oct 10 19:51:30 runnervmmprz5 zebrad-v6.4.2[2716]: 2026-10-10T19:51:30.698771Z  WARN zebrad::components::sync::progress: chain updates have stalled, state height has not increased for 23 minutes. Hint: check your network connection, and your computer clock and time zone sync_percent=99.539% current_height=Height(4382897) network_upgrade=Nu6_3 time_since_last_state_block=23m target_block_spacing=1m 15s max_block_spacing=7m 30s is_syncer_stopped=true
Oct 10 19:51:43 runnervmmprz5 zebrad-v6.4.2[2716]: 2026-10-10T19:51:43.378263Z  INFO zebrad::components::mempool::crawler: mempool crawl timed out: Elapsed(())
Oct 10 19:52:01 runnervmmprz5 zebrad-v6.4.2[2716]: 2026-10-10T19:52:01.339472Z  INFO crawl_and_dial{new_peer_interval=61s}:crawl: zebra_network::peer_set::candidate_set::crawl: timeout waiting for peer service readiness or peer responses
Oct 10 19:52:03 runnervmmprz5 zebrad-v6.4.2[2716]: 2026-10-10T19:52:03.383775Z  INFO sync:try_to_sync: zebrad::components::sync: starting sync, obtaining new tips state_tip=Some(Height(4382897))
Oct 10 19:52:30 runnervmmprz5 zebrad-v6.4.2[2716]: 2026-10-10T19:52:30.710307Z  WARN zebrad::components::sync::progress: chain updates have stalled, state height has not increased for 24 minutes. Hint: check your network connection, and your computer clock and time zone sync_percent=99.539% current_height=Height(4382897) network_upgrade=Nu6_3 time_since_last_state_block=24m target_block_spacing=1m 15s max_block_spacing=7m 30s is_syncer_stopped=true
Oct 10 19:53:02 runnervmmprz5 zebrad-v6.4.2[2716]: 2026-10-10T19:53:02.339682Z  INFO crawl_and_dial{new_peer_interval=61s}:crawl: zebra_network::peer_set::candidate_set::crawl: timeout waiting for peer service readiness or peer responses
Oct 10 19:53:10 runnervmmprz5 zebrad-v6.4.2[2716]: 2026-10-10T19:53:10.384441Z  INFO sync:try_to_sync: zebrad::components::sync: temporary error obtaining tips: deadline has elapsed
Oct 10 19:53:10 runnervmmprz5 zebrad-v6.4.2[2716]: 2026-10-10T19:53:10.384522Z  INFO sync: zebrad::components::sync: waiting to restart sync timeout=67s state_tip=Some(Height(4382897))
Oct 10 19:53:30 runnervmmprz5 zebrad-v6.4.2[2716]: 2026-10-10T19:53:30.725507Z  WARN zebrad::components::sync::progress: chain updates have stalled, state height has not increased for 25 minutes. Hint: check your network connection, and your computer clock and time zone sync_percent=99.539% current_height=Height(4382897) network_upgrade=Nu6_3 time_since_last_state_block=25m target_block_spacing=1m 15s max_block_spacing=7m 30s is_syncer_stopped=true
Oct 10 19:54:03 runnervmmprz5 zebrad-v6.4.2[2716]: 2026-10-10T19:54:03.340203Z  INFO crawl_and_dial{new_peer_interval=61s}:crawl: zebra_network::peer_set::candidate_set::crawl: timeout waiting for peer service readiness or peer responses
Oct 10 19:54:09 runnervmmprz5 zebrad-v6.4.2[2716]: 2026-10-10T19:54:09.380851Z  INFO zebrad::components::mempool::crawler: mempool crawl timed out: Elapsed(())
Oct 10 19:54:17 runnervmmprz5 zebrad-v6.4.2[2716]: 2026-10-10T19:54:17.386294Z  INFO sync:try_to_sync: zebrad::components::sync: starting sync, obtaining new tips state_tip=Some(Height(4382897))
Oct 10 19:54:30 runnervmmprz5 zebrad-v6.4.2[2716]: 2026-10-10T19:54:30.743109Z  WARN zebrad::components::sync::progress: chain updates have stalled, state height has not increased for 26 minutes. Hint: check your network connection, and your computer clock and time zone sync_percent=99.539% current_height=Height(4382897) network_upgrade=Nu6_3 time_since_last_state_block=26m target_block_spacing=1m 15s max_block_spacing=7m 30s is_syncer_stopped=true
Oct 10 19:55:04 runnervmmprz5 zebrad-v6.4.2[2716]: 2026-10-10T19:55:04.340131Z  INFO crawl_and_dial{new_peer_interval=61s}:crawl: zebra_network::peer_set::candidate_set::crawl: timeout waiting for peer service readiness or peer responses
Oct 10 19:55:24 runnervmmprz5 zebrad-v6.4.2[2716]: 2026-10-10T19:55:24.388081Z  INFO sync:try_to_sync: zebrad::components::sync: temporary error obtaining tips: deadline has elapsed
Oct 10 19:55:24 runnervmmprz5 zebrad-v6.4.2[2716]: 2026-10-10T19:55:24.388166Z  INFO sync: zebrad::components::sync: waiting to restart sync timeout=67s state_tip=Some(Height(4382897))
Oct 10 19:55:30 runnervmmprz5 zebrad-v6.4.2[2716]: 2026-10-10T19:55:30.757519Z  WARN zebrad::components::sync::progress: chain updates have stalled, state height has not increased for 27 minutes. Hint: check your network connection, and your computer clock and time zone sync_percent=99.539% current_height=Height(4382897) network_upgrade=Nu6_3 time_since_last_state_block=27m target_block_spacing=1m 15s max_block_spacing=7m 30s is_syncer_stopped=true
Oct 10 19:56:05 runnervmmprz5 zebrad-v6.4.2[2716]: 2026-10-10T19:56:05.340126Z  INFO crawl_and_dial{new_peer_interval=61s}:crawl: zebra_network::peer_set::candidate_set::crawl: timeout waiting for peer service readiness or peer responses
Oct 10 19:56:30 runnervmmprz5 zebrad-v6.4.2[2716]: 2026-10-10T19:56:30.770030Z  WARN zebrad::components::sync::progress: chain updates have stalled, state height has not increased for 28 minutes. Hint: check your network connection, and your computer clock and time zone sync_percent=99.539% current_height=Height(4382897) network_upgrade=Nu6_3 time_since_last_state_block=28m target_block_spacing=1m 15s max_block_spacing=7m 30s is_syncer_stopped=true
Oct 10 19:56:31 runnervmmprz5 zebrad-v6.4.2[2716]: 2026-10-10T19:56:31.389359Z  INFO sync:try_to_sync: zebrad::components::sync: starting sync, obtaining new tips state_tip=Some(Height(4382897))
Oct 10 19:56:35 runnervmmprz5 zebrad-v6.4.2[2716]: 2026-10-10T19:56:35.382721Z  INFO zebrad::components::mempool::crawler: mempool crawl timed out: Elapsed(())
Oct 10 19:57:06 runnervmmprz5 zebrad-v6.4.2[2716]: 2026-10-10T19:57:06.340342Z  INFO crawl_and_dial{new_peer_interval=61s}:crawl: zebra_network::peer_set::candidate_set::crawl: timeout waiting for peer service readiness or peer responses
Oct 10 19:57:30 runnervmmprz5 zebrad-v6.4.2[2716]: 2026-10-10T19:57:30.784738Z  WARN zebrad::components::sync::progress: chain updates have stalled, state height has not increased for 29 minutes. Hint: check your network connection, and your computer clock and time zone sync_percent=99.539% current_height=Height(4382897) network_upgrade=Nu6_3 time_since_last_state_block=29m target_block_spacing=1m 15s max_block_spacing=7m 30s is_syncer_stopped=true
Oct 10 19:57:38 runnervmmprz5 zebrad-v6.4.2[2716]: 2026-10-10T19:57:38.390480Z  INFO sync:try_to_sync: zebrad::components::sync: temporary error obtaining tips: deadline has elapsed
Oct 10 19:57:38 runnervmmprz5 zebrad-v6.4.2[2716]: 2026-10-10T19:57:38.390574Z  INFO sync: zebrad::components::sync: waiting to restart sync timeout=67s state_tip=Some(Height(4382897))
Oct 10 19:58:07 runnervmmprz5 zebrad-v6.4.2[2716]: 2026-10-10T19:58:07.340858Z  INFO crawl_and_dial{new_peer_interval=61s}:crawl: zebra_network::peer_set::candidate_set::crawl: timeout waiting for peer service readiness or peer responses
Oct 10 19:58:30 runnervmmprz5 zebrad-v6.4.2[2716]: 2026-10-10T19:58:30.797660Z  WARN zebrad::components::sync::progress: chain updates have stalled, state height has not increased for 30 minutes. Hint: check your network connection, and your computer clock and time zone sync_percent=99.539% current_height=Height(4382897) network_upgrade=Nu6_3 time_since_last_state_block=30m target_block_spacing=1m 15s max_block_spacing=7m 30s is_syncer_stopped=true
Oct 10 19:58:45 runnervmmprz5 zebrad-v6.4.2[2716]: 2026-10-10T19:58:45.391659Z  INFO sync:try_to_sync: zebrad::components::sync: starting sync, obtaining new tips state_tip=Some(Height(4382897))
Oct 10 19:59:01 runnervmmprz5 zebrad-v6.4.2[2716]: 2026-10-10T19:59:01.384607Z  INFO zebrad::components::mempool::crawler: mempool crawl timed out: Elapsed(())
Oct 10 19:59:08 runnervmmprz5 zebrad-v6.4.2[2716]: 2026-10-10T19:59:08.340087Z  INFO crawl_and_dial{new_peer_interval=61s}:crawl: zebra_network::peer_set::candidate_set::crawl: timeout waiting for peer service readiness or peer responses
Oct 10 19:59:30 runnervmmprz5 zebrad-v6.4.2[2716]: 2026-10-10T19:59:30.812133Z  WARN zebrad::components::sync::progress: chain updates have stalled, state height has not increased for 31 minutes. Hint: check your network connection, and your computer clock and time zone sync_percent=99.539% current_height=Height(4382897) network_upgrade=Nu6_3 time_since_last_state_block=31m target_block_spacing=1m 15s max_block_spacing=7m 30s is_syncer_stopped=true
Oct 10 19:59:52 runnervmmprz5 zebrad-v6.4.2[2716]: 2026-10-10T19:59:52.392863Z  INFO sync:try_to_sync: zebrad::components::sync: temporary error obtaining tips: deadline has elapsed
Oct 10 19:59:52 runnervmmprz5 zebrad-v6.4.2[2716]: 2026-10-10T19:59:52.392937Z  INFO sync: zebrad::components::sync: waiting to restart sync timeout=67s state_tip=Some(Height(4382897))
Oct 10 20:00:09 runnervmmprz5 zebrad-v6.4.2[2716]: 2026-10-10T20:00:09.339374Z  INFO crawl_and_dial{new_peer_interval=61s}:crawl: zebra_network::peer_set::candidate_set::crawl: timeout waiting for peer service readiness or peer responses
Oct 10 20:00:30 runnervmmprz5 zebrad-v6.4.2[2716]: 2026-10-10T20:00:30.825983Z  WARN zebrad::components::sync::progress: chain updates have stalled, state height has not increased for 32 minutes. Hint: check your network connection, and your computer clock and time zone sync_percent=99.539% current_height=Height(4382897) network_upgrade=Nu6_3 time_since_last_state_block=32m target_block_spacing=1m 15s max_block_spacing=7m 30s is_syncer_stopped=true
Oct 10 20:00:59 runnervmmprz5 zebrad-v6.4.2[2716]: 2026-10-10T20:00:59.394057Z  INFO sync:try_to_sync: zebrad::components::sync: starting sync, obtaining new tips state_tip=Some(Height(4382897))
Oct 10 20:01:10 runnervmmprz5 zebrad-v6.4.2[2716]: 2026-10-10T20:01:10.340179Z  INFO crawl_and_dial{new_peer_interval=61s}:crawl: zebra_network::peer_set::candidate_set::crawl: timeout waiting for peer service readiness or peer responses
Oct 10 20:01:27 runnervmmprz5 zebrad-v6.4.2[2716]: 2026-10-10T20:01:27.386642Z  INFO zebrad::components::mempool::crawler: mempool crawl timed out: Elapsed(())
Oct 10 20:01:30 runnervmmprz5 zebrad-v6.4.2[2716]: 2026-10-10T20:01:30.838858Z  WARN zebrad::components::sync::progress: chain updates have stalled, state height has not increased for 33 minutes. Hint: check your network connection, and your computer clock and time zone sync_percent=99.539% current_height=Height(4382897) network_upgrade=Nu6_3 time_since_last_state_block=33m target_block_spacing=1m 15s max_block_spacing=7m 30s is_syncer_stopped=true
Oct 10 20:02:06 runnervmmprz5 zebrad-v6.4.2[2716]: 2026-10-10T20:02:06.395105Z  INFO sync:try_to_sync: zebrad::components::sync: temporary error obtaining tips: deadline has elapsed
Oct 10 20:02:06 runnervmmprz5 zebrad-v6.4.2[2716]: 2026-10-10T20:02:06.395198Z  INFO sync: zebrad::components::sync: waiting to restart sync timeout=67s state_tip=Some(Height(4382897))
Oct 10 20:02:11 runnervmmprz5 zebrad-v6.4.2[2716]: 2026-10-10T20:02:11.339650Z  INFO crawl_and_dial{new_peer_interval=61s}:crawl: zebra_network::peer_set::candidate_set::crawl: timeout waiting for peer service readiness or peer responses
Oct 10 20:02:30 runnervmmprz5 zebrad-v6.4.2[2716]: 2026-10-10T20:02:30.851959Z  WARN zebrad::components::sync::progress: chain updates have stalled, state height has not increased for 34 minutes. Hint: check your network connection, and your computer clock and time zone sync_percent=99.539% current_height=Height(4382897) network_upgrade=Nu6_3 time_since_last_state_block=34m target_block_spacing=1m 15s max_block_spacing=7m 30s is_syncer_stopped=true
Oct 10 20:03:12 runnervmmprz5 zebrad-v6.4.2[2716]: 2026-10-10T20:03:12.339446Z  INFO crawl_and_dial{new_peer_interval=61s}:crawl: zebra_network::peer_set::candidate_set::crawl: timeout waiting for peer service readiness or peer responses
Oct 10 20:03:13 runnervmmprz5 zebrad-v6.4.2[2716]: 2026-10-10T20:03:13.396296Z  INFO sync:try_to_sync: zebrad::components::sync: starting sync, obtaining new tips state_tip=Some(Height(4382897))
Oct 10 20:03:30 runnervmmprz5 zebrad-v6.4.2[2716]: 2026-10-10T20:03:30.865413Z  WARN zebrad::components::sync::progress: chain updates have stalled, state height has not increased for 35 minutes. Hint: check your network connection, and your computer clock and time zone sync_percent=99.539% current_height=Height(4382897) network_upgrade=Nu6_3 time_since_last_state_block=35m target_block_spacing=1m 15s max_block_spacing=7m 30s is_syncer_stopped=true
Oct 10 20:03:53 runnervmmprz5 zebrad-v6.4.2[2716]: 2026-10-10T20:03:53.388892Z  INFO zebrad::components::mempool::crawler: mempool crawl timed out: Elapsed(())
Oct 10 20:04:13 runnervmmprz5 zebrad-v6.4.2[2716]: 2026-10-10T20:04:13.340164Z  INFO crawl_and_dial{new_peer_interval=61s}:crawl: zebra_network::peer_set::candidate_set::crawl: timeout waiting for peer service readiness or peer responses
Oct 10 20:04:20 runnervmmprz5 zebrad-v6.4.2[2716]: 2026-10-10T20:04:20.397834Z  INFO sync:try_to_sync: zebrad::components::sync: temporary error obtaining tips: deadline has elapsed
Oct 10 20:04:20 runnervmmprz5 zebrad-v6.4.2[2716]: 2026-10-10T20:04:20.397909Z  INFO sync: zebrad::components::sync: waiting to restart sync timeout=67s state_tip=Some(Height(4382897))
Oct 10 20:04:30 runnervmmprz5 zebrad-v6.4.2[2716]: 2026-10-10T20:04:30.879357Z  WARN zebrad::components::sync::progress: chain updates have stalled, state height has not increased for 36 minutes. Hint: check your network connection, and your computer clock and time zone sync_percent=99.539% current_height=Height(4382897) network_upgrade=Nu6_3 time_since_last_state_block=36m target_block_spacing=1m 15s max_block_spacing=7m 30s is_syncer_stopped=true
Oct 10 20:05:14 runnervmmprz5 zebrad-v6.4.2[2716]: 2026-10-10T20:05:14.339557Z  INFO crawl_and_dial{new_peer_interval=61s}:crawl: zebra_network::peer_set::candidate_set::crawl: timeout waiting for peer service readiness or peer responses
Oct 10 20:05:27 runnervmmprz5 zebrad-v6.4.2[2716]: 2026-10-10T20:05:27.398947Z  INFO sync:try_to_sync: zebrad::components::sync: starting sync, obtaining new tips state_tip=Some(Height(4382897))
Oct 10 20:05:30 runnervmmprz5 zebrad-v6.4.2[2716]: 2026-10-10T20:05:30.893369Z  WARN zebrad::components::sync::progress: chain updates have stalled, state height has not increased for 37 minutes. Hint: check your network connection, and your computer clock and time zone sync_percent=99.539% current_height=Height(4382897) network_upgrade=Nu6_3 time_since_last_state_block=37m target_block_spacing=1m 15s max_block_spacing=7m 30s is_syncer_stopped=true
Oct 10 20:06:15 runnervmmprz5 zebrad-v6.4.2[2716]: 2026-10-10T20:06:15.340005Z  INFO crawl_and_dial{new_peer_interval=61s}:crawl: zebra_network::peer_set::candidate_set::crawl: timeout waiting for peer service readiness or peer responses
Oct 10 20:06:19 runnervmmprz5 zebrad-v6.4.2[2716]: 2026-10-10T20:06:19.391231Z  INFO zebrad::components::mempool::crawler: mempool crawl timed out: Elapsed(())
Oct 10 20:06:30 runnervmmprz5 zebrad-v6.4.2[2716]: 2026-10-10T20:06:30.908351Z  WARN zebrad::components::sync::progress: chain updates have stalled, state height has not increased for 38 minutes. Hint: check your network connection, and your computer clock and time zone sync_percent=99.539% current_height=Height(4382897) network_upgrade=Nu6_3 time_since_last_state_block=38m target_block_spacing=1m 15s max_block_spacing=7m 30s is_syncer_stopped=true
Oct 10 20:06:34 runnervmmprz5 zebrad-v6.4.2[2716]: 2026-10-10T20:06:34.399632Z  INFO sync:try_to_sync: zebrad::components::sync: temporary error obtaining tips: deadline has elapsed
Oct 10 20:06:34 runnervmmprz5 zebrad-v6.4.2[2716]: 2026-10-10T20:06:34.399701Z  INFO sync: zebrad::components::sync: waiting to restart sync timeout=67s state_tip=Some(Height(4382897))
Oct 10 20:07:16 runnervmmprz5 zebrad-v6.4.2[2716]: 2026-10-10T20:07:16.339728Z  INFO crawl_and_dial{new_peer_interval=61s}:crawl: zebra_network::peer_set::candidate_set::crawl: timeout waiting for peer service readiness or peer responses
Oct 10 20:07:30 runnervmmprz5 zebrad-v6.4.2[2716]: 2026-10-10T20:07:30.920782Z  WARN zebrad::components::sync::progress: chain updates have stalled, state height has not increased for 39 minutes. Hint: check your network connection, and your computer clock and time zone sync_percent=99.538% current_height=Height(4382897) network_upgrade=Nu6_3 time_since_last_state_block=39m target_block_spacing=1m 15s max_block_spacing=7m 30s is_syncer_stopped=true
Oct 10 20:07:41 runnervmmprz5 zebrad-v6.4.2[2716]: 2026-10-10T20:07:41.401230Z  INFO sync:try_to_sync: zebrad::components::sync: starting sync, obtaining new tips state_tip=Some(Height(4382897))
Oct 10 20:08:17 runnervmmprz5 zebrad-v6.4.2[2716]: 2026-10-10T20:08:17.339767Z  INFO crawl_and_dial{new_peer_interval=61s}:crawl: zebra_network::peer_set::candidate_set::crawl: timeout waiting for peer service readiness or peer responses
Oct 10 20:08:30 runnervmmprz5 zebrad-v6.4.2[2716]: 2026-10-10T20:08:30.934130Z  WARN zebrad::components::sync::progress: chain updates have stalled, state height has not increased for 40 minutes. Hint: check your network connection, and your computer clock and time zone sync_percent=99.538% current_height=Height(4382897) network_upgrade=Nu6_3 time_since_last_state_block=40m target_block_spacing=1m 15s max_block_spacing=7m 30s is_syncer_stopped=true
Oct 10 20:08:45 runnervmmprz5 zebrad-v6.4.2[2716]: 2026-10-10T20:08:45.394353Z  INFO zebrad::components::mempool::crawler: mempool crawl timed out: Elapsed(())
Oct 10 20:08:48 runnervmmprz5 zebrad-v6.4.2[2716]: 2026-10-10T20:08:48.403314Z  INFO sync:try_to_sync: zebrad::components::sync: temporary error obtaining tips: deadline has elapsed
Oct 10 20:08:48 runnervmmprz5 zebrad-v6.4.2[2716]: 2026-10-10T20:08:48.403385Z  INFO sync: zebrad::components::sync: waiting to restart sync timeout=67s state_tip=Some(Height(4382897))
Oct 10 20:09:18 runnervmmprz5 zebrad-v6.4.2[2716]: 2026-10-10T20:09:18.340097Z  INFO crawl_and_dial{new_peer_interval=61s}:crawl: zebra_network::peer_set::candidate_set::crawl: timeout waiting for peer service readiness or peer responses
Oct 10 20:09:30 runnervmmprz5 zebrad-v6.4.2[2716]: 2026-10-10T20:09:30.945845Z  WARN zebrad::components::sync::progress: chain updates have stalled, state height has not increased for 41 minutes. Hint: check your network connection, and your computer clock and time zone sync_percent=99.538% current_height=Height(4382897) network_upgrade=Nu6_3 time_since_last_state_block=41m target_block_spacing=1m 15s max_block_spacing=7m 30s is_syncer_stopped=true
Oct 10 20:09:55 runnervmmprz5 zebrad-v6.4.2[2716]: 2026-10-10T20:09:55.405308Z  INFO sync:try_to_sync: zebrad::components::sync: starting sync, obtaining new tips state_tip=Some(Height(4382897))
Oct 10 20:10:19 runnervmmprz5 zebrad-v6.4.2[2716]: 2026-10-10T20:10:19.339829Z  INFO crawl_and_dial{new_peer_interval=61s}:crawl: zebra_network::peer_set::candidate_set::crawl: timeout waiting for peer service readiness or peer responses
Oct 10 20:10:30 runnervmmprz5 zebrad-v6.4.2[2716]: 2026-10-10T20:10:30.959394Z  WARN zebrad::components::sync::progress: chain updates have stalled, state height has not increased for 42 minutes. Hint: check your network connection, and your computer clock and time zone sync_percent=99.538% current_height=Height(4382897) network_upgrade=Nu6_3 time_since_last_state_block=42m target_block_spacing=1m 15s max_block_spacing=7m 30s is_syncer_stopped=true
Oct 10 20:11:02 runnervmmprz5 zebrad-v6.4.2[2716]: 2026-10-10T20:11:02.406878Z  INFO sync:try_to_sync: zebrad::components::sync: temporary error obtaining tips: deadline has elapsed
Oct 10 20:11:02 runnervmmprz5 zebrad-v6.4.2[2716]: 2026-10-10T20:11:02.406959Z  INFO sync: zebrad::components::sync: waiting to restart sync timeout=67s state_tip=Some(Height(4382897))
Oct 10 20:11:11 runnervmmprz5 zebrad-v6.4.2[2716]: 2026-10-10T20:11:11.396845Z  INFO zebrad::components::mempool::crawler: mempool crawl timed out: Elapsed(())
Oct 10 20:11:20 runnervmmprz5 zebrad-v6.4.2[2716]: 2026-10-10T20:11:20.339499Z  INFO crawl_and_dial{new_peer_interval=61s}:crawl: zebra_network::peer_set::candidate_set::crawl: timeout waiting for peer service readiness or peer responses
Oct 10 20:11:30 runnervmmprz5 zebrad-v6.4.2[2716]: 2026-10-10T20:11:30.972862Z  WARN zebrad::components::sync::progress: chain updates have stalled, state height has not increased for 43 minutes. Hint: check your network connection, and your computer clock and time zone sync_percent=99.538% current_height=Height(4382897) network_upgrade=Nu6_3 time_since_last_state_block=43m target_block_spacing=1m 15s max_block_spacing=7m 30s is_syncer_stopped=true
Oct 10 20:12:09 runnervmmprz5 zebrad-v6.4.2[2716]: 2026-10-10T20:12:09.407868Z  INFO sync:try_to_sync: zebrad::components::sync: starting sync, obtaining new tips state_tip=Some(Height(4382897))
Oct 10 20:12:21 runnervmmprz5 zebrad-v6.4.2[2716]: 2026-10-10T20:12:21.339844Z  INFO crawl_and_dial{new_peer_interval=61s}:crawl: zebra_network::peer_set::candidate_set::crawl: timeout waiting for peer service readiness or peer responses
Oct 10 20:12:30 runnervmmprz5 zebrad-v6.4.2[2716]: 2026-10-10T20:12:30.986742Z  WARN zebrad::components::sync::progress: chain updates have stalled, state height has not increased for 44 minutes. Hint: check your network connection, and your computer clock and time zone sync_percent=99.538% current_height=Height(4382897) network_upgrade=Nu6_3 time_since_last_state_block=44m target_block_spacing=1m 15s max_block_spacing=7m 30s is_syncer_stopped=true
Oct 10 20:13:16 runnervmmprz5 zebrad-v6.4.2[2716]: 2026-10-10T20:13:16.408874Z  INFO sync:try_to_sync: zebrad::components::sync: temporary error obtaining tips: deadline has elapsed
Oct 10 20:13:16 runnervmmprz5 zebrad-v6.4.2[2716]: 2026-10-10T20:13:16.408938Z  INFO sync: zebrad::components::sync: waiting to restart sync timeout=67s state_tip=Some(Height(4382897))
Oct 10 20:13:22 runnervmmprz5 zebrad-v6.4.2[2716]: 2026-10-10T20:13:22.339394Z  INFO crawl_and_dial{new_peer_interval=61s}:crawl: zebra_network::peer_set::candidate_set::crawl: timeout waiting for peer service readiness or peer responses
Oct 10 20:13:31 runnervmmprz5 zebrad-v6.4.2[2716]: 2026-10-10T20:13:31.002038Z  WARN zebrad::components::sync::progress: chain updates have stalled, state height has not increased for 45 minutes. Hint: check your network connection, and your computer clock and time zone sync_percent=99.538% current_height=Height(4382897) network_upgrade=Nu6_3 time_since_last_state_block=45m target_block_spacing=1m 15s max_block_spacing=7m 30s is_syncer_stopped=true
Oct 10 20:13:37 runnervmmprz5 zebrad-v6.4.2[2716]: 2026-10-10T20:13:37.398689Z  INFO zebrad::components::mempool::crawler: mempool crawl timed out: Elapsed(())
Oct 10 20:14:23 runnervmmprz5 zebrad-v6.4.2[2716]: 2026-10-10T20:14:23.339621Z  INFO crawl_and_dial{new_peer_interval=61s}:crawl: zebra_network::peer_set::candidate_set::crawl: timeout waiting for peer service readiness or peer responses
Oct 10 20:14:23 runnervmmprz5 zebrad-v6.4.2[2716]: 2026-10-10T20:14:23.409930Z  INFO sync:try_to_sync: zebrad::components::sync: starting sync, obtaining new tips state_tip=Some(Height(4382897))
Oct 10 20:14:31 runnervmmprz5 zebrad-v6.4.2[2716]: 2026-10-10T20:14:31.018264Z  WARN zebrad::components::sync::progress: chain updates have stalled, state height has not increased for 46 minutes. Hint: check your network connection, and your computer clock and time zone sync_percent=99.538% current_height=Height(4382897) network_upgrade=Nu6_3 time_since_last_state_block=46m target_block_spacing=1m 15s max_block_spacing=7m 30s is_syncer_stopped=true
Oct 10 20:15:24 runnervmmprz5 zebrad-v6.4.2[2716]: 2026-10-10T20:15:24.339874Z  INFO crawl_and_dial{new_peer_interval=61s}:crawl: zebra_network::peer_set::candidate_set::crawl: timeout waiting for peer service readiness or peer responses
Oct 10 20:15:30 runnervmmprz5 zebrad-v6.4.2[2716]: 2026-10-10T20:15:30.410893Z  INFO sync:try_to_sync: zebrad::components::sync: temporary error obtaining tips: deadline has elapsed
Oct 10 20:15:30 runnervmmprz5 zebrad-v6.4.2[2716]: 2026-10-10T20:15:30.410966Z  INFO sync: zebrad::components::sync: waiting to restart sync timeout=67s state_tip=Some(Height(4382897))
Oct 10 20:15:31 runnervmmprz5 zebrad-v6.4.2[2716]: 2026-10-10T20:15:31.034228Z  WARN zebrad::components::sync::progress: chain updates have stalled, state height has not increased for 47 minutes. Hint: check your network connection, and your computer clock and time zone sync_percent=99.538% current_height=Height(4382897) network_upgrade=Nu6_3 time_since_last_state_block=47m target_block_spacing=1m 15s max_block_spacing=7m 30s is_syncer_stopped=true
Oct 10 20:16:03 runnervmmprz5 zebrad-v6.4.2[2716]: 2026-10-10T20:16:03.401167Z  INFO zebrad::components::mempool::crawler: mempool crawl timed out: Elapsed(())
Oct 10 20:16:25 runnervmmprz5 zebrad-v6.4.2[2716]: 2026-10-10T20:16:25.341203Z  INFO crawl_and_dial{new_peer_interval=61s}:crawl: zebra_network::peer_set::candidate_set::crawl: timeout waiting for peer service readiness or peer responses
Oct 10 20:16:31 runnervmmprz5 zebrad-v6.4.2[2716]: 2026-10-10T20:16:31.050027Z  WARN zebrad::components::sync::progress: chain updates have stalled, state height has not increased for 48 minutes. Hint: check your network connection, and your computer clock and time zone sync_percent=99.538% current_height=Height(4382897) network_upgrade=Nu6_3 time_since_last_state_block=48m target_block_spacing=1m 15s max_block_spacing=7m 30s is_syncer_stopped=true
Oct 10 20:16:37 runnervmmprz5 zebrad-v6.4.2[2716]: 2026-10-10T20:16:37.412220Z  INFO sync:try_to_sync: zebrad::components::sync: starting sync, obtaining new tips state_tip=Some(Height(4382897))
Oct 10 20:17:26 runnervmmprz5 zebrad-v6.4.2[2716]: 2026-10-10T20:17:26.339895Z  INFO crawl_and_dial{new_peer_interval=61s}:crawl: zebra_network::peer_set::candidate_set::crawl: timeout waiting for peer service readiness or peer responses
Oct 10 20:17:31 runnervmmprz5 zebrad-v6.4.2[2716]: 2026-10-10T20:17:31.063277Z  WARN zebrad::components::sync::progress: chain updates have stalled, state height has not increased for 49 minutes. Hint: check your network connection, and your computer clock and time zone sync_percent=99.538% current_height=Height(4382897) network_upgrade=Nu6_3 time_since_last_state_block=49m target_block_spacing=1m 15s max_block_spacing=7m 30s is_syncer_stopped=true
Oct 10 20:17:44 runnervmmprz5 zebrad-v6.4.2[2716]: 2026-10-10T20:17:44.414436Z  INFO sync:try_to_sync: zebrad::components::sync: temporary error obtaining tips: deadline has elapsed
Oct 10 20:17:44 runnervmmprz5 zebrad-v6.4.2[2716]: 2026-10-10T20:17:44.414522Z  INFO sync: zebrad::components::sync: waiting to restart sync timeout=67s state_tip=Some(Height(4382897))
Oct 10 20:18:27 runnervmmprz5 zebrad-v6.4.2[2716]: 2026-10-10T20:18:27.340421Z  INFO crawl_and_dial{new_peer_interval=61s}:crawl: zebra_network::peer_set::candidate_set::crawl: timeout waiting for peer service readiness or peer responses
Oct 10 20:18:29 runnervmmprz5 zebrad-v6.4.2[2716]: 2026-10-10T20:18:29.403072Z  INFO zebrad::components::mempool::crawler: mempool crawl timed out: Elapsed(())
Oct 10 20:18:31 runnervmmprz5 zebrad-v6.4.2[2716]: 2026-10-10T20:18:31.080383Z  WARN zebrad::components::sync::progress: chain updates have stalled, state height has not increased for 50 minutes. Hint: check your network connection, and your computer clock and time zone sync_percent=99.538% current_height=Height(4382897) network_upgrade=Nu6_3 time_since_last_state_block=50m target_block_spacing=1m 15s max_block_spacing=7m 30s is_syncer_stopped=true
Oct 10 20:18:51 runnervmmprz5 zebrad-v6.4.2[2716]: 2026-10-10T20:18:51.415914Z  INFO sync:try_to_sync: zebrad::components::sync: starting sync, obtaining new tips state_tip=Some(Height(4382897))
Oct 10 20:19:28 runnervmmprz5 zebrad-v6.4.2[2716]: 2026-10-10T20:19:28.340023Z  INFO crawl_and_dial{new_peer_interval=61s}:crawl: zebra_network::peer_set::candidate_set::crawl: timeout waiting for peer service readiness or peer responses
Oct 10 20:19:31 runnervmmprz5 zebrad-v6.4.2[2716]: 2026-10-10T20:19:31.095640Z  WARN zebrad::components::sync::progress: chain updates have stalled, state height has not increased for 51 minutes. Hint: check your network connection, and your computer clock and time zone sync_percent=99.538% current_height=Height(4382897) network_upgrade=Nu6_3 time_since_last_state_block=51m target_block_spacing=1m 15s max_block_spacing=7m 30s is_syncer_stopped=true
Oct 10 20:19:58 runnervmmprz5 zebrad-v6.4.2[2716]: 2026-10-10T20:19:58.417217Z  INFO sync:try_to_sync: zebrad::components::sync: temporary error obtaining tips: deadline has elapsed
Oct 10 20:19:58 runnervmmprz5 zebrad-v6.4.2[2716]: 2026-10-10T20:19:58.417296Z  INFO sync: zebrad::components::sync: waiting to restart sync timeout=67s state_tip=Some(Height(4382897))
Oct 10 20:20:29 runnervmmprz5 zebrad-v6.4.2[2716]: 2026-10-10T20:20:29.339466Z  INFO crawl_and_dial{new_peer_interval=61s}:crawl: zebra_network::peer_set::candidate_set::crawl: timeout waiting for peer service readiness or peer responses
Oct 10 20:20:31 runnervmmprz5 zebrad-v6.4.2[2716]: 2026-10-10T20:20:31.110371Z  WARN zebrad::components::sync::progress: chain updates have stalled, state height has not increased for 52 minutes. Hint: check your network connection, and your computer clock and time zone sync_percent=99.538% current_height=Height(4382897) network_upgrade=Nu6_3 time_since_last_state_block=52m target_block_spacing=1m 15s max_block_spacing=7m 30s is_syncer_stopped=true
Oct 10 20:20:55 runnervmmprz5 zebrad-v6.4.2[2716]: 2026-10-10T20:20:55.406108Z  INFO zebrad::components::mempool::crawler: mempool crawl timed out: Elapsed(())
Oct 10 20:21:05 runnervmmprz5 zebrad-v6.4.2[2716]: 2026-10-10T20:21:05.419045Z  INFO sync:try_to_sync: zebrad::components::sync: starting sync, obtaining new tips state_tip=Some(Height(4382897))
Oct 10 20:21:30 runnervmmprz5 zebrad-v6.4.2[2716]: 2026-10-10T20:21:30.339385Z  INFO crawl_and_dial{new_peer_interval=61s}:crawl: zebra_network::peer_set::candidate_set::crawl: timeout waiting for peer service readiness or peer responses
Oct 10 20:21:31 runnervmmprz5 zebrad-v6.4.2[2716]: 2026-10-10T20:21:31.126928Z  WARN zebrad::components::sync::progress: chain updates have stalled, state height has not increased for 53 minutes. Hint: check your network connection, and your computer clock and time zone sync_percent=99.538% current_height=Height(4382897) network_upgrade=Nu6_3 time_since_last_state_block=53m target_block_spacing=1m 15s max_block_spacing=7m 30s is_syncer_stopped=true
Oct 10 20:22:12 runnervmmprz5 zebrad-v6.4.2[2716]: 2026-10-10T20:22:12.419887Z  INFO sync:try_to_sync: zebrad::components::sync: temporary error obtaining tips: deadline has elapsed
Oct 10 20:22:12 runnervmmprz5 zebrad-v6.4.2[2716]: 2026-10-10T20:22:12.419954Z  INFO sync: zebrad::components::sync: waiting to restart sync timeout=67s state_tip=Some(Height(4382897))
Oct 10 20:22:31 runnervmmprz5 zebrad-v6.4.2[2716]: 2026-10-10T20:22:31.139014Z  WARN zebrad::components::sync::progress: chain updates have stalled, state height has not increased for 54 minutes. Hint: check your network connection, and your computer clock and time zone sync_percent=99.538% current_height=Height(4382897) network_upgrade=Nu6_3 time_since_last_state_block=54m target_block_spacing=1m 15s max_block_spacing=7m 30s is_syncer_stopped=true
Oct 10 20:22:31 runnervmmprz5 zebrad-v6.4.2[2716]: 2026-10-10T20:22:31.339660Z  INFO crawl_and_dial{new_peer_interval=61s}:crawl: zebra_network::peer_set::candidate_set::crawl: timeout waiting for peer service readiness or peer responses
Oct 10 20:23:19 runnervmmprz5 zebrad-v6.4.2[2716]: 2026-10-10T20:23:19.421095Z  INFO sync:try_to_sync: zebrad::components::sync: starting sync, obtaining new tips state_tip=Some(Height(4382897))
Oct 10 20:23:21 runnervmmprz5 zebrad-v6.4.2[2716]: 2026-10-10T20:23:21.407952Z  INFO zebrad::components::mempool::crawler: mempool crawl timed out: Elapsed(())
Oct 10 20:23:31 runnervmmprz5 zebrad-v6.4.2[2716]: 2026-10-10T20:23:31.151334Z  WARN zebrad::components::sync::progress: chain updates have stalled, state height has not increased for 55 minutes. Hint: check your network connection, and your computer clock and time zone sync_percent=99.538% current_height=Height(4382897) network_upgrade=Nu6_3 time_since_last_state_block=55m target_block_spacing=1m 15s max_block_spacing=7m 30s is_syncer_stopped=true
Oct 10 20:23:32 runnervmmprz5 zebrad-v6.4.2[2716]: 2026-10-10T20:23:32.339983Z  INFO crawl_and_dial{new_peer_interval=61s}:crawl: zebra_network::peer_set::candidate_set::crawl: timeout waiting for peer service readiness or peer responses
Oct 10 20:24:26 runnervmmprz5 zebrad-v6.4.2[2716]: 2026-10-10T20:24:26.422086Z  INFO sync:try_to_sync: zebrad::components::sync: temporary error obtaining tips: deadline has elapsed
Oct 10 20:24:26 runnervmmprz5 zebrad-v6.4.2[2716]: 2026-10-10T20:24:26.422167Z  INFO sync: zebrad::components::sync: waiting to restart sync timeout=67s state_tip=Some(Height(4382897))
Oct 10 20:24:31 runnervmmprz5 zebrad-v6.4.2[2716]: 2026-10-10T20:24:31.164063Z  WARN zebrad::components::sync::progress: chain updates have stalled, state height has not increased for 56 minutes. Hint: check your network connection, and your computer clock and time zone sync_percent=99.538% current_height=Height(4382897) network_upgrade=Nu6_3 time_since_last_state_block=56m target_block_spacing=1m 15s max_block_spacing=7m 30s is_syncer_stopped=true
Oct 10 20:24:33 runnervmmprz5 zebrad-v6.4.2[2716]: 2026-10-10T20:24:33.339865Z  INFO crawl_and_dial{new_peer_interval=61s}:crawl: zebra_network::peer_set::candidate_set::crawl: timeout waiting for peer service readiness or peer responses
Oct 10 20:25:31 runnervmmprz5 zebrad-v6.4.2[2716]: 2026-10-10T20:25:31.177200Z  WARN zebrad::components::sync::progress: chain updates have stalled, state height has not increased for 57 minutes. Hint: check your network connection, and your computer clock and time zone sync_percent=99.538% current_height=Height(4382897) network_upgrade=Nu6_3 time_since_last_state_block=57m target_block_spacing=1m 15s max_block_spacing=7m 30s is_syncer_stopped=true
Oct 10 20:25:33 runnervmmprz5 zebrad-v6.4.2[2716]: 2026-10-10T20:25:33.422690Z  INFO sync:try_to_sync: zebrad::components::sync: starting sync, obtaining new tips state_tip=Some(Height(4382897))
Oct 10 20:25:34 runnervmmprz5 zebrad-v6.4.2[2716]: 2026-10-10T20:25:34.340039Z  INFO crawl_and_dial{new_peer_interval=61s}:crawl: zebra_network::peer_set::candidate_set::crawl: timeout waiting for peer service readiness or peer responses
Oct 10 20:25:47 runnervmmprz5 zebrad-v6.4.2[2716]: 2026-10-10T20:25:47.409755Z  INFO zebrad::components::mempool::crawler: mempool crawl timed out: Elapsed(())
Oct 10 20:26:31 runnervmmprz5 zebrad-v6.4.2[2716]: 2026-10-10T20:26:31.191647Z  WARN zebrad::components::sync::progress: chain updates have stalled, state height has not increased for 58 minutes. Hint: check your network connection, and your computer clock and time zone sync_percent=99.538% current_height=Height(4382897) network_upgrade=Nu6_3 time_since_last_state_block=58m target_block_spacing=1m 15s max_block_spacing=7m 30s is_syncer_stopped=true
Oct 10 20:26:35 runnervmmprz5 zebrad-v6.4.2[2716]: 2026-10-10T20:26:35.339636Z  INFO crawl_and_dial{new_peer_interval=61s}:crawl: zebra_network::peer_set::candidate_set::crawl: timeout waiting for peer service readiness or peer responses
Oct 10 20:26:40 runnervmmprz5 zebrad-v6.4.2[2716]: 2026-10-10T20:26:40.424120Z  INFO sync:try_to_sync: zebrad::components::sync: temporary error obtaining tips: deadline has elapsed
Oct 10 20:26:40 runnervmmprz5 zebrad-v6.4.2[2716]: 2026-10-10T20:26:40.424217Z  INFO sync: zebrad::components::sync: waiting to restart sync timeout=67s state_tip=Some(Height(4382897))
Oct 10 20:27:05 runnervmmprz5 systemd[1]: zebrad.service: Failed to set 'cpuset.cpus' attribute on '/system.slice/zebrad.service' to '': No space left on device
Oct 10 20:27:31 runnervmmprz5 zebrad-v6.4.2[2716]: 2026-10-10T20:27:31.208128Z  WARN zebrad::components::sync::progress: chain updates have stalled, state height has not increased for 59 minutes. Hint: check your network connection, and your computer clock and time zone sync_percent=99.538% current_height=Height(4382897) network_upgrade=Nu6_3 time_since_last_state_block=59m target_block_spacing=1m 15s max_block_spacing=7m 30s is_syncer_stopped=true
Oct 10 20:27:36 runnervmmprz5 zebrad-v6.4.2[2716]: 2026-10-10T20:27:36.339516Z  INFO crawl_and_dial{new_peer_interval=61s}:crawl: zebra_network::peer_set::candidate_set::crawl: timeout waiting for peer service readiness or peer responses
Oct 10 20:27:47 runnervmmprz5 zebrad-v6.4.2[2716]: 2026-10-10T20:27:47.424883Z  INFO sync:try_to_sync: zebrad::components::sync: starting sync, obtaining new tips state_tip=Some(Height(4382897))
Oct 10 20:28:13 runnervmmprz5 zebrad-v6.4.2[2716]: 2026-10-10T20:28:13.412156Z  INFO zebrad::components::mempool::crawler: mempool crawl timed out: Elapsed(())
Oct 10 20:28:31 runnervmmprz5 zebrad-v6.4.2[2716]: 2026-10-10T20:28:31.220199Z  WARN zebrad::components::sync::progress: chain updates have stalled, state height has not increased for 60 minutes. Hint: check your network connection, and your computer clock and time zone sync_percent=99.538% current_height=Height(4382897) network_upgrade=Nu6_3 time_since_last_state_block=1h target_block_spacing=1m 15s max_block_spacing=7m 30s is_syncer_stopped=true
Oct 10 20:28:37 runnervmmprz5 zebrad-v6.4.2[2716]: 2026-10-10T20:28:37.340355Z  INFO crawl_and_dial{new_peer_interval=61s}:crawl: zebra_network::peer_set::candidate_set::crawl: timeout waiting for peer service readiness or peer responses
Oct 10 20:28:40 runnervmmprz5 zebrad-v6.4.2[2716]: 2026-10-10T20:28:40.347986Z  INFO zebrad::components::sync::end_of_support: Release always valid in Testnet
Oct 10 20:28:54 runnervmmprz5 zebrad-v6.4.2[2716]: 2026-10-10T20:28:54.426358Z  INFO sync:try_to_sync: zebrad::components::sync: temporary error obtaining tips: deadline has elapsed
Oct 10 20:28:54 runnervmmprz5 zebrad-v6.4.2[2716]: 2026-10-10T20:28:54.426434Z  INFO sync: zebrad::components::sync: waiting to restart sync timeout=67s state_tip=Some(Height(4382897))
Oct 10 20:29:31 runnervmmprz5 zebrad-v6.4.2[2716]: 2026-10-10T20:29:31.234227Z  WARN zebrad::components::sync::progress: chain updates have stalled, state height has not increased for 61 minutes. Hint: check your network connection, and your computer clock and time zone sync_percent=99.538% current_height=Height(4382897) network_upgrade=Nu6_3 time_since_last_state_block=1h 1m target_block_spacing=1m 15s max_block_spacing=7m 30s is_syncer_stopped=true
Oct 10 20:29:38 runnervmmprz5 zebrad-v6.4.2[2716]: 2026-10-10T20:29:38.341338Z  INFO crawl_and_dial{new_peer_interval=61s}:crawl: zebra_network::peer_set::candidate_set::crawl: timeout waiting for peer service readiness or peer responses
Oct 10 20:30:01 runnervmmprz5 zebrad-v6.4.2[2716]: 2026-10-10T20:30:01.428105Z  INFO sync:try_to_sync: zebrad::components::sync: starting sync, obtaining new tips state_tip=Some(Height(4382897))
Oct 10 20:30:31 runnervmmprz5 zebrad-v6.4.2[2716]: 2026-10-10T20:30:31.247186Z  WARN zebrad::components::sync::progress: chain updates have stalled, state height has not increased for 62 minutes. Hint: check your network connection, and your computer clock and time zone sync_percent=99.538% current_height=Height(4382897) network_upgrade=Nu6_3 time_since_last_state_block=1h 2m target_block_spacing=1m 15s max_block_spacing=7m 30s is_syncer_stopped=true
Oct 10 20:30:39 runnervmmprz5 zebrad-v6.4.2[2716]: 2026-10-10T20:30:39.339780Z  INFO crawl_and_dial{new_peer_interval=61s}:crawl: zebra_network::peer_set::candidate_set::crawl: timeout waiting for peer service readiness or peer responses
Oct 10 20:30:39 runnervmmprz5 zebrad-v6.4.2[2716]: 2026-10-10T20:30:39.414065Z  INFO zebrad::components::mempool::crawler: mempool crawl timed out: Elapsed(())
Oct 10 20:31:08 runnervmmprz5 zebrad-v6.4.2[2716]: 2026-10-10T20:31:08.429061Z  INFO sync:try_to_sync: zebrad::components::sync: temporary error obtaining tips: deadline has elapsed
Oct 10 20:31:08 runnervmmprz5 zebrad-v6.4.2[2716]: 2026-10-10T20:31:08.429159Z  INFO sync: zebrad::components::sync: waiting to restart sync timeout=67s state_tip=Some(Height(4382897))
Oct 10 20:31:31 runnervmmprz5 zebrad-v6.4.2[2716]: 2026-10-10T20:31:31.259692Z  WARN zebrad::components::sync::progress: chain updates have stalled, state height has not increased for 63 minutes. Hint: check your network connection, and your computer clock and time zone sync_percent=99.538% current_height=Height(4382897) network_upgrade=Nu6_3 time_since_last_state_block=1h 3m target_block_spacing=1m 15s max_block_spacing=7m 30s is_syncer_stopped=true
Oct 10 20:31:40 runnervmmprz5 zebrad-v6.4.2[2716]: 2026-10-10T20:31:40.340714Z  INFO crawl_and_dial{new_peer_interval=61s}:crawl: zebra_network::peer_set::candidate_set::crawl: timeout waiting for peer service readiness or peer responses
Oct 10 20:32:15 runnervmmprz5 zebrad-v6.4.2[2716]: 2026-10-10T20:32:15.429841Z  INFO sync:try_to_sync: zebrad::components::sync: starting sync, obtaining new tips state_tip=Some(Height(4382897))
Oct 10 20:32:31 runnervmmprz5 zebrad-v6.4.2[2716]: 2026-10-10T20:32:31.273077Z  WARN zebrad::components::sync::progress: chain updates have stalled, state height has not increased for 64 minutes. Hint: check your network connection, and your computer clock and time zone sync_percent=99.538% current_height=Height(4382897) network_upgrade=Nu6_3 time_since_last_state_block=1h 4m target_block_spacing=1m 15s max_block_spacing=7m 30s is_syncer_stopped=true
Oct 10 20:32:41 runnervmmprz5 zebrad-v6.4.2[2716]: 2026-10-10T20:32:41.341164Z  INFO crawl_and_dial{new_peer_interval=61s}:crawl: zebra_network::peer_set::candidate_set::crawl: timeout waiting for peer service readiness or peer responses
Oct 10 20:33:05 runnervmmprz5 zebrad-v6.4.2[2716]: 2026-10-10T20:33:05.416091Z  INFO zebrad::components::mempool::crawler: mempool crawl timed out: Elapsed(())
Oct 10 20:33:22 runnervmmprz5 zebrad-v6.4.2[2716]: 2026-10-10T20:33:22.430812Z  INFO sync:try_to_sync: zebrad::components::sync: temporary error obtaining tips: deadline has elapsed
Oct 10 20:33:22 runnervmmprz5 zebrad-v6.4.2[2716]: 2026-10-10T20:33:22.430873Z  INFO sync: zebrad::components::sync: waiting to restart sync timeout=67s state_tip=Some(Height(4382897))
Oct 10 20:33:31 runnervmmprz5 zebrad-v6.4.2[2716]: 2026-10-10T20:33:31.284991Z  WARN zebrad::components::sync::progress: chain updates have stalled, state height has not increased for 65 minutes. Hint: check your network connection, and your computer clock and time zone sync_percent=99.538% current_height=Height(4382897) network_upgrade=Nu6_3 time_since_last_state_block=1h 5m target_block_spacing=1m 15s max_block_spacing=7m 30s is_syncer_stopped=true
Oct 10 20:33:42 runnervmmprz5 zebrad-v6.4.2[2716]: 2026-10-10T20:33:42.340995Z  INFO crawl_and_dial{new_peer_interval=61s}:crawl: zebra_network::peer_set::candidate_set::crawl: timeout waiting for peer service readiness or peer responses
Oct 10 20:34:29 runnervmmprz5 zebrad-v6.4.2[2716]: 2026-10-10T20:34:29.432232Z  INFO sync:try_to_sync: zebrad::components::sync: starting sync, obtaining new tips state_tip=Some(Height(4382897))
Oct 10 20:34:31 runnervmmprz5 zebrad-v6.4.2[2716]: 2026-10-10T20:34:31.298428Z  WARN zebrad::components::sync::progress: chain updates have stalled, state height has not increased for 66 minutes. Hint: check your network connection, and your computer clock and time zone sync_percent=99.538% current_height=Height(4382897) network_upgrade=Nu6_3 time_since_last_state_block=1h 6m target_block_spacing=1m 15s max_block_spacing=7m 30s is_syncer_stopped=true
Oct 10 20:34:43 runnervmmprz5 zebrad-v6.4.2[2716]: 2026-10-10T20:34:43.341217Z  INFO crawl_and_dial{new_peer_interval=61s}:crawl: zebra_network::peer_set::candidate_set::crawl: timeout waiting for peer service readiness or peer responses
Oct 10 20:35:31 runnervmmprz5 zebrad-v6.4.2[2716]: 2026-10-10T20:35:31.312202Z  WARN zebrad::components::sync::progress: chain updates have stalled, state height has not increased for 67 minutes. Hint: check your network connection, and your computer clock and time zone sync_percent=99.538% current_height=Height(4382897) network_upgrade=Nu6_3 time_since_last_state_block=1h 7m target_block_spacing=1m 15s max_block_spacing=7m 30s is_syncer_stopped=true
Oct 10 20:35:31 runnervmmprz5 zebrad-v6.4.2[2716]: 2026-10-10T20:35:31.417636Z  INFO zebrad::components::mempool::crawler: mempool crawl timed out: Elapsed(())
Oct 10 20:35:36 runnervmmprz5 zebrad-v6.4.2[2716]: 2026-10-10T20:35:36.433871Z  INFO sync:try_to_sync: zebrad::components::sync: temporary error obtaining tips: deadline has elapsed
Oct 10 20:35:36 runnervmmprz5 zebrad-v6.4.2[2716]: 2026-10-10T20:35:36.433913Z  INFO sync: zebrad::components::sync: waiting to restart sync timeout=67s state_tip=Some(Height(4382897))
Oct 10 20:35:44 runnervmmprz5 zebrad-v6.4.2[2716]: 2026-10-10T20:35:44.340095Z  INFO crawl_and_dial{new_peer_interval=61s}:crawl: zebra_network::peer_set::candidate_set::crawl: timeout waiting for peer service readiness or peer responses
Oct 10 20:36:31 runnervmmprz5 zebrad-v6.4.2[2716]: 2026-10-10T20:36:31.326797Z  WARN zebrad::components::sync::progress: chain updates have stalled, state height has not increased for 68 minutes. Hint: check your network connection, and your computer clock and time zone sync_percent=99.538% current_height=Height(4382897) network_upgrade=Nu6_3 time_since_last_state_block=1h 8m target_block_spacing=1m 15s max_block_spacing=7m 30s is_syncer_stopped=true
Oct 10 20:36:43 runnervmmprz5 zebrad-v6.4.2[2716]: 2026-10-10T20:36:43.434397Z  INFO sync:try_to_sync: zebrad::components::sync: starting sync, obtaining new tips state_tip=Some(Height(4382897))
Oct 10 20:36:45 runnervmmprz5 zebrad-v6.4.2[2716]: 2026-10-10T20:36:45.339707Z  INFO crawl_and_dial{new_peer_interval=61s}:crawl: zebra_network::peer_set::candidate_set::crawl: timeout waiting for peer service readiness or peer responses
Oct 10 20:37:31 runnervmmprz5 zebrad-v6.4.2[2716]: 2026-10-10T20:37:31.340233Z  WARN zebrad::components::sync::progress: chain updates have stalled, state height has not increased for 69 minutes. Hint: check your network connection, and your computer clock and time zone sync_percent=99.538% current_height=Height(4382897) network_upgrade=Nu6_3 time_since_last_state_block=1h 9m target_block_spacing=1m 15s max_block_spacing=7m 30s is_syncer_stopped=true
Oct 10 20:37:46 runnervmmprz5 zebrad-v6.4.2[2716]: 2026-10-10T20:37:46.340068Z  INFO crawl_and_dial{new_peer_interval=61s}:crawl: zebra_network::peer_set::candidate_set::crawl: timeout waiting for peer service readiness or peer responses
Oct 10 20:37:50 runnervmmprz5 zebrad-v6.4.2[2716]: 2026-10-10T20:37:50.435993Z  INFO sync:try_to_sync: zebrad::components::sync: temporary error obtaining tips: deadline has elapsed
Oct 10 20:37:50 runnervmmprz5 zebrad-v6.4.2[2716]: 2026-10-10T20:37:50.436081Z  INFO sync: zebrad::components::sync: waiting to restart sync timeout=67s state_tip=Some(Height(4382897))
Oct 10 20:37:57 runnervmmprz5 zebrad-v6.4.2[2716]: 2026-10-10T20:37:57.420187Z  INFO zebrad::components::mempool::crawler: mempool crawl timed out: Elapsed(())
Oct 10 20:38:31 runnervmmprz5 zebrad-v6.4.2[2716]: 2026-10-10T20:38:31.356175Z  WARN zebrad::components::sync::progress: chain updates have stalled, state height has not increased for 70 minutes. Hint: check your network connection, and your computer clock and time zone sync_percent=99.538% current_height=Height(4382897) network_upgrade=Nu6_3 time_since_last_state_block=1h 10m 1s target_block_spacing=1m 15s max_block_spacing=7m 30s is_syncer_stopped=true
Oct 10 20:38:47 runnervmmprz5 zebrad-v6.4.2[2716]: 2026-10-10T20:38:47.340225Z  INFO crawl_and_dial{new_peer_interval=61s}:crawl: zebra_network::peer_set::candidate_set::crawl: timeout waiting for peer service readiness or peer responses
Oct 10 20:38:57 runnervmmprz5 zebrad-v6.4.2[2716]: 2026-10-10T20:38:57.436850Z  INFO sync:try_to_sync: zebrad::components::sync: starting sync, obtaining new tips state_tip=Some(Height(4382897))
Oct 10 20:39:31 runnervmmprz5 zebrad-v6.4.2[2716]: 2026-10-10T20:39:31.372205Z  WARN zebrad::components::sync::progress: chain updates have stalled, state height has not increased for 71 minutes. Hint: check your network connection, and your computer clock and time zone sync_percent=99.538% current_height=Height(4382897) network_upgrade=Nu6_3 time_since_last_state_block=1h 11m 1s target_block_spacing=1m 15s max_block_spacing=7m 30s is_syncer_stopped=true
Oct 10 20:39:48 runnervmmprz5 zebrad-v6.4.2[2716]: 2026-10-10T20:39:48.340668Z  INFO crawl_and_dial{new_peer_interval=61s}:crawl: zebra_network::peer_set::candidate_set::crawl: timeout waiting for peer service readiness or peer responses
Oct 10 20:40:04 runnervmmprz5 zebrad-v6.4.2[2716]: 2026-10-10T20:40:04.437657Z  INFO sync:try_to_sync: zebrad::components::sync: temporary error obtaining tips: deadline has elapsed
Oct 10 20:40:04 runnervmmprz5 zebrad-v6.4.2[2716]: 2026-10-10T20:40:04.437736Z  INFO sync: zebrad::components::sync: waiting to restart sync timeout=67s state_tip=Some(Height(4382897))
Oct 10 20:40:23 runnervmmprz5 zebrad-v6.4.2[2716]: 2026-10-10T20:40:23.421857Z  INFO zebrad::components::mempool::crawler: mempool crawl timed out: Elapsed(())
Oct 10 20:40:31 runnervmmprz5 zebrad-v6.4.2[2716]: 2026-10-10T20:40:31.387457Z  WARN zebrad::components::sync::progress: chain updates have stalled, state height has not increased for 72 minutes. Hint: check your network connection, and your computer clock and time zone sync_percent=99.538% current_height=Height(4382897) network_upgrade=Nu6_3 time_since_last_state_block=1h 12m 1s target_block_spacing=1m 15s max_block_spacing=7m 30s is_syncer_stopped=true
Oct 10 20:40:49 runnervmmprz5 zebrad-v6.4.2[2716]: 2026-10-10T20:40:49.340791Z  INFO crawl_and_dial{new_peer_interval=61s}:crawl: zebra_network::peer_set::candidate_set::crawl: timeout waiting for peer service readiness or peer responses
Oct 10 20:41:11 runnervmmprz5 zebrad-v6.4.2[2716]: 2026-10-10T20:41:11.438614Z  INFO sync:try_to_sync: zebrad::components::sync: starting sync, obtaining new tips state_tip=Some(Height(4382897))
Oct 10 20:41:31 runnervmmprz5 zebrad-v6.4.2[2716]: 2026-10-10T20:41:31.400653Z  WARN zebrad::components::sync::progress: chain updates have stalled, state height has not increased for 73 minutes. Hint: check your network connection, and your computer clock and time zone sync_percent=99.538% current_height=Height(4382897) network_upgrade=Nu6_3 time_since_last_state_block=1h 13m 1s target_block_spacing=1m 15s max_block_spacing=7m 30s is_syncer_stopped=true
Oct 10 20:41:50 runnervmmprz5 zebrad-v6.4.2[2716]: 2026-10-10T20:41:50.339627Z  INFO crawl_and_dial{new_peer_interval=61s}:crawl: zebra_network::peer_set::candidate_set::crawl: timeout waiting for peer service readiness or peer responses
Oct 10 20:42:18 runnervmmprz5 zebrad-v6.4.2[2716]: 2026-10-10T20:42:18.439579Z  INFO sync:try_to_sync: zebrad::components::sync: temporary error obtaining tips: deadline has elapsed
Oct 10 20:42:18 runnervmmprz5 zebrad-v6.4.2[2716]: 2026-10-10T20:42:18.439649Z  INFO sync: zebrad::components::sync: waiting to restart sync timeout=67s state_tip=Some(Height(4382897))
Oct 10 20:42:31 runnervmmprz5 zebrad-v6.4.2[2716]: 2026-10-10T20:42:31.417212Z  WARN zebrad::components::sync::progress: chain updates have stalled, state height has not increased for 74 minutes. Hint: check your network connection, and your computer clock and time zone sync_percent=99.538% current_height=Height(4382897) network_upgrade=Nu6_3 time_since_last_state_block=1h 14m 1s target_block_spacing=1m 15s max_block_spacing=7m 30s is_syncer_stopped=true
Oct 10 20:42:49 runnervmmprz5 zebrad-v6.4.2[2716]: 2026-10-10T20:42:49.425055Z  INFO zebrad::components::mempool::crawler: mempool crawl timed out: Elapsed(())
Oct 10 20:42:51 runnervmmprz5 zebrad-v6.4.2[2716]: 2026-10-10T20:42:51.340914Z  INFO crawl_and_dial{new_peer_interval=61s}:crawl: zebra_network::peer_set::candidate_set::crawl: timeout waiting for peer service readiness or peer responses
Oct 10 20:43:25 runnervmmprz5 zebrad-v6.4.2[2716]: 2026-10-10T20:43:25.440686Z  INFO sync:try_to_sync: zebrad::components::sync: starting sync, obtaining new tips state_tip=Some(Height(4382897))
Oct 10 20:43:31 runnervmmprz5 zebrad-v6.4.2[2716]: 2026-10-10T20:43:31.431338Z  WARN zebrad::components::sync::progress: chain updates have stalled, state height has not increased for 75 minutes. Hint: check your network connection, and your computer clock and time zone sync_percent=99.538% current_height=Height(4382897) network_upgrade=Nu6_3 time_since_last_state_block=1h 15m 1s target_block_spacing=1m 15s max_block_spacing=7m 30s is_syncer_stopped=true
Oct 10 20:43:52 runnervmmprz5 zebrad-v6.4.2[2716]: 2026-10-10T20:43:52.339784Z  INFO crawl_and_dial{new_peer_interval=61s}:crawl: zebra_network::peer_set::candidate_set::crawl: timeout waiting for peer service readiness or peer responses
Oct 10 20:44:31 runnervmmprz5 zebrad-v6.4.2[2716]: 2026-10-10T20:44:31.446974Z  WARN zebrad::components::sync::progress: chain updates have stalled, state height has not increased for 76 minutes. Hint: check your network connection, and your computer clock and time zone sync_percent=99.538% current_height=Height(4382897) network_upgrade=Nu6_3 time_since_last_state_block=1h 16m 1s target_block_spacing=1m 15s max_block_spacing=7m 30s is_syncer_stopped=true
Oct 10 20:44:32 runnervmmprz5 zebrad-v6.4.2[2716]: 2026-10-10T20:44:32.442069Z  INFO sync:try_to_sync: zebrad::components::sync: temporary error obtaining tips: deadline has elapsed
Oct 10 20:44:32 runnervmmprz5 zebrad-v6.4.2[2716]: 2026-10-10T20:44:32.442156Z  INFO sync: zebrad::components::sync: waiting to restart sync timeout=67s state_tip=Some(Height(4382897))
