Oct 10 19:25:31 runnervmmprz5 systemd[1]: Started zebrad.service - /opt/zbench/bin/zebrad-v6.4.2 -c /etc/zbench/zebrad.toml start.
Oct 10 19:25:31 runnervmmprz5 zebrad-v6.4.2[2687]: Thank you for running a testnet zebrad 6.4.2 node!
Oct 10 19:25:31 runnervmmprz5 zebrad-v6.4.2[2687]: You're helping to strengthen the network and contributing to a social good :)
Oct 10 19:25:31 runnervmmprz5 zebrad-v6.4.2[2687]: 2026-10-10T19:25:31.930609Z  INFO zebrad::components::tracing::component: started tracing component filter="info" TRACING_STATIC_MAX_LEVEL=LevelFilter::INFO LOG_STATIC_MAX_LEVEL=Info
Oct 10 19:25:31 runnervmmprz5 zebrad-v6.4.2[2687]: 2026-10-10T19:25:31.937500Z  INFO zebrad::components::tracing::component: installed sentry tracing layer
Oct 10 19:25:31 runnervmmprz5 zebrad-v6.4.2[2687]: 2026-10-10T19:25:31.937512Z  INFO zebrad::components::tracing::component: set 'tracing.progress_bar ="summary"' in zebrad.toml to activate progress bars
Oct 10 19:25:31 runnervmmprz5 zebrad-v6.4.2[2687]: 2026-10-10T19:25:31.937519Z  INFO zebrad::application: Diagnostic metadata:
Oct 10 19:25:31 runnervmmprz5 zebrad-v6.4.2[2687]: version: 6.4.2
Oct 10 19:25:31 runnervmmprz5 zebrad-v6.4.2[2687]: Zcash network: Testnet
Oct 10 19:25:31 runnervmmprz5 zebrad-v6.4.2[2687]: running state version: 28.0.0+indexer
Oct 10 19:25:31 runnervmmprz5 zebrad-v6.4.2[2687]: initial disk state version: 28.0.0
Oct 10 19:25:31 runnervmmprz5 zebrad-v6.4.2[2687]: features: default,default_release_binaries,howudoin,indexer,indicatif,metrics_exporter_prometheus,opentelemetry,progress_bar,prometheus,release_max_level_info,sentry
Oct 10 19:25:31 runnervmmprz5 zebrad-v6.4.2[2687]: branch: HEAD
Oct 10 19:25:31 runnervmmprz5 zebrad-v6.4.2[2687]: git commit: e3eef2f
Oct 10 19:25:31 runnervmmprz5 zebrad-v6.4.2[2687]: commit timestamp: 2026-09-25T19:37:34.000000000Z
Oct 10 19:25:31 runnervmmprz5 zebrad-v6.4.2[2687]: target triple: x86_64-unknown-linux-gnu
Oct 10 19:25:31 runnervmmprz5 zebrad-v6.4.2[2687]: rust compiler: 1.91.0
Oct 10 19:25:31 runnervmmprz5 zebrad-v6.4.2[2687]: rust release date: 2025-10-28
Oct 10 19:25:31 runnervmmprz5 zebrad-v6.4.2[2687]: optimization level: 3
Oct 10 19:25:31 runnervmmprz5 zebrad-v6.4.2[2687]: debug checks: true
Oct 10 19:25:31 runnervmmprz5 zebrad-v6.4.2[2687]: 2026-10-10T19:25:31.937528Z  INFO zebrad::application: Using config file at: "/etc/zbench/zebrad.toml"
Oct 10 19:25:31 runnervmmprz5 zebrad-v6.4.2[2687]: 2026-10-10T19:25:31.937534Z  INFO zebrad::application: ZebradConfig { consensus: Config { checkpoint_sync: true }, metrics: Config { endpoint_addr: Some(127.0.0.1:9101) }, network: Config { listen_addr: 127.0.0.1:8233, external_addr: None, network: Testnet, initial_mainnet_peers: {}, initial_testnet_peers: {}, cache_dir: IsEnabled(false), peerset_initial_target_size: 25, crawl_new_peer_interval: 61s, max_connections_per_ip: 1 }, state: Config { cache_dir: "/zbench/zebra", ephemeral: false, should_backup_non_finalized_state: true, delete_old_database: true, debug_stop_at_height: None, debug_validity_check_interval: None, debug_skip_non_finalized_state_backup_task: false }, tracing: Config { inner: InnerConfig { use_color: false, force_use_color: false, filter: None, buffer_limit: 128000, endpoint_addr: None, flamegraph: None, progress_bar: None, log_file: None, use_journald: false, opentelemetry_endpoint: None, opentelemetry_service_name: None, opentelemetry_sample_percent: None } }, sync: Config { download_concurrency_limit: 50, checkpoint_verify_concurrency_limit: 1000, full_verify_concurrency_limit: 20, parallel_cpu_threads: 0 }, mempool: Config { tx_cost_limit: 80000000, eviction_memory_time: 3600s, debug_enable_at_height: None, max_datacarrier_bytes: Some(83) }, notify: Config { block_notify_command: None }, rpc: Config { listen_addr: Some(127.0.0.1:8232), indexer_listen_addr: Some(127.0.0.1:8230), lightwalletd_listen_addr: None, parallel_cpu_threads: 0, debug_force_finished_sync: false, cookie_dir: "/zbench/zebra-cookie", enable_cookie_auth: true, max_response_body_size: 52428800 }, mining: Config { miner_address: None, extra_coinbase_data: None, miner_memo: None, internal_miner: false }, health: Config { listen_addr: None, min_connected_peers: 1, ready_max_blocks_behind: 2, enforce_on_test_networks: false, ready_max_tip_age: 300s }, zcashd_compat: Config { enabled: false, manage_zcashd: false, zcashd_source: Path, zcashd_path: None, zcashd_datadir: None, zcashd_extra_args: [], p2p_connect_addr: None, block_gossip_peer_ips: [], startup_delay: 1s, restart_backoff: 2s, restart_backoff_max: 300s, restart_reset_after: 3600s, shutdown_grace_period: 300s } }
Oct 10 19:25:31 runnervmmprz5 zebrad-v6.4.2[2687]: 2026-10-10T19:25:31.939043Z  INFO {zebrad="e3eef2f" net="Test"}: zebrad::application: initialized rayon thread pool for CPU-bound tasks num_threads=4
Oct 10 19:25:31 runnervmmprz5 zebrad-v6.4.2[2687]: 2026-10-10T19:25:31.939820Z  INFO {zebrad="e3eef2f" net="Test"}: zebrad::components::metrics: Trying to open metrics endpoint at 127.0.0.1:9101...
Oct 10 19:25:31 runnervmmprz5 zebrad-v6.4.2[2687]: 2026-10-10T19:25:31.941111Z  INFO {zebrad="e3eef2f" net="Test"}: zebrad::components::metrics: Opened metrics endpoint at 127.0.0.1:9101
Oct 10 19:25:31 runnervmmprz5 zebrad-v6.4.2[2687]: 2026-10-10T19:25:31.941712Z  INFO zebrad::commands::start: Starting zebrad
Oct 10 19:25:31 runnervmmprz5 zebrad-v6.4.2[2687]: 2026-10-10T19:25:31.942466Z  WARN zebrad::commands::start: TCP slow-start-after-idle is enabled, which resets TCP's congestion window between block requests and significantly reduces single-peer throughput for block propagation. Hint: set `net.ipv4.tcp_slow_start_after_idle=0` via sysctl. See https://zebra.zfnd.org/user/troubleshooting.html#linux-tcp-tuning-for-block-propagation setting="net.ipv4.tcp_slow_start_after_idle"
Oct 10 19:25:31 runnervmmprz5 zebrad-v6.4.2[2687]: 2026-10-10T19:25:31.942486Z  INFO zebrad::commands::start: initializing node state
Oct 10 19:25:31 runnervmmprz5 zebrad-v6.4.2[2687]: 2026-10-10T19:25:31.942697Z  INFO zebrad::commands::start: opening database, this may take a few minutes
Oct 10 19:25:31 runnervmmprz5 zebrad-v6.4.2[2687]: 2026-10-10T19:25:31.944724Z  INFO zebra_state::service::finalized_state::disk_format::upgrade: trying to open current database format running_version=28.0.0+indexer
Oct 10 19:25:33 runnervmmprz5 zebrad-v6.4.2[2687]: 2026-10-10T19:25:33.316581Z  INFO zebra_state::service::finalized_state::disk_db: Opened Zebra state cache at /zbench/zebra/state/v28/testnet
Oct 10 19:25:33 runnervmmprz5 zebrad-v6.4.2[2687]: 2026-10-10T19:25:33.317942Z  INFO zebra_state::service::finalized_state::disk_format::upgrade: checking database format produced by a previous zebra instance is current and valid running_version=28.0.0+indexer
Oct 10 19:25:33 runnervmmprz5 zebrad-v6.4.2[2687]: 2026-10-10T19:25:33.318251Z  INFO zebra_state::service::finalized_state::disk_format::upgrade: started checking/adding indexes for spending tx ids
Oct 10 19:25:33 runnervmmprz5 zebrad-v6.4.2[2687]: 2026-10-10T19:25:33.322981Z  INFO zebra_state::service::non_finalized_state: restoring non-finalized blocks from backup and spawning backup task backup_dir_path="/zbench/zebra/non_finalized_state/testnet"
Oct 10 19:25:33 runnervmmprz5 zebrad-v6.4.2[2687]: 2026-10-10T19:25:33.324062Z  INFO zebra_state::service::non_finalized_state: no blocks were restored from the non-finalized backup cache
Oct 10 19:25:33 runnervmmprz5 zebrad-v6.4.2[2687]: 2026-10-10T19:25:33.324085Z  INFO zebra_state::service: loaded Zebra state cache chain_tip=Some((block::Hash("00005894e6410b9d9524e38d725e6595ef4c8f85d4deb9e56b340751b0c3d678"), Height(4382897)))
Oct 10 19:25:33 runnervmmprz5 zebrad-v6.4.2[2687]: 2026-10-10T19:25:33.327580Z  INFO zebra_state::service: starting legacy chain check
Oct 10 19:25:33 runnervmmprz5 zebrad-v6.4.2[2687]: 2026-10-10T19:25:33.327754Z  INFO zebra_state::service: cached state consensus branch is valid: no legacy chain found
Oct 10 19:25:33 runnervmmprz5 zebrad-v6.4.2[2687]: 2026-10-10T19:25:33.327767Z  INFO zebrad::commands::start: logging database metrics on startup
Oct 10 19:25:33 runnervmmprz5 zebrad-v6.4.2[2687]: 2026-10-10T19:25:33.333099Z  INFO zebra_state::service::finalized_state::disk_db: Total Database Disk Size: 12.6 GB
Oct 10 19:25:33 runnervmmprz5 zebrad-v6.4.2[2687]: 2026-10-10T19:25:33.333114Z  INFO zebra_state::service::finalized_state::disk_db: Total Live Data Disk Size: 12.6 GB
Oct 10 19:25:33 runnervmmprz5 zebrad-v6.4.2[2687]: 2026-10-10T19:25:33.333117Z  INFO zebra_state::service::finalized_state::disk_db: Total Database Memory Size: 1.1 MB
Oct 10 19:25:33 runnervmmprz5 zebrad-v6.4.2[2687]: 2026-10-10T19:25:33.333466Z  INFO zebrad::commands::start: initializing network
Oct 10 19:25:33 runnervmmprz5 zebrad-v6.4.2[2687]: 2026-10-10T19:25:33.333760Z  INFO open_listener{addr=127.0.0.1:8233}: zebra_network::peer_set::initialize: Trying to open Zcash protocol endpoint at 127.0.0.1:8233...
Oct 10 19:25:33 runnervmmprz5 zebrad-v6.4.2[2687]: 2026-10-10T19:25:33.333807Z  INFO open_listener{addr=127.0.0.1:8233}: zebra_network::peer_set::initialize: Opened Zcash protocol endpoint at 127.0.0.1:8233
Oct 10 19:25:33 runnervmmprz5 zebrad-v6.4.2[2687]: 2026-10-10T19:25:33.343509Z  INFO zebra_network::address_book_updater: starting the address book updater
Oct 10 19:25:33 runnervmmprz5 zebrad-v6.4.2[2687]: 2026-10-10T19:25:33.343605Z  WARN add_initial_peers: zebra_network::config: no initial peers in the network config. Hint: you must configure at least one peer IP or DNS seeder to run Zebra, give it some previously cached peer IP addresses on disk, or make sure Zebra's listener port gets inbound connections.
Oct 10 19:25:33 runnervmmprz5 zebrad-v6.4.2[2687]: 2026-10-10T19:25:33.343816Z  INFO add_initial_peers: zebra_network::peer_set::initialize: connecting to initial peer set ipv4_peer_count=0 ipv6_peer_count=0
Oct 10 19:25:33 runnervmmprz5 zebrad-v6.4.2[2687]: 2026-10-10T19:25:33.343825Z  INFO add_initial_peers: zebra_network::peer_set::initialize: finished connecting to initial seed and disk cache peers handshake_success_total=0 handshake_error_total=0 outbound_connections=0
Oct 10 19:25:33 runnervmmprz5 zebrad-v6.4.2[2687]: 2026-10-10T19:25:33.343858Z  INFO zebra_network::peer_set::initialize: sending initial request for peers active_initial_peer_count=0
Oct 10 19:25:33 runnervmmprz5 zebrad-v6.4.2[2687]: 2026-10-10T19:25:33.343884Z  INFO zebrad::commands::start: initializing verifiers
Oct 10 19:25:33 runnervmmprz5 zebrad-v6.4.2[2687]: 2026-10-10T19:25:33.343936Z  INFO crawl_and_dial{new_peer_interval=61s}: zebra_network::peer_set::initialize: starting the peer address crawler crawl_new_peer_interval=61s outbound_connections=0
Oct 10 19:25:33 runnervmmprz5 zebrad-v6.4.2[2687]: 2026-10-10T19:25:33.343940Z  INFO init{config=Config { checkpoint_sync: true } network=Testnet}: zebra_consensus::router: starting state checkpoint validation
Oct 10 19:25:33 runnervmmprz5 zebrad-v6.4.2[2687]: 2026-10-10T19:25:33.345565Z  INFO init{config=Config { checkpoint_sync: true } network=Testnet}: zebra_consensus::router: initializing block verifier router tip=Some((Height(4382897), block::Hash("00005894e6410b9d9524e38d725e6595ef4c8f85d4deb9e56b340751b0c3d678"))) max_checkpoint_height=Height(4359385)
Oct 10 19:25:33 runnervmmprz5 zebrad-v6.4.2[2687]: 2026-10-10T19:25:33.345874Z  INFO zebrad::commands::start: initializing syncer
Oct 10 19:25:33 runnervmmprz5 zebrad-v6.4.2[2687]: 2026-10-10T19:25:33.346043Z  INFO zebrad::commands::start: initializing mempool
Oct 10 19:25:33 runnervmmprz5 zebrad-v6.4.2[2687]: 2026-10-10T19:25:33.346194Z  INFO zebrad::commands::start: fully initializing inbound peer request handler
Oct 10 19:25:33 runnervmmprz5 zebrad-v6.4.2[2687]: 2026-10-10T19:25:33.348145Z  INFO zebra_rpc::server::cookie: RPC auth cookie written to disk
Oct 10 19:25:33 runnervmmprz5 zebrad-v6.4.2[2687]: 2026-10-10T19:25:33.348177Z  INFO zebra_rpc::server: Opened RPC endpoint at 127.0.0.1:8232
Oct 10 19:25:33 runnervmmprz5 zebrad-v6.4.2[2687]: 2026-10-10T19:25:33.348187Z  INFO zebrad::commands::start: spawning indexer RPC server
Oct 10 19:25:33 runnervmmprz5 zebrad-v6.4.2[2687]: 2026-10-10T19:25:33.349319Z  INFO init: zebra_rpc::indexer::server: Trying to open indexer RPC endpoint at 127.0.0.1:8230...
Oct 10 19:25:33 runnervmmprz5 zebrad-v6.4.2[2687]: 2026-10-10T19:25:33.349349Z  INFO init: zebra_rpc::indexer::server: Opened RPC endpoint at 127.0.0.1:8230
Oct 10 19:25:33 runnervmmprz5 zebrad-v6.4.2[2687]: 2026-10-10T19:25:33.349360Z  INFO zebrad::commands::start: spawning block gossip task
Oct 10 19:25:33 runnervmmprz5 zebrad-v6.4.2[2687]: 2026-10-10T19:25:33.349363Z  INFO zebrad::commands::start: spawning block notify task
Oct 10 19:25:33 runnervmmprz5 zebrad-v6.4.2[2687]: 2026-10-10T19:25:33.349367Z  INFO zebrad::commands::start: spawning mempool queue checker task
Oct 10 19:25:33 runnervmmprz5 zebrad-v6.4.2[2687]: 2026-10-10T19:25:33.349369Z  INFO zebrad::commands::start: spawning mempool transaction gossip task
Oct 10 19:25:33 runnervmmprz5 zebrad-v6.4.2[2687]: 2026-10-10T19:25:33.349372Z  INFO zebrad::commands::start: spawning delete old databases task
Oct 10 19:25:33 runnervmmprz5 zebrad-v6.4.2[2687]: 2026-10-10T19:25:33.349378Z  INFO zebrad::commands::start: spawning progress logging task
Oct 10 19:25:33 runnervmmprz5 zebrad-v6.4.2[2687]: 2026-10-10T19:25:33.349381Z  INFO zebrad::commands::start: initializing health endpoints
Oct 10 19:25:33 runnervmmprz5 zebrad-v6.4.2[2687]: 2026-10-10T19:25:33.349385Z  INFO zebrad::commands::start: spawning end of support checking task
Oct 10 19:25:33 runnervmmprz5 zebrad-v6.4.2[2687]: 2026-10-10T19:25:33.349390Z  INFO zebrad::commands::start: spawning mempool crawler task
Oct 10 19:25:33 runnervmmprz5 zebrad-v6.4.2[2687]: 2026-10-10T19:25:33.349394Z  INFO zebrad::commands::start: spawning syncer task
Oct 10 19:25:33 runnervmmprz5 zebrad-v6.4.2[2687]: 2026-10-10T19:25:33.349397Z  INFO zebrad::commands::start: spawned initial Zebra tasks
Oct 10 19:25:33 runnervmmprz5 zebrad-v6.4.2[2687]: 2026-10-10T19:25:33.349442Z  INFO zebra_state::config: checking for old database versions db_kind="state"
Oct 10 19:25:33 runnervmmprz5 zebrad-v6.4.2[2687]: 2026-10-10T19:25:33.349486Z  INFO zebra_state::config: finished old database version cleanup task
Oct 10 19:25:33 runnervmmprz5 zebrad-v6.4.2[2687]: 2026-10-10T19:25:33.349789Z  INFO zebrad::components::mempool::queue_checker: initializing mempool queue checker task
Oct 10 19:25:33 runnervmmprz5 zebrad-v6.4.2[2687]: 2026-10-10T19:25:33.349807Z  INFO zebrad::components::mempool::gossip: initializing transaction gossip task
Oct 10 19:25:33 runnervmmprz5 zebrad-v6.4.2[2687]: 2026-10-10T19:25:33.349826Z  INFO zebrad::components::sync::end_of_support: Starting end of support task
Oct 10 19:25:33 runnervmmprz5 zebrad-v6.4.2[2687]: 2026-10-10T19:25:33.350034Z  WARN zebrad::components::sync::progress: chain tip metrics channel closed err=SendError { .. }
Oct 10 19:25:33 runnervmmprz5 zebrad-v6.4.2[2687]: 2026-10-10T19:25:33.350086Z  INFO zebrad::components::sync::gossip: initializing block gossip task
Oct 10 19:25:33 runnervmmprz5 zebrad-v6.4.2[2687]: 2026-10-10T19:25:33.350866Z  INFO zebrad::components::mempool::crawler: initializing mempool crawler task
Oct 10 19:25:33 runnervmmprz5 zebrad-v6.4.2[2687]: 2026-10-10T19:25:33.351152Z  INFO sync:try_to_sync: zebrad::components::sync: starting sync, obtaining new tips state_tip=Some(Height(4382897))
Oct 10 19:25:34 runnervmmprz5 zebrad-v6.4.2[2687]: 2026-10-10T19:25:34.385769Z  INFO init{config=Config { checkpoint_sync: true } network=Testnet}: zebra_consensus::router: finished state checkpoint validation
Oct 10 19:25:39 runnervmmprz5 zebrad-v6.4.2[2687]: 2026-10-10T19:25:39.387745Z  INFO sync:try_to_sync: zebrad::components::sync: exhausted prospective tip set
Oct 10 19:25:39 runnervmmprz5 zebrad-v6.4.2[2687]: 2026-10-10T19:25:39.387773Z  INFO sync: zebrad::components::sync: waiting to restart sync timeout=67s state_tip=Some(Height(4382897))
Oct 10 19:25:40 runnervmmprz5 zebrad-v6.4.2[2687]: 2026-10-10T19:25:40.352801Z  INFO zebrad::components::sync::gossip: height=Height(4382897) request=AdvertiseBlock(block::Hash("00005894e6410b9d9524e38d725e6595ef4c8f85d4deb9e56b340751b0c3d678"), None) log_msg="sending committed block broadcast"
Oct 10 19:25:43 runnervmmprz5 zebrad-v6.4.2[2687]: 2026-10-10T19:25:43.351065Z  INFO zebrad::components::sync::end_of_support: Release always valid in Testnet
Oct 10 19:25:43 runnervmmprz5 zebrad-v6.4.2[2687]: 2026-10-10T19:25:43.352248Z  INFO zebrad::components::mempool: activating mempool: Zebra is close to the tip tip_height=Height(4382897)
Oct 10 19:26:33 runnervmmprz5 zebrad-v6.4.2[2687]: 2026-10-10T19:26:33.363535Z  INFO zebrad::components::sync::progress: initial sync is very slow, or estimated tip is wrong. Hint: check your network connection, and your computer clock and time zone sync_percent=99.539% current_height=Height(4382897) network_upgrade=Nu6_3 remaining_sync_blocks=20288 after_checkpoint_height=Height(4360395) time_since_last_state_block=1m
Oct 10 19:26:34 runnervmmprz5 zebrad-v6.4.2[2687]: 2026-10-10T19:26:34.345675Z  INFO crawl_and_dial{new_peer_interval=61s}:crawl: zebra_network::peer_set::candidate_set::crawl: timeout waiting for peer service readiness or peer responses
Oct 10 19:26:46 runnervmmprz5 zebrad-v6.4.2[2687]: 2026-10-10T19:26:46.389515Z  INFO sync:try_to_sync: zebrad::components::sync: starting sync, obtaining new tips state_tip=Some(Height(4382897))
Oct 10 19:26:52 runnervmmprz5 zebrad-v6.4.2[2687]: 2026-10-10T19:26:52.389577Z  INFO zebrad::components::mempool::crawler: mempool crawl timed out: Elapsed(())
Oct 10 19:27:02 runnervmmprz5 zebrad-v6.4.2[2687]: 2026-10-10T19:27:02.515858Z  INFO zebra_state::service::finalized_state::disk_format::upgrade: finished checking/adding indexes for spending tx ids
Oct 10 19:27:07 runnervmmprz5 zebrad-v6.4.2[2687]: 2026-10-10T19:27:07.368470Z  INFO zebra_state::service::finalized_state::disk_format::upgrade: database format is valid running_version=28.0.0+indexer initial_disk_version=28.0.0+indexer
Oct 10 19:27:33 runnervmmprz5 zebrad-v6.4.2[2687]: 2026-10-10T19:27:33.375521Z  INFO zebrad::components::sync::progress: initial sync is very slow, or estimated tip is wrong. Hint: check your network connection, and your computer clock and time zone sync_percent=99.539% current_height=Height(4382897) network_upgrade=Nu6_3 remaining_sync_blocks=20289 after_checkpoint_height=Height(4360395) time_since_last_state_block=2m
Oct 10 19:27:43 runnervmmprz5 zebrad-v6.4.2[2687]: 2026-10-10T19:27:43.346069Z  INFO crawl_and_dial{new_peer_interval=61s}:crawl: zebra_network::peer_set::candidate_set::crawl: timeout waiting for peer service readiness or peer responses
Oct 10 19:27:53 runnervmmprz5 zebrad-v6.4.2[2687]: 2026-10-10T19:27:53.390289Z  INFO sync:try_to_sync: zebrad::components::sync: temporary error obtaining tips: deadline has elapsed
Oct 10 19:27:53 runnervmmprz5 zebrad-v6.4.2[2687]: 2026-10-10T19:27:53.390335Z  INFO sync: zebrad::components::sync: waiting to restart sync timeout=67s state_tip=Some(Height(4382897))
Oct 10 19:28:33 runnervmmprz5 zebrad-v6.4.2[2687]: 2026-10-10T19:28:33.388251Z  INFO zebrad::components::sync::progress: initial sync is very slow, or estimated tip is wrong. Hint: check your network connection, and your computer clock and time zone sync_percent=99.539% current_height=Height(4382897) network_upgrade=Nu6_3 remaining_sync_blocks=20290 after_checkpoint_height=Height(4360395) time_since_last_state_block=3m
Oct 10 19:28:44 runnervmmprz5 zebrad-v6.4.2[2687]: 2026-10-10T19:28:44.346623Z  INFO crawl_and_dial{new_peer_interval=61s}:crawl: zebra_network::peer_set::candidate_set::crawl: timeout waiting for peer service readiness or peer responses
Oct 10 19:29:00 runnervmmprz5 zebrad-v6.4.2[2687]: 2026-10-10T19:29:00.391520Z  INFO sync:try_to_sync: zebrad::components::sync: starting sync, obtaining new tips state_tip=Some(Height(4382897))
Oct 10 19:29:18 runnervmmprz5 zebrad-v6.4.2[2687]: 2026-10-10T19:29:18.390971Z  INFO zebrad::components::mempool::crawler: mempool crawl timed out: Elapsed(())
Oct 10 19:29:33 runnervmmprz5 zebrad-v6.4.2[2687]: 2026-10-10T19:29:33.401727Z  INFO zebrad::components::sync::progress: initial sync is very slow, or estimated tip is wrong. Hint: check your network connection, and your computer clock and time zone sync_percent=99.539% current_height=Height(4382897) network_upgrade=Nu6_3 remaining_sync_blocks=20291 after_checkpoint_height=Height(4360395) time_since_last_state_block=4m
Oct 10 19:29:45 runnervmmprz5 zebrad-v6.4.2[2687]: 2026-10-10T19:29:45.347479Z  INFO crawl_and_dial{new_peer_interval=61s}:crawl: zebra_network::peer_set::candidate_set::crawl: timeout waiting for peer service readiness or peer responses
Oct 10 19:30:07 runnervmmprz5 zebrad-v6.4.2[2687]: 2026-10-10T19:30:07.392127Z  INFO sync:try_to_sync: zebrad::components::sync: temporary error obtaining tips: deadline has elapsed
Oct 10 19:30:07 runnervmmprz5 zebrad-v6.4.2[2687]: 2026-10-10T19:30:07.392195Z  INFO sync: zebrad::components::sync: waiting to restart sync timeout=67s state_tip=Some(Height(4382897))
Oct 10 19:30:33 runnervmmprz5 zebrad-v6.4.2[2687]: 2026-10-10T19:30:33.415391Z  INFO zebrad::components::sync::progress: initial sync is very slow, or estimated tip is wrong. Hint: check your network connection, and your computer clock and time zone sync_percent=99.539% current_height=Height(4382897) network_upgrade=Nu6_3 remaining_sync_blocks=20292 after_checkpoint_height=Height(4360395) time_since_last_state_block=5m
Oct 10 19:30:46 runnervmmprz5 zebrad-v6.4.2[2687]: 2026-10-10T19:30:46.345939Z  INFO crawl_and_dial{new_peer_interval=61s}:crawl: zebra_network::peer_set::candidate_set::crawl: timeout waiting for peer service readiness or peer responses
Oct 10 19:31:14 runnervmmprz5 zebrad-v6.4.2[2687]: 2026-10-10T19:31:14.393550Z  INFO sync:try_to_sync: zebrad::components::sync: starting sync, obtaining new tips state_tip=Some(Height(4382897))
Oct 10 19:31:33 runnervmmprz5 zebrad-v6.4.2[2687]: 2026-10-10T19:31:33.427785Z  INFO zebrad::components::sync::progress: initial sync is very slow, or estimated tip is wrong. Hint: check your network connection, and your computer clock and time zone sync_percent=99.539% current_height=Height(4382897) network_upgrade=Nu6_3 remaining_sync_blocks=20292 after_checkpoint_height=Height(4360395) time_since_last_state_block=6m
Oct 10 19:31:44 runnervmmprz5 zebrad-v6.4.2[2687]: 2026-10-10T19:31:44.393424Z  INFO zebrad::components::mempool::crawler: mempool crawl timed out: Elapsed(())
Oct 10 19:31:47 runnervmmprz5 zebrad-v6.4.2[2687]: 2026-10-10T19:31:47.346559Z  INFO crawl_and_dial{new_peer_interval=61s}:crawl: zebra_network::peer_set::candidate_set::crawl: timeout waiting for peer service readiness or peer responses
Oct 10 19:32:21 runnervmmprz5 zebrad-v6.4.2[2687]: 2026-10-10T19:32:21.394111Z  INFO sync:try_to_sync: zebrad::components::sync: temporary error obtaining tips: deadline has elapsed
Oct 10 19:32:21 runnervmmprz5 zebrad-v6.4.2[2687]: 2026-10-10T19:32:21.394219Z  INFO sync: zebrad::components::sync: waiting to restart sync timeout=67s state_tip=Some(Height(4382897))
Oct 10 19:32:33 runnervmmprz5 zebrad-v6.4.2[2687]: 2026-10-10T19:32:33.440888Z  INFO zebrad::components::sync::progress: initial sync is very slow, or estimated tip is wrong. Hint: check your network connection, and your computer clock and time zone sync_percent=99.539% current_height=Height(4382897) network_upgrade=Nu6_3 remaining_sync_blocks=20293 after_checkpoint_height=Height(4360395) time_since_last_state_block=7m
Oct 10 19:32:48 runnervmmprz5 zebrad-v6.4.2[2687]: 2026-10-10T19:32:48.346089Z  INFO crawl_and_dial{new_peer_interval=61s}:crawl: zebra_network::peer_set::candidate_set::crawl: timeout waiting for peer service readiness or peer responses
Oct 10 19:33:28 runnervmmprz5 zebrad-v6.4.2[2687]: 2026-10-10T19:33:28.395121Z  INFO sync:try_to_sync: zebrad::components::sync: starting sync, obtaining new tips state_tip=Some(Height(4382897))
Oct 10 19:33:33 runnervmmprz5 zebrad-v6.4.2[2687]: 2026-10-10T19:33:33.454383Z  INFO zebrad::components::sync::progress: initial sync is very slow, or estimated tip is wrong. Hint: check your network connection, and your computer clock and time zone sync_percent=99.539% current_height=Height(4382897) network_upgrade=Nu6_3 remaining_sync_blocks=20294 after_checkpoint_height=Height(4360395) time_since_last_state_block=8m
Oct 10 19:33:49 runnervmmprz5 zebrad-v6.4.2[2687]: 2026-10-10T19:33:49.346031Z  INFO crawl_and_dial{new_peer_interval=61s}:crawl: zebra_network::peer_set::candidate_set::crawl: timeout waiting for peer service readiness or peer responses
Oct 10 19:34:10 runnervmmprz5 zebrad-v6.4.2[2687]: 2026-10-10T19:34:10.395080Z  INFO zebrad::components::mempool::crawler: mempool crawl timed out: Elapsed(())
Oct 10 19:34:33 runnervmmprz5 zebrad-v6.4.2[2687]: 2026-10-10T19:34:33.466016Z  INFO zebrad::components::sync::progress: initial sync is very slow, or estimated tip is wrong. Hint: check your network connection, and your computer clock and time zone sync_percent=99.539% current_height=Height(4382897) network_upgrade=Nu6_3 remaining_sync_blocks=20295 after_checkpoint_height=Height(4360395) time_since_last_state_block=9m
Oct 10 19:34:35 runnervmmprz5 zebrad-v6.4.2[2687]: 2026-10-10T19:34:35.395892Z  INFO sync:try_to_sync: zebrad::components::sync: temporary error obtaining tips: deadline has elapsed
Oct 10 19:34:35 runnervmmprz5 zebrad-v6.4.2[2687]: 2026-10-10T19:34:35.395948Z  INFO sync: zebrad::components::sync: waiting to restart sync timeout=67s state_tip=Some(Height(4382897))
Oct 10 19:34:50 runnervmmprz5 zebrad-v6.4.2[2687]: 2026-10-10T19:34:50.346724Z  INFO crawl_and_dial{new_peer_interval=61s}:crawl: zebra_network::peer_set::candidate_set::crawl: timeout waiting for peer service readiness or peer responses
Oct 10 19:35:33 runnervmmprz5 zebrad-v6.4.2[2687]: 2026-10-10T19:35:33.480793Z  INFO zebrad::components::sync::progress: initial sync is very slow, or estimated tip is wrong. Hint: check your network connection, and your computer clock and time zone sync_percent=99.539% current_height=Height(4382897) network_upgrade=Nu6_3 remaining_sync_blocks=20296 after_checkpoint_height=Height(4360395) time_since_last_state_block=10m
Oct 10 19:35:42 runnervmmprz5 zebrad-v6.4.2[2687]: 2026-10-10T19:35:42.397167Z  INFO sync:try_to_sync: zebrad::components::sync: starting sync, obtaining new tips state_tip=Some(Height(4382897))
Oct 10 19:35:51 runnervmmprz5 zebrad-v6.4.2[2687]: 2026-10-10T19:35:51.346440Z  INFO crawl_and_dial{new_peer_interval=61s}:crawl: zebra_network::peer_set::candidate_set::crawl: timeout waiting for peer service readiness or peer responses
Oct 10 19:36:33 runnervmmprz5 zebrad-v6.4.2[2687]: 2026-10-10T19:36:33.496300Z  INFO zebrad::components::sync::progress: initial sync is very slow, or estimated tip is wrong. Hint: check your network connection, and your computer clock and time zone sync_percent=99.539% current_height=Height(4382897) network_upgrade=Nu6_3 remaining_sync_blocks=20296 after_checkpoint_height=Height(4360395) time_since_last_state_block=11m
Oct 10 19:36:36 runnervmmprz5 zebrad-v6.4.2[2687]: 2026-10-10T19:36:36.397335Z  INFO zebrad::components::mempool::crawler: mempool crawl timed out: Elapsed(())
Oct 10 19:36:49 runnervmmprz5 zebrad-v6.4.2[2687]: 2026-10-10T19:36:49.398112Z  INFO sync:try_to_sync: zebrad::components::sync: temporary error obtaining tips: deadline has elapsed
Oct 10 19:36:49 runnervmmprz5 zebrad-v6.4.2[2687]: 2026-10-10T19:36:49.398176Z  INFO sync: zebrad::components::sync: waiting to restart sync timeout=67s state_tip=Some(Height(4382897))
Oct 10 19:36:52 runnervmmprz5 zebrad-v6.4.2[2687]: 2026-10-10T19:36:52.346111Z  INFO crawl_and_dial{new_peer_interval=61s}:crawl: zebra_network::peer_set::candidate_set::crawl: timeout waiting for peer service readiness or peer responses
Oct 10 19:37:33 runnervmmprz5 zebrad-v6.4.2[2687]: 2026-10-10T19:37:33.509336Z  INFO zebrad::components::sync::progress: initial sync is very slow, or estimated tip is wrong. Hint: check your network connection, and your computer clock and time zone sync_percent=99.539% current_height=Height(4382897) network_upgrade=Nu6_3 remaining_sync_blocks=20297 after_checkpoint_height=Height(4360395) time_since_last_state_block=12m
Oct 10 19:37:53 runnervmmprz5 zebrad-v6.4.2[2687]: 2026-10-10T19:37:53.345891Z  INFO crawl_and_dial{new_peer_interval=61s}:crawl: zebra_network::peer_set::candidate_set::crawl: timeout waiting for peer service readiness or peer responses
Oct 10 19:37:56 runnervmmprz5 zebrad-v6.4.2[2687]: 2026-10-10T19:37:56.399583Z  INFO sync:try_to_sync: zebrad::components::sync: starting sync, obtaining new tips state_tip=Some(Height(4382897))
Oct 10 19:38:33 runnervmmprz5 zebrad-v6.4.2[2687]: 2026-10-10T19:38:33.526493Z  INFO zebrad::components::sync::progress: initial sync is very slow, or estimated tip is wrong. Hint: check your network connection, and your computer clock and time zone sync_percent=99.539% current_height=Height(4382897) network_upgrade=Nu6_3 remaining_sync_blocks=20298 after_checkpoint_height=Height(4360395) time_since_last_state_block=13m
Oct 10 19:38:54 runnervmmprz5 zebrad-v6.4.2[2687]: 2026-10-10T19:38:54.346411Z  INFO crawl_and_dial{new_peer_interval=61s}:crawl: zebra_network::peer_set::candidate_set::crawl: timeout waiting for peer service readiness or peer responses
Oct 10 19:39:02 runnervmmprz5 zebrad-v6.4.2[2687]: 2026-10-10T19:39:02.399563Z  INFO zebrad::components::mempool::crawler: mempool crawl timed out: Elapsed(())
Oct 10 19:39:03 runnervmmprz5 zebrad-v6.4.2[2687]: 2026-10-10T19:39:03.400402Z  INFO sync:try_to_sync: zebrad::components::sync: temporary error obtaining tips: deadline has elapsed
Oct 10 19:39:03 runnervmmprz5 zebrad-v6.4.2[2687]: 2026-10-10T19:39:03.400471Z  INFO sync: zebrad::components::sync: waiting to restart sync timeout=67s state_tip=Some(Height(4382897))
Oct 10 19:39:33 runnervmmprz5 zebrad-v6.4.2[2687]: 2026-10-10T19:39:33.538804Z  INFO zebrad::components::sync::progress: initial sync is very slow, or estimated tip is wrong. Hint: check your network connection, and your computer clock and time zone sync_percent=99.539% current_height=Height(4382897) network_upgrade=Nu6_3 remaining_sync_blocks=20299 after_checkpoint_height=Height(4360395) time_since_last_state_block=14m
Oct 10 19:39:55 runnervmmprz5 zebrad-v6.4.2[2687]: 2026-10-10T19:39:55.345843Z  INFO crawl_and_dial{new_peer_interval=61s}:crawl: zebra_network::peer_set::candidate_set::crawl: timeout waiting for peer service readiness or peer responses
Oct 10 19:40:10 runnervmmprz5 zebrad-v6.4.2[2687]: 2026-10-10T19:40:10.401617Z  INFO sync:try_to_sync: zebrad::components::sync: starting sync, obtaining new tips state_tip=Some(Height(4382897))
Oct 10 19:40:33 runnervmmprz5 zebrad-v6.4.2[2687]: 2026-10-10T19:40:33.552628Z  WARN zebrad::components::sync::progress: chain updates have stalled, state height has not increased for 15 minutes. Hint: check your network connection, and your computer clock and time zone sync_percent=99.539% current_height=Height(4382897) network_upgrade=Nu6_3 time_since_last_state_block=15m target_block_spacing=1m 15s max_block_spacing=7m 30s is_syncer_stopped=true
Oct 10 19:40:56 runnervmmprz5 zebrad-v6.4.2[2687]: 2026-10-10T19:40:56.346705Z  INFO crawl_and_dial{new_peer_interval=61s}:crawl: zebra_network::peer_set::candidate_set::crawl: timeout waiting for peer service readiness or peer responses
Oct 10 19:41:17 runnervmmprz5 zebrad-v6.4.2[2687]: 2026-10-10T19:41:17.402369Z  INFO sync:try_to_sync: zebrad::components::sync: temporary error obtaining tips: deadline has elapsed
Oct 10 19:41:17 runnervmmprz5 zebrad-v6.4.2[2687]: 2026-10-10T19:41:17.402430Z  INFO sync: zebrad::components::sync: waiting to restart sync timeout=67s state_tip=Some(Height(4382897))
Oct 10 19:41:28 runnervmmprz5 zebrad-v6.4.2[2687]: 2026-10-10T19:41:28.400786Z  INFO zebrad::components::mempool::crawler: mempool crawl timed out: Elapsed(())
Oct 10 19:41:33 runnervmmprz5 zebrad-v6.4.2[2687]: 2026-10-10T19:41:33.567221Z  WARN zebrad::components::sync::progress: chain updates have stalled, state height has not increased for 16 minutes. Hint: check your network connection, and your computer clock and time zone sync_percent=99.539% current_height=Height(4382897) network_upgrade=Nu6_3 time_since_last_state_block=16m target_block_spacing=1m 15s max_block_spacing=7m 30s is_syncer_stopped=true
Oct 10 19:41:57 runnervmmprz5 zebrad-v6.4.2[2687]: 2026-10-10T19:41:57.346154Z  INFO crawl_and_dial{new_peer_interval=61s}:crawl: zebra_network::peer_set::candidate_set::crawl: timeout waiting for peer service readiness or peer responses
Oct 10 19:42:24 runnervmmprz5 zebrad-v6.4.2[2687]: 2026-10-10T19:42:24.403464Z  INFO sync:try_to_sync: zebrad::components::sync: starting sync, obtaining new tips state_tip=Some(Height(4382897))
Oct 10 19:42:33 runnervmmprz5 zebrad-v6.4.2[2687]: 2026-10-10T19:42:33.583390Z  WARN zebrad::components::sync::progress: chain updates have stalled, state height has not increased for 17 minutes. Hint: check your network connection, and your computer clock and time zone sync_percent=99.539% current_height=Height(4382897) network_upgrade=Nu6_3 time_since_last_state_block=17m target_block_spacing=1m 15s max_block_spacing=7m 30s is_syncer_stopped=true
Oct 10 19:42:58 runnervmmprz5 zebrad-v6.4.2[2687]: 2026-10-10T19:42:58.346028Z  INFO crawl_and_dial{new_peer_interval=61s}:crawl: zebra_network::peer_set::candidate_set::crawl: timeout waiting for peer service readiness or peer responses
Oct 10 19:43:31 runnervmmprz5 zebrad-v6.4.2[2687]: 2026-10-10T19:43:31.404128Z  INFO sync:try_to_sync: zebrad::components::sync: temporary error obtaining tips: deadline has elapsed
Oct 10 19:43:31 runnervmmprz5 zebrad-v6.4.2[2687]: 2026-10-10T19:43:31.404189Z  INFO sync: zebrad::components::sync: waiting to restart sync timeout=67s state_tip=Some(Height(4382897))
Oct 10 19:43:33 runnervmmprz5 zebrad-v6.4.2[2687]: 2026-10-10T19:43:33.596912Z  WARN zebrad::components::sync::progress: chain updates have stalled, state height has not increased for 18 minutes. Hint: check your network connection, and your computer clock and time zone sync_percent=99.539% current_height=Height(4382897) network_upgrade=Nu6_3 time_since_last_state_block=18m target_block_spacing=1m 15s max_block_spacing=7m 30s is_syncer_stopped=true
Oct 10 19:43:54 runnervmmprz5 zebrad-v6.4.2[2687]: 2026-10-10T19:43:54.402891Z  INFO zebrad::components::mempool::crawler: mempool crawl timed out: Elapsed(())
Oct 10 19:43:59 runnervmmprz5 zebrad-v6.4.2[2687]: 2026-10-10T19:43:59.346350Z  INFO crawl_and_dial{new_peer_interval=61s}:crawl: zebra_network::peer_set::candidate_set::crawl: timeout waiting for peer service readiness or peer responses
Oct 10 19:44:33 runnervmmprz5 zebrad-v6.4.2[2687]: 2026-10-10T19:44:33.611693Z  WARN zebrad::components::sync::progress: chain updates have stalled, state height has not increased for 19 minutes. Hint: check your network connection, and your computer clock and time zone sync_percent=99.539% current_height=Height(4382897) network_upgrade=Nu6_3 time_since_last_state_block=19m target_block_spacing=1m 15s max_block_spacing=7m 30s is_syncer_stopped=true
Oct 10 19:44:38 runnervmmprz5 zebrad-v6.4.2[2687]: 2026-10-10T19:44:38.405212Z  INFO sync:try_to_sync: zebrad::components::sync: starting sync, obtaining new tips state_tip=Some(Height(4382897))
Oct 10 19:45:00 runnervmmprz5 zebrad-v6.4.2[2687]: 2026-10-10T19:45:00.347123Z  INFO crawl_and_dial{new_peer_interval=61s}:crawl: zebra_network::peer_set::candidate_set::crawl: timeout waiting for peer service readiness or peer responses
Oct 10 19:45:33 runnervmmprz5 zebrad-v6.4.2[2687]: 2026-10-10T19:45:33.625418Z  WARN zebrad::components::sync::progress: chain updates have stalled, state height has not increased for 20 minutes. Hint: check your network connection, and your computer clock and time zone sync_percent=99.539% current_height=Height(4382897) network_upgrade=Nu6_3 time_since_last_state_block=20m target_block_spacing=1m 15s max_block_spacing=7m 30s is_syncer_stopped=true
Oct 10 19:45:45 runnervmmprz5 zebrad-v6.4.2[2687]: 2026-10-10T19:45:45.406612Z  INFO sync:try_to_sync: zebrad::components::sync: temporary error obtaining tips: deadline has elapsed
Oct 10 19:45:45 runnervmmprz5 zebrad-v6.4.2[2687]: 2026-10-10T19:45:45.406672Z  INFO sync: zebrad::components::sync: waiting to restart sync timeout=67s state_tip=Some(Height(4382897))
Oct 10 19:46:01 runnervmmprz5 zebrad-v6.4.2[2687]: 2026-10-10T19:46:01.347099Z  INFO crawl_and_dial{new_peer_interval=61s}:crawl: zebra_network::peer_set::candidate_set::crawl: timeout waiting for peer service readiness or peer responses
Oct 10 19:46:20 runnervmmprz5 zebrad-v6.4.2[2687]: 2026-10-10T19:46:20.405253Z  INFO zebrad::components::mempool::crawler: mempool crawl timed out: Elapsed(())
Oct 10 19:46:33 runnervmmprz5 zebrad-v6.4.2[2687]: 2026-10-10T19:46:33.638168Z  WARN zebrad::components::sync::progress: chain updates have stalled, state height has not increased for 21 minutes. Hint: check your network connection, and your computer clock and time zone sync_percent=99.539% current_height=Height(4382897) network_upgrade=Nu6_3 time_since_last_state_block=21m target_block_spacing=1m 15s max_block_spacing=7m 30s is_syncer_stopped=true
Oct 10 19:46:52 runnervmmprz5 zebrad-v6.4.2[2687]: 2026-10-10T19:46:52.408750Z  INFO sync:try_to_sync: zebrad::components::sync: starting sync, obtaining new tips state_tip=Some(Height(4382897))
Oct 10 19:47:02 runnervmmprz5 zebrad-v6.4.2[2687]: 2026-10-10T19:47:02.346027Z  INFO crawl_and_dial{new_peer_interval=61s}:crawl: zebra_network::peer_set::candidate_set::crawl: timeout waiting for peer service readiness or peer responses
Oct 10 19:47:33 runnervmmprz5 zebrad-v6.4.2[2687]: 2026-10-10T19:47:33.651850Z  WARN zebrad::components::sync::progress: chain updates have stalled, state height has not increased for 22 minutes. Hint: check your network connection, and your computer clock and time zone sync_percent=99.539% current_height=Height(4382897) network_upgrade=Nu6_3 time_since_last_state_block=22m target_block_spacing=1m 15s max_block_spacing=7m 30s is_syncer_stopped=true
Oct 10 19:47:59 runnervmmprz5 zebrad-v6.4.2[2687]: 2026-10-10T19:47:59.410498Z  INFO sync:try_to_sync: zebrad::components::sync: temporary error obtaining tips: deadline has elapsed
Oct 10 19:47:59 runnervmmprz5 zebrad-v6.4.2[2687]: 2026-10-10T19:47:59.410547Z  INFO sync: zebrad::components::sync: waiting to restart sync timeout=67s state_tip=Some(Height(4382897))
Oct 10 19:48:03 runnervmmprz5 zebrad-v6.4.2[2687]: 2026-10-10T19:48:03.346285Z  INFO crawl_and_dial{new_peer_interval=61s}:crawl: zebra_network::peer_set::candidate_set::crawl: timeout waiting for peer service readiness or peer responses
Oct 10 19:48:33 runnervmmprz5 zebrad-v6.4.2[2687]: 2026-10-10T19:48:33.667119Z  WARN zebrad::components::sync::progress: chain updates have stalled, state height has not increased for 23 minutes. Hint: check your network connection, and your computer clock and time zone sync_percent=99.539% current_height=Height(4382897) network_upgrade=Nu6_3 time_since_last_state_block=23m target_block_spacing=1m 15s max_block_spacing=7m 30s is_syncer_stopped=true
Oct 10 19:48:46 runnervmmprz5 zebrad-v6.4.2[2687]: 2026-10-10T19:48:46.406771Z  INFO zebrad::components::mempool::crawler: mempool crawl timed out: Elapsed(())
Oct 10 19:49:04 runnervmmprz5 zebrad-v6.4.2[2687]: 2026-10-10T19:49:04.345932Z  INFO crawl_and_dial{new_peer_interval=61s}:crawl: zebra_network::peer_set::candidate_set::crawl: timeout waiting for peer service readiness or peer responses
Oct 10 19:49:06 runnervmmprz5 zebrad-v6.4.2[2687]: 2026-10-10T19:49:06.411689Z  INFO sync:try_to_sync: zebrad::components::sync: starting sync, obtaining new tips state_tip=Some(Height(4382897))
Oct 10 19:49:33 runnervmmprz5 zebrad-v6.4.2[2687]: 2026-10-10T19:49:33.680415Z  WARN zebrad::components::sync::progress: chain updates have stalled, state height has not increased for 24 minutes. Hint: check your network connection, and your computer clock and time zone sync_percent=99.539% current_height=Height(4382897) network_upgrade=Nu6_3 time_since_last_state_block=24m target_block_spacing=1m 15s max_block_spacing=7m 30s is_syncer_stopped=true
Oct 10 19:50:05 runnervmmprz5 zebrad-v6.4.2[2687]: 2026-10-10T19:50:05.346012Z  INFO crawl_and_dial{new_peer_interval=61s}:crawl: zebra_network::peer_set::candidate_set::crawl: timeout waiting for peer service readiness or peer responses
Oct 10 19:50:13 runnervmmprz5 zebrad-v6.4.2[2687]: 2026-10-10T19:50:13.413096Z  INFO sync:try_to_sync: zebrad::components::sync: temporary error obtaining tips: deadline has elapsed
Oct 10 19:50:13 runnervmmprz5 zebrad-v6.4.2[2687]: 2026-10-10T19:50:13.413155Z  INFO sync: zebrad::components::sync: waiting to restart sync timeout=67s state_tip=Some(Height(4382897))
Oct 10 19:50:33 runnervmmprz5 zebrad-v6.4.2[2687]: 2026-10-10T19:50:33.693532Z  WARN zebrad::components::sync::progress: chain updates have stalled, state height has not increased for 25 minutes. Hint: check your network connection, and your computer clock and time zone sync_percent=99.539% current_height=Height(4382897) network_upgrade=Nu6_3 time_since_last_state_block=25m target_block_spacing=1m 15s max_block_spacing=7m 30s is_syncer_stopped=true
Oct 10 19:51:06 runnervmmprz5 zebrad-v6.4.2[2687]: 2026-10-10T19:51:06.347355Z  INFO crawl_and_dial{new_peer_interval=61s}:crawl: zebra_network::peer_set::candidate_set::crawl: timeout waiting for peer service readiness or peer responses
Oct 10 19:51:12 runnervmmprz5 zebrad-v6.4.2[2687]: 2026-10-10T19:51:12.409462Z  INFO zebrad::components::mempool::crawler: mempool crawl timed out: Elapsed(())
Oct 10 19:51:20 runnervmmprz5 zebrad-v6.4.2[2687]: 2026-10-10T19:51:20.414286Z  INFO sync:try_to_sync: zebrad::components::sync: starting sync, obtaining new tips state_tip=Some(Height(4382897))
Oct 10 19:51:33 runnervmmprz5 zebrad-v6.4.2[2687]: 2026-10-10T19:51:33.708512Z  WARN zebrad::components::sync::progress: chain updates have stalled, state height has not increased for 26 minutes. Hint: check your network connection, and your computer clock and time zone sync_percent=99.539% current_height=Height(4382897) network_upgrade=Nu6_3 time_since_last_state_block=26m target_block_spacing=1m 15s max_block_spacing=7m 30s is_syncer_stopped=true
Oct 10 19:52:07 runnervmmprz5 zebrad-v6.4.2[2687]: 2026-10-10T19:52:07.347121Z  INFO crawl_and_dial{new_peer_interval=61s}:crawl: zebra_network::peer_set::candidate_set::crawl: timeout waiting for peer service readiness or peer responses
Oct 10 19:52:27 runnervmmprz5 zebrad-v6.4.2[2687]: 2026-10-10T19:52:27.414764Z  INFO sync:try_to_sync: zebrad::components::sync: temporary error obtaining tips: deadline has elapsed
Oct 10 19:52:27 runnervmmprz5 zebrad-v6.4.2[2687]: 2026-10-10T19:52:27.414817Z  INFO sync: zebrad::components::sync: waiting to restart sync timeout=67s state_tip=Some(Height(4382897))
Oct 10 19:52:33 runnervmmprz5 zebrad-v6.4.2[2687]: 2026-10-10T19:52:33.721096Z  WARN zebrad::components::sync::progress: chain updates have stalled, state height has not increased for 27 minutes. Hint: check your network connection, and your computer clock and time zone sync_percent=99.539% current_height=Height(4382897) network_upgrade=Nu6_3 time_since_last_state_block=27m target_block_spacing=1m 15s max_block_spacing=7m 30s is_syncer_stopped=true
Oct 10 19:53:08 runnervmmprz5 zebrad-v6.4.2[2687]: 2026-10-10T19:53:08.346046Z  INFO crawl_and_dial{new_peer_interval=61s}:crawl: zebra_network::peer_set::candidate_set::crawl: timeout waiting for peer service readiness or peer responses
Oct 10 19:53:33 runnervmmprz5 zebrad-v6.4.2[2687]: 2026-10-10T19:53:33.734709Z  WARN zebrad::components::sync::progress: chain updates have stalled, state height has not increased for 28 minutes. Hint: check your network connection, and your computer clock and time zone sync_percent=99.539% current_height=Height(4382897) network_upgrade=Nu6_3 time_since_last_state_block=28m target_block_spacing=1m 15s max_block_spacing=7m 30s is_syncer_stopped=true
Oct 10 19:53:34 runnervmmprz5 zebrad-v6.4.2[2687]: 2026-10-10T19:53:34.415722Z  INFO sync:try_to_sync: zebrad::components::sync: starting sync, obtaining new tips state_tip=Some(Height(4382897))
Oct 10 19:53:38 runnervmmprz5 zebrad-v6.4.2[2687]: 2026-10-10T19:53:38.411326Z  INFO zebrad::components::mempool::crawler: mempool crawl timed out: Elapsed(())
Oct 10 19:54:09 runnervmmprz5 zebrad-v6.4.2[2687]: 2026-10-10T19:54:09.346568Z  INFO crawl_and_dial{new_peer_interval=61s}:crawl: zebra_network::peer_set::candidate_set::crawl: timeout waiting for peer service readiness or peer responses
Oct 10 19:54:33 runnervmmprz5 zebrad-v6.4.2[2687]: 2026-10-10T19:54:33.748627Z  WARN zebrad::components::sync::progress: chain updates have stalled, state height has not increased for 29 minutes. Hint: check your network connection, and your computer clock and time zone sync_percent=99.539% current_height=Height(4382897) network_upgrade=Nu6_3 time_since_last_state_block=29m target_block_spacing=1m 15s max_block_spacing=7m 30s is_syncer_stopped=true
Oct 10 19:54:41 runnervmmprz5 zebrad-v6.4.2[2687]: 2026-10-10T19:54:41.417597Z  INFO sync:try_to_sync: zebrad::components::sync: temporary error obtaining tips: deadline has elapsed
Oct 10 19:54:41 runnervmmprz5 zebrad-v6.4.2[2687]: 2026-10-10T19:54:41.417657Z  INFO sync: zebrad::components::sync: waiting to restart sync timeout=67s state_tip=Some(Height(4382897))
Oct 10 19:55:10 runnervmmprz5 zebrad-v6.4.2[2687]: 2026-10-10T19:55:10.347041Z  INFO crawl_and_dial{new_peer_interval=61s}:crawl: zebra_network::peer_set::candidate_set::crawl: timeout waiting for peer service readiness or peer responses
Oct 10 19:55:33 runnervmmprz5 zebrad-v6.4.2[2687]: 2026-10-10T19:55:33.763625Z  WARN zebrad::components::sync::progress: chain updates have stalled, state height has not increased for 30 minutes. Hint: check your network connection, and your computer clock and time zone sync_percent=99.539% current_height=Height(4382897) network_upgrade=Nu6_3 time_since_last_state_block=30m target_block_spacing=1m 15s max_block_spacing=7m 30s is_syncer_stopped=true
Oct 10 19:55:48 runnervmmprz5 zebrad-v6.4.2[2687]: 2026-10-10T19:55:48.419054Z  INFO sync:try_to_sync: zebrad::components::sync: starting sync, obtaining new tips state_tip=Some(Height(4382897))
Oct 10 19:56:04 runnervmmprz5 zebrad-v6.4.2[2687]: 2026-10-10T19:56:04.413703Z  INFO zebrad::components::mempool::crawler: mempool crawl timed out: Elapsed(())
Oct 10 19:56:11 runnervmmprz5 zebrad-v6.4.2[2687]: 2026-10-10T19:56:11.346305Z  INFO crawl_and_dial{new_peer_interval=61s}:crawl: zebra_network::peer_set::candidate_set::crawl: timeout waiting for peer service readiness or peer responses
Oct 10 19:56:33 runnervmmprz5 zebrad-v6.4.2[2687]: 2026-10-10T19:56:33.777367Z  WARN zebrad::components::sync::progress: chain updates have stalled, state height has not increased for 31 minutes. Hint: check your network connection, and your computer clock and time zone sync_percent=99.539% current_height=Height(4382897) network_upgrade=Nu6_3 time_since_last_state_block=31m target_block_spacing=1m 15s max_block_spacing=7m 30s is_syncer_stopped=true
Oct 10 19:56:55 runnervmmprz5 zebrad-v6.4.2[2687]: 2026-10-10T19:56:55.419851Z  INFO sync:try_to_sync: zebrad::components::sync: temporary error obtaining tips: deadline has elapsed
Oct 10 19:56:55 runnervmmprz5 zebrad-v6.4.2[2687]: 2026-10-10T19:56:55.419907Z  INFO sync: zebrad::components::sync: waiting to restart sync timeout=67s state_tip=Some(Height(4382897))
Oct 10 19:57:12 runnervmmprz5 zebrad-v6.4.2[2687]: 2026-10-10T19:57:12.346364Z  INFO crawl_and_dial{new_peer_interval=61s}:crawl: zebra_network::peer_set::candidate_set::crawl: timeout waiting for peer service readiness or peer responses
Oct 10 19:57:33 runnervmmprz5 zebrad-v6.4.2[2687]: 2026-10-10T19:57:33.790076Z  WARN zebrad::components::sync::progress: chain updates have stalled, state height has not increased for 32 minutes. Hint: check your network connection, and your computer clock and time zone sync_percent=99.539% current_height=Height(4382897) network_upgrade=Nu6_3 time_since_last_state_block=32m target_block_spacing=1m 15s max_block_spacing=7m 30s is_syncer_stopped=true
Oct 10 19:58:02 runnervmmprz5 zebrad-v6.4.2[2687]: 2026-10-10T19:58:02.421671Z  INFO sync:try_to_sync: zebrad::components::sync: starting sync, obtaining new tips state_tip=Some(Height(4382897))
Oct 10 19:58:13 runnervmmprz5 zebrad-v6.4.2[2687]: 2026-10-10T19:58:13.346821Z  INFO crawl_and_dial{new_peer_interval=61s}:crawl: zebra_network::peer_set::candidate_set::crawl: timeout waiting for peer service readiness or peer responses
Oct 10 19:58:30 runnervmmprz5 zebrad-v6.4.2[2687]: 2026-10-10T19:58:30.415887Z  INFO zebrad::components::mempool::crawler: mempool crawl timed out: Elapsed(())
Oct 10 19:58:33 runnervmmprz5 zebrad-v6.4.2[2687]: 2026-10-10T19:58:33.804691Z  WARN zebrad::components::sync::progress: chain updates have stalled, state height has not increased for 33 minutes. Hint: check your network connection, and your computer clock and time zone sync_percent=99.539% current_height=Height(4382897) network_upgrade=Nu6_3 time_since_last_state_block=33m target_block_spacing=1m 15s max_block_spacing=7m 30s is_syncer_stopped=true
Oct 10 19:59:09 runnervmmprz5 zebrad-v6.4.2[2687]: 2026-10-10T19:59:09.423479Z  INFO sync:try_to_sync: zebrad::components::sync: temporary error obtaining tips: deadline has elapsed
Oct 10 19:59:09 runnervmmprz5 zebrad-v6.4.2[2687]: 2026-10-10T19:59:09.423538Z  INFO sync: zebrad::components::sync: waiting to restart sync timeout=67s state_tip=Some(Height(4382897))
Oct 10 19:59:14 runnervmmprz5 zebrad-v6.4.2[2687]: 2026-10-10T19:59:14.346535Z  INFO crawl_and_dial{new_peer_interval=61s}:crawl: zebra_network::peer_set::candidate_set::crawl: timeout waiting for peer service readiness or peer responses
Oct 10 19:59:33 runnervmmprz5 zebrad-v6.4.2[2687]: 2026-10-10T19:59:33.819644Z  WARN zebrad::components::sync::progress: chain updates have stalled, state height has not increased for 34 minutes. Hint: check your network connection, and your computer clock and time zone sync_percent=99.539% current_height=Height(4382897) network_upgrade=Nu6_3 time_since_last_state_block=34m target_block_spacing=1m 15s max_block_spacing=7m 30s is_syncer_stopped=true
Oct 10 20:00:15 runnervmmprz5 zebrad-v6.4.2[2687]: 2026-10-10T20:00:15.346090Z  INFO crawl_and_dial{new_peer_interval=61s}:crawl: zebra_network::peer_set::candidate_set::crawl: timeout waiting for peer service readiness or peer responses
Oct 10 20:00:16 runnervmmprz5 zebrad-v6.4.2[2687]: 2026-10-10T20:00:16.424002Z  INFO sync:try_to_sync: zebrad::components::sync: starting sync, obtaining new tips state_tip=Some(Height(4382897))
Oct 10 20:00:33 runnervmmprz5 zebrad-v6.4.2[2687]: 2026-10-10T20:00:33.832029Z  WARN zebrad::components::sync::progress: chain updates have stalled, state height has not increased for 35 minutes. Hint: check your network connection, and your computer clock and time zone sync_percent=99.539% current_height=Height(4382897) network_upgrade=Nu6_3 time_since_last_state_block=35m target_block_spacing=1m 15s max_block_spacing=7m 30s is_syncer_stopped=true
Oct 10 20:00:56 runnervmmprz5 zebrad-v6.4.2[2687]: 2026-10-10T20:00:56.417805Z  INFO zebrad::components::mempool::crawler: mempool crawl timed out: Elapsed(())
Oct 10 20:01:16 runnervmmprz5 zebrad-v6.4.2[2687]: 2026-10-10T20:01:16.345941Z  INFO crawl_and_dial{new_peer_interval=61s}:crawl: zebra_network::peer_set::candidate_set::crawl: timeout waiting for peer service readiness or peer responses
Oct 10 20:01:23 runnervmmprz5 zebrad-v6.4.2[2687]: 2026-10-10T20:01:23.425030Z  INFO sync:try_to_sync: zebrad::components::sync: temporary error obtaining tips: deadline has elapsed
Oct 10 20:01:23 runnervmmprz5 zebrad-v6.4.2[2687]: 2026-10-10T20:01:23.425085Z  INFO sync: zebrad::components::sync: waiting to restart sync timeout=67s state_tip=Some(Height(4382897))
Oct 10 20:01:33 runnervmmprz5 zebrad-v6.4.2[2687]: 2026-10-10T20:01:33.845803Z  WARN zebrad::components::sync::progress: chain updates have stalled, state height has not increased for 36 minutes. Hint: check your network connection, and your computer clock and time zone sync_percent=99.539% current_height=Height(4382897) network_upgrade=Nu6_3 time_since_last_state_block=36m target_block_spacing=1m 15s max_block_spacing=7m 30s is_syncer_stopped=true
Oct 10 20:02:17 runnervmmprz5 zebrad-v6.4.2[2687]: 2026-10-10T20:02:17.346711Z  INFO crawl_and_dial{new_peer_interval=61s}:crawl: zebra_network::peer_set::candidate_set::crawl: timeout waiting for peer service readiness or peer responses
Oct 10 20:02:30 runnervmmprz5 zebrad-v6.4.2[2687]: 2026-10-10T20:02:30.425990Z  INFO sync:try_to_sync: zebrad::components::sync: starting sync, obtaining new tips state_tip=Some(Height(4382897))
Oct 10 20:02:33 runnervmmprz5 zebrad-v6.4.2[2687]: 2026-10-10T20:02:33.861143Z  WARN zebrad::components::sync::progress: chain updates have stalled, state height has not increased for 37 minutes. Hint: check your network connection, and your computer clock and time zone sync_percent=99.539% current_height=Height(4382897) network_upgrade=Nu6_3 time_since_last_state_block=37m target_block_spacing=1m 15s max_block_spacing=7m 30s is_syncer_stopped=true
Oct 10 20:03:18 runnervmmprz5 zebrad-v6.4.2[2687]: 2026-10-10T20:03:18.346523Z  INFO crawl_and_dial{new_peer_interval=61s}:crawl: zebra_network::peer_set::candidate_set::crawl: timeout waiting for peer service readiness or peer responses
Oct 10 20:03:22 runnervmmprz5 zebrad-v6.4.2[2687]: 2026-10-10T20:03:22.420491Z  INFO zebrad::components::mempool::crawler: mempool crawl timed out: Elapsed(())
Oct 10 20:03:33 runnervmmprz5 zebrad-v6.4.2[2687]: 2026-10-10T20:03:33.874539Z  WARN zebrad::components::sync::progress: chain updates have stalled, state height has not increased for 38 minutes. Hint: check your network connection, and your computer clock and time zone sync_percent=99.539% current_height=Height(4382897) network_upgrade=Nu6_3 time_since_last_state_block=38m target_block_spacing=1m 15s max_block_spacing=7m 30s is_syncer_stopped=true
Oct 10 20:03:37 runnervmmprz5 zebrad-v6.4.2[2687]: 2026-10-10T20:03:37.427604Z  INFO sync:try_to_sync: zebrad::components::sync: temporary error obtaining tips: deadline has elapsed
Oct 10 20:03:37 runnervmmprz5 zebrad-v6.4.2[2687]: 2026-10-10T20:03:37.427666Z  INFO sync: zebrad::components::sync: waiting to restart sync timeout=67s state_tip=Some(Height(4382897))
Oct 10 20:04:19 runnervmmprz5 zebrad-v6.4.2[2687]: 2026-10-10T20:04:19.345858Z  INFO crawl_and_dial{new_peer_interval=61s}:crawl: zebra_network::peer_set::candidate_set::crawl: timeout waiting for peer service readiness or peer responses
Oct 10 20:04:33 runnervmmprz5 zebrad-v6.4.2[2687]: 2026-10-10T20:04:33.887074Z  WARN zebrad::components::sync::progress: chain updates have stalled, state height has not increased for 39 minutes. Hint: check your network connection, and your computer clock and time zone sync_percent=99.539% current_height=Height(4382897) network_upgrade=Nu6_3 time_since_last_state_block=39m target_block_spacing=1m 15s max_block_spacing=7m 30s is_syncer_stopped=true
Oct 10 20:04:44 runnervmmprz5 zebrad-v6.4.2[2687]: 2026-10-10T20:04:44.429424Z  INFO sync:try_to_sync: zebrad::components::sync: starting sync, obtaining new tips state_tip=Some(Height(4382897))
Oct 10 20:05:20 runnervmmprz5 zebrad-v6.4.2[2687]: 2026-10-10T20:05:20.346538Z  INFO crawl_and_dial{new_peer_interval=61s}:crawl: zebra_network::peer_set::candidate_set::crawl: timeout waiting for peer service readiness or peer responses
Oct 10 20:05:33 runnervmmprz5 zebrad-v6.4.2[2687]: 2026-10-10T20:05:33.900657Z  WARN zebrad::components::sync::progress: chain updates have stalled, state height has not increased for 40 minutes. Hint: check your network connection, and your computer clock and time zone sync_percent=99.539% current_height=Height(4382897) network_upgrade=Nu6_3 time_since_last_state_block=40m target_block_spacing=1m 15s max_block_spacing=7m 30s is_syncer_stopped=true
Oct 10 20:05:48 runnervmmprz5 zebrad-v6.4.2[2687]: 2026-10-10T20:05:48.422722Z  INFO zebrad::components::mempool::crawler: mempool crawl timed out: Elapsed(())
Oct 10 20:05:51 runnervmmprz5 zebrad-v6.4.2[2687]: 2026-10-10T20:05:51.430399Z  INFO sync:try_to_sync: zebrad::components::sync: temporary error obtaining tips: deadline has elapsed
Oct 10 20:05:51 runnervmmprz5 zebrad-v6.4.2[2687]: 2026-10-10T20:05:51.430471Z  INFO sync: zebrad::components::sync: waiting to restart sync timeout=67s state_tip=Some(Height(4382897))
Oct 10 20:06:21 runnervmmprz5 zebrad-v6.4.2[2687]: 2026-10-10T20:06:21.347716Z  INFO crawl_and_dial{new_peer_interval=61s}:crawl: zebra_network::peer_set::candidate_set::crawl: timeout waiting for peer service readiness or peer responses
Oct 10 20:06:33 runnervmmprz5 zebrad-v6.4.2[2687]: 2026-10-10T20:06:33.914822Z  WARN zebrad::components::sync::progress: chain updates have stalled, state height has not increased for 41 minutes. Hint: check your network connection, and your computer clock and time zone sync_percent=99.539% current_height=Height(4382897) network_upgrade=Nu6_3 time_since_last_state_block=41m target_block_spacing=1m 15s max_block_spacing=7m 30s is_syncer_stopped=true
Oct 10 20:06:58 runnervmmprz5 zebrad-v6.4.2[2687]: 2026-10-10T20:06:58.431034Z  INFO sync:try_to_sync: zebrad::components::sync: starting sync, obtaining new tips state_tip=Some(Height(4382897))
Oct 10 20:07:22 runnervmmprz5 zebrad-v6.4.2[2687]: 2026-10-10T20:07:22.346702Z  INFO crawl_and_dial{new_peer_interval=61s}:crawl: zebra_network::peer_set::candidate_set::crawl: timeout waiting for peer service readiness or peer responses
Oct 10 20:07:33 runnervmmprz5 zebrad-v6.4.2[2687]: 2026-10-10T20:07:33.929463Z  WARN zebrad::components::sync::progress: chain updates have stalled, state height has not increased for 42 minutes. Hint: check your network connection, and your computer clock and time zone sync_percent=99.538% current_height=Height(4382897) network_upgrade=Nu6_3 time_since_last_state_block=42m target_block_spacing=1m 15s max_block_spacing=7m 30s is_syncer_stopped=true
Oct 10 20:08:05 runnervmmprz5 zebrad-v6.4.2[2687]: 2026-10-10T20:08:05.432601Z  INFO sync:try_to_sync: zebrad::components::sync: temporary error obtaining tips: deadline has elapsed
Oct 10 20:08:05 runnervmmprz5 zebrad-v6.4.2[2687]: 2026-10-10T20:08:05.432657Z  INFO sync: zebrad::components::sync: waiting to restart sync timeout=67s state_tip=Some(Height(4382897))
Oct 10 20:08:14 runnervmmprz5 zebrad-v6.4.2[2687]: 2026-10-10T20:08:14.425461Z  INFO zebrad::components::mempool::crawler: mempool crawl timed out: Elapsed(())
Oct 10 20:08:23 runnervmmprz5 zebrad-v6.4.2[2687]: 2026-10-10T20:08:23.346683Z  INFO crawl_and_dial{new_peer_interval=61s}:crawl: zebra_network::peer_set::candidate_set::crawl: timeout waiting for peer service readiness or peer responses
Oct 10 20:08:33 runnervmmprz5 zebrad-v6.4.2[2687]: 2026-10-10T20:08:33.942313Z  WARN zebrad::components::sync::progress: chain updates have stalled, state height has not increased for 43 minutes. Hint: check your network connection, and your computer clock and time zone sync_percent=99.538% current_height=Height(4382897) network_upgrade=Nu6_3 time_since_last_state_block=43m target_block_spacing=1m 15s max_block_spacing=7m 30s is_syncer_stopped=true
Oct 10 20:09:12 runnervmmprz5 zebrad-v6.4.2[2687]: 2026-10-10T20:09:12.433777Z  INFO sync:try_to_sync: zebrad::components::sync: starting sync, obtaining new tips state_tip=Some(Height(4382897))
Oct 10 20:09:24 runnervmmprz5 zebrad-v6.4.2[2687]: 2026-10-10T20:09:24.346388Z  INFO crawl_and_dial{new_peer_interval=61s}:crawl: zebra_network::peer_set::candidate_set::crawl: timeout waiting for peer service readiness or peer responses
Oct 10 20:09:33 runnervmmprz5 zebrad-v6.4.2[2687]: 2026-10-10T20:09:33.955178Z  WARN zebrad::components::sync::progress: chain updates have stalled, state height has not increased for 44 minutes. Hint: check your network connection, and your computer clock and time zone sync_percent=99.538% current_height=Height(4382897) network_upgrade=Nu6_3 time_since_last_state_block=44m target_block_spacing=1m 15s max_block_spacing=7m 30s is_syncer_stopped=true
Oct 10 20:10:19 runnervmmprz5 zebrad-v6.4.2[2687]: 2026-10-10T20:10:19.434928Z  INFO sync:try_to_sync: zebrad::components::sync: temporary error obtaining tips: deadline has elapsed
Oct 10 20:10:19 runnervmmprz5 zebrad-v6.4.2[2687]: 2026-10-10T20:10:19.435013Z  INFO sync: zebrad::components::sync: waiting to restart sync timeout=67s state_tip=Some(Height(4382897))
Oct 10 20:10:25 runnervmmprz5 zebrad-v6.4.2[2687]: 2026-10-10T20:10:25.347337Z  INFO crawl_and_dial{new_peer_interval=61s}:crawl: zebra_network::peer_set::candidate_set::crawl: timeout waiting for peer service readiness or peer responses
Oct 10 20:10:33 runnervmmprz5 zebrad-v6.4.2[2687]: 2026-10-10T20:10:33.967801Z  WARN zebrad::components::sync::progress: chain updates have stalled, state height has not increased for 45 minutes. Hint: check your network connection, and your computer clock and time zone sync_percent=99.538% current_height=Height(4382897) network_upgrade=Nu6_3 time_since_last_state_block=45m target_block_spacing=1m 15s max_block_spacing=7m 30s is_syncer_stopped=true
Oct 10 20:10:40 runnervmmprz5 zebrad-v6.4.2[2687]: 2026-10-10T20:10:40.426927Z  INFO zebrad::components::mempool::crawler: mempool crawl timed out: Elapsed(())
Oct 10 20:11:26 runnervmmprz5 zebrad-v6.4.2[2687]: 2026-10-10T20:11:26.346290Z  INFO crawl_and_dial{new_peer_interval=61s}:crawl: zebra_network::peer_set::candidate_set::crawl: timeout waiting for peer service readiness or peer responses
Oct 10 20:11:26 runnervmmprz5 zebrad-v6.4.2[2687]: 2026-10-10T20:11:26.436550Z  INFO sync:try_to_sync: zebrad::components::sync: starting sync, obtaining new tips state_tip=Some(Height(4382897))
Oct 10 20:11:33 runnervmmprz5 zebrad-v6.4.2[2687]: 2026-10-10T20:11:33.981192Z  WARN zebrad::components::sync::progress: chain updates have stalled, state height has not increased for 46 minutes. Hint: check your network connection, and your computer clock and time zone sync_percent=99.538% current_height=Height(4382897) network_upgrade=Nu6_3 time_since_last_state_block=46m target_block_spacing=1m 15s max_block_spacing=7m 30s is_syncer_stopped=true
Oct 10 20:12:27 runnervmmprz5 zebrad-v6.4.2[2687]: 2026-10-10T20:12:27.347274Z  INFO crawl_and_dial{new_peer_interval=61s}:crawl: zebra_network::peer_set::candidate_set::crawl: timeout waiting for peer service readiness or peer responses
Oct 10 20:12:33 runnervmmprz5 zebrad-v6.4.2[2687]: 2026-10-10T20:12:33.436932Z  INFO sync:try_to_sync: zebrad::components::sync: temporary error obtaining tips: deadline has elapsed
Oct 10 20:12:33 runnervmmprz5 zebrad-v6.4.2[2687]: 2026-10-10T20:12:33.437013Z  INFO sync: zebrad::components::sync: waiting to restart sync timeout=67s state_tip=Some(Height(4382897))
Oct 10 20:12:33 runnervmmprz5 zebrad-v6.4.2[2687]: 2026-10-10T20:12:33.995189Z  WARN zebrad::components::sync::progress: chain updates have stalled, state height has not increased for 47 minutes. Hint: check your network connection, and your computer clock and time zone sync_percent=99.538% current_height=Height(4382897) network_upgrade=Nu6_3 time_since_last_state_block=47m target_block_spacing=1m 15s max_block_spacing=7m 30s is_syncer_stopped=true
Oct 10 20:13:06 runnervmmprz5 zebrad-v6.4.2[2687]: 2026-10-10T20:13:06.429089Z  INFO zebrad::components::mempool::crawler: mempool crawl timed out: Elapsed(())
Oct 10 20:13:28 runnervmmprz5 zebrad-v6.4.2[2687]: 2026-10-10T20:13:28.347530Z  INFO crawl_and_dial{new_peer_interval=61s}:crawl: zebra_network::peer_set::candidate_set::crawl: timeout waiting for peer service readiness or peer responses
Oct 10 20:13:34 runnervmmprz5 zebrad-v6.4.2[2687]: 2026-10-10T20:13:34.008088Z  WARN zebrad::components::sync::progress: chain updates have stalled, state height has not increased for 48 minutes. Hint: check your network connection, and your computer clock and time zone sync_percent=99.538% current_height=Height(4382897) network_upgrade=Nu6_3 time_since_last_state_block=48m target_block_spacing=1m 15s max_block_spacing=7m 30s is_syncer_stopped=true
Oct 10 20:13:40 runnervmmprz5 zebrad-v6.4.2[2687]: 2026-10-10T20:13:40.438440Z  INFO sync:try_to_sync: zebrad::components::sync: starting sync, obtaining new tips state_tip=Some(Height(4382897))
Oct 10 20:14:29 runnervmmprz5 zebrad-v6.4.2[2687]: 2026-10-10T20:14:29.346292Z  INFO crawl_and_dial{new_peer_interval=61s}:crawl: zebra_network::peer_set::candidate_set::crawl: timeout waiting for peer service readiness or peer responses
Oct 10 20:14:34 runnervmmprz5 zebrad-v6.4.2[2687]: 2026-10-10T20:14:34.023278Z  WARN zebrad::components::sync::progress: chain updates have stalled, state height has not increased for 49 minutes. Hint: check your network connection, and your computer clock and time zone sync_percent=99.538% current_height=Height(4382897) network_upgrade=Nu6_3 time_since_last_state_block=49m target_block_spacing=1m 15s max_block_spacing=7m 30s is_syncer_stopped=true
Oct 10 20:14:47 runnervmmprz5 zebrad-v6.4.2[2687]: 2026-10-10T20:14:47.438828Z  INFO sync:try_to_sync: zebrad::components::sync: temporary error obtaining tips: deadline has elapsed
Oct 10 20:14:47 runnervmmprz5 zebrad-v6.4.2[2687]: 2026-10-10T20:14:47.438889Z  INFO sync: zebrad::components::sync: waiting to restart sync timeout=67s state_tip=Some(Height(4382897))
Oct 10 20:15:30 runnervmmprz5 zebrad-v6.4.2[2687]: 2026-10-10T20:15:30.346506Z  INFO crawl_and_dial{new_peer_interval=61s}:crawl: zebra_network::peer_set::candidate_set::crawl: timeout waiting for peer service readiness or peer responses
Oct 10 20:15:32 runnervmmprz5 zebrad-v6.4.2[2687]: 2026-10-10T20:15:32.431227Z  INFO zebrad::components::mempool::crawler: mempool crawl timed out: Elapsed(())
Oct 10 20:15:34 runnervmmprz5 zebrad-v6.4.2[2687]: 2026-10-10T20:15:34.035520Z  WARN zebrad::components::sync::progress: chain updates have stalled, state height has not increased for 50 minutes. Hint: check your network connection, and your computer clock and time zone sync_percent=99.538% current_height=Height(4382897) network_upgrade=Nu6_3 time_since_last_state_block=50m target_block_spacing=1m 15s max_block_spacing=7m 30s is_syncer_stopped=true
Oct 10 20:15:54 runnervmmprz5 zebrad-v6.4.2[2687]: 2026-10-10T20:15:54.440220Z  INFO sync:try_to_sync: zebrad::components::sync: starting sync, obtaining new tips state_tip=Some(Height(4382897))
Oct 10 20:16:31 runnervmmprz5 zebrad-v6.4.2[2687]: 2026-10-10T20:16:31.346510Z  INFO crawl_and_dial{new_peer_interval=61s}:crawl: zebra_network::peer_set::candidate_set::crawl: timeout waiting for peer service readiness or peer responses
Oct 10 20:16:34 runnervmmprz5 zebrad-v6.4.2[2687]: 2026-10-10T20:16:34.049740Z  WARN zebrad::components::sync::progress: chain updates have stalled, state height has not increased for 51 minutes. Hint: check your network connection, and your computer clock and time zone sync_percent=99.538% current_height=Height(4382897) network_upgrade=Nu6_3 time_since_last_state_block=51m target_block_spacing=1m 15s max_block_spacing=7m 30s is_syncer_stopped=true
Oct 10 20:17:01 runnervmmprz5 zebrad-v6.4.2[2687]: 2026-10-10T20:17:01.441555Z  INFO sync:try_to_sync: zebrad::components::sync: temporary error obtaining tips: deadline has elapsed
Oct 10 20:17:01 runnervmmprz5 zebrad-v6.4.2[2687]: 2026-10-10T20:17:01.441612Z  INFO sync: zebrad::components::sync: waiting to restart sync timeout=67s state_tip=Some(Height(4382897))
Oct 10 20:17:32 runnervmmprz5 zebrad-v6.4.2[2687]: 2026-10-10T20:17:32.346445Z  INFO crawl_and_dial{new_peer_interval=61s}:crawl: zebra_network::peer_set::candidate_set::crawl: timeout waiting for peer service readiness or peer responses
Oct 10 20:17:34 runnervmmprz5 zebrad-v6.4.2[2687]: 2026-10-10T20:17:34.064120Z  WARN zebrad::components::sync::progress: chain updates have stalled, state height has not increased for 52 minutes. Hint: check your network connection, and your computer clock and time zone sync_percent=99.538% current_height=Height(4382897) network_upgrade=Nu6_3 time_since_last_state_block=52m target_block_spacing=1m 15s max_block_spacing=7m 30s is_syncer_stopped=true
Oct 10 20:17:58 runnervmmprz5 zebrad-v6.4.2[2687]: 2026-10-10T20:17:58.433555Z  INFO zebrad::components::mempool::crawler: mempool crawl timed out: Elapsed(())
Oct 10 20:18:08 runnervmmprz5 zebrad-v6.4.2[2687]: 2026-10-10T20:18:08.441787Z  INFO sync:try_to_sync: zebrad::components::sync: starting sync, obtaining new tips state_tip=Some(Height(4382897))
Oct 10 20:18:33 runnervmmprz5 zebrad-v6.4.2[2687]: 2026-10-10T20:18:33.346124Z  INFO crawl_and_dial{new_peer_interval=61s}:crawl: zebra_network::peer_set::candidate_set::crawl: timeout waiting for peer service readiness or peer responses
Oct 10 20:18:34 runnervmmprz5 zebrad-v6.4.2[2687]: 2026-10-10T20:18:34.076798Z  WARN zebrad::components::sync::progress: chain updates have stalled, state height has not increased for 53 minutes. Hint: check your network connection, and your computer clock and time zone sync_percent=99.538% current_height=Height(4382897) network_upgrade=Nu6_3 time_since_last_state_block=53m target_block_spacing=1m 15s max_block_spacing=7m 30s is_syncer_stopped=true
Oct 10 20:19:15 runnervmmprz5 zebrad-v6.4.2[2687]: 2026-10-10T20:19:15.443390Z  INFO sync:try_to_sync: zebrad::components::sync: temporary error obtaining tips: deadline has elapsed
Oct 10 20:19:15 runnervmmprz5 zebrad-v6.4.2[2687]: 2026-10-10T20:19:15.443451Z  INFO sync: zebrad::components::sync: waiting to restart sync timeout=67s state_tip=Some(Height(4382897))
Oct 10 20:19:34 runnervmmprz5 zebrad-v6.4.2[2687]: 2026-10-10T20:19:34.089413Z  WARN zebrad::components::sync::progress: chain updates have stalled, state height has not increased for 54 minutes. Hint: check your network connection, and your computer clock and time zone sync_percent=99.538% current_height=Height(4382897) network_upgrade=Nu6_3 time_since_last_state_block=54m target_block_spacing=1m 15s max_block_spacing=7m 30s is_syncer_stopped=true
Oct 10 20:19:34 runnervmmprz5 zebrad-v6.4.2[2687]: 2026-10-10T20:19:34.345977Z  INFO crawl_and_dial{new_peer_interval=61s}:crawl: zebra_network::peer_set::candidate_set::crawl: timeout waiting for peer service readiness or peer responses
Oct 10 20:20:22 runnervmmprz5 zebrad-v6.4.2[2687]: 2026-10-10T20:20:22.444657Z  INFO sync:try_to_sync: zebrad::components::sync: starting sync, obtaining new tips state_tip=Some(Height(4382897))
Oct 10 20:20:24 runnervmmprz5 zebrad-v6.4.2[2687]: 2026-10-10T20:20:24.435215Z  INFO zebrad::components::mempool::crawler: mempool crawl timed out: Elapsed(())
Oct 10 20:20:34 runnervmmprz5 zebrad-v6.4.2[2687]: 2026-10-10T20:20:34.101581Z  WARN zebrad::components::sync::progress: chain updates have stalled, state height has not increased for 55 minutes. Hint: check your network connection, and your computer clock and time zone sync_percent=99.538% current_height=Height(4382897) network_upgrade=Nu6_3 time_since_last_state_block=55m target_block_spacing=1m 15s max_block_spacing=7m 30s is_syncer_stopped=true
Oct 10 20:20:35 runnervmmprz5 zebrad-v6.4.2[2687]: 2026-10-10T20:20:35.346054Z  INFO crawl_and_dial{new_peer_interval=61s}:crawl: zebra_network::peer_set::candidate_set::crawl: timeout waiting for peer service readiness or peer responses
Oct 10 20:21:29 runnervmmprz5 zebrad-v6.4.2[2687]: 2026-10-10T20:21:29.446338Z  INFO sync:try_to_sync: zebrad::components::sync: temporary error obtaining tips: deadline has elapsed
Oct 10 20:21:29 runnervmmprz5 zebrad-v6.4.2[2687]: 2026-10-10T20:21:29.446403Z  INFO sync: zebrad::components::sync: waiting to restart sync timeout=67s state_tip=Some(Height(4382897))
Oct 10 20:21:34 runnervmmprz5 zebrad-v6.4.2[2687]: 2026-10-10T20:21:34.114320Z  WARN zebrad::components::sync::progress: chain updates have stalled, state height has not increased for 56 minutes. Hint: check your network connection, and your computer clock and time zone sync_percent=99.538% current_height=Height(4382897) network_upgrade=Nu6_3 time_since_last_state_block=56m target_block_spacing=1m 15s max_block_spacing=7m 30s is_syncer_stopped=true
Oct 10 20:21:36 runnervmmprz5 zebrad-v6.4.2[2687]: 2026-10-10T20:21:36.346378Z  INFO crawl_and_dial{new_peer_interval=61s}:crawl: zebra_network::peer_set::candidate_set::crawl: timeout waiting for peer service readiness or peer responses
Oct 10 20:22:34 runnervmmprz5 zebrad-v6.4.2[2687]: 2026-10-10T20:22:34.126319Z  WARN zebrad::components::sync::progress: chain updates have stalled, state height has not increased for 57 minutes. Hint: check your network connection, and your computer clock and time zone sync_percent=99.538% current_height=Height(4382897) network_upgrade=Nu6_3 time_since_last_state_block=57m target_block_spacing=1m 15s max_block_spacing=7m 30s is_syncer_stopped=true
Oct 10 20:22:36 runnervmmprz5 zebrad-v6.4.2[2687]: 2026-10-10T20:22:36.446982Z  INFO sync:try_to_sync: zebrad::components::sync: starting sync, obtaining new tips state_tip=Some(Height(4382897))
Oct 10 20:22:37 runnervmmprz5 zebrad-v6.4.2[2687]: 2026-10-10T20:22:37.346309Z  INFO crawl_and_dial{new_peer_interval=61s}:crawl: zebra_network::peer_set::candidate_set::crawl: timeout waiting for peer service readiness or peer responses
Oct 10 20:22:50 runnervmmprz5 zebrad-v6.4.2[2687]: 2026-10-10T20:22:50.436821Z  INFO zebrad::components::mempool::crawler: mempool crawl timed out: Elapsed(())
Oct 10 20:23:34 runnervmmprz5 zebrad-v6.4.2[2687]: 2026-10-10T20:23:34.141064Z  WARN zebrad::components::sync::progress: chain updates have stalled, state height has not increased for 58 minutes. Hint: check your network connection, and your computer clock and time zone sync_percent=99.538% current_height=Height(4382897) network_upgrade=Nu6_3 time_since_last_state_block=58m target_block_spacing=1m 15s max_block_spacing=7m 30s is_syncer_stopped=true
Oct 10 20:23:38 runnervmmprz5 zebrad-v6.4.2[2687]: 2026-10-10T20:23:38.346323Z  INFO crawl_and_dial{new_peer_interval=61s}:crawl: zebra_network::peer_set::candidate_set::crawl: timeout waiting for peer service readiness or peer responses
Oct 10 20:23:43 runnervmmprz5 zebrad-v6.4.2[2687]: 2026-10-10T20:23:43.448219Z  INFO sync:try_to_sync: zebrad::components::sync: temporary error obtaining tips: deadline has elapsed
Oct 10 20:23:43 runnervmmprz5 zebrad-v6.4.2[2687]: 2026-10-10T20:23:43.448280Z  INFO sync: zebrad::components::sync: waiting to restart sync timeout=67s state_tip=Some(Height(4382897))
Oct 10 20:24:34 runnervmmprz5 zebrad-v6.4.2[2687]: 2026-10-10T20:24:34.154054Z  WARN zebrad::components::sync::progress: chain updates have stalled, state height has not increased for 59 minutes. Hint: check your network connection, and your computer clock and time zone sync_percent=99.538% current_height=Height(4382897) network_upgrade=Nu6_3 time_since_last_state_block=59m target_block_spacing=1m 15s max_block_spacing=7m 30s is_syncer_stopped=true
Oct 10 20:24:39 runnervmmprz5 zebrad-v6.4.2[2687]: 2026-10-10T20:24:39.346324Z  INFO crawl_and_dial{new_peer_interval=61s}:crawl: zebra_network::peer_set::candidate_set::crawl: timeout waiting for peer service readiness or peer responses
Oct 10 20:24:50 runnervmmprz5 zebrad-v6.4.2[2687]: 2026-10-10T20:24:50.449226Z  INFO sync:try_to_sync: zebrad::components::sync: starting sync, obtaining new tips state_tip=Some(Height(4382897))
Oct 10 20:25:16 runnervmmprz5 zebrad-v6.4.2[2687]: 2026-10-10T20:25:16.439670Z  INFO zebrad::components::mempool::crawler: mempool crawl timed out: Elapsed(())
Oct 10 20:25:34 runnervmmprz5 zebrad-v6.4.2[2687]: 2026-10-10T20:25:34.166812Z  WARN zebrad::components::sync::progress: chain updates have stalled, state height has not increased for 60 minutes. Hint: check your network connection, and your computer clock and time zone sync_percent=99.538% current_height=Height(4382897) network_upgrade=Nu6_3 time_since_last_state_block=1h target_block_spacing=1m 15s max_block_spacing=7m 30s is_syncer_stopped=true
Oct 10 20:25:40 runnervmmprz5 zebrad-v6.4.2[2687]: 2026-10-10T20:25:40.346084Z  INFO crawl_and_dial{new_peer_interval=61s}:crawl: zebra_network::peer_set::candidate_set::crawl: timeout waiting for peer service readiness or peer responses
Oct 10 20:25:43 runnervmmprz5 zebrad-v6.4.2[2687]: 2026-10-10T20:25:43.352544Z  INFO zebrad::components::sync::end_of_support: Release always valid in Testnet
Oct 10 20:25:57 runnervmmprz5 zebrad-v6.4.2[2687]: 2026-10-10T20:25:57.450437Z  INFO sync:try_to_sync: zebrad::components::sync: temporary error obtaining tips: deadline has elapsed
Oct 10 20:25:57 runnervmmprz5 zebrad-v6.4.2[2687]: 2026-10-10T20:25:57.450498Z  INFO sync: zebrad::components::sync: waiting to restart sync timeout=67s state_tip=Some(Height(4382897))
Oct 10 20:26:34 runnervmmprz5 zebrad-v6.4.2[2687]: 2026-10-10T20:26:34.180337Z  WARN zebrad::components::sync::progress: chain updates have stalled, state height has not increased for 61 minutes. Hint: check your network connection, and your computer clock and time zone sync_percent=99.538% current_height=Height(4382897) network_upgrade=Nu6_3 time_since_last_state_block=1h 1m target_block_spacing=1m 15s max_block_spacing=7m 30s is_syncer_stopped=true
Oct 10 20:26:41 runnervmmprz5 zebrad-v6.4.2[2687]: 2026-10-10T20:26:41.346012Z  INFO crawl_and_dial{new_peer_interval=61s}:crawl: zebra_network::peer_set::candidate_set::crawl: timeout waiting for peer service readiness or peer responses
Oct 10 20:27:04 runnervmmprz5 zebrad-v6.4.2[2687]: 2026-10-10T20:27:04.451452Z  INFO sync:try_to_sync: zebrad::components::sync: starting sync, obtaining new tips state_tip=Some(Height(4382897))
Oct 10 20:27:34 runnervmmprz5 zebrad-v6.4.2[2687]: 2026-10-10T20:27:34.192377Z  WARN zebrad::components::sync::progress: chain updates have stalled, state height has not increased for 62 minutes. Hint: check your network connection, and your computer clock and time zone sync_percent=99.538% current_height=Height(4382897) network_upgrade=Nu6_3 time_since_last_state_block=1h 2m target_block_spacing=1m 15s max_block_spacing=7m 30s is_syncer_stopped=true
Oct 10 20:27:42 runnervmmprz5 zebrad-v6.4.2[2687]: 2026-10-10T20:27:42.346660Z  INFO crawl_and_dial{new_peer_interval=61s}:crawl: zebra_network::peer_set::candidate_set::crawl: timeout waiting for peer service readiness or peer responses
Oct 10 20:27:42 runnervmmprz5 zebrad-v6.4.2[2687]: 2026-10-10T20:27:42.442133Z  INFO zebrad::components::mempool::crawler: mempool crawl timed out: Elapsed(())
Oct 10 20:28:11 runnervmmprz5 zebrad-v6.4.2[2687]: 2026-10-10T20:28:11.452686Z  INFO sync:try_to_sync: zebrad::components::sync: temporary error obtaining tips: deadline has elapsed
Oct 10 20:28:11 runnervmmprz5 zebrad-v6.4.2[2687]: 2026-10-10T20:28:11.452744Z  INFO sync: zebrad::components::sync: waiting to restart sync timeout=67s state_tip=Some(Height(4382897))
Oct 10 20:28:34 runnervmmprz5 zebrad-v6.4.2[2687]: 2026-10-10T20:28:34.205437Z  WARN zebrad::components::sync::progress: chain updates have stalled, state height has not increased for 63 minutes. Hint: check your network connection, and your computer clock and time zone sync_percent=99.538% current_height=Height(4382897) network_upgrade=Nu6_3 time_since_last_state_block=1h 3m target_block_spacing=1m 15s max_block_spacing=7m 30s is_syncer_stopped=true
Oct 10 20:28:43 runnervmmprz5 zebrad-v6.4.2[2687]: 2026-10-10T20:28:43.347723Z  INFO crawl_and_dial{new_peer_interval=61s}:crawl: zebra_network::peer_set::candidate_set::crawl: timeout waiting for peer service readiness or peer responses
Oct 10 20:29:18 runnervmmprz5 zebrad-v6.4.2[2687]: 2026-10-10T20:29:18.453841Z  INFO sync:try_to_sync: zebrad::components::sync: starting sync, obtaining new tips state_tip=Some(Height(4382897))
Oct 10 20:29:34 runnervmmprz5 zebrad-v6.4.2[2687]: 2026-10-10T20:29:34.218672Z  WARN zebrad::components::sync::progress: chain updates have stalled, state height has not increased for 64 minutes. Hint: check your network connection, and your computer clock and time zone sync_percent=99.538% current_height=Height(4382897) network_upgrade=Nu6_3 time_since_last_state_block=1h 4m target_block_spacing=1m 15s max_block_spacing=7m 30s is_syncer_stopped=true
Oct 10 20:29:44 runnervmmprz5 zebrad-v6.4.2[2687]: 2026-10-10T20:29:44.346382Z  INFO crawl_and_dial{new_peer_interval=61s}:crawl: zebra_network::peer_set::candidate_set::crawl: timeout waiting for peer service readiness or peer responses
Oct 10 20:30:08 runnervmmprz5 zebrad-v6.4.2[2687]: 2026-10-10T20:30:08.444444Z  INFO zebrad::components::mempool::crawler: mempool crawl timed out: Elapsed(())
Oct 10 20:30:25 runnervmmprz5 zebrad-v6.4.2[2687]: 2026-10-10T20:30:25.455717Z  INFO sync:try_to_sync: zebrad::components::sync: temporary error obtaining tips: deadline has elapsed
Oct 10 20:30:25 runnervmmprz5 zebrad-v6.4.2[2687]: 2026-10-10T20:30:25.455778Z  INFO sync: zebrad::components::sync: waiting to restart sync timeout=67s state_tip=Some(Height(4382897))
Oct 10 20:30:34 runnervmmprz5 zebrad-v6.4.2[2687]: 2026-10-10T20:30:34.231787Z  WARN zebrad::components::sync::progress: chain updates have stalled, state height has not increased for 65 minutes. Hint: check your network connection, and your computer clock and time zone sync_percent=99.538% current_height=Height(4382897) network_upgrade=Nu6_3 time_since_last_state_block=1h 5m target_block_spacing=1m 15s max_block_spacing=7m 30s is_syncer_stopped=true
Oct 10 20:30:45 runnervmmprz5 zebrad-v6.4.2[2687]: 2026-10-10T20:30:45.346307Z  INFO crawl_and_dial{new_peer_interval=61s}:crawl: zebra_network::peer_set::candidate_set::crawl: timeout waiting for peer service readiness or peer responses
Oct 10 20:31:32 runnervmmprz5 zebrad-v6.4.2[2687]: 2026-10-10T20:31:32.457384Z  INFO sync:try_to_sync: zebrad::components::sync: starting sync, obtaining new tips state_tip=Some(Height(4382897))
Oct 10 20:31:34 runnervmmprz5 zebrad-v6.4.2[2687]: 2026-10-10T20:31:34.244446Z  WARN zebrad::components::sync::progress: chain updates have stalled, state height has not increased for 66 minutes. Hint: check your network connection, and your computer clock and time zone sync_percent=99.538% current_height=Height(4382897) network_upgrade=Nu6_3 time_since_last_state_block=1h 6m target_block_spacing=1m 15s max_block_spacing=7m 30s is_syncer_stopped=true
Oct 10 20:31:46 runnervmmprz5 zebrad-v6.4.2[2687]: 2026-10-10T20:31:46.346182Z  INFO crawl_and_dial{new_peer_interval=61s}:crawl: zebra_network::peer_set::candidate_set::crawl: timeout waiting for peer service readiness or peer responses
Oct 10 20:32:34 runnervmmprz5 zebrad-v6.4.2[2687]: 2026-10-10T20:32:34.256441Z  WARN zebrad::components::sync::progress: chain updates have stalled, state height has not increased for 67 minutes. Hint: check your network connection, and your computer clock and time zone sync_percent=99.538% current_height=Height(4382897) network_upgrade=Nu6_3 time_since_last_state_block=1h 7m target_block_spacing=1m 15s max_block_spacing=7m 30s is_syncer_stopped=true
Oct 10 20:32:34 runnervmmprz5 zebrad-v6.4.2[2687]: 2026-10-10T20:32:34.445998Z  INFO zebrad::components::mempool::crawler: mempool crawl timed out: Elapsed(())
Oct 10 20:32:39 runnervmmprz5 zebrad-v6.4.2[2687]: 2026-10-10T20:32:39.458139Z  INFO sync:try_to_sync: zebrad::components::sync: temporary error obtaining tips: deadline has elapsed
Oct 10 20:32:39 runnervmmprz5 zebrad-v6.4.2[2687]: 2026-10-10T20:32:39.458197Z  INFO sync: zebrad::components::sync: waiting to restart sync timeout=67s state_tip=Some(Height(4382897))
Oct 10 20:32:47 runnervmmprz5 zebrad-v6.4.2[2687]: 2026-10-10T20:32:47.346472Z  INFO crawl_and_dial{new_peer_interval=61s}:crawl: zebra_network::peer_set::candidate_set::crawl: timeout waiting for peer service readiness or peer responses
Oct 10 20:33:34 runnervmmprz5 zebrad-v6.4.2[2687]: 2026-10-10T20:33:34.271638Z  WARN zebrad::components::sync::progress: chain updates have stalled, state height has not increased for 68 minutes. Hint: check your network connection, and your computer clock and time zone sync_percent=99.538% current_height=Height(4382897) network_upgrade=Nu6_3 time_since_last_state_block=1h 8m target_block_spacing=1m 15s max_block_spacing=7m 30s is_syncer_stopped=true
Oct 10 20:33:46 runnervmmprz5 zebrad-v6.4.2[2687]: 2026-10-10T20:33:46.458951Z  INFO sync:try_to_sync: zebrad::components::sync: starting sync, obtaining new tips state_tip=Some(Height(4382897))
Oct 10 20:33:48 runnervmmprz5 zebrad-v6.4.2[2687]: 2026-10-10T20:33:48.346598Z  INFO crawl_and_dial{new_peer_interval=61s}:crawl: zebra_network::peer_set::candidate_set::crawl: timeout waiting for peer service readiness or peer responses
Oct 10 20:34:34 runnervmmprz5 zebrad-v6.4.2[2687]: 2026-10-10T20:34:34.285082Z  WARN zebrad::components::sync::progress: chain updates have stalled, state height has not increased for 69 minutes. Hint: check your network connection, and your computer clock and time zone sync_percent=99.538% current_height=Height(4382897) network_upgrade=Nu6_3 time_since_last_state_block=1h 9m target_block_spacing=1m 15s max_block_spacing=7m 30s is_syncer_stopped=true
Oct 10 20:34:49 runnervmmprz5 zebrad-v6.4.2[2687]: 2026-10-10T20:34:49.346756Z  INFO crawl_and_dial{new_peer_interval=61s}:crawl: zebra_network::peer_set::candidate_set::crawl: timeout waiting for peer service readiness or peer responses
Oct 10 20:34:53 runnervmmprz5 zebrad-v6.4.2[2687]: 2026-10-10T20:34:53.460121Z  INFO sync:try_to_sync: zebrad::components::sync: temporary error obtaining tips: deadline has elapsed
Oct 10 20:34:53 runnervmmprz5 zebrad-v6.4.2[2687]: 2026-10-10T20:34:53.460181Z  INFO sync: zebrad::components::sync: waiting to restart sync timeout=67s state_tip=Some(Height(4382897))
Oct 10 20:35:00 runnervmmprz5 zebrad-v6.4.2[2687]: 2026-10-10T20:35:00.448192Z  INFO zebrad::components::mempool::crawler: mempool crawl timed out: Elapsed(())
Oct 10 20:35:34 runnervmmprz5 zebrad-v6.4.2[2687]: 2026-10-10T20:35:34.296801Z  WARN zebrad::components::sync::progress: chain updates have stalled, state height has not increased for 70 minutes. Hint: check your network connection, and your computer clock and time zone sync_percent=99.538% current_height=Height(4382897) network_upgrade=Nu6_3 time_since_last_state_block=1h 10m target_block_spacing=1m 15s max_block_spacing=7m 30s is_syncer_stopped=true
Oct 10 20:35:37 runnervmmprz5 systemd[1]: zebrad.service: Failed to set 'cpuset.cpus' attribute on '/system.slice/zebrad.service' to '': No space left on device
