1791513460.828255 runnervmmprz5 ztreamerd-v0.1.0[3013]: 2026-10-09T02:37:40.828207Z  INFO zakura_state::service::finalized_state::disk_db: Opened Zakura state cache at /zbench/zakura-v28/state/v28/testnet
1791513460.836498 runnervmmprz5 ztreamerd-v0.1.0[3013]: 2026-10-09T02:37:40.836463Z  INFO zakura_state::service::finalized_state::disk_format::upgrade: Zakura automatically upgraded the database format newer_running_version=Version { major: 28, minor: 0, patch: 1 }
1791513460.840664 runnervmmprz5 ztreamerd-v0.1.0[3013]: 2026-10-09T02:37:40.840347Z  INFO zakura_state::service::finalized_state::disk_format::upgrade: marked database format as upgraded running_version=28.1.5+indexer disk_version=28.0.0 format_upgrade_version=28.0.1
1791513460.840664 runnervmmprz5 ztreamerd-v0.1.0[3013]: 2026-10-09T02:37:40.840365Z  INFO zakura_state::service::finalized_state::disk_format::upgrade: Zakura automatically upgraded the database format newer_running_version=Version { major: 28, minor: 0, patch: 2 }
1791513460.841105 runnervmmprz5 ztreamerd-v0.1.0[3013]: 2026-10-09T02:37:40.841082Z  INFO zakura_state::service::finalized_state::disk_format::upgrade: marked database format as upgraded running_version=28.1.5+indexer disk_version=28.0.1 format_upgrade_version=28.0.2
1791513460.841105 runnervmmprz5 ztreamerd-v0.1.0[3013]: 2026-10-09T02:37:40.841100Z  INFO zakura_state::service::finalized_state::disk_format::upgrade: Zakura automatically upgraded the database format newer_running_version=Version { major: 28, minor: 1, patch: 3 }
1791513460.842078 runnervmmprz5 ztreamerd-v0.1.0[3013]: 2026-10-09T02:37:40.842055Z  INFO zakura_state::service::finalized_state::disk_format::upgrade: marked database format as upgraded running_version=28.1.5+indexer disk_version=28.0.2 format_upgrade_version=28.1.3
1791513460.842302 runnervmmprz5 ztreamerd-v0.1.0[3013]: 2026-10-09T02:37:40.842280Z  INFO zakura_state::service::finalized_state::disk_format::upgrade: Zakura automatically upgraded the database format newer_running_version=Version { major: 28, minor: 1, patch: 4 }
1791513460.843212 runnervmmprz5 ztreamerd-v0.1.0[3013]: 2026-10-09T02:37:40.843189Z  INFO zakura_state::service::finalized_state::disk_format::upgrade: marked database format as upgraded running_version=28.1.5+indexer disk_version=28.1.3 format_upgrade_version=28.1.4
1791513460.844707 runnervmmprz5 ztreamerd-v0.1.0[3013]: 2026-10-09T02:37:40.843326Z  INFO zakura_state::service::finalized_state::disk_format::upgrade: Zakura automatically upgraded the database format newer_running_version=Version { major: 28, minor: 1, patch: 5 }
1791513460.844707 runnervmmprz5 ztreamerd-v0.1.0[3013]: 2026-10-09T02:37:40.844527Z  INFO zakura_state::service::finalized_state::disk_format::upgrade: marked database format as upgraded running_version=28.1.5+indexer disk_version=28.1.4 format_upgrade_version=28.1.5
1791513460.844798 runnervmmprz5 ztreamerd-v0.1.0[3013]: 2026-10-09T02:37:40.844705Z  INFO zakura_state::service::finalized_state::disk_format::upgrade: database is fully upgraded newer_running_version=28.1.5+indexer older_disk_version=28.0.0
1791513460.846316 runnervmmprz5 ztreamerd-v0.1.0[3013]: 2026-10-09T02:37:40.846294Z  INFO zakura_state::service::finalized_state::disk_format::upgrade: started checking/adding indexes for spending tx ids
1791513564.008505 runnervmmprz5 ztreamerd-v0.1.0[3013]: 2026-10-09T02:39:24.008385Z  INFO zakura_state::service::finalized_state::disk_format::upgrade: finished checking/adding indexes for spending tx ids
1791513569.625162 runnervmmprz5 ztreamerd-v0.1.0[3013]: 2026-10-09T02:39:29.625102Z  INFO zakura_state::service::finalized_state::disk_format::upgrade: database format is valid running_version=28.1.5+indexer initial_disk_version=28.0.0
1791513569.625618 runnervmmprz5 ztreamerd-v0.1.0[3013]: 2026-10-09T02:39:29.625410Z  INFO zakura_state::service: historical tree derivation is idle: this network has no embedded historical frontier artifact
1791513569.625618 runnervmmprz5 ztreamerd-v0.1.0[3013]: 2026-10-09T02:39:29.625485Z  INFO zakura_state::service::non_finalized_state: restoring non-finalized blocks from backup and spawning backup task backup_dir_path="/zbench/zakura-v28/non_finalized_state/testnet"
1791513569.625790 runnervmmprz5 ztreamerd-v0.1.0[3013]: 2026-10-09T02:39:29.625760Z  INFO zakura_state::service: loaded Zakura state cache chain_tip=Some((block::Hash("00005894e6410b9d9524e38d725e6595ef4c8f85d4deb9e56b340751b0c3d678"), Height(4382897)))
1791513569.626127 runnervmmprz5 ztreamerd-v0.1.0[3013]: 2026-10-09T02:39:29.626096Z  INFO zakura_state::service: starting legacy chain check
1791513569.626384 runnervmmprz5 ztreamerd-v0.1.0[3013]: 2026-10-09T02:39:29.626358Z  INFO zakura_state::service: cached state consensus branch is valid: no legacy chain found
1791513569.626474 runnervmmprz5 ztreamerd-v0.1.0[3013]: 2026-10-09T02:39:29.626436Z  INFO zakurad::commands::start: logging database metrics on startup
1791513569.629673 runnervmmprz5 ztreamerd-v0.1.0[3013]: 2026-10-09T02:39:29.628864Z  INFO zakura_state::service::write: header runtime lifecycle changed status=Reconstructing { epoch: LifecycleEpoch(1), progress: HeaderReconstructionProgress { stage: StartupAudit, completed: 0, total: None, target: None, last_committed: None } }
1791513569.630565 runnervmmprz5 ztreamerd-v0.1.0[3013]: 2026-10-09T02:39:29.630541Z  INFO zakura_state::service::finalized_state::disk_db: Total Database Disk Size: 12.6 GB
1791513569.630565 runnervmmprz5 ztreamerd-v0.1.0[3013]: 2026-10-09T02:39:29.630559Z  INFO zakura_state::service::finalized_state::disk_db: Total Live Data Disk Size: 12.6 GB
1791513569.630565 runnervmmprz5 ztreamerd-v0.1.0[3013]: 2026-10-09T02:39:29.630565Z  INFO zakura_state::service::finalized_state::disk_db: Total Database Memory Size: 101.6 MB
1791513569.630765 runnervmmprz5 ztreamerd-v0.1.0[3013]: 2026-10-09T02:39:29.630740Z  INFO zakurad::commands::start::zakura::coordinator: sync apply lifecycle changed apply_phase="legacy_bootstrap" apply_epoch=0
1791513571.651033 runnervmmprz5 ztreamerd-v0.1.0[3013]: 2026-10-09T02:39:31.650969Z  INFO zakura_state::service::write: header runtime lifecycle changed status=Ready { epoch: LifecycleEpoch(1) }
1791513571.651033 runnervmmprz5 ztreamerd-v0.1.0[3013]: 2026-10-09T02:39:31.651006Z  INFO zakurad::commands::start: initializing network
1791513571.651711 runnervmmprz5 ztreamerd-v0.1.0[3013]: 2026-10-09T02:39:31.651098Z  INFO open_listener{addr=0.0.0.0:8243}: zakura_network::peer_set::initialize: Trying to open Zcash protocol endpoint at 0.0.0.0:8243...
1791513571.651711 runnervmmprz5 ztreamerd-v0.1.0[3013]: 2026-10-09T02:39:31.651147Z  INFO open_listener{addr=0.0.0.0:8243}: zakura_network::peer_set::initialize: Opened Zcash protocol endpoint at 0.0.0.0:8243
1791513571.652759 runnervmmprz5 ztreamerd-v0.1.0[3013]: 2026-10-09T02:39:31.652727Z  INFO zakura_network::config: persisted a new Zakura node secret key path="/root/.zakura/testnet.zakura-iroh-secret-key"
1791513571.657998 runnervmmprz5 ztreamerd-v0.1.0[3013]: 2026-10-09T02:39:31.657968Z  INFO zakura_network::zakura::handler: Zakura P2P endpoint ready; advertise <node_id>@<direct_addr> as a bootstrap peer node_id=c7fc2eeed9986874c06ba1a9761913c99c3913a6ad644e818ae2dc1bdd79d66d direct_addresses=["10.1.0.149:8234", "172.17.0.1:8234"]
1791513571.658790 runnervmmprz5 ztreamerd-v0.1.0[3013]: 2026-10-09T02:39:31.658194Z  INFO connect{me=c7fc2eeed9 alpn="p2p-v2/1" remote=57ad39fad4}:add_node_addr:add_node_addr{node=57ad39fad4}: iroh::magicsock::node_map: inserting new node in NodeMap node=57ad39fad4 relay_url=None source=app
1791513571.658790 runnervmmprz5 ztreamerd-v0.1.0[3013]: 2026-10-09T02:39:31.658518Z  INFO connect{me=c7fc2eeed9 alpn="p2p-v2/1" remote=57ad39fad4}:prepare_send:get_send_addrs{node=57ad39fad4}: iroh::magicsock::node_map::node_state: new connection type typ=direct(167.99.103.111:8234)
1791513571.659138 runnervmmprz5 ztreamerd-v0.1.0[3013]: 2026-10-09T02:39:31.659113Z  INFO connect{me=c7fc2eeed9 alpn="p2p-v2/1" remote=50999835f4}:add_node_addr:add_node_addr{node=50999835f4}: iroh::magicsock::node_map: inserting new node in NodeMap node=50999835f4 relay_url=None source=app
1791513571.659739 runnervmmprz5 ztreamerd-v0.1.0[3013]: 2026-10-09T02:39:31.659712Z  INFO zakura_network::address_book_updater: starting the address book updater
1791513571.659886 runnervmmprz5 ztreamerd-v0.1.0[3013]: 2026-10-09T02:39:31.659640Z  INFO connect{me=c7fc2eeed9 alpn="p2p-v2/1" remote=50999835f4}:prepare_send:get_send_addrs{node=50999835f4}: iroh::magicsock::node_map::node_state: new connection type typ=direct(206.189.148.0:8234)
1791513571.660219 runnervmmprz5 ztreamerd-v0.1.0[3013]: 2026-10-09T02:39:31.660196Z  INFO add_initial_peers: zakura_network::config: resolved seed peer IP addresses seed="127.0.0.1:8233" remote_ip_count=1
1791513571.660507 runnervmmprz5 ztreamerd-v0.1.0[3013]: 2026-10-09T02:39:31.660482Z  INFO connect{me=c7fc2eeed9 alpn="p2p-v2/1" remote=2bbb907b5d}:add_node_addr:add_node_addr{node=2bbb907b5d}: iroh::magicsock::node_map: inserting new node in NodeMap node=2bbb907b5d relay_url=None source=app
1791513571.660668 runnervmmprz5 ztreamerd-v0.1.0[3013]: 2026-10-09T02:39:31.660493Z  INFO add_initial_peers: zakura_network::peer_set::initialize: connecting to initial peer set ipv4_peer_count=1 ipv6_peer_count=0
1791513571.661306 runnervmmprz5 ztreamerd-v0.1.0[3013]: 2026-10-09T02:39:31.660764Z  INFO connect{me=c7fc2eeed9 alpn="p2p-v2/1" remote=2bbb907b5d}:prepare_send:get_send_addrs{node=2bbb907b5d}: iroh::magicsock::node_map::node_state: new connection type typ=direct(164.92.209.78:8234)
1791513571.666926 runnervmmprz5 ztreamerd-v0.1.0[3013]: 2026-10-09T02:39:31.666903Z  INFO add_initial_peers: zakura_network::peer_set::initialize: finished connecting to initial seed and disk cache peers handshake_success_total=1 handshake_error_total=0 outbound_connections=1
1791513571.667299 runnervmmprz5 ztreamerd-v0.1.0[3013]: 2026-10-09T02:39:31.667279Z  INFO zakura_network::peer_set::initialize: sending initial request for peers active_initial_peer_count=1
1791513571.668062 runnervmmprz5 ztreamerd-v0.1.0[3013]: 2026-10-09T02:39:31.668038Z  INFO zakurad::commands::start: initializing verifiers
1791513571.668179 runnervmmprz5 ztreamerd-v0.1.0[3013]: 2026-10-09T02:39:31.668119Z  INFO init_with_transaction_state{config=Config { checkpoint_sync: true, vct_fast_sync: None } network=Testnet}: zakura_consensus::router: starting state checkpoint validation
1791513571.668316 runnervmmprz5 ztreamerd-v0.1.0[3013]: 2026-10-09T02:39:31.668040Z  INFO crawl_and_dial{new_peer_interval=61s}: zakura_network::peer_set::initialize: starting the peer address crawler crawl_new_peer_interval=61s outbound_connections=1
1791513571.669680 runnervmmprz5 ztreamerd-v0.1.0[3013]: 2026-10-09T02:39:31.668460Z  INFO init_with_transaction_state{config=Config { checkpoint_sync: true, vct_fast_sync: None } network=Testnet}: zakura_consensus::router: initializing block verifier router tip=Some((Height(4382897), block::Hash("00005894e6410b9d9524e38d725e6595ef4c8f85d4deb9e56b340751b0c3d678"))) max_checkpoint_height=Height(4023200)
1791513571.669680 runnervmmprz5 ztreamerd-v0.1.0[3013]: 2026-10-09T02:39:31.668543Z  INFO zakurad::commands::start: initializing syncer
1791513571.669680 runnervmmprz5 ztreamerd-v0.1.0[3013]: 2026-10-09T02:39:31.668582Z  INFO zakurad::commands::start: initializing mempool
1791513571.669680 runnervmmprz5 ztreamerd-v0.1.0[3013]: 2026-10-09T02:39:31.668599Z  INFO zakurad::commands::start: fully initializing inbound peer request handler
1791513571.669869 runnervmmprz5 ztreamerd-v0.1.0[3013]: 2026-10-09T02:39:31.669714Z  INFO zakura_rpc::server::cookie: RPC auth cookie written to disk
1791513571.669869 runnervmmprz5 ztreamerd-v0.1.0[3013]: 2026-10-09T02:39:31.669761Z  INFO zakura_rpc::server: Opened RPC endpoint at 127.0.0.1:8242
1791513571.669952 runnervmmprz5 ztreamerd-v0.1.0[3013]: 2026-10-09T02:39:31.669890Z  WARN zakurad::commands::start: configure an indexer_listen_addr to start the indexer RPC server
1791513571.669952 runnervmmprz5 ztreamerd-v0.1.0[3013]: 2026-10-09T02:39:31.669899Z  INFO zakurad::commands::start: spawning block gossip task
1791513571.669952 runnervmmprz5 ztreamerd-v0.1.0[3013]: 2026-10-09T02:39:31.669906Z  INFO zakurad::commands::start: spawning mempool queue checker task
1791513571.669952 runnervmmprz5 ztreamerd-v0.1.0[3013]: 2026-10-09T02:39:31.669912Z  INFO zakurad::commands::start: spawning mempool transaction gossip task
1791513571.670117 runnervmmprz5 ztreamerd-v0.1.0[3013]: 2026-10-09T02:39:31.669961Z  INFO zakurad::components::sync::gossip: initializing block gossip task
1791513571.670117 runnervmmprz5 ztreamerd-v0.1.0[3013]: 2026-10-09T02:39:31.669976Z  INFO zakurad::components::mempool::queue_checker: initializing mempool queue checker task
1791513571.670117 runnervmmprz5 ztreamerd-v0.1.0[3013]: 2026-10-09T02:39:31.670014Z  INFO zakurad::commands::start: spawning delete old databases task
1791513571.670223 runnervmmprz5 ztreamerd-v0.1.0[3013]: 2026-10-09T02:39:31.670148Z  INFO zakurad::components::mempool::gossip: initializing transaction gossip task
1791513571.670350 runnervmmprz5 ztreamerd-v0.1.0[3013]: 2026-10-09T02:39:31.670332Z  INFO zakurad::commands::start: spawning progress logging task
1791513571.670402 runnervmmprz5 ztreamerd-v0.1.0[3013]: 2026-10-09T02:39:31.670383Z  INFO zakura_state::config: checking for old database versions db_kind="state"
1791513571.670443 runnervmmprz5 ztreamerd-v0.1.0[3013]: 2026-10-09T02:39:31.670434Z  INFO zakura_state::config: finished old database version cleanup task
1791513571.670561 runnervmmprz5 ztreamerd-v0.1.0[3013]: 2026-10-09T02:39:31.670476Z  INFO zakurad::commands::start: initializing health endpoints
1791513571.670561 runnervmmprz5 ztreamerd-v0.1.0[3013]: 2026-10-09T02:39:31.670491Z  INFO zakurad::commands::start: spawning end of support checking task
1791513571.670561 runnervmmprz5 ztreamerd-v0.1.0[3013]: 2026-10-09T02:39:31.670500Z  INFO zakurad::commands::start: spawning mempool crawler task
1791513571.670561 runnervmmprz5 ztreamerd-v0.1.0[3013]: 2026-10-09T02:39:31.670511Z  INFO zakurad::commands::start: spawning syncer task
1791513571.670561 runnervmmprz5 ztreamerd-v0.1.0[3013]: 2026-10-09T02:39:31.670515Z  INFO zakurad::commands::start: legacy-compatible genesis fetch will complete before Zakura block sync takes ownership at height 1
1791513571.670561 runnervmmprz5 ztreamerd-v0.1.0[3013]: 2026-10-09T02:39:31.670530Z  INFO zakurad::commands::start: spawned initial Zakura tasks
1791513571.670561 runnervmmprz5 ztreamerd-v0.1.0[3013]: 2026-10-09T02:39:31.670547Z  INFO ztreamerd: waiting for Zakura to sync near the chain tip
1791513571.670795 runnervmmprz5 ztreamerd-v0.1.0[3013]: 2026-10-09T02:39:31.670575Z  INFO zakurad::components::sync::end_of_support: Starting end of support task
1791513571.670795 runnervmmprz5 ztreamerd-v0.1.0[3013]: 2026-10-09T02:39:31.670585Z  INFO zakurad::components::mempool::crawler: initializing mempool crawler task
1791513571.670795 runnervmmprz5 ztreamerd-v0.1.0[3013]: 2026-10-09T02:39:31.670675Z  INFO bootstrap_genesis_then_pause{legacy_fallback=true}: zakurad::commands::start::zakura::coordinator: sync apply lifecycle changed apply_phase="native" apply_epoch=1
1791513571.670795 runnervmmprz5 ztreamerd-v0.1.0[3013]: 2026-10-09T02:39:31.670688Z  INFO bootstrap_genesis_then_pause{legacy_fallback=true}: zakurad::components::sync: Zakura block sync replacement completed genesis bootstrap; monitoring for Zakura body-sync progress
1791513571.673010 runnervmmprz5 ztreamerd-v0.1.0[3013]: 2026-10-09T02:39:31.672964Z  INFO crawl_and_dial{new_peer_interval=61s}: zakura_network::peer_set::initialize: timer-based crawl finished active_outbound_connections=67 peerset_target_size=100 outbound_connection_limit=150 remaining_replenishment_demand=13
1791513572.410741 runnervmmprz5 ztreamerd-v0.1.0[3013]: 2026-10-09T02:39:32.410691Z  INFO init_with_transaction_state{config=Config { checkpoint_sync: true, vct_fast_sync: None } network=Testnet}: zakura_consensus::router: finished state checkpoint validation
1791513576.671011 runnervmmprz5 ztreamerd-v0.1.0[3013]: 2026-10-09T02:39:36.670956Z  WARN zakurad::components::sync::progress: chain tip metrics channel closed err=SendError { .. }
1791513581.671316 runnervmmprz5 ztreamerd-v0.1.0[3013]: 2026-10-09T02:39:41.671274Z  INFO zakurad::components::sync::end_of_support: Release always valid in Testnet
1791513581.671802 runnervmmprz5 ztreamerd-v0.1.0[3013]: 2026-10-09T02:39:41.671427Z  INFO zakurad::components::sync::gossip: height=Height(4382897) request=AdvertiseBlock(block::Hash("00005894e6410b9d9524e38d725e6595ef4c8f85d4deb9e56b340751b0c3d678"), None) log_msg="sending committed block broadcast"
1791513581.671802 runnervmmprz5 ztreamerd-v0.1.0[3013]: 2026-10-09T02:39:41.671500Z  INFO ztreamerd: Zakura is near the chain tip tip=Some((Height(4382897), block::Hash("00005894e6410b9d9524e38d725e6595ef4c8f85d4deb9e56b340751b0c3d678")))
1791513581.671802 runnervmmprz5 ztreamerd-v0.1.0[3013]: 2026-10-09T02:39:41.671712Z  INFO ztreamerd: syncing historical compact index
1791513581.672140 runnervmmprz5 ztreamerd-v0.1.0[3013]: 2026-10-09T02:39:41.671952Z  INFO zakurad::components::mempool: activating mempool: Zakura is close to the tip tip_height=Height(4382897)
1791513607.675161 runnervmmprz5 ztreamerd-v0.1.0[3013]: 2026-10-09T02:40:07.675112Z  INFO bootstrap_genesis_then_pause{legacy_fallback=true}: zakurad::components::sync: Zakura watchdog probed legacy peers for connected blocks ahead verified_tip=Some(Height(4382897)) blocks_ahead=None
1791513617.739837 runnervmmprz5 ztreamerd-v0.1.0[3013]: 2026-10-09T02:40:17.739780Z  INFO zakura_network::peer_set::set: dropping stalled peer: exceeded FindBlocks/FindHeaders stall threshold peer=v4redacted:8233
1791513623.741127 runnervmmprz5 ztreamerd-v0.1.0[3013]: 2026-10-09T02:40:23.741076Z  INFO bootstrap_genesis_then_pause{legacy_fallback=true}: zakurad::components::sync: Zakura watchdog probed legacy peers for connected blocks ahead verified_tip=Some(Height(4382897)) blocks_ahead=None
1791513625.741844 runnervmmprz5 ztreamerd-v0.1.0[3013]: 2026-10-09T02:40:25.741667Z  INFO crawl_and_dial{new_peer_interval=61s}:crawl: zakura_network::peer_set::candidate_set: timeout waiting for peer service readiness or peer responses
1791513631.685228 runnervmmprz5 ztreamerd-v0.1.0[3013]: 2026-10-09T02:40:31.685184Z  INFO zakurad::components::sync::progress: initial sync is very slow, or estimated tip is wrong. Hint: check your network connection, and your computer clock and time zone sync_percent=99.584% current_height=Height(4382897) network_upgrade=Nu6_3 remaining_sync_blocks=18331 after_checkpoint_height=Height(4024210) time_since_last_state_block=1m
1791513632.669047 runnervmmprz5 ztreamerd-v0.1.0[3013]: 2026-10-09T02:40:32.668990Z  INFO crawl_and_dial{new_peer_interval=61s}: zakura_network::peer_set::initialize: timer-based crawl finished active_outbound_connections=0 peerset_target_size=100 outbound_connection_limit=150 remaining_replenishment_demand=80
1791513639.744363 runnervmmprz5 ztreamerd-v0.1.0[3013]: 2026-10-09T02:40:39.744307Z  INFO bootstrap_genesis_then_pause{legacy_fallback=true}: zakurad::components::sync: Zakura watchdog probed legacy peers for connected blocks ahead verified_tip=Some(Height(4382897)) blocks_ahead=None
1791513655.781917 runnervmmprz5 ztreamerd-v0.1.0[3013]: 2026-10-09T02:40:55.781797Z  INFO bootstrap_genesis_then_pause{legacy_fallback=true}: zakurad::components::sync: Zakura watchdog probed legacy peers for connected blocks ahead verified_tip=Some(Height(4382897)) blocks_ahead=None
1791513668.429103 runnervmmprz5 ztreamerd-v0.1.0[3013]: 2026-10-09T02:41:08.429037Z  INFO ztreamer_indexer::pipeline: historical pipeline stage totals start_height=0 target_height=4382897 target_hash=00005894e6410b9d9524e38d725e6595ef4c8f85d4deb9e56b340751b0c3d678 fetch_read_seconds=157.450839536 fetch_header_read_seconds=100.613429838 fetch_transaction_read_seconds=54.848996018 fetch_txid_read_seconds=1.9884136799999999 parse_seconds=2.375504049 worker_send_wait_seconds=107.967735655 processed_ranges=17121 processed_blocks=4382898 processed_bytes=10745242165 coordinator_receive_wait_seconds=82.321060807 batch_send_wait_seconds=0.00046836 write_seconds=54.594596905 write_batches=62 written_blocks=4382898
1791513668.429547 runnervmmprz5 ztreamerd-v0.1.0[3013]: 2026-10-09T02:41:08.429232Z  INFO ztreamerd: historical compact index complete height=4382897 elapsed_seconds=86.757453189
1791513668.429547 runnervmmprz5 ztreamerd-v0.1.0[3013]: 2026-10-09T02:41:08.429509Z  INFO ztreamerd: serving CompactTxStreamer gRPC address=127.0.0.1:9067 tls=false
1791513671.785220 runnervmmprz5 ztreamerd-v0.1.0[3013]: 2026-10-09T02:41:11.785137Z  INFO bootstrap_genesis_then_pause{legacy_fallback=true}: zakurad::components::sync: Zakura watchdog probed legacy peers for connected blocks ahead verified_tip=Some(Height(4382897)) blocks_ahead=None
1791513687.788871 runnervmmprz5 ztreamerd-v0.1.0[3013]: 2026-10-09T02:41:27.788806Z  INFO bootstrap_genesis_then_pause{legacy_fallback=true}: zakurad::components::sync: Zakura watchdog probed legacy peers for connected blocks ahead verified_tip=Some(Height(4382897)) blocks_ahead=None
1791513691.699482 runnervmmprz5 ztreamerd-v0.1.0[3013]: 2026-10-09T02:41:31.699420Z  INFO zakurad::components::sync::progress: initial sync is very slow, or estimated tip is wrong. Hint: check your network connection, and your computer clock and time zone sync_percent=99.583% current_height=Height(4382897) network_upgrade=Nu6_3 remaining_sync_blocks=18332 after_checkpoint_height=Height(4024210) time_since_last_state_block=2m
1791513693.669657 runnervmmprz5 ztreamerd-v0.1.0[3013]: 2026-10-09T02:41:33.669590Z  INFO crawl_and_dial{new_peer_interval=61s}: zakura_network::peer_set::initialize: timer-based crawl finished active_outbound_connections=0 peerset_target_size=100 outbound_connection_limit=150 remaining_replenishment_demand=80
1791513703.791934 runnervmmprz5 ztreamerd-v0.1.0[3013]: 2026-10-09T02:41:43.791862Z  INFO bootstrap_genesis_then_pause{legacy_fallback=true}: zakurad::components::sync: Zakura watchdog probed legacy peers for connected blocks ahead verified_tip=Some(Height(4382897)) blocks_ahead=None
1791513713.793389 runnervmmprz5 ztreamerd-v0.1.0[3013]: 2026-10-09T02:41:53.793335Z  INFO zakura_network::peer_set::set: dropping stalled peer: exceeded FindBlocks/FindHeaders stall threshold peer=v4redacted:52506
1791513719.794292 runnervmmprz5 ztreamerd-v0.1.0[3013]: 2026-10-09T02:41:59.794212Z  INFO bootstrap_genesis_then_pause{legacy_fallback=true}: zakurad::components::sync: Zakura watchdog probed legacy peers for connected blocks ahead verified_tip=Some(Height(4382897)) blocks_ahead=None
1791513735.796681 runnervmmprz5 ztreamerd-v0.1.0[3013]: 2026-10-09T02:42:15.796592Z  INFO bootstrap_genesis_then_pause{legacy_fallback=true}: zakurad::components::sync: Zakura watchdog probed legacy peers for connected blocks ahead verified_tip=Some(Height(4382897)) blocks_ahead=None
1791513738.660330 runnervmmprz5 ztreamerd-v0.1.0[3013]: 2026-10-09T02:42:18.660172Z  INFO crawl_and_dial{new_peer_interval=61s}:crawl: zakura_network::peer_set::candidate_set: timeout waiting for peer service readiness or peer responses
1791513751.714494 runnervmmprz5 ztreamerd-v0.1.0[3013]: 2026-10-09T02:42:31.714417Z  INFO zakurad::components::sync::progress: initial sync is very slow, or estimated tip is wrong. Hint: check your network connection, and your computer clock and time zone sync_percent=99.583% current_height=Height(4382897) network_upgrade=Nu6_3 remaining_sync_blocks=18333 after_checkpoint_height=Height(4024210) time_since_last_state_block=3m
1791513751.799841 runnervmmprz5 ztreamerd-v0.1.0[3013]: 2026-10-09T02:42:31.799768Z  INFO bootstrap_genesis_then_pause{legacy_fallback=true}: zakurad::components::sync: Zakura watchdog probed legacy peers for connected blocks ahead verified_tip=Some(Height(4382897)) blocks_ahead=None
1791513754.669520 runnervmmprz5 ztreamerd-v0.1.0[3013]: 2026-10-09T02:42:34.669406Z  INFO crawl_and_dial{new_peer_interval=61s}: zakura_network::peer_set::initialize: timer-based crawl finished active_outbound_connections=0 peerset_target_size=100 outbound_connection_limit=150 remaining_replenishment_demand=80
1791513767.803986 runnervmmprz5 ztreamerd-v0.1.0[3013]: 2026-10-09T02:42:47.803896Z  INFO bootstrap_genesis_then_pause{legacy_fallback=true}: zakurad::components::sync: Zakura watchdog probed legacy peers for connected blocks ahead verified_tip=Some(Height(4382897)) blocks_ahead=None
1791513783.806064 runnervmmprz5 ztreamerd-v0.1.0[3013]: 2026-10-09T02:43:03.805978Z  INFO bootstrap_genesis_then_pause{legacy_fallback=true}: zakurad::components::sync: Zakura watchdog probed legacy peers for connected blocks ahead verified_tip=Some(Height(4382897)) blocks_ahead=None
1791513795.224716 runnervmmprz5 ztreamerd-v0.1.0[3013]: 2026-10-09T02:43:15.224675Z  INFO ztreamerd::lifecycle: shutting down node and application
1791513795.225105 runnervmmprz5 ztreamerd-v0.1.0[3013]: 2026-10-09T02:43:15.224713Z  INFO zakurad::commands::start: exiting Zakura: asking other tasks to stop
1791513795.224881 runnervmmprz5 systemd[1]: Stopping zbench-ztreamer-v0.1.0.service - /opt/zbench/bin/ztreamerd-v0.1.0 --zakura-config /home/runner/work/zcash-indexer-bench/zcash-indexer-bench/runs/ztreamer-v0.1.0-r3/index/zakura.toml --index-dir /zbench/index/ztreamer-v0.1.0 --grpc-listen 127.0.0.1:9067 --metrics-listen 127.0.0.1:9999...
1791513795.225632 runnervmmprz5 ztreamerd-v0.1.0[3013]: 2026-10-09T02:43:15.225604Z  INFO zakurad::commands::start: exiting Zakura: all tasks have been asked to stop, waiting for remaining tasks to finish
1791513795.249974 runnervmmprz5 ztreamerd-v0.1.0[3013]: 2026-10-09T02:43:15.249934Z  INFO zakura_state::service: dropping the state: logging database metrics
1791513795.249974 runnervmmprz5 ztreamerd-v0.1.0[3013]: 2026-10-09T02:43:15.249934Z  INFO zakura_network::address_book_updater: stopping address book updater error=Err(AllAddressBookUpdaterSendersClosed)
1791513795.252070 runnervmmprz5 ztreamerd-v0.1.0[3013]: 2026-10-09T02:43:15.252038Z  INFO zakura_state::service::finalized_state::disk_format::upgrade: checking new blocks were written in current database format running_version=28.1.5+indexer
1791513795.252070 runnervmmprz5 ztreamerd-v0.1.0[3013]: 2026-10-09T02:43:15.252058Z  INFO zakura_state::service::finalized_state::disk_format::upgrade: checking database format produced by new blocks in this instance is valid running_version=28.1.5+indexer
1791513795.253216 runnervmmprz5 ztreamerd-v0.1.0[3013]: 2026-10-09T02:43:15.253191Z  INFO zakura_state::service::finalized_state::disk_db: Total Database Disk Size: 12.4 GB
1791513795.253216 runnervmmprz5 ztreamerd-v0.1.0[3013]: 2026-10-09T02:43:15.253208Z  INFO zakura_state::service::finalized_state::disk_db: Total Live Data Disk Size: 12.4 GB
1791513795.253216 runnervmmprz5 ztreamerd-v0.1.0[3013]: 2026-10-09T02:43:15.253214Z  INFO zakura_state::service::finalized_state::disk_db: Total Database Memory Size: 103.7 MB
1791513795.253387 runnervmmprz5 ztreamerd-v0.1.0[3013]: 2026-10-09T02:43:15.253241Z  INFO zakura_state::service::finalized_state::disk_format::upgrade: checking new blocks were written in current database format running_version=28.1.5+indexer
1791513795.253387 runnervmmprz5 ztreamerd-v0.1.0[3013]: 2026-10-09T02:43:15.253249Z  INFO zakura_state::service::finalized_state::disk_format::upgrade: checking database format produced by new blocks in this instance is valid running_version=28.1.5+indexer
1791513799.535501 runnervmmprz5 ztreamerd-v0.1.0[3013]: 2026-10-09T02:43:19.535451Z  INFO zakura_state::service::finalized_state::disk_format::upgrade: database format is valid running_version=28.1.5+indexer initial_disk_version=28.1.5+indexer
1791513799.535501 runnervmmprz5 ztreamerd-v0.1.0[3013]: 2026-10-09T02:43:19.535451Z  INFO zakura_state::service::finalized_state::disk_format::upgrade: database format is valid running_version=28.1.5+indexer initial_disk_version=28.1.5+indexer
1791513799.536018 runnervmmprz5 ztreamerd-v0.1.0[3013]: 2026-10-09T02:43:19.535528Z  INFO zakura_state::service::finalized_state::disk_db: forcing shutdown of a state database with multiple active instances path="/zbench/zakura-v28/state/v28/testnet"
1791513799.536018 runnervmmprz5 ztreamerd-v0.1.0[3013]: 2026-10-09T02:43:19.535528Z  INFO zakura_state::service::finalized_state::disk_db: forcing shutdown of a state database with multiple active instances path="/zbench/zakura-v28/state/v28/testnet"
1791513799.536395 runnervmmprz5 ztreamerd-v0.1.0[3013]: 2026-10-09T02:43:19.536375Z  INFO zakura_state::service: waiting for the block write task to finish
1791513799.597765 runnervmmprz5 systemd[1]: zbench-ztreamer-v0.1.0.service: Deactivated successfully.
1791513799.598084 runnervmmprz5 systemd[1]: Stopped zbench-ztreamer-v0.1.0.service - /opt/zbench/bin/ztreamerd-v0.1.0 --zakura-config /home/runner/work/zcash-indexer-bench/zcash-indexer-bench/runs/ztreamer-v0.1.0-r3/index/zakura.toml --index-dir /zbench/index/ztreamer-v0.1.0 --grpc-listen 127.0.0.1:9067 --metrics-listen 127.0.0.1:9999.
1791513799.598379 runnervmmprz5 systemd[1]: zbench-ztreamer-v0.1.0.service: Consumed 5min 39.073s CPU time, 10.1G memory peak, 0B memory swap peak, read 13.5G from disk, written 10.5G to disk.
