1791660686.050462 runnervmmprz5 systemd[1]: Started zbench-ztreamer-master.service - /opt/zbench/bin/ztreamerd-master --zakura-config /home/runner/work/zcash-indexer-bench/zcash-indexer-bench/runs/ztreamer-master-r1/index/zakura.toml --index-dir /zbench/index/ztreamer-master --grpc-listen 127.0.0.1:9067 --metrics-listen 127.0.0.1:9999.
1791660686.126888 runnervmmprz5 ztreamerd-master[2832]: 2026-10-10T19:31:26.126383Z  INFO zakurad::components::metrics: Trying to open metrics endpoint at 127.0.0.1:9999...
1791660686.129429 runnervmmprz5 ztreamerd-master[2832]: 2026-10-10T19:31:26.129397Z  INFO zakurad::components::metrics: Opened metrics endpoint at 127.0.0.1:9999
1791660686.137248 runnervmmprz5 ztreamerd-master[2832]: 2026-10-10T19:31:26.137218Z  INFO ztreamerd: starting embedded Zakura network=Testnet
1791660686.140465 runnervmmprz5 ztreamerd-master[2832]: 2026-10-10T19:31:26.140438Z  WARN zakurad::commands::start: TCP slow-start-after-idle is enabled, which resets TCP's congestion window between block requests and significantly reduces single-peer throughput for block propagation. Hint: set `net.ipv4.tcp_slow_start_after_idle=0` via sysctl. See https://zebra.zfnd.org/user/troubleshooting.html#linux-tcp-tuning-for-block-propagation setting="net.ipv4.tcp_slow_start_after_idle"
1791660686.140544 runnervmmprz5 ztreamerd-master[2832]: 2026-10-10T19:31:26.140475Z  INFO zakurad::commands::start: initializing node state
1791660686.140946 runnervmmprz5 ztreamerd-master[2832]: 2026-10-10T19:31:26.140878Z  INFO zakurad::commands::start: opening database, this may take a few minutes
1791660686.156768 runnervmmprz5 ztreamerd-master[2832]: 2026-10-10T19:31:26.156741Z  INFO zakura_state::service::finalized_state::disk_db: created new directory for state cache at "/zbench/zakura-v29/state/v29/testnet"
1791660686.156839 runnervmmprz5 ztreamerd-master[2832]: 2026-10-10T19:31:26.156780Z  INFO zakura_state::service::finalized_state::disk_db: moved state cache from "/zbench/zakura-v29/state/v28/testnet" to "/zbench/zakura-v29/state/v29/testnet"
1791660686.161125 runnervmmprz5 ztreamerd-master[2832]: 2026-10-10T19:31:26.161103Z  INFO zakura_state::service::finalized_state::disk_db: removed empty old state cache directory at "/zbench/zakura-v29/state/v28"
1791660686.161528 runnervmmprz5 ztreamerd-master[2832]: 2026-10-10T19:31:26.161412Z  INFO zakura_state::service::finalized_state::disk_format::upgrade: trying to open older database format: launching upgrade task running_version=29.1.0+indexer disk_version=28.0.0
1791660690.033533 runnervmmprz5 ztreamerd-master[2832]: 2026-10-10T19:31:30.032880Z  INFO zakura_state::service::finalized_state::disk_db: Opened Zakura state cache at /zbench/zakura-v29/state/v29/testnet
1791660690.042258 runnervmmprz5 ztreamerd-master[2832]: 2026-10-10T19:31:30.042229Z  INFO zakura_state::service::finalized_state::disk_format::upgrade: Zakura automatically upgraded the database format newer_running_version=Version { major: 28, minor: 0, patch: 1 }
1791660690.043961 runnervmmprz5 ztreamerd-master[2832]: 2026-10-10T19:31:30.043937Z  INFO zakura_state::service::finalized_state::disk_format::upgrade: marked database format as upgraded running_version=29.1.0+indexer disk_version=28.0.0 format_upgrade_version=28.0.1
1791660690.044456 runnervmmprz5 ztreamerd-master[2832]: 2026-10-10T19:31:30.044440Z  INFO zakura_state::service::finalized_state::disk_format::upgrade: Zakura automatically upgraded the database format newer_running_version=Version { major: 28, minor: 0, patch: 2 }
1791660690.046225 runnervmmprz5 ztreamerd-master[2832]: 2026-10-10T19:31:30.046200Z  INFO zakura_state::service::finalized_state::disk_format::upgrade: marked database format as upgraded running_version=29.1.0+indexer disk_version=28.0.1 format_upgrade_version=28.0.2
1791660690.046225 runnervmmprz5 ztreamerd-master[2832]: 2026-10-10T19:31:30.046221Z  INFO zakura_state::service::finalized_state::disk_format::upgrade: Zakura automatically upgraded the database format newer_running_version=Version { major: 28, minor: 1, patch: 3 }
1791660690.047278 runnervmmprz5 ztreamerd-master[2832]: 2026-10-10T19:31:30.047253Z  INFO zakura_state::service::finalized_state::disk_format::upgrade: marked database format as upgraded running_version=29.1.0+indexer disk_version=28.0.2 format_upgrade_version=28.1.3
1791660690.048227 runnervmmprz5 ztreamerd-master[2832]: 2026-10-10T19:31:30.048204Z  INFO zakura_state::service::finalized_state::disk_format::upgrade: Zakura automatically upgraded the database format newer_running_version=Version { major: 28, minor: 1, patch: 4 }
1791660690.049073 runnervmmprz5 ztreamerd-master[2832]: 2026-10-10T19:31:30.049052Z  INFO zakura_state::service::finalized_state::disk_format::upgrade: marked database format as upgraded running_version=29.1.0+indexer disk_version=28.1.3 format_upgrade_version=28.1.4
1791660690.049389 runnervmmprz5 ztreamerd-master[2832]: 2026-10-10T19:31:30.049369Z  INFO zakura_state::service::finalized_state::disk_format::upgrade: Zakura automatically upgraded the database format newer_running_version=Version { major: 28, minor: 1, patch: 5 }
1791660690.050216 runnervmmprz5 ztreamerd-master[2832]: 2026-10-10T19:31:30.050196Z  INFO zakura_state::service::finalized_state::disk_format::upgrade: marked database format as upgraded running_version=29.1.0+indexer disk_version=28.1.4 format_upgrade_version=28.1.5
1791660690.050304 runnervmmprz5 ztreamerd-master[2832]: 2026-10-10T19:31:30.050291Z  INFO zakura_state::service::finalized_state::disk_format::upgrade: Zakura automatically upgraded the database format newer_running_version=Version { major: 29, minor: 0, patch: 0 }
1791660690.051014 runnervmmprz5 ztreamerd-master[2832]: 2026-10-10T19:31:30.050996Z  INFO zakura_state::service::finalized_state::disk_format::upgrade: marked database format as upgraded running_version=29.1.0+indexer disk_version=28.1.5 format_upgrade_version=29.0.0
1791660690.051014 runnervmmprz5 ztreamerd-master[2832]: 2026-10-10T19:31:30.051010Z  INFO zakura_state::service::finalized_state::disk_format::upgrade: Zakura automatically upgraded the database format newer_running_version=Version { major: 29, minor: 1, patch: 0 }
1791660690.051827 runnervmmprz5 ztreamerd-master[2832]: 2026-10-10T19:31:30.051804Z  INFO zakura_state::service::finalized_state::disk_format::upgrade: marked database format as upgraded running_version=29.1.0+indexer disk_version=29.0.0 format_upgrade_version=29.1.0
1791660690.051827 runnervmmprz5 ztreamerd-master[2832]: 2026-10-10T19:31:30.051820Z  INFO zakura_state::service::finalized_state::disk_format::upgrade: database is fully upgraded newer_running_version=29.1.0+indexer older_disk_version=28.0.0
1791660690.054020 runnervmmprz5 ztreamerd-master[2832]: 2026-10-10T19:31:30.052600Z  INFO zakura_state::service::finalized_state::disk_format::upgrade: started checking/adding indexes for spending tx ids
1791660753.558219 runnervmmprz5 ztreamerd-master[2832]: 2026-10-10T19:32:33.557988Z  INFO zakura_state::service::finalized_state::disk_format::upgrade: finished checking/adding indexes for spending tx ids
1791660756.793247 runnervmmprz5 ztreamerd-master[2832]: 2026-10-10T19:32:36.793207Z  INFO zakura_state::service::finalized_state::disk_format::upgrade: database format is valid running_version=29.1.0+indexer initial_disk_version=28.0.0
1791660756.793561 runnervmmprz5 ztreamerd-master[2832]: 2026-10-10T19:32:36.793427Z  INFO zakura_state::service: historical tree derivation is idle: this network has no embedded historical frontier artifact
1791660756.793561 runnervmmprz5 ztreamerd-master[2832]: 2026-10-10T19:32:36.793483Z  INFO zakura_state::service::non_finalized_state: restoring non-finalized blocks from backup and spawning backup task backup_dir_path="/zbench/zakura-v29/non_finalized_state/testnet"
1791660756.794000 runnervmmprz5 ztreamerd-master[2832]: 2026-10-10T19:32:36.793973Z  INFO zakura_state::service: loaded Zakura state cache chain_tip=Some((block::Hash("00005894e6410b9d9524e38d725e6595ef4c8f85d4deb9e56b340751b0c3d678"), Height(4382897)))
1791660756.794309 runnervmmprz5 ztreamerd-master[2832]: 2026-10-10T19:32:36.794288Z  INFO zakura_state::service: starting legacy chain check
1791660756.794457 runnervmmprz5 ztreamerd-master[2832]: 2026-10-10T19:32:36.794442Z  INFO zakura_state::service: cached state consensus branch is valid: no legacy chain found
1791660756.794530 runnervmmprz5 ztreamerd-master[2832]: 2026-10-10T19:32:36.794516Z  INFO zakurad::commands::start: logging database metrics on startup
1791660756.797509 runnervmmprz5 ztreamerd-master[2832]: 2026-10-10T19:32:36.797485Z  INFO zakura_state::service::finalized_state::disk_db: Total Database Disk Size: 12.6 GB
1791660756.797509 runnervmmprz5 ztreamerd-master[2832]: 2026-10-10T19:32:36.797499Z  INFO zakura_state::service::finalized_state::disk_db: Total Live Data Disk Size: 12.6 GB
1791660756.797509 runnervmmprz5 ztreamerd-master[2832]: 2026-10-10T19:32:36.797503Z  INFO zakura_state::service::finalized_state::disk_db: Total Database Memory Size: 105.1 MB
1791660756.797677 runnervmmprz5 ztreamerd-master[2832]: 2026-10-10T19:32:36.797533Z  INFO zakurad::commands::start::zakura::coordinator: sync apply lifecycle changed apply_phase="native" apply_epoch=0
1791660756.797677 runnervmmprz5 ztreamerd-master[2832]: 2026-10-10T19:32:36.797540Z  INFO zakurad::commands::start: initializing network
1791660756.797677 runnervmmprz5 ztreamerd-master[2832]: 2026-10-10T19:32:36.797597Z  INFO open_listener{addr=0.0.0.0:8243}: zakura_network::peer_set::initialize: Trying to open Zcash protocol endpoint at 0.0.0.0:8243...
1791660756.797677 runnervmmprz5 ztreamerd-master[2832]: 2026-10-10T19:32:36.797629Z  INFO open_listener{addr=0.0.0.0:8243}: zakura_network::peer_set::initialize: Opened Zcash protocol endpoint at 0.0.0.0:8243
1791660756.797811 runnervmmprz5 ztreamerd-master[2832]: 2026-10-10T19:32:36.797747Z  INFO zakura_network::address_book_updater: starting the address book updater
1791660756.798286 runnervmmprz5 ztreamerd-master[2832]: 2026-10-10T19:32:36.798266Z  INFO add_initial_peers: zakura_network::config: resolved seed peer IP addresses seed="127.0.0.1:8233" remote_ip_count=1
1791660756.798405 runnervmmprz5 ztreamerd-master[2832]: 2026-10-10T19:32:36.798327Z  INFO add_initial_peers: zakura_network::peer_set::initialize: connecting to initial peer set ipv4_peer_count=1 ipv6_peer_count=0
1791660756.800032 runnervmmprz5 ztreamerd-master[2832]: 2026-10-10T19:32:36.800010Z  INFO add_initial_peers: zakura_network::peer_set::initialize: finished connecting to initial seed and disk cache peers handshake_success_total=1 handshake_error_total=0 outbound_connections=1
1791660756.800107 runnervmmprz5 ztreamerd-master[2832]: 2026-10-10T19:32:36.800055Z  INFO zakura_network::peer_set::initialize: sending initial request for peers active_initial_peer_count=1
1791660756.800814 runnervmmprz5 ztreamerd-master[2832]: 2026-10-10T19:32:36.800760Z  INFO zakurad::commands::start: initializing verifiers
1791660756.800814 runnervmmprz5 ztreamerd-master[2832]: 2026-10-10T19:32:36.800781Z  INFO crawl_and_dial{new_peer_interval=61s}: zakura_network::peer_set::initialize: starting the peer address crawler crawl_new_peer_interval=61s outbound_connections=1
1791660756.800921 runnervmmprz5 ztreamerd-master[2832]: 2026-10-10T19:32:36.800879Z  INFO init_with_transaction_state{config=Config { checkpoint_sync: true, vct_fast_sync: None } network=Testnet}: zakura_consensus::router: starting state checkpoint validation
1791660756.801336 runnervmmprz5 ztreamerd-master[2832]: 2026-10-10T19:32:36.801310Z  INFO init_with_transaction_state{config=Config { checkpoint_sync: true, vct_fast_sync: None } network=Testnet}: zakura_consensus::router: initializing block verifier router tip=Some((Height(4382897), block::Hash("00005894e6410b9d9524e38d725e6595ef4c8f85d4deb9e56b340751b0c3d678"))) max_checkpoint_height=Height(4023200)
1791660756.801429 runnervmmprz5 ztreamerd-master[2832]: 2026-10-10T19:32:36.801422Z  INFO zakurad::commands::start: initializing syncer
1791660756.801496 runnervmmprz5 ztreamerd-master[2832]: 2026-10-10T19:32:36.801490Z  INFO zakurad::commands::start: initializing mempool
1791660756.801694 runnervmmprz5 ztreamerd-master[2832]: 2026-10-10T19:32:36.801687Z  INFO zakurad::commands::start: fully initializing inbound peer request handler
1791660756.802130 runnervmmprz5 ztreamerd-master[2832]: 2026-10-10T19:32:36.802110Z  INFO zakura_rpc::server::cookie: RPC auth cookie written to disk
1791660756.802206 runnervmmprz5 ztreamerd-master[2832]: 2026-10-10T19:32:36.802144Z  INFO zakura_rpc::server: Opened RPC endpoint at 127.0.0.1:8242
1791660756.802206 runnervmmprz5 ztreamerd-master[2832]: 2026-10-10T19:32:36.802159Z  WARN zakurad::commands::start: configure an indexer_listen_addr to start the indexer RPC server
1791660756.802206 runnervmmprz5 ztreamerd-master[2832]: 2026-10-10T19:32:36.802163Z  INFO zakurad::commands::start: spawning block gossip task
1791660756.802206 runnervmmprz5 ztreamerd-master[2832]: 2026-10-10T19:32:36.802169Z  INFO zakurad::commands::start: spawning mempool queue checker task
1791660756.802206 runnervmmprz5 ztreamerd-master[2832]: 2026-10-10T19:32:36.802188Z  INFO zakurad::commands::start: spawning mempool transaction gossip task
1791660756.802206 runnervmmprz5 ztreamerd-master[2832]: 2026-10-10T19:32:36.802193Z  INFO zakurad::commands::start: spawning delete old databases task
1791660756.802206 runnervmmprz5 ztreamerd-master[2832]: 2026-10-10T19:32:36.802201Z  INFO zakurad::commands::start: spawning progress logging task
1791660756.802206 runnervmmprz5 ztreamerd-master[2832]: 2026-10-10T19:32:36.802201Z  INFO zakurad::components::sync::gossip: initializing block gossip task
1791660756.802386 runnervmmprz5 ztreamerd-master[2832]: 2026-10-10T19:32:36.802217Z  INFO zakurad::components::mempool::queue_checker: initializing mempool queue checker task
1791660756.802386 runnervmmprz5 ztreamerd-master[2832]: 2026-10-10T19:32:36.802225Z  INFO zakurad::components::mempool::gossip: initializing transaction gossip task
1791660756.802386 runnervmmprz5 ztreamerd-master[2832]: 2026-10-10T19:32:36.802265Z  INFO zakura_state::config: checking for old database versions db_kind="state"
1791660756.802386 runnervmmprz5 ztreamerd-master[2832]: 2026-10-10T19:32:36.802301Z  INFO zakura_state::config: finished old database version cleanup task
1791660756.802386 runnervmmprz5 ztreamerd-master[2832]: 2026-10-10T19:32:36.802206Z  INFO zakurad::commands::start: initializing health endpoints
1791660756.802386 runnervmmprz5 ztreamerd-master[2832]: 2026-10-10T19:32:36.802321Z  INFO zakurad::commands::start: spawning end of support checking task
1791660756.802386 runnervmmprz5 ztreamerd-master[2832]: 2026-10-10T19:32:36.802329Z  INFO zakurad::commands::start: spawning mempool crawler task
1791660756.802386 runnervmmprz5 ztreamerd-master[2832]: 2026-10-10T19:32:36.802327Z  INFO zakurad::components::sync::end_of_support: Starting end of support task
1791660756.802386 runnervmmprz5 ztreamerd-master[2832]: 2026-10-10T19:32:36.802333Z  INFO zakurad::commands::start: spawning syncer task
1791660756.802386 runnervmmprz5 ztreamerd-master[2832]: 2026-10-10T19:32:36.802341Z  INFO zakurad::commands::start: spawned initial Zakura tasks
1791660756.802386 runnervmmprz5 ztreamerd-master[2832]: 2026-10-10T19:32:36.802340Z  INFO zakurad::components::mempool::crawler: initializing mempool crawler task
1791660756.802386 runnervmmprz5 ztreamerd-master[2832]: 2026-10-10T19:32:36.802355Z  INFO ztreamerd: waiting for Zakura to sync near the chain tip
1791660756.802681 runnervmmprz5 ztreamerd-master[2832]: 2026-10-10T19:32:36.802471Z  INFO sync:try_to_sync{header_runtime_status=None}: zakurad::components::sync: starting sync, obtaining new tips state_tip=Some(Height(4382897))
1791660756.802915 runnervmmprz5 ztreamerd-master[2832]: 2026-10-10T19:32:36.802892Z  INFO crawl_and_dial{new_peer_interval=61s}: zakura_network::peer_set::initialize: timer-based crawl finished active_outbound_connections=35 peerset_target_size=100 outbound_connection_limit=150 remaining_replenishment_demand=45
1791660759.185695 runnervmmprz5 ztreamerd-master[2832]: 2026-10-10T19:32:39.185662Z  INFO init_with_transaction_state{config=Config { checkpoint_sync: true, vct_fast_sync: None } network=Testnet}: zakura_consensus::router: finished state checkpoint validation
1791660761.803431 runnervmmprz5 ztreamerd-master[2832]: 2026-10-10T19:32:41.803393Z  WARN zakurad::components::sync::progress: chain tip metrics channel closed err=SendError { .. }
1791660762.804658 runnervmmprz5 ztreamerd-master[2832]: 2026-10-10T19:32:42.804625Z  INFO sync:try_to_sync{header_runtime_status=None}: zakurad::components::sync: exhausted prospective tip set
1791660762.804871 runnervmmprz5 ztreamerd-master[2832]: 2026-10-10T19:32:42.804629Z  INFO zakurad::components::sync::gossip: height=Height(4382897) request=AdvertiseBlock(block::Hash("00005894e6410b9d9524e38d725e6595ef4c8f85d4deb9e56b340751b0c3d678"), None) log_msg="sending committed block broadcast"
1791660762.804871 runnervmmprz5 ztreamerd-master[2832]: 2026-10-10T19:32:42.804696Z  INFO ztreamerd: Zakura is near the chain tip tip=Some((Height(4382897), block::Hash("00005894e6410b9d9524e38d725e6595ef4c8f85d4deb9e56b340751b0c3d678")))
1791660762.804871 runnervmmprz5 ztreamerd-master[2832]: 2026-10-10T19:32:42.804844Z  INFO ztreamerd: syncing historical compact index
1791660762.804871 runnervmmprz5 ztreamerd-master[2832]: 2026-10-10T19:32:42.804660Z  INFO sync: zakurad::components::sync: waiting to restart sync timeout=10s state_tip=Some(Height(4382897))
1791660766.803126 runnervmmprz5 ztreamerd-master[2832]: 2026-10-10T19:32:46.803074Z  INFO zakurad::components::sync::end_of_support: Release always valid in Testnet
1791660766.804306 runnervmmprz5 ztreamerd-master[2832]: 2026-10-10T19:32:46.804281Z  INFO zakurad::components::mempool: activating mempool tip_height=Height(4382897) reason="estimated close to the network tip"
1791660772.806390 runnervmmprz5 ztreamerd-master[2832]: 2026-10-10T19:32:52.806337Z  INFO sync:try_to_sync{header_runtime_status=None}: zakurad::components::sync: starting sync, obtaining new tips state_tip=Some(Height(4382897))
1791660778.808716 runnervmmprz5 ztreamerd-master[2832]: 2026-10-10T19:32:58.808670Z  INFO sync:try_to_sync{header_runtime_status=None}: zakurad::components::sync: exhausted prospective tip set
1791660778.808716 runnervmmprz5 ztreamerd-master[2832]: 2026-10-10T19:32:58.808704Z  INFO sync: zakurad::components::sync: waiting to restart sync timeout=10s state_tip=Some(Height(4382897))
1791660788.810696 runnervmmprz5 ztreamerd-master[2832]: 2026-10-10T19:33:08.810648Z  INFO sync:try_to_sync{header_runtime_status=None}: zakurad::components::sync: starting sync, obtaining new tips state_tip=Some(Height(4382897))
1791660794.818778 runnervmmprz5 ztreamerd-master[2832]: 2026-10-10T19:33:14.818735Z  INFO sync:try_to_sync{header_runtime_status=None}: zakurad::components::sync: exhausted prospective tip set
1791660794.818778 runnervmmprz5 ztreamerd-master[2832]: 2026-10-10T19:33:14.818764Z  INFO sync: zakurad::components::sync: waiting to restart sync timeout=10s state_tip=Some(Height(4382897))
1791660804.820034 runnervmmprz5 ztreamerd-master[2832]: 2026-10-10T19:33:24.819992Z  INFO sync:try_to_sync{header_runtime_status=None}: zakurad::components::sync: starting sync, obtaining new tips state_tip=Some(Height(4382897))
1791660810.822591 runnervmmprz5 ztreamerd-master[2832]: 2026-10-10T19:33:30.822553Z  INFO sync:try_to_sync{header_runtime_status=None}: zakurad::components::sync: exhausted prospective tip set
1791660810.822591 runnervmmprz5 ztreamerd-master[2832]: 2026-10-10T19:33:30.822579Z  INFO sync: zakurad::components::sync: waiting to restart sync timeout=10s state_tip=Some(Height(4382897))
1791660816.813841 runnervmmprz5 ztreamerd-master[2832]: 2026-10-10T19:33:36.813794Z  INFO zakurad::components::sync::progress: initial sync is very slow, or estimated tip is wrong. Hint: check your network connection, and your computer clock and time zone sync_percent=99.539% current_height=Height(4382897) network_upgrade=Nu6_3 remaining_sync_blocks=20294 after_checkpoint_height=Height(4024210) time_since_last_state_block=1m
1791660817.801875 runnervmmprz5 ztreamerd-master[2832]: 2026-10-10T19:33:37.801819Z  INFO crawl_and_dial{new_peer_interval=61s}: zakura_network::peer_set::initialize: timer-based crawl finished active_outbound_connections=1 peerset_target_size=100 outbound_connection_limit=150 remaining_replenishment_demand=79
1791660820.823125 runnervmmprz5 ztreamerd-master[2832]: 2026-10-10T19:33:40.823081Z  INFO sync:try_to_sync{header_runtime_status=None}: zakurad::components::sync: starting sync, obtaining new tips state_tip=Some(Height(4382897))
1791660826.825437 runnervmmprz5 ztreamerd-master[2832]: 2026-10-10T19:33:46.825398Z  INFO sync:try_to_sync{header_runtime_status=None}: zakurad::components::sync: exhausted prospective tip set
1791660826.825437 runnervmmprz5 ztreamerd-master[2832]: 2026-10-10T19:33:46.825424Z  INFO sync: zakurad::components::sync: waiting to restart sync timeout=10s state_tip=Some(Height(4382897))
1791660836.826563 runnervmmprz5 ztreamerd-master[2832]: 2026-10-10T19:33:56.826517Z  INFO sync:try_to_sync{header_runtime_status=None}: zakurad::components::sync: starting sync, obtaining new tips state_tip=Some(Height(4382897))
1791660839.312298 runnervmmprz5 ztreamerd-master[2832]: 2026-10-10T19:33:59.312244Z  INFO ztreamer_indexer::pipeline: historical pipeline stage totals start_height=0 target_height=4382897 target_hash=00005894e6410b9d9524e38d725e6595ef4c8f85d4deb9e56b340751b0c3d678 fetch_read_seconds=150.650468685 fetch_header_read_seconds=88.277457675 fetch_transaction_read_seconds=60.288909412 fetch_txid_read_seconds=2.084101598 parse_seconds=1.289759726 worker_send_wait_seconds=102.192718427 processed_ranges=17121 processed_blocks=4382898 processed_bytes=10745242165 coordinator_receive_wait_seconds=59.891694396 batch_send_wait_seconds=11.775755499 write_seconds=70.544559576 write_batches=62 written_blocks=4382898
1791660839.312636 runnervmmprz5 ztreamerd-master[2832]: 2026-10-10T19:33:59.312460Z  INFO ztreamerd: historical compact index complete height=4382897 elapsed_seconds=76.507607854
1791660839.312901 runnervmmprz5 ztreamerd-master[2832]: 2026-10-10T19:33:59.312872Z  INFO ztreamerd: serving CompactTxStreamer gRPC address=127.0.0.1:9067 tls=false
1791660842.828043 runnervmmprz5 ztreamerd-master[2832]: 2026-10-10T19:34:02.827999Z  INFO sync:try_to_sync{header_runtime_status=None}: zakurad::components::sync: exhausted prospective tip set
1791660842.828043 runnervmmprz5 ztreamerd-master[2832]: 2026-10-10T19:34:02.828028Z  INFO sync: zakurad::components::sync: waiting to restart sync timeout=10s state_tip=Some(Height(4382897))
1791660852.828963 runnervmmprz5 ztreamerd-master[2832]: 2026-10-10T19:34:12.828916Z  INFO sync:try_to_sync{header_runtime_status=None}: zakurad::components::sync: starting sync, obtaining new tips state_tip=Some(Height(4382897))
1791660858.830847 runnervmmprz5 ztreamerd-master[2832]: 2026-10-10T19:34:18.830787Z  INFO sync:try_to_sync{header_runtime_status=None}: zakurad::components::sync: exhausted prospective tip set
1791660858.830847 runnervmmprz5 ztreamerd-master[2832]: 2026-10-10T19:34:18.830814Z  INFO sync: zakurad::components::sync: waiting to restart sync timeout=10s state_tip=Some(Height(4382897))
1791660868.832030 runnervmmprz5 ztreamerd-master[2832]: 2026-10-10T19:34:28.831863Z  INFO sync:try_to_sync{header_runtime_status=None}: zakurad::components::sync: starting sync, obtaining new tips state_tip=Some(Height(4382897))
1791660874.832974 runnervmmprz5 ztreamerd-master[2832]: 2026-10-10T19:34:34.832920Z  INFO sync:try_to_sync{header_runtime_status=None}: zakurad::components::sync: exhausted prospective tip set
1791660874.832974 runnervmmprz5 ztreamerd-master[2832]: 2026-10-10T19:34:34.832952Z  INFO sync: zakurad::components::sync: waiting to restart sync timeout=10s state_tip=Some(Height(4382897))
1791660876.827090 runnervmmprz5 ztreamerd-master[2832]: 2026-10-10T19:34:36.826929Z  INFO zakurad::components::sync::progress: initial sync is very slow, or estimated tip is wrong. Hint: check your network connection, and your computer clock and time zone sync_percent=99.539% current_height=Height(4382897) network_upgrade=Nu6_3 remaining_sync_blocks=20295 after_checkpoint_height=Height(4024210) time_since_last_state_block=2m
1791660878.803390 runnervmmprz5 ztreamerd-master[2832]: 2026-10-10T19:34:38.803351Z  INFO crawl_and_dial{new_peer_interval=61s}: zakura_network::peer_set::initialize: timer-based crawl finished active_outbound_connections=1 peerset_target_size=100 outbound_connection_limit=150 remaining_replenishment_demand=79
1791660884.834515 runnervmmprz5 ztreamerd-master[2832]: 2026-10-10T19:34:44.834470Z  INFO sync:try_to_sync{header_runtime_status=None}: zakurad::components::sync: starting sync, obtaining new tips state_tip=Some(Height(4382897))
1791660890.835887 runnervmmprz5 ztreamerd-master[2832]: 2026-10-10T19:34:50.835842Z  INFO sync:try_to_sync{header_runtime_status=None}: zakurad::components::sync: exhausted prospective tip set
1791660890.835887 runnervmmprz5 ztreamerd-master[2832]: 2026-10-10T19:34:50.835874Z  INFO sync: zakurad::components::sync: waiting to restart sync timeout=10s state_tip=Some(Height(4382897))
1791660900.837523 runnervmmprz5 ztreamerd-master[2832]: 2026-10-10T19:35:00.837473Z  INFO sync:try_to_sync{header_runtime_status=None}: zakurad::components::sync: starting sync, obtaining new tips state_tip=Some(Height(4382897))
1791660906.839099 runnervmmprz5 ztreamerd-master[2832]: 2026-10-10T19:35:06.839016Z  INFO sync:try_to_sync{header_runtime_status=None}: zakurad::components::sync: exhausted prospective tip set
1791660906.839099 runnervmmprz5 ztreamerd-master[2832]: 2026-10-10T19:35:06.839042Z  INFO sync: zakurad::components::sync: waiting to restart sync timeout=10s state_tip=Some(Height(4382897))
1791660916.840389 runnervmmprz5 ztreamerd-master[2832]: 2026-10-10T19:35:16.840227Z  INFO sync:try_to_sync{header_runtime_status=None}: zakurad::components::sync: starting sync, obtaining new tips state_tip=Some(Height(4382897))
1791660922.842548 runnervmmprz5 ztreamerd-master[2832]: 2026-10-10T19:35:22.842506Z  INFO sync:try_to_sync{header_runtime_status=None}: zakurad::components::sync: exhausted prospective tip set
1791660922.842548 runnervmmprz5 ztreamerd-master[2832]: 2026-10-10T19:35:22.842535Z  INFO sync: zakurad::components::sync: waiting to restart sync timeout=10s state_tip=Some(Height(4382897))
1791660932.843630 runnervmmprz5 ztreamerd-master[2832]: 2026-10-10T19:35:32.843467Z  INFO sync:try_to_sync{header_runtime_status=None}: zakurad::components::sync: starting sync, obtaining new tips state_tip=Some(Height(4382897))
1791660936.839331 runnervmmprz5 ztreamerd-master[2832]: 2026-10-10T19:35:36.839194Z  INFO zakurad::components::sync::progress: initial sync is very slow, or estimated tip is wrong. Hint: check your network connection, and your computer clock and time zone sync_percent=99.539% current_height=Height(4382897) network_upgrade=Nu6_3 remaining_sync_blocks=20296 after_checkpoint_height=Height(4024210) time_since_last_state_block=3m
1791660938.844928 runnervmmprz5 ztreamerd-master[2832]: 2026-10-10T19:35:38.844889Z  INFO sync:try_to_sync{header_runtime_status=None}: zakurad::components::sync: exhausted prospective tip set
1791660938.844928 runnervmmprz5 ztreamerd-master[2832]: 2026-10-10T19:35:38.844919Z  INFO sync: zakurad::components::sync: waiting to restart sync timeout=10s state_tip=Some(Height(4382897))
1791660939.802075 runnervmmprz5 ztreamerd-master[2832]: 2026-10-10T19:35:39.801953Z  INFO crawl_and_dial{new_peer_interval=61s}: zakura_network::peer_set::initialize: timer-based crawl finished active_outbound_connections=1 peerset_target_size=100 outbound_connection_limit=150 remaining_replenishment_demand=79
1791660948.846033 runnervmmprz5 ztreamerd-master[2832]: 2026-10-10T19:35:48.845939Z  INFO sync:try_to_sync{header_runtime_status=None}: zakurad::components::sync: starting sync, obtaining new tips state_tip=Some(Height(4382897))
1791660954.847623 runnervmmprz5 ztreamerd-master[2832]: 2026-10-10T19:35:54.847574Z  INFO sync:try_to_sync{header_runtime_status=None}: zakurad::components::sync: exhausted prospective tip set
1791660954.847623 runnervmmprz5 ztreamerd-master[2832]: 2026-10-10T19:35:54.847612Z  INFO sync: zakurad::components::sync: waiting to restart sync timeout=10s state_tip=Some(Height(4382897))
1791660964.848829 runnervmmprz5 ztreamerd-master[2832]: 2026-10-10T19:36:04.848666Z  INFO sync:try_to_sync{header_runtime_status=None}: zakurad::components::sync: starting sync, obtaining new tips state_tip=Some(Height(4382897))
1791660964.911830 runnervmmprz5 ztreamerd-master[2832]: 2026-10-10T19:36:04.911802Z  INFO ztreamerd::lifecycle: shutting down node and application
1791660964.911830 runnervmmprz5 ztreamerd-master[2832]: 2026-10-10T19:36:04.911829Z  INFO zakurad::commands::start: exiting Zakura: asking other tasks to stop
1791660964.911933 runnervmmprz5 ztreamerd-master[2832]: 2026-10-10T19:36:04.911838Z  INFO zakurad::commands::start: exiting Zakura: all tasks have been asked to stop, waiting for remaining tasks to finish
1791660964.911910 runnervmmprz5 systemd[1]: Stopping zbench-ztreamer-master.service - /opt/zbench/bin/ztreamerd-master --zakura-config /home/runner/work/zcash-indexer-bench/zcash-indexer-bench/runs/ztreamer-master-r1/index/zakura.toml --index-dir /zbench/index/ztreamer-master --grpc-listen 127.0.0.1:9067 --metrics-listen 127.0.0.1:9999...
1791660964.929194 runnervmmprz5 ztreamerd-master[2832]: 2026-10-10T19:36:04.928002Z  INFO zakura_state::service: dropping the state: logging database metrics
1791660964.929194 runnervmmprz5 ztreamerd-master[2832]: 2026-10-10T19:36:04.928119Z  INFO zakura_network::address_book_updater: stopping address book updater error=Err(AllAddressBookUpdaterSendersClosed)
1791660964.929194 runnervmmprz5 ztreamerd-master[2832]: 2026-10-10T19:36:04.928314Z  INFO zakura_state::service::finalized_state::disk_format::upgrade: checking new blocks were written in current database format running_version=29.1.0+indexer
1791660964.929194 runnervmmprz5 ztreamerd-master[2832]: 2026-10-10T19:36:04.928325Z  INFO zakura_state::service::finalized_state::disk_format::upgrade: checking database format produced by new blocks in this instance is valid running_version=29.1.0+indexer
1791660964.930185 runnervmmprz5 ztreamerd-master[2832]: 2026-10-10T19:36:04.930152Z  INFO zakura_state::service::finalized_state::disk_db: Total Database Disk Size: 12.6 GB
1791660964.930185 runnervmmprz5 ztreamerd-master[2832]: 2026-10-10T19:36:04.930165Z  INFO zakura_state::service::finalized_state::disk_db: Total Live Data Disk Size: 12.6 GB
1791660964.930185 runnervmmprz5 ztreamerd-master[2832]: 2026-10-10T19:36:04.930169Z  INFO zakura_state::service::finalized_state::disk_db: Total Database Memory Size: 105.1 MB
1791660964.930323 runnervmmprz5 ztreamerd-master[2832]: 2026-10-10T19:36:04.930212Z  INFO zakura_state::service::finalized_state::disk_format::upgrade: checking new blocks were written in current database format running_version=29.1.0+indexer
1791660964.930323 runnervmmprz5 ztreamerd-master[2832]: 2026-10-10T19:36:04.930216Z  INFO zakura_state::service::finalized_state::disk_format::upgrade: checking database format produced by new blocks in this instance is valid running_version=29.1.0+indexer
1791660968.227739 runnervmmprz5 ztreamerd-master[2832]: 2026-10-10T19:36:08.227693Z  INFO zakura_state::service::finalized_state::disk_format::upgrade: database format is valid running_version=29.1.0+indexer initial_disk_version=29.1.0+indexer
1791660968.227739 runnervmmprz5 ztreamerd-master[2832]: 2026-10-10T19:36:08.227693Z  INFO zakura_state::service::finalized_state::disk_format::upgrade: database format is valid running_version=29.1.0+indexer initial_disk_version=29.1.0+indexer
1791660968.227739 runnervmmprz5 ztreamerd-master[2832]: 2026-10-10T19:36:08.227744Z  INFO zakura_state::service::finalized_state::disk_db: forcing shutdown of a state database with multiple active instances path="/zbench/zakura-v29/state/v29/testnet"
1791660968.228083 runnervmmprz5 ztreamerd-master[2832]: 2026-10-10T19:36:08.227729Z  INFO zakura_state::service::finalized_state::disk_db: forcing shutdown of a state database with multiple active instances path="/zbench/zakura-v29/state/v29/testnet"
1791660968.228831 runnervmmprz5 ztreamerd-master[2832]: 2026-10-10T19:36:08.228807Z  INFO zakura_state::service: waiting for the block write task to finish
1791660968.228986 runnervmmprz5 ztreamerd-master[2832]: 2026-10-10T19:36:08.228970Z  INFO zakura_state::service::finalized_state::disk_format::upgrade: checking new blocks were written in current database format running_version=29.1.0+indexer
1791660968.228986 runnervmmprz5 ztreamerd-master[2832]: 2026-10-10T19:36:08.228979Z  INFO zakura_state::service::finalized_state::disk_format::upgrade: checking database format produced by new blocks in this instance is valid running_version=29.1.0+indexer
1791660970.405029 runnervmmprz5 ztreamerd-master[2832]: 2026-10-10T19:36:10.404985Z  INFO zakura_state::service::finalized_state::disk_format::upgrade: database format is valid running_version=29.1.0+indexer initial_disk_version=29.1.0+indexer
1791660970.458063 runnervmmprz5 systemd[1]: zbench-ztreamer-master.service: Deactivated successfully.
1791660970.458272 runnervmmprz5 systemd[1]: Stopped zbench-ztreamer-master.service - /opt/zbench/bin/ztreamerd-master --zakura-config /home/runner/work/zcash-indexer-bench/zcash-indexer-bench/runs/ztreamer-master-r1/index/zakura.toml --index-dir /zbench/index/ztreamer-master --grpc-listen 127.0.0.1:9067 --metrics-listen 127.0.0.1:9999.
1791660970.458566 runnervmmprz5 systemd[1]: zbench-ztreamer-master.service: Consumed 3min 21.517s CPU time, 10.1G memory peak, 0B memory swap peak, read 13.6G from disk, written 8.1G to disk.
