1791513645.016344 runnervmmprz5 systemd[1]: Started zbench-ztreamer-v0.1.0.service - /opt/zbench/bin/ztreamerd-v0.1.0 --zakura-config /home/runner/work/zcash-indexer-bench/zcash-indexer-bench/runs/ztreamer-v0.1.0-r2/index/zakura.toml --index-dir /zbench/index/ztreamer-v0.1.0 --grpc-listen 127.0.0.1:9067 --metrics-listen 127.0.0.1:9999.
1791513645.244860 runnervmmprz5 ztreamerd-v0.1.0[3168]: 2026-10-09T02:40:45.244021Z  INFO zakurad::components::metrics: Trying to open metrics endpoint at 127.0.0.1:9999...
1791513645.248000 runnervmmprz5 ztreamerd-v0.1.0[3168]: 2026-10-09T02:40:45.247945Z  INFO zakurad::components::metrics: Opened metrics endpoint at 127.0.0.1:9999
1791513645.257406 runnervmmprz5 ztreamerd-v0.1.0[3168]: 2026-10-09T02:40:45.257341Z  INFO ztreamerd: starting embedded Zakura network=Testnet
1791513645.266452 runnervmmprz5 ztreamerd-v0.1.0[3168]: 2026-10-09T02:40:45.266259Z  WARN zakurad::commands::start: TCP slow-start-after-idle is enabled, which resets TCP's congestion window between block requests and significantly reduces single-peer throughput for block propagation. Hint: set `net.ipv4.tcp_slow_start_after_idle=0` via sysctl. See https://zebra.zfnd.org/user/troubleshooting.html#linux-tcp-tuning-for-block-propagation setting="net.ipv4.tcp_slow_start_after_idle"
1791513645.266581 runnervmmprz5 ztreamerd-v0.1.0[3168]: 2026-10-09T02:40:45.266564Z  INFO zakurad::commands::start: initializing node state
1791513645.267488 runnervmmprz5 ztreamerd-v0.1.0[3168]: 2026-10-09T02:40:45.267468Z  INFO zakurad::commands::start: opening database, this may take a few minutes
1791513645.288462 runnervmmprz5 ztreamerd-v0.1.0[3168]: 2026-10-09T02:40:45.287814Z  INFO zakura_state::service::finalized_state::disk_format::upgrade: trying to open older database format: launching upgrade task running_version=28.1.5+indexer disk_version=28.0.0
1791513649.014932 runnervmmprz5 ztreamerd-v0.1.0[3168]: 2026-10-09T02:40:49.014777Z  INFO zakura_state::service::finalized_state::disk_db: Opened Zakura state cache at /zbench/zakura-v28/state/v28/testnet
1791513649.023904 runnervmmprz5 ztreamerd-v0.1.0[3168]: 2026-10-09T02:40:49.022913Z  INFO zakura_state::service::finalized_state::disk_format::upgrade: Zakura automatically upgraded the database format newer_running_version=Version { major: 28, minor: 0, patch: 1 }
1791513649.027726 runnervmmprz5 ztreamerd-v0.1.0[3168]: 2026-10-09T02:40:49.027698Z  INFO zakura_state::service::finalized_state::disk_format::upgrade: marked database format as upgraded running_version=28.1.5+indexer disk_version=28.0.0 format_upgrade_version=28.0.1
1791513649.027726 runnervmmprz5 ztreamerd-v0.1.0[3168]: 2026-10-09T02:40:49.027724Z  INFO zakura_state::service::finalized_state::disk_format::upgrade: Zakura automatically upgraded the database format newer_running_version=Version { major: 28, minor: 0, patch: 2 }
1791513649.029186 runnervmmprz5 ztreamerd-v0.1.0[3168]: 2026-10-09T02:40:49.029162Z  INFO zakura_state::service::finalized_state::disk_format::upgrade: marked database format as upgraded running_version=28.1.5+indexer disk_version=28.0.1 format_upgrade_version=28.0.2
1791513649.029186 runnervmmprz5 ztreamerd-v0.1.0[3168]: 2026-10-09T02:40:49.029184Z  INFO zakura_state::service::finalized_state::disk_format::upgrade: Zakura automatically upgraded the database format newer_running_version=Version { major: 28, minor: 1, patch: 3 }
1791513649.030473 runnervmmprz5 ztreamerd-v0.1.0[3168]: 2026-10-09T02:40:49.030446Z  INFO zakura_state::service::finalized_state::disk_format::upgrade: marked database format as upgraded running_version=28.1.5+indexer disk_version=28.0.2 format_upgrade_version=28.1.3
1791513649.030690 runnervmmprz5 ztreamerd-v0.1.0[3168]: 2026-10-09T02:40:49.030674Z  INFO zakura_state::service::finalized_state::disk_format::upgrade: Zakura automatically upgraded the database format newer_running_version=Version { major: 28, minor: 1, patch: 4 }
1791513649.033240 runnervmmprz5 ztreamerd-v0.1.0[3168]: 2026-10-09T02:40:49.033198Z  INFO zakura_state::service::finalized_state::disk_format::upgrade: marked database format as upgraded running_version=28.1.5+indexer disk_version=28.1.3 format_upgrade_version=28.1.4
1791513649.033649 runnervmmprz5 ztreamerd-v0.1.0[3168]: 2026-10-09T02:40:49.033610Z  INFO zakura_state::service::finalized_state::disk_format::upgrade: Zakura automatically upgraded the database format newer_running_version=Version { major: 28, minor: 1, patch: 5 }
1791513649.035069 runnervmmprz5 ztreamerd-v0.1.0[3168]: 2026-10-09T02:40:49.034887Z  INFO zakura_state::service::finalized_state::disk_format::upgrade: marked database format as upgraded running_version=28.1.5+indexer disk_version=28.1.4 format_upgrade_version=28.1.5
1791513649.035345 runnervmmprz5 ztreamerd-v0.1.0[3168]: 2026-10-09T02:40:49.035329Z  INFO zakura_state::service::finalized_state::disk_format::upgrade: database is fully upgraded newer_running_version=28.1.5+indexer older_disk_version=28.0.0
1791513649.036964 runnervmmprz5 ztreamerd-v0.1.0[3168]: 2026-10-09T02:40:49.036705Z  INFO zakura_state::service::finalized_state::disk_format::upgrade: started checking/adding indexes for spending tx ids
1791513730.443431 runnervmmprz5 ztreamerd-v0.1.0[3168]: 2026-10-09T02:42:10.442981Z  INFO zakura_state::service::finalized_state::disk_format::upgrade: finished checking/adding indexes for spending tx ids
1791513734.509195 runnervmmprz5 ztreamerd-v0.1.0[3168]: 2026-10-09T02:42:14.509131Z  INFO zakura_state::service::finalized_state::disk_format::upgrade: database format is valid running_version=28.1.5+indexer initial_disk_version=28.0.0
1791513734.509640 runnervmmprz5 ztreamerd-v0.1.0[3168]: 2026-10-09T02:42:14.509391Z  INFO zakura_state::service: historical tree derivation is idle: this network has no embedded historical frontier artifact
1791513734.509640 runnervmmprz5 ztreamerd-v0.1.0[3168]: 2026-10-09T02:42:14.509445Z  INFO zakura_state::service::non_finalized_state: restoring non-finalized blocks from backup and spawning backup task backup_dir_path="/zbench/zakura-v28/non_finalized_state/testnet"
1791513734.509810 runnervmmprz5 ztreamerd-v0.1.0[3168]: 2026-10-09T02:42:14.509780Z  INFO zakura_state::service: loaded Zakura state cache chain_tip=Some((block::Hash("00005894e6410b9d9524e38d725e6595ef4c8f85d4deb9e56b340751b0c3d678"), Height(4382897)))
1791513734.510369 runnervmmprz5 ztreamerd-v0.1.0[3168]: 2026-10-09T02:42:14.510349Z  INFO zakura_state::service: starting legacy chain check
1791513734.510610 runnervmmprz5 ztreamerd-v0.1.0[3168]: 2026-10-09T02:42:14.510586Z  INFO zakura_state::service: cached state consensus branch is valid: no legacy chain found
1791513734.510698 runnervmmprz5 ztreamerd-v0.1.0[3168]: 2026-10-09T02:42:14.510676Z  INFO zakurad::commands::start: logging database metrics on startup
1791513734.513465 runnervmmprz5 ztreamerd-v0.1.0[3168]: 2026-10-09T02:42:14.513377Z  INFO zakura_state::service::finalized_state::disk_db: Total Database Disk Size: 12.6 GB
1791513734.513465 runnervmmprz5 ztreamerd-v0.1.0[3168]: 2026-10-09T02:42:14.513395Z  INFO zakura_state::service::finalized_state::disk_db: Total Live Data Disk Size: 12.6 GB
1791513734.513465 runnervmmprz5 ztreamerd-v0.1.0[3168]: 2026-10-09T02:42:14.513400Z  INFO zakura_state::service::finalized_state::disk_db: Total Database Memory Size: 103.7 MB
1791513734.513465 runnervmmprz5 ztreamerd-v0.1.0[3168]: 2026-10-09T02:42:14.513430Z  INFO zakurad::commands::start::zakura::coordinator: sync apply lifecycle changed apply_phase="legacy_bootstrap" apply_epoch=0
1791513734.513889 runnervmmprz5 ztreamerd-v0.1.0[3168]: 2026-10-09T02:42:14.513860Z  INFO zakura_state::service::write: header runtime lifecycle changed status=Reconstructing { epoch: LifecycleEpoch(1), progress: HeaderReconstructionProgress { stage: StartupAudit, completed: 0, total: None, target: None, last_committed: None } }
1791513736.499976 runnervmmprz5 ztreamerd-v0.1.0[3168]: 2026-10-09T02:42:16.499259Z  INFO zakura_state::service::write: header runtime lifecycle changed status=Ready { epoch: LifecycleEpoch(1) }
1791513736.499976 runnervmmprz5 ztreamerd-v0.1.0[3168]: 2026-10-09T02:42:16.499291Z  INFO zakurad::commands::start: initializing network
1791513736.499976 runnervmmprz5 ztreamerd-v0.1.0[3168]: 2026-10-09T02:42:16.499386Z  INFO open_listener{addr=0.0.0.0:8243}: zakura_network::peer_set::initialize: Trying to open Zcash protocol endpoint at 0.0.0.0:8243...
1791513736.499976 runnervmmprz5 ztreamerd-v0.1.0[3168]: 2026-10-09T02:42:16.499433Z  INFO open_listener{addr=0.0.0.0:8243}: zakura_network::peer_set::initialize: Opened Zcash protocol endpoint at 0.0.0.0:8243
1791513736.502679 runnervmmprz5 ztreamerd-v0.1.0[3168]: 2026-10-09T02:42:16.502637Z  INFO zakura_network::config: persisted a new Zakura node secret key path="/root/.zakura/testnet.zakura-iroh-secret-key"
1791513736.506052 runnervmmprz5 ztreamerd-v0.1.0[3168]: 2026-10-09T02:42:16.506020Z  INFO zakura_network::address_book_updater: starting the address book updater
1791513736.506980 runnervmmprz5 ztreamerd-v0.1.0[3168]: 2026-10-09T02:42:16.506278Z  INFO zakura_network::zakura::handler: Zakura P2P endpoint ready; advertise <node_id>@<direct_addr> as a bootstrap peer node_id=5bb09d8a2a8fcbe2fbeb60c0349fbdf2c807dba9e26429c5d9efa9d7a1bbbb10 direct_addresses=["10.1.0.15:8234", "172.17.0.1:8234"]
1791513736.506980 runnervmmprz5 ztreamerd-v0.1.0[3168]: 2026-10-09T02:42:16.506417Z  INFO connect{me=5bb09d8a2a alpn="p2p-v2/1" remote=50999835f4}:add_node_addr:add_node_addr{node=50999835f4}: iroh::magicsock::node_map: inserting new node in NodeMap node=50999835f4 relay_url=None source=app
1791513736.506980 runnervmmprz5 ztreamerd-v0.1.0[3168]: 2026-10-09T02:42:16.506528Z  INFO add_initial_peers: zakura_network::config: resolved seed peer IP addresses seed="127.0.0.1:8233" remote_ip_count=1
1791513736.506980 runnervmmprz5 ztreamerd-v0.1.0[3168]: 2026-10-09T02:42:16.506591Z  INFO add_initial_peers: zakura_network::peer_set::initialize: connecting to initial peer set ipv4_peer_count=1 ipv6_peer_count=0
1791513736.507173 runnervmmprz5 ztreamerd-v0.1.0[3168]: 2026-10-09T02:42:16.507149Z  INFO connect{me=5bb09d8a2a alpn="p2p-v2/1" remote=2bbb907b5d}:add_node_addr:add_node_addr{node=2bbb907b5d}: iroh::magicsock::node_map: inserting new node in NodeMap node=2bbb907b5d relay_url=None source=app
1791513736.507389 runnervmmprz5 ztreamerd-v0.1.0[3168]: 2026-10-09T02:42:16.507300Z  INFO connect{me=5bb09d8a2a alpn="p2p-v2/1" remote=57ad39fad4}:add_node_addr:add_node_addr{node=57ad39fad4}: iroh::magicsock::node_map: inserting new node in NodeMap node=57ad39fad4 relay_url=None source=app
1791513736.507816 runnervmmprz5 ztreamerd-v0.1.0[3168]: 2026-10-09T02:42:16.507781Z  INFO connect{me=5bb09d8a2a alpn="p2p-v2/1" remote=57ad39fad4}:prepare_send:get_send_addrs{node=57ad39fad4}: iroh::magicsock::node_map::node_state: new connection type typ=direct(167.99.103.111:8234)
1791513736.507990 runnervmmprz5 ztreamerd-v0.1.0[3168]: 2026-10-09T02:42:16.507925Z  INFO connect{me=5bb09d8a2a alpn="p2p-v2/1" remote=50999835f4}:prepare_send:get_send_addrs{node=50999835f4}: iroh::magicsock::node_map::node_state: new connection type typ=direct(206.189.148.0:8234)
1791513736.508346 runnervmmprz5 ztreamerd-v0.1.0[3168]: 2026-10-09T02:42:16.508327Z  INFO connect{me=5bb09d8a2a alpn="p2p-v2/1" remote=2bbb907b5d}:prepare_send:get_send_addrs{node=2bbb907b5d}: iroh::magicsock::node_map::node_state: new connection type typ=direct(164.92.209.78:8234)
1791513736.509495 runnervmmprz5 ztreamerd-v0.1.0[3168]: 2026-10-09T02:42:16.509471Z  INFO add_initial_peers: zakura_network::peer_set::initialize: finished connecting to initial seed and disk cache peers handshake_success_total=1 handshake_error_total=0 outbound_connections=1
1791513736.509688 runnervmmprz5 ztreamerd-v0.1.0[3168]: 2026-10-09T02:42:16.509671Z  INFO zakura_network::peer_set::initialize: sending initial request for peers active_initial_peer_count=1
1791513736.550342 runnervmmprz5 ztreamerd-v0.1.0[3168]: 2026-10-09T02:42:16.550313Z  INFO zakurad::commands::start: initializing verifiers
1791513736.550480 runnervmmprz5 ztreamerd-v0.1.0[3168]: 2026-10-09T02:42:16.550460Z  INFO init_with_transaction_state{config=Config { checkpoint_sync: true, vct_fast_sync: None } network=Testnet}: zakura_consensus::router: starting state checkpoint validation
1791513736.550480 runnervmmprz5 ztreamerd-v0.1.0[3168]: 2026-10-09T02:42:16.550312Z  INFO crawl_and_dial{new_peer_interval=61s}: zakura_network::peer_set::initialize: starting the peer address crawler crawl_new_peer_interval=61s outbound_connections=1
1791513736.550974 runnervmmprz5 ztreamerd-v0.1.0[3168]: 2026-10-09T02:42:16.550815Z  INFO init_with_transaction_state{config=Config { checkpoint_sync: true, vct_fast_sync: None } network=Testnet}: zakura_consensus::router: initializing block verifier router tip=Some((Height(4382897), block::Hash("00005894e6410b9d9524e38d725e6595ef4c8f85d4deb9e56b340751b0c3d678"))) max_checkpoint_height=Height(4023200)
1791513736.550974 runnervmmprz5 ztreamerd-v0.1.0[3168]: 2026-10-09T02:42:16.550884Z  INFO zakurad::commands::start: initializing syncer
1791513736.550974 runnervmmprz5 ztreamerd-v0.1.0[3168]: 2026-10-09T02:42:16.550920Z  INFO zakurad::commands::start: initializing mempool
1791513736.550974 runnervmmprz5 ztreamerd-v0.1.0[3168]: 2026-10-09T02:42:16.550932Z  INFO zakurad::commands::start: fully initializing inbound peer request handler
1791513736.551277 runnervmmprz5 ztreamerd-v0.1.0[3168]: 2026-10-09T02:42:16.551249Z  INFO crawl_and_dial{new_peer_interval=61s}: zakura_network::peer_set::initialize: timer-based crawl finished active_outbound_connections=11 peerset_target_size=100 outbound_connection_limit=150 remaining_replenishment_demand=69
1791513736.602255 runnervmmprz5 ztreamerd-v0.1.0[3168]: 2026-10-09T02:42:16.602212Z  INFO zakura_rpc::server::cookie: RPC auth cookie written to disk
1791513736.602583 runnervmmprz5 ztreamerd-v0.1.0[3168]: 2026-10-09T02:42:16.602274Z  INFO zakura_rpc::server: Opened RPC endpoint at 127.0.0.1:8242
1791513736.602583 runnervmmprz5 ztreamerd-v0.1.0[3168]: 2026-10-09T02:42:16.602291Z  WARN zakurad::commands::start: configure an indexer_listen_addr to start the indexer RPC server
1791513736.602583 runnervmmprz5 ztreamerd-v0.1.0[3168]: 2026-10-09T02:42:16.602297Z  INFO zakurad::commands::start: spawning block gossip task
1791513736.602583 runnervmmprz5 ztreamerd-v0.1.0[3168]: 2026-10-09T02:42:16.602308Z  INFO zakurad::commands::start: spawning mempool queue checker task
1791513736.602583 runnervmmprz5 ztreamerd-v0.1.0[3168]: 2026-10-09T02:42:16.602313Z  INFO zakurad::commands::start: spawning mempool transaction gossip task
1791513736.602583 runnervmmprz5 ztreamerd-v0.1.0[3168]: 2026-10-09T02:42:16.602314Z  INFO zakurad::components::sync::gossip: initializing block gossip task
1791513736.602583 runnervmmprz5 ztreamerd-v0.1.0[3168]: 2026-10-09T02:42:16.602318Z  INFO zakurad::commands::start: spawning delete old databases task
1791513736.602583 runnervmmprz5 ztreamerd-v0.1.0[3168]: 2026-10-09T02:42:16.602334Z  INFO zakurad::components::mempool::queue_checker: initializing mempool queue checker task
1791513736.602583 runnervmmprz5 ztreamerd-v0.1.0[3168]: 2026-10-09T02:42:16.602340Z  INFO zakurad::commands::start: spawning progress logging task
1791513736.602583 runnervmmprz5 ztreamerd-v0.1.0[3168]: 2026-10-09T02:42:16.602341Z  INFO zakurad::components::mempool::gossip: initializing transaction gossip task
1791513736.602583 runnervmmprz5 ztreamerd-v0.1.0[3168]: 2026-10-09T02:42:16.602345Z  INFO zakurad::commands::start: initializing health endpoints
1791513736.602583 runnervmmprz5 ztreamerd-v0.1.0[3168]: 2026-10-09T02:42:16.602350Z  INFO zakurad::commands::start: spawning end of support checking task
1791513736.602583 runnervmmprz5 ztreamerd-v0.1.0[3168]: 2026-10-09T02:42:16.602362Z  INFO zakurad::commands::start: spawning mempool crawler task
1791513736.602583 runnervmmprz5 ztreamerd-v0.1.0[3168]: 2026-10-09T02:42:16.602365Z  WARN zakurad::components::sync::progress: chain tip metrics channel closed err=SendError { .. }
1791513736.602583 runnervmmprz5 ztreamerd-v0.1.0[3168]: 2026-10-09T02:42:16.602367Z  INFO zakurad::commands::start: spawning syncer task
1791513736.603016 runnervmmprz5 ztreamerd-v0.1.0[3168]: 2026-10-09T02:42:16.602371Z  INFO zakurad::commands::start: legacy-compatible genesis fetch will complete before Zakura block sync takes ownership at height 1
1791513736.603016 runnervmmprz5 ztreamerd-v0.1.0[3168]: 2026-10-09T02:42:16.602371Z  INFO zakurad::components::sync::end_of_support: Starting end of support task
1791513736.603016 runnervmmprz5 ztreamerd-v0.1.0[3168]: 2026-10-09T02:42:16.602382Z  INFO zakurad::commands::start: spawned initial Zakura tasks
1791513736.603016 runnervmmprz5 ztreamerd-v0.1.0[3168]: 2026-10-09T02:42:16.602381Z  INFO zakurad::components::mempool::crawler: initializing mempool crawler task
1791513736.603016 runnervmmprz5 ztreamerd-v0.1.0[3168]: 2026-10-09T02:42:16.602408Z  INFO ztreamerd: waiting for Zakura to sync near the chain tip
1791513736.603016 runnervmmprz5 ztreamerd-v0.1.0[3168]: 2026-10-09T02:42:16.602412Z  INFO zakura_state::config: checking for old database versions db_kind="state"
1791513736.603016 runnervmmprz5 ztreamerd-v0.1.0[3168]: 2026-10-09T02:42:16.602467Z  INFO zakura_state::config: finished old database version cleanup task
1791513736.603016 runnervmmprz5 ztreamerd-v0.1.0[3168]: 2026-10-09T02:42:16.602465Z  INFO bootstrap_genesis_then_pause{legacy_fallback=true}: zakurad::commands::start::zakura::coordinator: sync apply lifecycle changed apply_phase="native" apply_epoch=1
1791513736.603016 runnervmmprz5 ztreamerd-v0.1.0[3168]: 2026-10-09T02:42:16.602475Z  INFO bootstrap_genesis_then_pause{legacy_fallback=true}: zakurad::components::sync: Zakura block sync replacement completed genesis bootstrap; monitoring for Zakura body-sync progress
1791513737.077739 runnervmmprz5 ztreamerd-v0.1.0[3168]: 2026-10-09T02:42:17.077695Z  INFO init_with_transaction_state{config=Config { checkpoint_sync: true, vct_fast_sync: None } network=Testnet}: zakura_consensus::router: finished state checkpoint validation
1791513746.604132 runnervmmprz5 ztreamerd-v0.1.0[3168]: 2026-10-09T02:42:26.604016Z  INFO zakurad::components::sync::end_of_support: Release always valid in Testnet
1791513746.605016 runnervmmprz5 ztreamerd-v0.1.0[3168]: 2026-10-09T02:42:26.604245Z  INFO zakurad::components::sync::gossip: height=Height(4382897) request=AdvertiseBlock(block::Hash("00005894e6410b9d9524e38d725e6595ef4c8f85d4deb9e56b340751b0c3d678"), None) log_msg="sending committed block broadcast"
1791513746.605016 runnervmmprz5 ztreamerd-v0.1.0[3168]: 2026-10-09T02:42:26.604547Z  INFO ztreamerd: Zakura is near the chain tip tip=Some((Height(4382897), block::Hash("00005894e6410b9d9524e38d725e6595ef4c8f85d4deb9e56b340751b0c3d678")))
1791513746.605016 runnervmmprz5 ztreamerd-v0.1.0[3168]: 2026-10-09T02:42:26.604736Z  INFO ztreamerd: syncing historical compact index
1791513746.605016 runnervmmprz5 ztreamerd-v0.1.0[3168]: 2026-10-09T02:42:26.604831Z  INFO zakurad::components::mempool: activating mempool: Zakura is close to the tip tip_height=Height(4382897)
1791513772.607902 runnervmmprz5 ztreamerd-v0.1.0[3168]: 2026-10-09T02:42:52.607851Z  INFO bootstrap_genesis_then_pause{legacy_fallback=true}: zakurad::components::sync: Zakura watchdog probed legacy peers for connected blocks ahead verified_tip=Some(Height(4382897)) blocks_ahead=None
1791513782.610697 runnervmmprz5 ztreamerd-v0.1.0[3168]: 2026-10-09T02:43:02.610656Z  INFO zakura_network::peer_set::set: dropping stalled peer: exceeded FindBlocks/FindHeaders stall threshold peer=v4redacted:8233
1791513788.611781 runnervmmprz5 ztreamerd-v0.1.0[3168]: 2026-10-09T02:43:08.611717Z  INFO bootstrap_genesis_then_pause{legacy_fallback=true}: zakurad::components::sync: Zakura watchdog probed legacy peers for connected blocks ahead verified_tip=Some(Height(4382897)) blocks_ahead=None
1791513790.611354 runnervmmprz5 ztreamerd-v0.1.0[3168]: 2026-10-09T02:43:10.611304Z  INFO crawl_and_dial{new_peer_interval=61s}:crawl: zakura_network::peer_set::candidate_set: timeout waiting for peer service readiness or peer responses
1791513796.616630 runnervmmprz5 ztreamerd-v0.1.0[3168]: 2026-10-09T02:43:16.616580Z  INFO zakurad::components::sync::progress: initial sync is very slow, or estimated tip is wrong. Hint: check your network connection, and your computer clock and time zone sync_percent=99.583% current_height=Height(4382897) network_upgrade=Nu6_3 remaining_sync_blocks=18334 after_checkpoint_height=Height(4024210) time_since_last_state_block=1m
1791513797.551640 runnervmmprz5 ztreamerd-v0.1.0[3168]: 2026-10-09T02:43:17.551598Z  INFO crawl_and_dial{new_peer_interval=61s}: zakura_network::peer_set::initialize: timer-based crawl finished active_outbound_connections=0 peerset_target_size=100 outbound_connection_limit=150 remaining_replenishment_demand=80
1791513804.618768 runnervmmprz5 ztreamerd-v0.1.0[3168]: 2026-10-09T02:43:24.618708Z  INFO bootstrap_genesis_then_pause{legacy_fallback=true}: zakurad::components::sync: Zakura watchdog probed legacy peers for connected blocks ahead verified_tip=Some(Height(4382897)) blocks_ahead=None
1791513820.620782 runnervmmprz5 ztreamerd-v0.1.0[3168]: 2026-10-09T02:43:40.620709Z  INFO bootstrap_genesis_then_pause{legacy_fallback=true}: zakurad::components::sync: Zakura watchdog probed legacy peers for connected blocks ahead verified_tip=Some(Height(4382897)) blocks_ahead=None
1791513836.623328 runnervmmprz5 ztreamerd-v0.1.0[3168]: 2026-10-09T02:43:56.623226Z  INFO bootstrap_genesis_then_pause{legacy_fallback=true}: zakurad::components::sync: Zakura watchdog probed legacy peers for connected blocks ahead verified_tip=Some(Height(4382897)) blocks_ahead=None
1791513852.627175 runnervmmprz5 ztreamerd-v0.1.0[3168]: 2026-10-09T02:44:12.627124Z  INFO bootstrap_genesis_then_pause{legacy_fallback=true}: zakurad::components::sync: Zakura watchdog probed legacy peers for connected blocks ahead verified_tip=Some(Height(4382897)) blocks_ahead=None
1791513853.117264 runnervmmprz5 ztreamerd-v0.1.0[3168]: 2026-10-09T02:44:13.117189Z  INFO ztreamer_indexer::pipeline: historical pipeline stage totals start_height=0 target_height=4382897 target_hash=00005894e6410b9d9524e38d725e6595ef4c8f85d4deb9e56b340751b0c3d678 fetch_read_seconds=248.854718922 fetch_header_read_seconds=162.227190118 fetch_transaction_read_seconds=84.359664032 fetch_txid_read_seconds=2.267864772 parse_seconds=1.807851255 worker_send_wait_seconds=93.960158977 processed_ranges=17121 processed_blocks=4382898 processed_bytes=10745242165 coordinator_receive_wait_seconds=100.089046481 batch_send_wait_seconds=2.408747652 write_seconds=73.060241555 write_batches=62 written_blocks=4382898
1791513853.117468 runnervmmprz5 ztreamerd-v0.1.0[3168]: 2026-10-09T02:44:13.117447Z  INFO ztreamerd: historical compact index complete height=4382897 elapsed_seconds=106.512704501
1791513853.117826 runnervmmprz5 ztreamerd-v0.1.0[3168]: 2026-10-09T02:44:13.117783Z  INFO ztreamerd: serving CompactTxStreamer gRPC address=127.0.0.1:9067 tls=false
1791513856.628700 runnervmmprz5 ztreamerd-v0.1.0[3168]: 2026-10-09T02:44:16.628646Z  INFO zakurad::components::sync::progress: initial sync is very slow, or estimated tip is wrong. Hint: check your network connection, and your computer clock and time zone sync_percent=99.583% current_height=Height(4382897) network_upgrade=Nu6_3 remaining_sync_blocks=18334 after_checkpoint_height=Height(4024210) time_since_last_state_block=2m
1791513866.552330 runnervmmprz5 ztreamerd-v0.1.0[3168]: 2026-10-09T02:44:26.552293Z  INFO crawl_and_dial{new_peer_interval=61s}:crawl: zakura_network::peer_set::candidate_set: timeout waiting for peer service readiness or peer responses
1791513866.552330 runnervmmprz5 ztreamerd-v0.1.0[3168]: 2026-10-09T02:44:26.552334Z  INFO crawl_and_dial{new_peer_interval=61s}: zakura_network::peer_set::initialize: timer-based crawl finished active_outbound_connections=0 peerset_target_size=100 outbound_connection_limit=150 remaining_replenishment_demand=80
1791513866.552711 runnervmmprz5 ztreamerd-v0.1.0[3168]: 2026-10-09T02:44:26.552462Z  INFO crawl_and_dial{new_peer_interval=61s}: zakura_network::address_book: no active peer connections: trying gossiped addresses address_metrics=AddressMetrics { responded: 0, never_attempted_gossiped: 0, failed: 0, attempt_pending: 1, recently_live: 0, recently_stopped_responding: 0, num_addresses: 1, address_limit: 5000 }
1791513868.630859 runnervmmprz5 ztreamerd-v0.1.0[3168]: 2026-10-09T02:44:28.630735Z  INFO bootstrap_genesis_then_pause{legacy_fallback=true}: zakurad::components::sync: Zakura watchdog probed legacy peers for connected blocks ahead verified_tip=Some(Height(4382897)) blocks_ahead=None
1791513884.633468 runnervmmprz5 ztreamerd-v0.1.0[3168]: 2026-10-09T02:44:44.633414Z  INFO bootstrap_genesis_then_pause{legacy_fallback=true}: zakurad::components::sync: Zakura watchdog probed legacy peers for connected blocks ahead verified_tip=Some(Height(4382897)) blocks_ahead=None
1791513894.635632 runnervmmprz5 ztreamerd-v0.1.0[3168]: 2026-10-09T02:44:54.635589Z  INFO zakura_network::peer_set::set: dropping stalled peer: exceeded FindBlocks/FindHeaders stall threshold peer=v4redacted:8233
1791513900.636931 runnervmmprz5 ztreamerd-v0.1.0[3168]: 2026-10-09T02:45:00.636877Z  INFO bootstrap_genesis_then_pause{legacy_fallback=true}: zakurad::components::sync: Zakura watchdog probed legacy peers for connected blocks ahead verified_tip=Some(Height(4382897)) blocks_ahead=None
1791513916.639625 runnervmmprz5 ztreamerd-v0.1.0[3168]: 2026-10-09T02:45:16.639568Z  INFO bootstrap_genesis_then_pause{legacy_fallback=true}: zakurad::components::sync: Zakura watchdog probed legacy peers for connected blocks ahead verified_tip=Some(Height(4382897)) blocks_ahead=None
1791513916.643672 runnervmmprz5 ztreamerd-v0.1.0[3168]: 2026-10-09T02:45:16.643640Z  INFO zakurad::components::sync::progress: initial sync is very slow, or estimated tip is wrong. Hint: check your network connection, and your computer clock and time zone sync_percent=99.583% current_height=Height(4382897) network_upgrade=Nu6_3 remaining_sync_blocks=18335 after_checkpoint_height=Height(4024210) time_since_last_state_block=3m
1791513927.552423 runnervmmprz5 ztreamerd-v0.1.0[3168]: 2026-10-09T02:45:27.552332Z  INFO crawl_and_dial{new_peer_interval=61s}:crawl: zakura_network::peer_set::candidate_set: timeout waiting for peer service readiness or peer responses
1791513927.552423 runnervmmprz5 ztreamerd-v0.1.0[3168]: 2026-10-09T02:45:27.552379Z  INFO crawl_and_dial{new_peer_interval=61s}: zakura_network::peer_set::initialize: timer-based crawl finished active_outbound_connections=0 peerset_target_size=100 outbound_connection_limit=150 remaining_replenishment_demand=80
1791513932.641510 runnervmmprz5 ztreamerd-v0.1.0[3168]: 2026-10-09T02:45:32.641436Z  INFO bootstrap_genesis_then_pause{legacy_fallback=true}: zakurad::components::sync: Zakura watchdog probed legacy peers for connected blocks ahead verified_tip=Some(Height(4382897)) blocks_ahead=None
1791513948.644240 runnervmmprz5 ztreamerd-v0.1.0[3168]: 2026-10-09T02:45:48.644182Z  INFO bootstrap_genesis_then_pause{legacy_fallback=true}: zakurad::components::sync: Zakura watchdog probed legacy peers for connected blocks ahead verified_tip=Some(Height(4382897)) blocks_ahead=None
1791513964.647793 runnervmmprz5 ztreamerd-v0.1.0[3168]: 2026-10-09T02:46:04.647739Z  INFO bootstrap_genesis_then_pause{legacy_fallback=true}: zakurad::components::sync: Zakura watchdog probed legacy peers for connected blocks ahead verified_tip=Some(Height(4382897)) blocks_ahead=None
1791513976.657056 runnervmmprz5 ztreamerd-v0.1.0[3168]: 2026-10-09T02:46:16.656997Z  INFO zakurad::components::sync::progress: initial sync is very slow, or estimated tip is wrong. Hint: check your network connection, and your computer clock and time zone sync_percent=99.583% current_height=Height(4382897) network_upgrade=Nu6_3 remaining_sync_blocks=18336 after_checkpoint_height=Height(4024210) time_since_last_state_block=4m
1791513980.560673 runnervmmprz5 ztreamerd-v0.1.0[3168]: 2026-10-09T02:46:20.560631Z  INFO ztreamerd::lifecycle: shutting down node and application
1791513980.560673 runnervmmprz5 ztreamerd-v0.1.0[3168]: 2026-10-09T02:46:20.560669Z  INFO zakurad::commands::start: exiting Zakura: asking other tasks to stop
1791513980.561293 runnervmmprz5 ztreamerd-v0.1.0[3168]: 2026-10-09T02:46:20.561082Z  INFO crawl_and_dial{new_peer_interval=61s}:crawl: zakura_network::peer_set::initialize: candidate set returned an error, is Zakura shutting down? e=Closed
1791513980.560762 runnervmmprz5 systemd[1]: Stopping zbench-ztreamer-v0.1.0.service - /opt/zbench/bin/ztreamerd-v0.1.0 --zakura-config /home/runner/work/zcash-indexer-bench/zcash-indexer-bench/runs/ztreamer-v0.1.0-r2/index/zakura.toml --index-dir /zbench/index/ztreamer-v0.1.0 --grpc-listen 127.0.0.1:9067 --metrics-listen 127.0.0.1:9999...
1791513982.889757 runnervmmprz5 ztreamerd-v0.1.0[3168]: 2026-10-09T02:46:22.889703Z  INFO zakurad::commands::start: exiting Zakura: all tasks have been asked to stop, waiting for remaining tasks to finish
1791513982.908030 runnervmmprz5 ztreamerd-v0.1.0[3168]: 2026-10-09T02:46:22.907629Z  INFO zakura_state::service: dropping the state: logging database metrics
1791513982.908030 runnervmmprz5 ztreamerd-v0.1.0[3168]: 2026-10-09T02:46:22.907795Z  INFO zakura_network::address_book_updater: stopping address book updater error=Err(AllAddressBookUpdaterSendersClosed)
1791513982.908204 runnervmmprz5 ztreamerd-v0.1.0[3168]: 2026-10-09T02:46:22.908181Z  INFO zakura_state::service::finalized_state::disk_format::upgrade: checking new blocks were written in current database format running_version=28.1.5+indexer
1791513982.908204 runnervmmprz5 ztreamerd-v0.1.0[3168]: 2026-10-09T02:46:22.908195Z  INFO zakura_state::service::finalized_state::disk_format::upgrade: checking database format produced by new blocks in this instance is valid running_version=28.1.5+indexer
1791513982.910588 runnervmmprz5 ztreamerd-v0.1.0[3168]: 2026-10-09T02:46:22.910561Z  INFO zakura_state::service::finalized_state::disk_db: Total Database Disk Size: 12.4 GB
1791513982.910588 runnervmmprz5 ztreamerd-v0.1.0[3168]: 2026-10-09T02:46:22.910578Z  INFO zakura_state::service::finalized_state::disk_db: Total Live Data Disk Size: 12.4 GB
1791513982.910588 runnervmmprz5 ztreamerd-v0.1.0[3168]: 2026-10-09T02:46:22.910582Z  INFO zakura_state::service::finalized_state::disk_db: Total Database Memory Size: 105.8 MB
1791513982.910724 runnervmmprz5 ztreamerd-v0.1.0[3168]: 2026-10-09T02:46:22.910610Z  INFO zakura_state::service::finalized_state::disk_format::upgrade: checking new blocks were written in current database format running_version=28.1.5+indexer
1791513982.910724 runnervmmprz5 ztreamerd-v0.1.0[3168]: 2026-10-09T02:46:22.910614Z  INFO zakura_state::service::finalized_state::disk_format::upgrade: checking database format produced by new blocks in this instance is valid running_version=28.1.5+indexer
1791513986.184529 runnervmmprz5 ztreamerd-v0.1.0[3168]: 2026-10-09T02:46:26.184470Z  INFO zakura_state::service::finalized_state::disk_format::upgrade: database format is valid running_version=28.1.5+indexer initial_disk_version=28.1.5+indexer
1791513986.184529 runnervmmprz5 ztreamerd-v0.1.0[3168]: 2026-10-09T02:46:26.184470Z  INFO zakura_state::service::finalized_state::disk_format::upgrade: database format is valid running_version=28.1.5+indexer initial_disk_version=28.1.5+indexer
1791513986.184529 runnervmmprz5 ztreamerd-v0.1.0[3168]: 2026-10-09T02:46:26.184514Z  INFO zakura_state::service::finalized_state::disk_db: forcing shutdown of a state database with multiple active instances path="/zbench/zakura-v28/state/v28/testnet"
1791513986.184529 runnervmmprz5 ztreamerd-v0.1.0[3168]: 2026-10-09T02:46:26.184520Z  INFO zakura_state::service::finalized_state::disk_db: forcing shutdown of a state database with multiple active instances path="/zbench/zakura-v28/state/v28/testnet"
1791513986.185358 runnervmmprz5 ztreamerd-v0.1.0[3168]: 2026-10-09T02:46:26.185335Z  INFO zakura_state::service: waiting for the block write task to finish
1791513986.242382 runnervmmprz5 systemd[1]: zbench-ztreamer-v0.1.0.service: Deactivated successfully.
1791513986.242577 runnervmmprz5 systemd[1]: Stopped zbench-ztreamer-v0.1.0.service - /opt/zbench/bin/ztreamerd-v0.1.0 --zakura-config /home/runner/work/zcash-indexer-bench/zcash-indexer-bench/runs/ztreamer-v0.1.0-r2/index/zakura.toml --index-dir /zbench/index/ztreamer-v0.1.0 --grpc-listen 127.0.0.1:9067 --metrics-listen 127.0.0.1:9999.
1791513986.242839 runnervmmprz5 systemd[1]: zbench-ztreamer-v0.1.0.service: Consumed 4min 22.274s CPU time, 10.9G memory peak, 0B memory swap peak, read 13.4G from disk, written 10.5G to disk.
