1791511718.021637 runnervmmprz5 systemd[1]: Started zbench-ztreamer-v0.1.0.service - /opt/zbench/bin/ztreamerd-v0.1.0 --zakura-config /home/runner/work/zcash-indexer-bench/zcash-indexer-bench/runs/ztreamer-v0.1.0-r1/index/zakura.toml --index-dir /zbench/index/ztreamer-v0.1.0 --grpc-listen 127.0.0.1:9067 --metrics-listen 127.0.0.1:9999.
1791511718.091475 runnervmmprz5 ztreamerd-v0.1.0[2852]: 2026-10-09T02:08:38.090837Z  INFO zakurad::components::metrics: Trying to open metrics endpoint at 127.0.0.1:9999...
1791511718.094047 runnervmmprz5 ztreamerd-v0.1.0[2852]: 2026-10-09T02:08:38.093905Z  INFO zakurad::components::metrics: Opened metrics endpoint at 127.0.0.1:9999
1791511718.100318 runnervmmprz5 ztreamerd-v0.1.0[2852]: 2026-10-09T02:08:38.100299Z  INFO ztreamerd: starting embedded Zakura network=Testnet
1791511718.101916 runnervmmprz5 ztreamerd-v0.1.0[2852]: 2026-10-09T02:08:38.101858Z  WARN zakurad::commands::start: TCP slow-start-after-idle is enabled, which resets TCP's congestion window between block requests and significantly reduces single-peer throughput for block propagation. Hint: set `net.ipv4.tcp_slow_start_after_idle=0` via sysctl. See https://zebra.zfnd.org/user/troubleshooting.html#linux-tcp-tuning-for-block-propagation setting="net.ipv4.tcp_slow_start_after_idle"
1791511718.101916 runnervmmprz5 ztreamerd-v0.1.0[2852]: 2026-10-09T02:08:38.101877Z  INFO zakurad::commands::start: initializing node state
1791511718.102536 runnervmmprz5 ztreamerd-v0.1.0[2852]: 2026-10-09T02:08:38.102524Z  INFO zakurad::commands::start: opening database, this may take a few minutes
1791511718.110504 runnervmmprz5 ztreamerd-v0.1.0[2852]: 2026-10-09T02:08:38.109564Z  INFO zakura_state::service::finalized_state::disk_format::upgrade: trying to open older database format: launching upgrade task running_version=28.1.5+indexer disk_version=28.0.0
1791511719.546180 runnervmmprz5 ztreamerd-v0.1.0[2852]: 2026-10-09T02:08:39.546136Z  INFO zakura_state::service::finalized_state::disk_db: Opened Zakura state cache at /zbench/zakura-v28/state/v28/testnet
1791511719.549798 runnervmmprz5 ztreamerd-v0.1.0[2852]: 2026-10-09T02:08:39.549746Z  INFO zakura_state::service::finalized_state::disk_format::upgrade: Zakura automatically upgraded the database format newer_running_version=Version { major: 28, minor: 0, patch: 1 }
1791511719.552520 runnervmmprz5 ztreamerd-v0.1.0[2852]: 2026-10-09T02:08:39.552496Z  INFO zakura_state::service::finalized_state::disk_format::upgrade: marked database format as upgraded running_version=28.1.5+indexer disk_version=28.0.0 format_upgrade_version=28.0.1
1791511719.552520 runnervmmprz5 ztreamerd-v0.1.0[2852]: 2026-10-09T02:08:39.552510Z  INFO zakura_state::service::finalized_state::disk_format::upgrade: Zakura automatically upgraded the database format newer_running_version=Version { major: 28, minor: 0, patch: 2 }
1791511719.553363 runnervmmprz5 ztreamerd-v0.1.0[2852]: 2026-10-09T02:08:39.553311Z  INFO zakura_state::service::finalized_state::disk_format::upgrade: marked database format as upgraded running_version=28.1.5+indexer disk_version=28.0.1 format_upgrade_version=28.0.2
1791511719.553363 runnervmmprz5 ztreamerd-v0.1.0[2852]: 2026-10-09T02:08:39.553324Z  INFO zakura_state::service::finalized_state::disk_format::upgrade: Zakura automatically upgraded the database format newer_running_version=Version { major: 28, minor: 1, patch: 3 }
1791511719.554255 runnervmmprz5 ztreamerd-v0.1.0[2852]: 2026-10-09T02:08:39.554237Z  INFO zakura_state::service::finalized_state::disk_format::upgrade: marked database format as upgraded running_version=28.1.5+indexer disk_version=28.0.2 format_upgrade_version=28.1.3
1791511719.554515 runnervmmprz5 ztreamerd-v0.1.0[2852]: 2026-10-09T02:08:39.554419Z  INFO zakura_state::service::finalized_state::disk_format::upgrade: Zakura automatically upgraded the database format newer_running_version=Version { major: 28, minor: 1, patch: 4 }
1791511719.555500 runnervmmprz5 ztreamerd-v0.1.0[2852]: 2026-10-09T02:08:39.555485Z  INFO zakura_state::service::finalized_state::disk_format::upgrade: marked database format as upgraded running_version=28.1.5+indexer disk_version=28.1.3 format_upgrade_version=28.1.4
1791511719.555805 runnervmmprz5 ztreamerd-v0.1.0[2852]: 2026-10-09T02:08:39.555787Z  INFO zakura_state::service::finalized_state::disk_format::upgrade: Zakura automatically upgraded the database format newer_running_version=Version { major: 28, minor: 1, patch: 5 }
1791511719.556647 runnervmmprz5 ztreamerd-v0.1.0[2852]: 2026-10-09T02:08:39.556631Z  INFO zakura_state::service::finalized_state::disk_format::upgrade: marked database format as upgraded running_version=28.1.5+indexer disk_version=28.1.4 format_upgrade_version=28.1.5
1791511719.556812 runnervmmprz5 ztreamerd-v0.1.0[2852]: 2026-10-09T02:08:39.556800Z  INFO zakura_state::service::finalized_state::disk_format::upgrade: database is fully upgraded newer_running_version=28.1.5+indexer older_disk_version=28.0.0
1791511719.557668 runnervmmprz5 ztreamerd-v0.1.0[2852]: 2026-10-09T02:08:39.557650Z  INFO zakura_state::service::finalized_state::disk_format::upgrade: started checking/adding indexes for spending tx ids
1791511766.063621 runnervmmprz5 ztreamerd-v0.1.0[2852]: 2026-10-09T02:09:26.063579Z  INFO zakura_state::service::finalized_state::disk_format::upgrade: finished checking/adding indexes for spending tx ids
1791511768.676704 runnervmmprz5 ztreamerd-v0.1.0[2852]: 2026-10-09T02:09:28.676661Z  INFO zakura_state::service::finalized_state::disk_format::upgrade: database format is valid running_version=28.1.5+indexer initial_disk_version=28.0.0
1791511768.677109 runnervmmprz5 ztreamerd-v0.1.0[2852]: 2026-10-09T02:09:28.676900Z  INFO zakura_state::service: historical tree derivation is idle: this network has no embedded historical frontier artifact
1791511768.677209 runnervmmprz5 ztreamerd-v0.1.0[2852]: 2026-10-09T02:09:28.677186Z  INFO zakura_state::service::non_finalized_state: restoring non-finalized blocks from backup and spawning backup task backup_dir_path="/zbench/zakura-v28/non_finalized_state/testnet"
1791511768.677550 runnervmmprz5 ztreamerd-v0.1.0[2852]: 2026-10-09T02:09:28.677385Z  INFO zakura_state::service: loaded Zakura state cache chain_tip=Some((block::Hash("00005894e6410b9d9524e38d725e6595ef4c8f85d4deb9e56b340751b0c3d678"), Height(4382897)))
1791511768.677633 runnervmmprz5 ztreamerd-v0.1.0[2852]: 2026-10-09T02:09:28.677624Z  INFO zakura_state::service: starting legacy chain check
1791511768.677834 runnervmmprz5 ztreamerd-v0.1.0[2852]: 2026-10-09T02:09:28.677819Z  INFO zakura_state::service: cached state consensus branch is valid: no legacy chain found
1791511768.677894 runnervmmprz5 ztreamerd-v0.1.0[2852]: 2026-10-09T02:09:28.677880Z  INFO zakurad::commands::start: logging database metrics on startup
1791511768.680027 runnervmmprz5 ztreamerd-v0.1.0[2852]: 2026-10-09T02:09:28.680010Z  INFO zakura_state::service::finalized_state::disk_db: Total Database Disk Size: 12.6 GB
1791511768.680027 runnervmmprz5 ztreamerd-v0.1.0[2852]: 2026-10-09T02:09:28.680020Z  INFO zakura_state::service::finalized_state::disk_db: Total Live Data Disk Size: 12.6 GB
1791511768.680027 runnervmmprz5 ztreamerd-v0.1.0[2852]: 2026-10-09T02:09:28.680023Z  INFO zakura_state::service::finalized_state::disk_db: Total Database Memory Size: 103.6 MB
1791511768.680118 runnervmmprz5 ztreamerd-v0.1.0[2852]: 2026-10-09T02:09:28.680065Z  INFO zakurad::commands::start::zakura::coordinator: sync apply lifecycle changed apply_phase="legacy_bootstrap" apply_epoch=0
1791511768.681786 runnervmmprz5 ztreamerd-v0.1.0[2852]: 2026-10-09T02:09:28.680567Z  INFO zakura_state::service::write: header runtime lifecycle changed status=Reconstructing { epoch: LifecycleEpoch(1), progress: HeaderReconstructionProgress { stage: StartupAudit, completed: 0, total: None, target: None, last_committed: None } }
1791511770.423513 runnervmmprz5 ztreamerd-v0.1.0[2852]: 2026-10-09T02:09:30.423467Z  INFO zakura_state::service::write: header runtime lifecycle changed status=Ready { epoch: LifecycleEpoch(1) }
1791511770.423513 runnervmmprz5 ztreamerd-v0.1.0[2852]: 2026-10-09T02:09:30.423492Z  INFO zakurad::commands::start: initializing network
1791511770.423905 runnervmmprz5 ztreamerd-v0.1.0[2852]: 2026-10-09T02:09:30.423589Z  INFO open_listener{addr=0.0.0.0:8243}: zakura_network::peer_set::initialize: Trying to open Zcash protocol endpoint at 0.0.0.0:8243...
1791511770.423905 runnervmmprz5 ztreamerd-v0.1.0[2852]: 2026-10-09T02:09:30.423632Z  INFO open_listener{addr=0.0.0.0:8243}: zakura_network::peer_set::initialize: Opened Zcash protocol endpoint at 0.0.0.0:8243
1791511770.424869 runnervmmprz5 ztreamerd-v0.1.0[2852]: 2026-10-09T02:09:30.424851Z  INFO zakura_network::config: persisted a new Zakura node secret key path="/root/.zakura/testnet.zakura-iroh-secret-key"
1791511770.427468 runnervmmprz5 ztreamerd-v0.1.0[2852]: 2026-10-09T02:09:30.427440Z  INFO zakura_network::zakura::handler: Zakura P2P endpoint ready; advertise <node_id>@<direct_addr> as a bootstrap peer node_id=4aa901e4e075a9769709e344e4530960878e54d42389f3d50a7e70457997ffb8 direct_addresses=["10.1.1.48:8234", "172.17.0.1:8234"]
1791511770.427582 runnervmmprz5 ztreamerd-v0.1.0[2852]: 2026-10-09T02:09:30.427562Z  INFO connect{me=4aa901e4e0 alpn="p2p-v2/1" remote=57ad39fad4}:add_node_addr:add_node_addr{node=57ad39fad4}: iroh::magicsock::node_map: inserting new node in NodeMap node=57ad39fad4 relay_url=None source=app
1791511770.427649 runnervmmprz5 ztreamerd-v0.1.0[2852]: 2026-10-09T02:09:30.427618Z  INFO zakura_network::address_book_updater: starting the address book updater
1791511770.427986 runnervmmprz5 ztreamerd-v0.1.0[2852]: 2026-10-09T02:09:30.427962Z  INFO connect{me=4aa901e4e0 alpn="p2p-v2/1" remote=57ad39fad4}:prepare_send:get_send_addrs{node=57ad39fad4}: iroh::magicsock::node_map::node_state: new connection type typ=direct(167.99.103.111:8234)
1791511770.428137 runnervmmprz5 ztreamerd-v0.1.0[2852]: 2026-10-09T02:09:30.428121Z  INFO connect{me=4aa901e4e0 alpn="p2p-v2/1" remote=2bbb907b5d}:add_node_addr:add_node_addr{node=2bbb907b5d}: iroh::magicsock::node_map: inserting new node in NodeMap node=2bbb907b5d relay_url=None source=app
1791511770.428321 runnervmmprz5 ztreamerd-v0.1.0[2852]: 2026-10-09T02:09:30.428300Z  INFO connect{me=4aa901e4e0 alpn="p2p-v2/1" remote=2bbb907b5d}:prepare_send:get_send_addrs{node=2bbb907b5d}: iroh::magicsock::node_map::node_state: new connection type typ=direct(164.92.209.78:8234)
1791511770.428443 runnervmmprz5 ztreamerd-v0.1.0[2852]: 2026-10-09T02:09:30.428429Z  INFO add_initial_peers: zakura_network::config: resolved seed peer IP addresses seed="127.0.0.1:8233" remote_ip_count=1
1791511770.428515 runnervmmprz5 ztreamerd-v0.1.0[2852]: 2026-10-09T02:09:30.428463Z  INFO add_initial_peers: zakura_network::peer_set::initialize: connecting to initial peer set ipv4_peer_count=1 ipv6_peer_count=0
1791511770.428515 runnervmmprz5 ztreamerd-v0.1.0[2852]: 2026-10-09T02:09:30.428487Z  INFO connect{me=4aa901e4e0 alpn="p2p-v2/1" remote=50999835f4}:add_node_addr:add_node_addr{node=50999835f4}: iroh::magicsock::node_map: inserting new node in NodeMap node=50999835f4 relay_url=None source=app
1791511770.428783 runnervmmprz5 ztreamerd-v0.1.0[2852]: 2026-10-09T02:09:30.428752Z  INFO connect{me=4aa901e4e0 alpn="p2p-v2/1" remote=50999835f4}:prepare_send:get_send_addrs{node=50999835f4}: iroh::magicsock::node_map::node_state: new connection type typ=direct(206.189.148.0:8234)
1791511770.430892 runnervmmprz5 ztreamerd-v0.1.0[2852]: 2026-10-09T02:09:30.430874Z  INFO add_initial_peers: zakura_network::peer_set::initialize: finished connecting to initial seed and disk cache peers handshake_success_total=1 handshake_error_total=0 outbound_connections=1
1791511770.430945 runnervmmprz5 ztreamerd-v0.1.0[2852]: 2026-10-09T02:09:30.430911Z  INFO zakura_network::peer_set::initialize: sending initial request for peers active_initial_peer_count=1
1791511770.476424 runnervmmprz5 ztreamerd-v0.1.0[2852]: 2026-10-09T02:09:30.476291Z  INFO crawl_and_dial{new_peer_interval=61s}: zakura_network::peer_set::initialize: starting the peer address crawler crawl_new_peer_interval=61s outbound_connections=1
1791511770.476424 runnervmmprz5 ztreamerd-v0.1.0[2852]: 2026-10-09T02:09:30.476300Z  INFO zakurad::commands::start: initializing verifiers
1791511770.476424 runnervmmprz5 ztreamerd-v0.1.0[2852]: 2026-10-09T02:09:30.476371Z  INFO init_with_transaction_state{config=Config { checkpoint_sync: true, vct_fast_sync: None } network=Testnet}: zakura_consensus::router: starting state checkpoint validation
1791511770.476693 runnervmmprz5 ztreamerd-v0.1.0[2852]: 2026-10-09T02:09:30.476627Z  INFO init_with_transaction_state{config=Config { checkpoint_sync: true, vct_fast_sync: None } network=Testnet}: zakura_consensus::router: initializing block verifier router tip=Some((Height(4382897), block::Hash("00005894e6410b9d9524e38d725e6595ef4c8f85d4deb9e56b340751b0c3d678"))) max_checkpoint_height=Height(4023200)
1791511770.476747 runnervmmprz5 ztreamerd-v0.1.0[2852]: 2026-10-09T02:09:30.476716Z  INFO zakurad::commands::start: initializing syncer
1791511770.476747 runnervmmprz5 ztreamerd-v0.1.0[2852]: 2026-10-09T02:09:30.476745Z  INFO zakurad::commands::start: initializing mempool
1791511770.476846 runnervmmprz5 ztreamerd-v0.1.0[2852]: 2026-10-09T02:09:30.476757Z  INFO zakurad::commands::start: fully initializing inbound peer request handler
1791511770.478092 runnervmmprz5 ztreamerd-v0.1.0[2852]: 2026-10-09T02:09:30.478073Z  INFO crawl_and_dial{new_peer_interval=61s}: zakura_network::peer_set::initialize: timer-based crawl finished active_outbound_connections=24 peerset_target_size=100 outbound_connection_limit=150 remaining_replenishment_demand=56
1791511770.486005 runnervmmprz5 ztreamerd-v0.1.0[2852]: 2026-10-09T02:09:30.485988Z  INFO zakura_rpc::server::cookie: RPC auth cookie written to disk
1791511770.486056 runnervmmprz5 ztreamerd-v0.1.0[2852]: 2026-10-09T02:09:30.486050Z  INFO zakura_rpc::server: Opened RPC endpoint at 127.0.0.1:8242
1791511770.486075 runnervmmprz5 ztreamerd-v0.1.0[2852]: 2026-10-09T02:09:30.486060Z  WARN zakurad::commands::start: configure an indexer_listen_addr to start the indexer RPC server
1791511770.486075 runnervmmprz5 ztreamerd-v0.1.0[2852]: 2026-10-09T02:09:30.486064Z  INFO zakurad::commands::start: spawning block gossip task
1791511770.486075 runnervmmprz5 ztreamerd-v0.1.0[2852]: 2026-10-09T02:09:30.486075Z  INFO zakurad::commands::start: spawning mempool queue checker task
1791511770.486142 runnervmmprz5 ztreamerd-v0.1.0[2852]: 2026-10-09T02:09:30.486078Z  INFO zakurad::commands::start: spawning mempool transaction gossip task
1791511770.486142 runnervmmprz5 ztreamerd-v0.1.0[2852]: 2026-10-09T02:09:30.486080Z  INFO zakurad::components::sync::gossip: initializing block gossip task
1791511770.486142 runnervmmprz5 ztreamerd-v0.1.0[2852]: 2026-10-09T02:09:30.486082Z  INFO zakurad::commands::start: spawning delete old databases task
1791511770.486142 runnervmmprz5 ztreamerd-v0.1.0[2852]: 2026-10-09T02:09:30.486089Z  INFO zakurad::commands::start: spawning progress logging task
1791511770.486142 runnervmmprz5 ztreamerd-v0.1.0[2852]: 2026-10-09T02:09:30.486089Z  INFO zakurad::components::mempool::queue_checker: initializing mempool queue checker task
1791511770.486142 runnervmmprz5 ztreamerd-v0.1.0[2852]: 2026-10-09T02:09:30.486094Z  INFO zakurad::commands::start: initializing health endpoints
1791511770.486142 runnervmmprz5 ztreamerd-v0.1.0[2852]: 2026-10-09T02:09:30.486095Z  INFO zakurad::components::mempool::gossip: initializing transaction gossip task
1791511770.486142 runnervmmprz5 ztreamerd-v0.1.0[2852]: 2026-10-09T02:09:30.486098Z  INFO zakurad::commands::start: spawning end of support checking task
1791511770.486142 runnervmmprz5 ztreamerd-v0.1.0[2852]: 2026-10-09T02:09:30.486105Z  INFO zakurad::commands::start: spawning mempool crawler task
1791511770.486142 runnervmmprz5 ztreamerd-v0.1.0[2852]: 2026-10-09T02:09:30.486110Z  INFO zakurad::commands::start: spawning syncer task
1791511770.486142 runnervmmprz5 ztreamerd-v0.1.0[2852]: 2026-10-09T02:09:30.486113Z  INFO zakurad::commands::start: legacy-compatible genesis fetch will complete before Zakura block sync takes ownership at height 1
1791511770.486142 runnervmmprz5 ztreamerd-v0.1.0[2852]: 2026-10-09T02:09:30.486109Z  WARN zakurad::components::sync::progress: chain tip metrics channel closed err=SendError { .. }
1791511770.486142 runnervmmprz5 ztreamerd-v0.1.0[2852]: 2026-10-09T02:09:30.486119Z  INFO zakurad::commands::start: spawned initial Zakura tasks
1791511770.486142 runnervmmprz5 ztreamerd-v0.1.0[2852]: 2026-10-09T02:09:30.486120Z  INFO zakurad::components::sync::end_of_support: Starting end of support task
1791511770.486380 runnervmmprz5 ztreamerd-v0.1.0[2852]: 2026-10-09T02:09:30.486125Z  INFO zakurad::components::mempool::crawler: initializing mempool crawler task
1791511770.486380 runnervmmprz5 ztreamerd-v0.1.0[2852]: 2026-10-09T02:09:30.486132Z  INFO ztreamerd: waiting for Zakura to sync near the chain tip
1791511770.486380 runnervmmprz5 ztreamerd-v0.1.0[2852]: 2026-10-09T02:09:30.486172Z  INFO bootstrap_genesis_then_pause{legacy_fallback=true}: zakurad::commands::start::zakura::coordinator: sync apply lifecycle changed apply_phase="native" apply_epoch=1
1791511770.486380 runnervmmprz5 ztreamerd-v0.1.0[2852]: 2026-10-09T02:09:30.486178Z  INFO bootstrap_genesis_then_pause{legacy_fallback=true}: zakurad::components::sync: Zakura block sync replacement completed genesis bootstrap; monitoring for Zakura body-sync progress
1791511770.486380 runnervmmprz5 ztreamerd-v0.1.0[2852]: 2026-10-09T02:09:30.486200Z  INFO zakura_state::config: checking for old database versions db_kind="state"
1791511770.486380 runnervmmprz5 ztreamerd-v0.1.0[2852]: 2026-10-09T02:09:30.486246Z  INFO zakura_state::config: finished old database version cleanup task
1791511770.771417 runnervmmprz5 ztreamerd-v0.1.0[2852]: 2026-10-09T02:09:30.771327Z  INFO init_with_transaction_state{config=Config { checkpoint_sync: true, vct_fast_sync: None } network=Testnet}: zakura_consensus::router: finished state checkpoint validation
1791511780.487101 runnervmmprz5 ztreamerd-v0.1.0[2852]: 2026-10-09T02:09:40.487058Z  INFO zakurad::components::sync::end_of_support: Release always valid in Testnet
1791511780.487843 runnervmmprz5 ztreamerd-v0.1.0[2852]: 2026-10-09T02:09:40.487657Z  INFO ztreamerd: Zakura is near the chain tip tip=Some((Height(4382897), block::Hash("00005894e6410b9d9524e38d725e6595ef4c8f85d4deb9e56b340751b0c3d678")))
1791511780.487843 runnervmmprz5 ztreamerd-v0.1.0[2852]: 2026-10-09T02:09:40.487665Z  INFO zakurad::components::sync::gossip: height=Height(4382897) request=AdvertiseBlock(block::Hash("00005894e6410b9d9524e38d725e6595ef4c8f85d4deb9e56b340751b0c3d678"), None) log_msg="sending committed block broadcast"
1791511780.487843 runnervmmprz5 ztreamerd-v0.1.0[2852]: 2026-10-09T02:09:40.487827Z  INFO ztreamerd: syncing historical compact index
1791511780.488827 runnervmmprz5 ztreamerd-v0.1.0[2852]: 2026-10-09T02:09:40.488805Z  INFO zakurad::components::mempool: activating mempool: Zakura is close to the tip tip_height=Height(4382897)
1791511806.491500 runnervmmprz5 ztreamerd-v0.1.0[2852]: 2026-10-09T02:10:06.491448Z  INFO bootstrap_genesis_then_pause{legacy_fallback=true}: zakurad::components::sync: Zakura watchdog probed legacy peers for connected blocks ahead verified_tip=Some(Height(4382897)) blocks_ahead=None
1791511816.530890 runnervmmprz5 ztreamerd-v0.1.0[2852]: 2026-10-09T02:10:16.530847Z  INFO zakura_network::peer_set::set: dropping stalled peer: exceeded FindBlocks/FindHeaders stall threshold peer=v4redacted:8233
1791511822.531804 runnervmmprz5 ztreamerd-v0.1.0[2852]: 2026-10-09T02:10:22.531745Z  INFO bootstrap_genesis_then_pause{legacy_fallback=true}: zakurad::components::sync: Zakura watchdog probed legacy peers for connected blocks ahead verified_tip=Some(Height(4382897)) blocks_ahead=None
1791511824.531716 runnervmmprz5 ztreamerd-v0.1.0[2852]: 2026-10-09T02:10:24.531661Z  INFO crawl_and_dial{new_peer_interval=61s}:crawl: zakura_network::peer_set::candidate_set: timeout waiting for peer service readiness or peer responses
1791511830.500161 runnervmmprz5 ztreamerd-v0.1.0[2852]: 2026-10-09T02:10:30.500120Z  INFO zakurad::components::sync::progress: initial sync is very slow, or estimated tip is wrong. Hint: check your network connection, and your computer clock and time zone sync_percent=99.584% current_height=Height(4382897) network_upgrade=Nu6_3 remaining_sync_blocks=18307 after_checkpoint_height=Height(4024210) time_since_last_state_block=1m
1791511831.478024 runnervmmprz5 ztreamerd-v0.1.0[2852]: 2026-10-09T02:10:31.477980Z  INFO crawl_and_dial{new_peer_interval=61s}: zakura_network::peer_set::initialize: timer-based crawl finished active_outbound_connections=0 peerset_target_size=100 outbound_connection_limit=150 remaining_replenishment_demand=80
1791511838.534731 runnervmmprz5 ztreamerd-v0.1.0[2852]: 2026-10-09T02:10:38.534686Z  INFO bootstrap_genesis_then_pause{legacy_fallback=true}: zakurad::components::sync: Zakura watchdog probed legacy peers for connected blocks ahead verified_tip=Some(Height(4382897)) blocks_ahead=None
1791511851.391824 runnervmmprz5 ztreamerd-v0.1.0[2852]: 2026-10-09T02:10:51.391778Z  INFO ztreamer_indexer::pipeline: historical pipeline stage totals start_height=0 target_height=4382897 target_hash=00005894e6410b9d9524e38d725e6595ef4c8f85d4deb9e56b340751b0c3d678 fetch_read_seconds=158.105865632 fetch_header_read_seconds=105.517151499 fetch_transaction_read_seconds=51.179638232 fetch_txid_read_seconds=1.409075901 parse_seconds=0.867294395 worker_send_wait_seconds=64.18908672 processed_ranges=17121 processed_blocks=4382898 processed_bytes=10745242165 coordinator_receive_wait_seconds=65.030677297 batch_send_wait_seconds=2.816156188 write_seconds=54.930811269 write_batches=62 written_blocks=4382898
1791511851.392155 runnervmmprz5 ztreamerd-v0.1.0[2852]: 2026-10-09T02:10:51.391997Z  INFO ztreamerd: historical compact index complete height=4382897 elapsed_seconds=70.904164132
1791511851.392258 runnervmmprz5 ztreamerd-v0.1.0[2852]: 2026-10-09T02:10:51.392243Z  INFO ztreamerd: serving CompactTxStreamer gRPC address=127.0.0.1:9067 tls=false
1791511854.538440 runnervmmprz5 ztreamerd-v0.1.0[2852]: 2026-10-09T02:10:54.538400Z  INFO bootstrap_genesis_then_pause{legacy_fallback=true}: zakurad::components::sync: Zakura watchdog probed legacy peers for connected blocks ahead verified_tip=Some(Height(4382897)) blocks_ahead=None
1791511870.541456 runnervmmprz5 ztreamerd-v0.1.0[2852]: 2026-10-09T02:11:10.541414Z  INFO bootstrap_genesis_then_pause{legacy_fallback=true}: zakurad::components::sync: Zakura watchdog probed legacy peers for connected blocks ahead verified_tip=Some(Height(4382897)) blocks_ahead=None
1791511886.544579 runnervmmprz5 ztreamerd-v0.1.0[2852]: 2026-10-09T02:11:26.544538Z  INFO bootstrap_genesis_then_pause{legacy_fallback=true}: zakurad::components::sync: Zakura watchdog probed legacy peers for connected blocks ahead verified_tip=Some(Height(4382897)) blocks_ahead=None
1791511890.514143 runnervmmprz5 ztreamerd-v0.1.0[2852]: 2026-10-09T02:11:30.514105Z  INFO zakurad::components::sync::progress: initial sync is very slow, or estimated tip is wrong. Hint: check your network connection, and your computer clock and time zone sync_percent=99.584% current_height=Height(4382897) network_upgrade=Nu6_3 remaining_sync_blocks=18308 after_checkpoint_height=Height(4024210) time_since_last_state_block=2m
1791511900.479189 runnervmmprz5 ztreamerd-v0.1.0[2852]: 2026-10-09T02:11:40.479144Z  INFO crawl_and_dial{new_peer_interval=61s}:crawl: zakura_network::peer_set::candidate_set: timeout waiting for peer service readiness or peer responses
1791511900.479189 runnervmmprz5 ztreamerd-v0.1.0[2852]: 2026-10-09T02:11:40.479182Z  INFO crawl_and_dial{new_peer_interval=61s}: zakura_network::peer_set::initialize: timer-based crawl finished active_outbound_connections=0 peerset_target_size=100 outbound_connection_limit=150 remaining_replenishment_demand=80
1791511900.479551 runnervmmprz5 ztreamerd-v0.1.0[2852]: 2026-10-09T02:11:40.479256Z  INFO crawl_and_dial{new_peer_interval=61s}: zakura_network::address_book: no active peer connections: trying gossiped addresses address_metrics=AddressMetrics { responded: 0, never_attempted_gossiped: 0, failed: 0, attempt_pending: 1, recently_live: 0, recently_stopped_responding: 0, num_addresses: 1, address_limit: 5000 }
1791511902.546499 runnervmmprz5 ztreamerd-v0.1.0[2852]: 2026-10-09T02:11:42.546463Z  INFO bootstrap_genesis_then_pause{legacy_fallback=true}: zakurad::components::sync: Zakura watchdog probed legacy peers for connected blocks ahead verified_tip=Some(Height(4382897)) blocks_ahead=None
1791511918.550195 runnervmmprz5 ztreamerd-v0.1.0[2852]: 2026-10-09T02:11:58.550147Z  INFO bootstrap_genesis_then_pause{legacy_fallback=true}: zakurad::components::sync: Zakura watchdog probed legacy peers for connected blocks ahead verified_tip=Some(Height(4382897)) blocks_ahead=None
1791511928.550895 runnervmmprz5 ztreamerd-v0.1.0[2852]: 2026-10-09T02:12:08.550853Z  INFO zakura_network::peer_set::set: dropping stalled peer: exceeded FindBlocks/FindHeaders stall threshold peer=v4redacted:8233
1791511934.551694 runnervmmprz5 ztreamerd-v0.1.0[2852]: 2026-10-09T02:12:14.551642Z  INFO bootstrap_genesis_then_pause{legacy_fallback=true}: zakurad::components::sync: Zakura watchdog probed legacy peers for connected blocks ahead verified_tip=Some(Height(4382897)) blocks_ahead=None
1791511950.527245 runnervmmprz5 ztreamerd-v0.1.0[2852]: 2026-10-09T02:12:30.527210Z  INFO zakurad::components::sync::progress: initial sync is very slow, or estimated tip is wrong. Hint: check your network connection, and your computer clock and time zone sync_percent=99.584% current_height=Height(4382897) network_upgrade=Nu6_3 remaining_sync_blocks=18309 after_checkpoint_height=Height(4024210) time_since_last_state_block=3m
1791511950.555321 runnervmmprz5 ztreamerd-v0.1.0[2852]: 2026-10-09T02:12:30.555300Z  INFO bootstrap_genesis_then_pause{legacy_fallback=true}: zakurad::components::sync: Zakura watchdog probed legacy peers for connected blocks ahead verified_tip=Some(Height(4382897)) blocks_ahead=None
1791511961.479024 runnervmmprz5 ztreamerd-v0.1.0[2852]: 2026-10-09T02:12:41.478975Z  INFO crawl_and_dial{new_peer_interval=61s}:crawl: zakura_network::peer_set::candidate_set: timeout waiting for peer service readiness or peer responses
1791511961.479024 runnervmmprz5 ztreamerd-v0.1.0[2852]: 2026-10-09T02:12:41.479027Z  INFO crawl_and_dial{new_peer_interval=61s}: zakura_network::peer_set::initialize: timer-based crawl finished active_outbound_connections=0 peerset_target_size=100 outbound_connection_limit=150 remaining_replenishment_demand=80
1791511966.557827 runnervmmprz5 ztreamerd-v0.1.0[2852]: 2026-10-09T02:12:46.557780Z  INFO bootstrap_genesis_then_pause{legacy_fallback=true}: zakurad::components::sync: Zakura watchdog probed legacy peers for connected blocks ahead verified_tip=Some(Height(4382897)) blocks_ahead=None
1791511973.318780 runnervmmprz5 ztreamerd-v0.1.0[2852]: 2026-10-09T02:12:53.318700Z  INFO ztreamerd::lifecycle: shutting down node and application
1791511973.318780 runnervmmprz5 ztreamerd-v0.1.0[2852]: 2026-10-09T02:12:53.318741Z  INFO zakurad::commands::start: exiting Zakura: asking other tasks to stop
1791511973.318929 runnervmmprz5 systemd[1]: Stopping zbench-ztreamer-v0.1.0.service - /opt/zbench/bin/ztreamerd-v0.1.0 --zakura-config /home/runner/work/zcash-indexer-bench/zcash-indexer-bench/runs/ztreamer-v0.1.0-r1/index/zakura.toml --index-dir /zbench/index/ztreamer-v0.1.0 --grpc-listen 127.0.0.1:9067 --metrics-listen 127.0.0.1:9999...
1791511973.319608 runnervmmprz5 ztreamerd-v0.1.0[2852]: 2026-10-09T02:12:53.319592Z  INFO zakurad::commands::start: exiting Zakura: all tasks have been asked to stop, waiting for remaining tasks to finish
1791511973.341666 runnervmmprz5 ztreamerd-v0.1.0[2852]: 2026-10-09T02:12:53.341637Z  INFO zakura_state::service: dropping the state: logging database metrics
1791511973.341876 runnervmmprz5 ztreamerd-v0.1.0[2852]: 2026-10-09T02:12:53.341729Z  INFO zakura_network::address_book_updater: stopping address book updater error=Err(AllAddressBookUpdaterSendersClosed)
1791511973.342150 runnervmmprz5 ztreamerd-v0.1.0[2852]: 2026-10-09T02:12:53.342133Z  INFO zakura_state::service::finalized_state::disk_format::upgrade: checking new blocks were written in current database format running_version=28.1.5+indexer
1791511973.342150 runnervmmprz5 ztreamerd-v0.1.0[2852]: 2026-10-09T02:12:53.342146Z  INFO zakura_state::service::finalized_state::disk_format::upgrade: checking database format produced by new blocks in this instance is valid running_version=28.1.5+indexer
1791511973.343900 runnervmmprz5 ztreamerd-v0.1.0[2852]: 2026-10-09T02:12:53.343888Z  INFO zakura_state::service::finalized_state::disk_db: Total Database Disk Size: 12.4 GB
1791511973.343900 runnervmmprz5 ztreamerd-v0.1.0[2852]: 2026-10-09T02:12:53.343897Z  INFO zakura_state::service::finalized_state::disk_db: Total Live Data Disk Size: 12.4 GB
1791511973.343900 runnervmmprz5 ztreamerd-v0.1.0[2852]: 2026-10-09T02:12:53.343900Z  INFO zakura_state::service::finalized_state::disk_db: Total Database Memory Size: 105.7 MB
1791511973.343970 runnervmmprz5 ztreamerd-v0.1.0[2852]: 2026-10-09T02:12:53.343917Z  INFO zakura_state::service::finalized_state::disk_format::upgrade: checking new blocks were written in current database format running_version=28.1.5+indexer
1791511973.343970 runnervmmprz5 ztreamerd-v0.1.0[2852]: 2026-10-09T02:12:53.343920Z  INFO zakura_state::service::finalized_state::disk_format::upgrade: checking database format produced by new blocks in this instance is valid running_version=28.1.5+indexer
1791511975.780782 runnervmmprz5 ztreamerd-v0.1.0[2852]: 2026-10-09T02:12:55.780734Z  INFO zakura_state::service::finalized_state::disk_format::upgrade: database format is valid running_version=28.1.5+indexer initial_disk_version=28.1.5+indexer
1791511975.780782 runnervmmprz5 ztreamerd-v0.1.0[2852]: 2026-10-09T02:12:55.780734Z  INFO zakura_state::service::finalized_state::disk_format::upgrade: database format is valid running_version=28.1.5+indexer initial_disk_version=28.1.5+indexer
1791511975.780782 runnervmmprz5 ztreamerd-v0.1.0[2852]: 2026-10-09T02:12:55.780778Z  INFO zakura_state::service::finalized_state::disk_db: forcing shutdown of a state database with multiple active instances path="/zbench/zakura-v28/state/v28/testnet"
1791511975.780782 runnervmmprz5 ztreamerd-v0.1.0[2852]: 2026-10-09T02:12:55.780779Z  INFO zakura_state::service::finalized_state::disk_db: forcing shutdown of a state database with multiple active instances path="/zbench/zakura-v28/state/v28/testnet"
1791511975.781388 runnervmmprz5 ztreamerd-v0.1.0[2852]: 2026-10-09T02:12:55.781374Z  INFO zakura_state::service: waiting for the block write task to finish
1791511975.846973 runnervmmprz5 systemd[1]: zbench-ztreamer-v0.1.0.service: Deactivated successfully.
1791511975.847181 runnervmmprz5 systemd[1]: Stopped zbench-ztreamer-v0.1.0.service - /opt/zbench/bin/ztreamerd-v0.1.0 --zakura-config /home/runner/work/zcash-indexer-bench/zcash-indexer-bench/runs/ztreamer-v0.1.0-r1/index/zakura.toml --index-dir /zbench/index/ztreamer-v0.1.0 --grpc-listen 127.0.0.1:9067 --metrics-listen 127.0.0.1:9999.
1791511975.847405 runnervmmprz5 systemd[1]: zbench-ztreamer-v0.1.0.service: Consumed 2min 35.150s CPU time, 11.1G memory peak, 0B memory swap peak, read 13.3G from disk, written 10.5G to disk.
