Oct 10 19:30:16 runnervmmprz5 systemd[1]: Started zebrad.service - /opt/zbench/bin/zebrad-v6.4.2 -c /etc/zbench/zebrad.toml start.
Oct 10 19:30:16 runnervmmprz5 zebrad-v6.4.2[2948]: Thank you for running a testnet zebrad 6.4.2 node!
Oct 10 19:30:16 runnervmmprz5 zebrad-v6.4.2[2948]: You're helping to strengthen the network and contributing to a social good :)
Oct 10 19:30:16 runnervmmprz5 zebrad-v6.4.2[2948]: 2026-10-10T19:30:16.488638Z  INFO zebrad::components::tracing::component: started tracing component filter="info" TRACING_STATIC_MAX_LEVEL=LevelFilter::INFO LOG_STATIC_MAX_LEVEL=Info
Oct 10 19:30:16 runnervmmprz5 zebrad-v6.4.2[2948]: 2026-10-10T19:30:16.490690Z  INFO zebrad::components::tracing::component: installed sentry tracing layer
Oct 10 19:30:16 runnervmmprz5 zebrad-v6.4.2[2948]: 2026-10-10T19:30:16.490701Z  INFO zebrad::components::tracing::component: set 'tracing.progress_bar ="summary"' in zebrad.toml to activate progress bars
Oct 10 19:30:16 runnervmmprz5 zebrad-v6.4.2[2948]: 2026-10-10T19:30:16.490705Z  INFO zebrad::application: Diagnostic metadata:
Oct 10 19:30:16 runnervmmprz5 zebrad-v6.4.2[2948]: version: 6.4.2
Oct 10 19:30:16 runnervmmprz5 zebrad-v6.4.2[2948]: Zcash network: Testnet
Oct 10 19:30:16 runnervmmprz5 zebrad-v6.4.2[2948]: running state version: 28.0.0+indexer
Oct 10 19:30:16 runnervmmprz5 zebrad-v6.4.2[2948]: initial disk state version: 28.0.0
Oct 10 19:30:16 runnervmmprz5 zebrad-v6.4.2[2948]: features: default,default_release_binaries,howudoin,indexer,indicatif,metrics_exporter_prometheus,opentelemetry,progress_bar,prometheus,release_max_level_info,sentry
Oct 10 19:30:16 runnervmmprz5 zebrad-v6.4.2[2948]: branch: HEAD
Oct 10 19:30:16 runnervmmprz5 zebrad-v6.4.2[2948]: git commit: e3eef2f
Oct 10 19:30:16 runnervmmprz5 zebrad-v6.4.2[2948]: commit timestamp: 2026-09-25T19:37:34.000000000Z
Oct 10 19:30:16 runnervmmprz5 zebrad-v6.4.2[2948]: target triple: x86_64-unknown-linux-gnu
Oct 10 19:30:16 runnervmmprz5 zebrad-v6.4.2[2948]: rust compiler: 1.91.0
Oct 10 19:30:16 runnervmmprz5 zebrad-v6.4.2[2948]: rust release date: 2025-10-28
Oct 10 19:30:16 runnervmmprz5 zebrad-v6.4.2[2948]: optimization level: 3
Oct 10 19:30:16 runnervmmprz5 zebrad-v6.4.2[2948]: debug checks: true
Oct 10 19:30:16 runnervmmprz5 zebrad-v6.4.2[2948]: 2026-10-10T19:30:16.490710Z  INFO zebrad::application: Using config file at: "/etc/zbench/zebrad.toml"
Oct 10 19:30:16 runnervmmprz5 zebrad-v6.4.2[2948]: 2026-10-10T19:30:16.490715Z  INFO zebrad::application: ZebradConfig { consensus: Config { checkpoint_sync: true }, metrics: Config { endpoint_addr: Some(127.0.0.1:9101) }, network: Config { listen_addr: 127.0.0.1:8233, external_addr: None, network: Testnet, initial_mainnet_peers: {}, initial_testnet_peers: {}, cache_dir: IsEnabled(false), peerset_initial_target_size: 25, crawl_new_peer_interval: 61s, max_connections_per_ip: 1 }, state: Config { cache_dir: "/zbench/zebra", ephemeral: false, should_backup_non_finalized_state: true, delete_old_database: true, debug_stop_at_height: None, debug_validity_check_interval: None, debug_skip_non_finalized_state_backup_task: false }, tracing: Config { inner: InnerConfig { use_color: false, force_use_color: false, filter: None, buffer_limit: 128000, endpoint_addr: None, flamegraph: None, progress_bar: None, log_file: None, use_journald: false, opentelemetry_endpoint: None, opentelemetry_service_name: None, opentelemetry_sample_percent: None } }, sync: Config { download_concurrency_limit: 50, checkpoint_verify_concurrency_limit: 1000, full_verify_concurrency_limit: 20, parallel_cpu_threads: 0 }, mempool: Config { tx_cost_limit: 80000000, eviction_memory_time: 3600s, debug_enable_at_height: None, max_datacarrier_bytes: Some(83) }, notify: Config { block_notify_command: None }, rpc: Config { listen_addr: Some(127.0.0.1:8232), indexer_listen_addr: Some(127.0.0.1:8230), lightwalletd_listen_addr: None, parallel_cpu_threads: 0, debug_force_finished_sync: false, cookie_dir: "/zbench/zebra-cookie", enable_cookie_auth: true, max_response_body_size: 52428800 }, mining: Config { miner_address: None, extra_coinbase_data: None, miner_memo: None, internal_miner: false }, health: Config { listen_addr: None, min_connected_peers: 1, ready_max_blocks_behind: 2, enforce_on_test_networks: false, ready_max_tip_age: 300s }, zcashd_compat: Config { enabled: false, manage_zcashd: false, zcashd_source: Path, zcashd_path: None, zcashd_datadir: None, zcashd_extra_args: [], p2p_connect_addr: None, block_gossip_peer_ips: [], startup_delay: 1s, restart_backoff: 2s, restart_backoff_max: 300s, restart_reset_after: 3600s, shutdown_grace_period: 300s } }
Oct 10 19:30:16 runnervmmprz5 zebrad-v6.4.2[2948]: 2026-10-10T19:30:16.492328Z  INFO {zebrad="e3eef2f" net="Test"}: zebrad::application: initialized rayon thread pool for CPU-bound tasks num_threads=4
Oct 10 19:30:16 runnervmmprz5 zebrad-v6.4.2[2948]: 2026-10-10T19:30:16.493251Z  INFO {zebrad="e3eef2f" net="Test"}: zebrad::components::metrics: Trying to open metrics endpoint at 127.0.0.1:9101...
Oct 10 19:30:16 runnervmmprz5 zebrad-v6.4.2[2948]: 2026-10-10T19:30:16.495018Z  INFO {zebrad="e3eef2f" net="Test"}: zebrad::components::metrics: Opened metrics endpoint at 127.0.0.1:9101
Oct 10 19:30:16 runnervmmprz5 zebrad-v6.4.2[2948]: 2026-10-10T19:30:16.495855Z  INFO zebrad::commands::start: Starting zebrad
Oct 10 19:30:16 runnervmmprz5 zebrad-v6.4.2[2948]: 2026-10-10T19:30:16.496718Z  WARN zebrad::commands::start: TCP slow-start-after-idle is enabled, which resets TCP's congestion window between block requests and significantly reduces single-peer throughput for block propagation. Hint: set `net.ipv4.tcp_slow_start_after_idle=0` via sysctl. See https://zebra.zfnd.org/user/troubleshooting.html#linux-tcp-tuning-for-block-propagation setting="net.ipv4.tcp_slow_start_after_idle"
Oct 10 19:30:16 runnervmmprz5 zebrad-v6.4.2[2948]: 2026-10-10T19:30:16.496759Z  INFO zebrad::commands::start: initializing node state
Oct 10 19:30:16 runnervmmprz5 zebrad-v6.4.2[2948]: 2026-10-10T19:30:16.497024Z  INFO zebrad::commands::start: opening database, this may take a few minutes
Oct 10 19:30:16 runnervmmprz5 zebrad-v6.4.2[2948]: 2026-10-10T19:30:16.499499Z  INFO zebra_state::service::finalized_state::disk_format::upgrade: trying to open current database format running_version=28.0.0+indexer
Oct 10 19:30:17 runnervmmprz5 zebrad-v6.4.2[2948]: 2026-10-10T19:30:17.689851Z  INFO zebra_state::service::finalized_state::disk_db: Opened Zebra state cache at /zbench/zebra/state/v28/testnet
Oct 10 19:30:17 runnervmmprz5 zebrad-v6.4.2[2948]: 2026-10-10T19:30:17.703385Z  INFO zebra_state::service::finalized_state::disk_format::upgrade: checking database format produced by a previous zebra instance is current and valid running_version=28.0.0+indexer
Oct 10 19:30:17 runnervmmprz5 zebrad-v6.4.2[2948]: 2026-10-10T19:30:17.703676Z  INFO zebra_state::service::finalized_state::disk_format::upgrade: started checking/adding indexes for spending tx ids
Oct 10 19:30:17 runnervmmprz5 zebrad-v6.4.2[2948]: 2026-10-10T19:30:17.715692Z  INFO zebra_state::service::non_finalized_state: restoring non-finalized blocks from backup and spawning backup task backup_dir_path="/zbench/zebra/non_finalized_state/testnet"
Oct 10 19:30:17 runnervmmprz5 zebrad-v6.4.2[2948]: 2026-10-10T19:30:17.719126Z  INFO zebra_state::service::non_finalized_state: no blocks were restored from the non-finalized backup cache
Oct 10 19:30:17 runnervmmprz5 zebrad-v6.4.2[2948]: 2026-10-10T19:30:17.719157Z  INFO zebra_state::service: loaded Zebra state cache chain_tip=Some((block::Hash("00005894e6410b9d9524e38d725e6595ef4c8f85d4deb9e56b340751b0c3d678"), Height(4382897)))
Oct 10 19:30:17 runnervmmprz5 zebrad-v6.4.2[2948]: 2026-10-10T19:30:17.719998Z  INFO zebra_state::service: starting legacy chain check
Oct 10 19:30:17 runnervmmprz5 zebrad-v6.4.2[2948]: 2026-10-10T19:30:17.720207Z  INFO zebra_state::service: cached state consensus branch is valid: no legacy chain found
Oct 10 19:30:17 runnervmmprz5 zebrad-v6.4.2[2948]: 2026-10-10T19:30:17.720231Z  INFO zebrad::commands::start: logging database metrics on startup
Oct 10 19:30:17 runnervmmprz5 zebrad-v6.4.2[2948]: 2026-10-10T19:30:17.725663Z  INFO zebra_state::service::finalized_state::disk_db: Total Database Disk Size: 12.6 GB
Oct 10 19:30:17 runnervmmprz5 zebrad-v6.4.2[2948]: 2026-10-10T19:30:17.725673Z  INFO zebra_state::service::finalized_state::disk_db: Total Live Data Disk Size: 12.6 GB
Oct 10 19:30:17 runnervmmprz5 zebrad-v6.4.2[2948]: 2026-10-10T19:30:17.725677Z  INFO zebra_state::service::finalized_state::disk_db: Total Database Memory Size: 1.1 MB
Oct 10 19:30:17 runnervmmprz5 zebrad-v6.4.2[2948]: 2026-10-10T19:30:17.725689Z  INFO zebrad::commands::start: initializing network
Oct 10 19:30:17 runnervmmprz5 zebrad-v6.4.2[2948]: 2026-10-10T19:30:17.726289Z  INFO open_listener{addr=127.0.0.1:8233}: zebra_network::peer_set::initialize: Trying to open Zcash protocol endpoint at 127.0.0.1:8233...
Oct 10 19:30:17 runnervmmprz5 zebrad-v6.4.2[2948]: 2026-10-10T19:30:17.726357Z  INFO open_listener{addr=127.0.0.1:8233}: zebra_network::peer_set::initialize: Opened Zcash protocol endpoint at 127.0.0.1:8233
Oct 10 19:30:17 runnervmmprz5 zebrad-v6.4.2[2948]: 2026-10-10T19:30:17.728355Z  INFO zebra_network::address_book_updater: starting the address book updater
Oct 10 19:30:17 runnervmmprz5 zebrad-v6.4.2[2948]: 2026-10-10T19:30:17.728620Z  WARN add_initial_peers: zebra_network::config: no initial peers in the network config. Hint: you must configure at least one peer IP or DNS seeder to run Zebra, give it some previously cached peer IP addresses on disk, or make sure Zebra's listener port gets inbound connections.
Oct 10 19:30:17 runnervmmprz5 zebrad-v6.4.2[2948]: 2026-10-10T19:30:17.728872Z  INFO add_initial_peers: zebra_network::peer_set::initialize: connecting to initial peer set ipv4_peer_count=0 ipv6_peer_count=0
Oct 10 19:30:17 runnervmmprz5 zebrad-v6.4.2[2948]: 2026-10-10T19:30:17.728884Z  INFO add_initial_peers: zebra_network::peer_set::initialize: finished connecting to initial seed and disk cache peers handshake_success_total=0 handshake_error_total=0 outbound_connections=0
Oct 10 19:30:17 runnervmmprz5 zebrad-v6.4.2[2948]: 2026-10-10T19:30:17.728936Z  INFO zebra_network::peer_set::initialize: sending initial request for peers active_initial_peer_count=0
Oct 10 19:30:17 runnervmmprz5 zebrad-v6.4.2[2948]: 2026-10-10T19:30:17.728968Z  INFO zebrad::commands::start: initializing verifiers
Oct 10 19:30:17 runnervmmprz5 zebrad-v6.4.2[2948]: 2026-10-10T19:30:17.728995Z  INFO crawl_and_dial{new_peer_interval=61s}: zebra_network::peer_set::initialize: starting the peer address crawler crawl_new_peer_interval=61s outbound_connections=0
Oct 10 19:30:17 runnervmmprz5 zebrad-v6.4.2[2948]: 2026-10-10T19:30:17.729204Z  INFO init{config=Config { checkpoint_sync: true } network=Testnet}: zebra_consensus::router: starting state checkpoint validation
Oct 10 19:30:17 runnervmmprz5 zebrad-v6.4.2[2948]: 2026-10-10T19:30:17.732095Z  INFO init{config=Config { checkpoint_sync: true } network=Testnet}: zebra_consensus::router: initializing block verifier router tip=Some((Height(4382897), block::Hash("00005894e6410b9d9524e38d725e6595ef4c8f85d4deb9e56b340751b0c3d678"))) max_checkpoint_height=Height(4359385)
Oct 10 19:30:17 runnervmmprz5 zebrad-v6.4.2[2948]: 2026-10-10T19:30:17.732436Z  INFO zebrad::commands::start: initializing syncer
Oct 10 19:30:17 runnervmmprz5 zebrad-v6.4.2[2948]: 2026-10-10T19:30:17.732658Z  INFO zebrad::commands::start: initializing mempool
Oct 10 19:30:17 runnervmmprz5 zebrad-v6.4.2[2948]: 2026-10-10T19:30:17.732818Z  INFO zebrad::commands::start: fully initializing inbound peer request handler
Oct 10 19:30:17 runnervmmprz5 zebrad-v6.4.2[2948]: 2026-10-10T19:30:17.735163Z  INFO zebra_rpc::server::cookie: RPC auth cookie written to disk
Oct 10 19:30:17 runnervmmprz5 zebrad-v6.4.2[2948]: 2026-10-10T19:30:17.735203Z  INFO zebra_rpc::server: Opened RPC endpoint at 127.0.0.1:8232
Oct 10 19:30:17 runnervmmprz5 zebrad-v6.4.2[2948]: 2026-10-10T19:30:17.735222Z  INFO zebrad::commands::start: spawning indexer RPC server
Oct 10 19:30:17 runnervmmprz5 zebrad-v6.4.2[2948]: 2026-10-10T19:30:17.737190Z  INFO init: zebra_rpc::indexer::server: Trying to open indexer RPC endpoint at 127.0.0.1:8230...
Oct 10 19:30:17 runnervmmprz5 zebrad-v6.4.2[2948]: 2026-10-10T19:30:17.737228Z  INFO init: zebra_rpc::indexer::server: Opened RPC endpoint at 127.0.0.1:8230
Oct 10 19:30:17 runnervmmprz5 zebrad-v6.4.2[2948]: 2026-10-10T19:30:17.737241Z  INFO zebrad::commands::start: spawning block gossip task
Oct 10 19:30:17 runnervmmprz5 zebrad-v6.4.2[2948]: 2026-10-10T19:30:17.737246Z  INFO zebrad::commands::start: spawning block notify task
Oct 10 19:30:17 runnervmmprz5 zebrad-v6.4.2[2948]: 2026-10-10T19:30:17.737250Z  INFO zebrad::commands::start: spawning mempool queue checker task
Oct 10 19:30:17 runnervmmprz5 zebrad-v6.4.2[2948]: 2026-10-10T19:30:17.737253Z  INFO zebrad::commands::start: spawning mempool transaction gossip task
Oct 10 19:30:17 runnervmmprz5 zebrad-v6.4.2[2948]: 2026-10-10T19:30:17.737257Z  INFO zebrad::commands::start: spawning delete old databases task
Oct 10 19:30:17 runnervmmprz5 zebrad-v6.4.2[2948]: 2026-10-10T19:30:17.737405Z  INFO zebrad::commands::start: spawning progress logging task
Oct 10 19:30:17 runnervmmprz5 zebrad-v6.4.2[2948]: 2026-10-10T19:30:17.737413Z  INFO zebrad::commands::start: initializing health endpoints
Oct 10 19:30:17 runnervmmprz5 zebrad-v6.4.2[2948]: 2026-10-10T19:30:17.737417Z  INFO zebrad::commands::start: spawning end of support checking task
Oct 10 19:30:17 runnervmmprz5 zebrad-v6.4.2[2948]: 2026-10-10T19:30:17.737423Z  INFO zebrad::commands::start: spawning mempool crawler task
Oct 10 19:30:17 runnervmmprz5 zebrad-v6.4.2[2948]: 2026-10-10T19:30:17.737425Z  INFO zebrad::commands::start: spawning syncer task
Oct 10 19:30:17 runnervmmprz5 zebrad-v6.4.2[2948]: 2026-10-10T19:30:17.737428Z  INFO zebrad::commands::start: spawned initial Zebra tasks
Oct 10 19:30:17 runnervmmprz5 zebrad-v6.4.2[2948]: 2026-10-10T19:30:17.737453Z  INFO zebra_state::config: checking for old database versions db_kind="state"
Oct 10 19:30:17 runnervmmprz5 zebrad-v6.4.2[2948]: 2026-10-10T19:30:17.737498Z  INFO zebra_state::config: finished old database version cleanup task
Oct 10 19:30:17 runnervmmprz5 zebrad-v6.4.2[2948]: 2026-10-10T19:30:17.737595Z  INFO zebrad::components::mempool::queue_checker: initializing mempool queue checker task
Oct 10 19:30:17 runnervmmprz5 zebrad-v6.4.2[2948]: 2026-10-10T19:30:17.737612Z  INFO zebrad::components::mempool::gossip: initializing transaction gossip task
Oct 10 19:30:17 runnervmmprz5 zebrad-v6.4.2[2948]: 2026-10-10T19:30:17.737618Z  INFO zebrad::components::sync::end_of_support: Starting end of support task
Oct 10 19:30:17 runnervmmprz5 zebrad-v6.4.2[2948]: 2026-10-10T19:30:17.738281Z  WARN zebrad::components::sync::progress: chain tip metrics channel closed err=SendError { .. }
Oct 10 19:30:17 runnervmmprz5 zebrad-v6.4.2[2948]: 2026-10-10T19:30:17.738302Z  INFO zebrad::components::sync::gossip: initializing block gossip task
Oct 10 19:30:17 runnervmmprz5 zebrad-v6.4.2[2948]: 2026-10-10T19:30:17.738425Z  INFO zebrad::components::mempool::crawler: initializing mempool crawler task
Oct 10 19:30:17 runnervmmprz5 zebrad-v6.4.2[2948]: 2026-10-10T19:30:17.738836Z  INFO sync:try_to_sync: zebrad::components::sync: starting sync, obtaining new tips state_tip=Some(Height(4382897))
Oct 10 19:30:18 runnervmmprz5 zebrad-v6.4.2[2948]: 2026-10-10T19:30:18.962116Z  INFO init{config=Config { checkpoint_sync: true } network=Testnet}: zebra_consensus::router: finished state checkpoint validation
Oct 10 19:30:23 runnervmmprz5 zebrad-v6.4.2[2948]: 2026-10-10T19:30:23.740525Z  INFO sync:try_to_sync: zebrad::components::sync: exhausted prospective tip set
Oct 10 19:30:23 runnervmmprz5 zebrad-v6.4.2[2948]: 2026-10-10T19:30:23.740585Z  INFO sync: zebrad::components::sync: waiting to restart sync timeout=67s state_tip=Some(Height(4382897))
Oct 10 19:30:24 runnervmmprz5 zebrad-v6.4.2[2948]: 2026-10-10T19:30:24.740402Z  INFO zebrad::components::sync::gossip: height=Height(4382897) request=AdvertiseBlock(block::Hash("00005894e6410b9d9524e38d725e6595ef4c8f85d4deb9e56b340751b0c3d678"), None) log_msg="sending committed block broadcast"
Oct 10 19:30:27 runnervmmprz5 zebrad-v6.4.2[2948]: 2026-10-10T19:30:27.738057Z  INFO zebrad::components::sync::end_of_support: Release always valid in Testnet
Oct 10 19:30:27 runnervmmprz5 zebrad-v6.4.2[2948]: 2026-10-10T19:30:27.739257Z  INFO zebrad::components::mempool: activating mempool: Zebra is close to the tip tip_height=Height(4382897)
Oct 10 19:31:17 runnervmmprz5 zebrad-v6.4.2[2948]: 2026-10-10T19:31:17.754861Z  INFO zebrad::components::sync::progress: initial sync is very slow, or estimated tip is wrong. Hint: check your network connection, and your computer clock and time zone sync_percent=99.539% current_height=Height(4382897) network_upgrade=Nu6_3 remaining_sync_blocks=20292 after_checkpoint_height=Height(4360395) time_since_last_state_block=1m
Oct 10 19:31:18 runnervmmprz5 zebrad-v6.4.2[2948]: 2026-10-10T19:31:18.730531Z  INFO crawl_and_dial{new_peer_interval=61s}:crawl: zebra_network::peer_set::candidate_set::crawl: timeout waiting for peer service readiness or peer responses
Oct 10 19:31:30 runnervmmprz5 zebrad-v6.4.2[2948]: 2026-10-10T19:31:30.741246Z  INFO sync:try_to_sync: zebrad::components::sync: starting sync, obtaining new tips state_tip=Some(Height(4382897))
Oct 10 19:31:36 runnervmmprz5 zebrad-v6.4.2[2948]: 2026-10-10T19:31:36.743103Z  INFO zebrad::components::mempool::crawler: mempool crawl timed out: Elapsed(())
Oct 10 19:32:17 runnervmmprz5 zebrad-v6.4.2[2948]: 2026-10-10T19:32:17.770980Z  INFO zebrad::components::sync::progress: initial sync is very slow, or estimated tip is wrong. Hint: check your network connection, and your computer clock and time zone sync_percent=99.539% current_height=Height(4382897) network_upgrade=Nu6_3 remaining_sync_blocks=20293 after_checkpoint_height=Height(4360395) time_since_last_state_block=2m
Oct 10 19:32:27 runnervmmprz5 zebrad-v6.4.2[2948]: 2026-10-10T19:32:27.731890Z  INFO crawl_and_dial{new_peer_interval=61s}:crawl: zebra_network::peer_set::candidate_set::crawl: timeout waiting for peer service readiness or peer responses
Oct 10 19:32:33 runnervmmprz5 zebrad-v6.4.2[2948]: 2026-10-10T19:32:33.205242Z  INFO zebra_state::service::finalized_state::disk_format::upgrade: finished checking/adding indexes for spending tx ids
Oct 10 19:32:37 runnervmmprz5 zebrad-v6.4.2[2948]: 2026-10-10T19:32:37.742120Z  INFO sync:try_to_sync: zebrad::components::sync: temporary error obtaining tips: deadline has elapsed
Oct 10 19:32:37 runnervmmprz5 zebrad-v6.4.2[2948]: 2026-10-10T19:32:37.742182Z  INFO sync: zebrad::components::sync: waiting to restart sync timeout=67s state_tip=Some(Height(4382897))
Oct 10 19:32:38 runnervmmprz5 zebrad-v6.4.2[2948]: 2026-10-10T19:32:38.559640Z  INFO zebra_state::service::finalized_state::disk_format::upgrade: database format is valid running_version=28.0.0+indexer initial_disk_version=28.0.0+indexer
Oct 10 19:33:17 runnervmmprz5 zebrad-v6.4.2[2948]: 2026-10-10T19:33:17.785729Z  INFO zebrad::components::sync::progress: initial sync is very slow, or estimated tip is wrong. Hint: check your network connection, and your computer clock and time zone sync_percent=99.539% current_height=Height(4382897) network_upgrade=Nu6_3 remaining_sync_blocks=20294 after_checkpoint_height=Height(4360395) time_since_last_state_block=3m
Oct 10 19:33:28 runnervmmprz5 zebrad-v6.4.2[2948]: 2026-10-10T19:33:28.731270Z  INFO crawl_and_dial{new_peer_interval=61s}:crawl: zebra_network::peer_set::candidate_set::crawl: timeout waiting for peer service readiness or peer responses
Oct 10 19:33:44 runnervmmprz5 zebrad-v6.4.2[2948]: 2026-10-10T19:33:44.744008Z  INFO sync:try_to_sync: zebrad::components::sync: starting sync, obtaining new tips state_tip=Some(Height(4382897))
Oct 10 19:34:02 runnervmmprz5 zebrad-v6.4.2[2948]: 2026-10-10T19:34:02.745355Z  INFO zebrad::components::mempool::crawler: mempool crawl timed out: Elapsed(())
Oct 10 19:34:17 runnervmmprz5 zebrad-v6.4.2[2948]: 2026-10-10T19:34:17.800454Z  INFO zebrad::components::sync::progress: initial sync is very slow, or estimated tip is wrong. Hint: check your network connection, and your computer clock and time zone sync_percent=99.539% current_height=Height(4382897) network_upgrade=Nu6_3 remaining_sync_blocks=20294 after_checkpoint_height=Height(4360395) time_since_last_state_block=4m
Oct 10 19:34:29 runnervmmprz5 zebrad-v6.4.2[2948]: 2026-10-10T19:34:29.731218Z  INFO crawl_and_dial{new_peer_interval=61s}:crawl: zebra_network::peer_set::candidate_set::crawl: timeout waiting for peer service readiness or peer responses
Oct 10 19:34:51 runnervmmprz5 zebrad-v6.4.2[2948]: 2026-10-10T19:34:51.745243Z  INFO sync:try_to_sync: zebrad::components::sync: temporary error obtaining tips: deadline has elapsed
Oct 10 19:34:51 runnervmmprz5 zebrad-v6.4.2[2948]: 2026-10-10T19:34:51.745313Z  INFO sync: zebrad::components::sync: waiting to restart sync timeout=67s state_tip=Some(Height(4382897))
Oct 10 19:35:17 runnervmmprz5 zebrad-v6.4.2[2948]: 2026-10-10T19:35:17.813965Z  INFO zebrad::components::sync::progress: initial sync is very slow, or estimated tip is wrong. Hint: check your network connection, and your computer clock and time zone sync_percent=99.539% current_height=Height(4382897) network_upgrade=Nu6_3 remaining_sync_blocks=20295 after_checkpoint_height=Height(4360395) time_since_last_state_block=5m
Oct 10 19:35:30 runnervmmprz5 zebrad-v6.4.2[2948]: 2026-10-10T19:35:30.732939Z  INFO crawl_and_dial{new_peer_interval=61s}:crawl: zebra_network::peer_set::candidate_set::crawl: timeout waiting for peer service readiness or peer responses
Oct 10 19:35:58 runnervmmprz5 zebrad-v6.4.2[2948]: 2026-10-10T19:35:58.746824Z  INFO sync:try_to_sync: zebrad::components::sync: starting sync, obtaining new tips state_tip=Some(Height(4382897))
Oct 10 19:36:17 runnervmmprz5 zebrad-v6.4.2[2948]: 2026-10-10T19:36:17.829870Z  INFO zebrad::components::sync::progress: initial sync is very slow, or estimated tip is wrong. Hint: check your network connection, and your computer clock and time zone sync_percent=99.539% current_height=Height(4382897) network_upgrade=Nu6_3 remaining_sync_blocks=20296 after_checkpoint_height=Height(4360395) time_since_last_state_block=6m
Oct 10 19:36:28 runnervmmprz5 zebrad-v6.4.2[2948]: 2026-10-10T19:36:28.748854Z  INFO zebrad::components::mempool::crawler: mempool crawl timed out: Elapsed(())
Oct 10 19:36:31 runnervmmprz5 zebrad-v6.4.2[2948]: 2026-10-10T19:36:31.731566Z  INFO crawl_and_dial{new_peer_interval=61s}:crawl: zebra_network::peer_set::candidate_set::crawl: timeout waiting for peer service readiness or peer responses
Oct 10 19:37:05 runnervmmprz5 zebrad-v6.4.2[2948]: 2026-10-10T19:37:05.747218Z  INFO sync:try_to_sync: zebrad::components::sync: temporary error obtaining tips: deadline has elapsed
Oct 10 19:37:05 runnervmmprz5 zebrad-v6.4.2[2948]: 2026-10-10T19:37:05.747285Z  INFO sync: zebrad::components::sync: waiting to restart sync timeout=67s state_tip=Some(Height(4382897))
Oct 10 19:37:17 runnervmmprz5 zebrad-v6.4.2[2948]: 2026-10-10T19:37:17.843181Z  INFO zebrad::components::sync::progress: initial sync is very slow, or estimated tip is wrong. Hint: check your network connection, and your computer clock and time zone sync_percent=99.539% current_height=Height(4382897) network_upgrade=Nu6_3 remaining_sync_blocks=20297 after_checkpoint_height=Height(4360395) time_since_last_state_block=7m
Oct 10 19:37:32 runnervmmprz5 zebrad-v6.4.2[2948]: 2026-10-10T19:37:32.731773Z  INFO crawl_and_dial{new_peer_interval=61s}:crawl: zebra_network::peer_set::candidate_set::crawl: timeout waiting for peer service readiness or peer responses
Oct 10 19:38:12 runnervmmprz5 zebrad-v6.4.2[2948]: 2026-10-10T19:38:12.748986Z  INFO sync:try_to_sync: zebrad::components::sync: starting sync, obtaining new tips state_tip=Some(Height(4382897))
Oct 10 19:38:17 runnervmmprz5 zebrad-v6.4.2[2948]: 2026-10-10T19:38:17.856549Z  INFO zebrad::components::sync::progress: initial sync is very slow, or estimated tip is wrong. Hint: check your network connection, and your computer clock and time zone sync_percent=99.539% current_height=Height(4382897) network_upgrade=Nu6_3 remaining_sync_blocks=20298 after_checkpoint_height=Height(4360395) time_since_last_state_block=8m
Oct 10 19:38:33 runnervmmprz5 zebrad-v6.4.2[2948]: 2026-10-10T19:38:33.731603Z  INFO crawl_and_dial{new_peer_interval=61s}:crawl: zebra_network::peer_set::candidate_set::crawl: timeout waiting for peer service readiness or peer responses
Oct 10 19:38:54 runnervmmprz5 zebrad-v6.4.2[2948]: 2026-10-10T19:38:54.750239Z  INFO zebrad::components::mempool::crawler: mempool crawl timed out: Elapsed(())
Oct 10 19:39:17 runnervmmprz5 zebrad-v6.4.2[2948]: 2026-10-10T19:39:17.870305Z  INFO zebrad::components::sync::progress: initial sync is very slow, or estimated tip is wrong. Hint: check your network connection, and your computer clock and time zone sync_percent=99.539% current_height=Height(4382897) network_upgrade=Nu6_3 remaining_sync_blocks=20298 after_checkpoint_height=Height(4360395) time_since_last_state_block=9m
Oct 10 19:39:19 runnervmmprz5 zebrad-v6.4.2[2948]: 2026-10-10T19:39:19.750824Z  INFO sync:try_to_sync: zebrad::components::sync: temporary error obtaining tips: deadline has elapsed
Oct 10 19:39:19 runnervmmprz5 zebrad-v6.4.2[2948]: 2026-10-10T19:39:19.750884Z  INFO sync: zebrad::components::sync: waiting to restart sync timeout=67s state_tip=Some(Height(4382897))
Oct 10 19:39:34 runnervmmprz5 zebrad-v6.4.2[2948]: 2026-10-10T19:39:34.731268Z  INFO crawl_and_dial{new_peer_interval=61s}:crawl: zebra_network::peer_set::candidate_set::crawl: timeout waiting for peer service readiness or peer responses
Oct 10 19:40:17 runnervmmprz5 zebrad-v6.4.2[2948]: 2026-10-10T19:40:17.886696Z  INFO zebrad::components::sync::progress: initial sync is very slow, or estimated tip is wrong. Hint: check your network connection, and your computer clock and time zone sync_percent=99.539% current_height=Height(4382897) network_upgrade=Nu6_3 remaining_sync_blocks=20299 after_checkpoint_height=Height(4360395) time_since_last_state_block=10m
Oct 10 19:40:26 runnervmmprz5 zebrad-v6.4.2[2948]: 2026-10-10T19:40:26.751421Z  INFO sync:try_to_sync: zebrad::components::sync: starting sync, obtaining new tips state_tip=Some(Height(4382897))
Oct 10 19:40:35 runnervmmprz5 zebrad-v6.4.2[2948]: 2026-10-10T19:40:35.731781Z  INFO crawl_and_dial{new_peer_interval=61s}:crawl: zebra_network::peer_set::candidate_set::crawl: timeout waiting for peer service readiness or peer responses
Oct 10 19:41:17 runnervmmprz5 zebrad-v6.4.2[2948]: 2026-10-10T19:41:17.898687Z  INFO zebrad::components::sync::progress: initial sync is very slow, or estimated tip is wrong. Hint: check your network connection, and your computer clock and time zone sync_percent=99.539% current_height=Height(4382897) network_upgrade=Nu6_3 remaining_sync_blocks=20300 after_checkpoint_height=Height(4360395) time_since_last_state_block=11m
Oct 10 19:41:20 runnervmmprz5 zebrad-v6.4.2[2948]: 2026-10-10T19:41:20.752950Z  INFO zebrad::components::mempool::crawler: mempool crawl timed out: Elapsed(())
Oct 10 19:41:33 runnervmmprz5 zebrad-v6.4.2[2948]: 2026-10-10T19:41:33.752320Z  INFO sync:try_to_sync: zebrad::components::sync: temporary error obtaining tips: deadline has elapsed
Oct 10 19:41:33 runnervmmprz5 zebrad-v6.4.2[2948]: 2026-10-10T19:41:33.752380Z  INFO sync: zebrad::components::sync: waiting to restart sync timeout=67s state_tip=Some(Height(4382897))
Oct 10 19:41:36 runnervmmprz5 zebrad-v6.4.2[2948]: 2026-10-10T19:41:36.731895Z  INFO crawl_and_dial{new_peer_interval=61s}:crawl: zebra_network::peer_set::candidate_set::crawl: timeout waiting for peer service readiness or peer responses
Oct 10 19:42:17 runnervmmprz5 zebrad-v6.4.2[2948]: 2026-10-10T19:42:17.912360Z  INFO zebrad::components::sync::progress: initial sync is very slow, or estimated tip is wrong. Hint: check your network connection, and your computer clock and time zone sync_percent=99.539% current_height=Height(4382897) network_upgrade=Nu6_3 remaining_sync_blocks=20301 after_checkpoint_height=Height(4360395) time_since_last_state_block=12m
Oct 10 19:42:37 runnervmmprz5 zebrad-v6.4.2[2948]: 2026-10-10T19:42:37.731191Z  INFO crawl_and_dial{new_peer_interval=61s}:crawl: zebra_network::peer_set::candidate_set::crawl: timeout waiting for peer service readiness or peer responses
Oct 10 19:42:40 runnervmmprz5 zebrad-v6.4.2[2948]: 2026-10-10T19:42:40.753517Z  INFO sync:try_to_sync: zebrad::components::sync: starting sync, obtaining new tips state_tip=Some(Height(4382897))
Oct 10 19:43:17 runnervmmprz5 zebrad-v6.4.2[2948]: 2026-10-10T19:43:17.925010Z  INFO zebrad::components::sync::progress: initial sync is very slow, or estimated tip is wrong. Hint: check your network connection, and your computer clock and time zone sync_percent=99.539% current_height=Height(4382897) network_upgrade=Nu6_3 remaining_sync_blocks=20302 after_checkpoint_height=Height(4360395) time_since_last_state_block=13m
Oct 10 19:43:38 runnervmmprz5 zebrad-v6.4.2[2948]: 2026-10-10T19:43:38.731445Z  INFO crawl_and_dial{new_peer_interval=61s}:crawl: zebra_network::peer_set::candidate_set::crawl: timeout waiting for peer service readiness or peer responses
Oct 10 19:43:46 runnervmmprz5 zebrad-v6.4.2[2948]: 2026-10-10T19:43:46.755248Z  INFO zebrad::components::mempool::crawler: mempool crawl timed out: Elapsed(())
Oct 10 19:43:47 runnervmmprz5 zebrad-v6.4.2[2948]: 2026-10-10T19:43:47.754575Z  INFO sync:try_to_sync: zebrad::components::sync: temporary error obtaining tips: deadline has elapsed
Oct 10 19:43:47 runnervmmprz5 zebrad-v6.4.2[2948]: 2026-10-10T19:43:47.754639Z  INFO sync: zebrad::components::sync: waiting to restart sync timeout=67s state_tip=Some(Height(4382897))
Oct 10 19:44:17 runnervmmprz5 zebrad-v6.4.2[2948]: 2026-10-10T19:44:17.939292Z  INFO zebrad::components::sync::progress: initial sync is very slow, or estimated tip is wrong. Hint: check your network connection, and your computer clock and time zone sync_percent=99.539% current_height=Height(4382897) network_upgrade=Nu6_3 remaining_sync_blocks=20302 after_checkpoint_height=Height(4360395) time_since_last_state_block=14m
Oct 10 19:44:39 runnervmmprz5 zebrad-v6.4.2[2948]: 2026-10-10T19:44:39.731788Z  INFO crawl_and_dial{new_peer_interval=61s}:crawl: zebra_network::peer_set::candidate_set::crawl: timeout waiting for peer service readiness or peer responses
Oct 10 19:44:54 runnervmmprz5 zebrad-v6.4.2[2948]: 2026-10-10T19:44:54.755362Z  INFO sync:try_to_sync: zebrad::components::sync: starting sync, obtaining new tips state_tip=Some(Height(4382897))
Oct 10 19:45:17 runnervmmprz5 zebrad-v6.4.2[2948]: 2026-10-10T19:45:17.953272Z  WARN zebrad::components::sync::progress: chain updates have stalled, state height has not increased for 15 minutes. Hint: check your network connection, and your computer clock and time zone sync_percent=99.539% current_height=Height(4382897) network_upgrade=Nu6_3 time_since_last_state_block=15m target_block_spacing=1m 15s max_block_spacing=7m 30s is_syncer_stopped=true
Oct 10 19:45:40 runnervmmprz5 zebrad-v6.4.2[2948]: 2026-10-10T19:45:40.731271Z  INFO crawl_and_dial{new_peer_interval=61s}:crawl: zebra_network::peer_set::candidate_set::crawl: timeout waiting for peer service readiness or peer responses
Oct 10 19:46:01 runnervmmprz5 zebrad-v6.4.2[2948]: 2026-10-10T19:46:01.756606Z  INFO sync:try_to_sync: zebrad::components::sync: temporary error obtaining tips: deadline has elapsed
Oct 10 19:46:01 runnervmmprz5 zebrad-v6.4.2[2948]: 2026-10-10T19:46:01.756655Z  INFO sync: zebrad::components::sync: waiting to restart sync timeout=67s state_tip=Some(Height(4382897))
Oct 10 19:46:12 runnervmmprz5 zebrad-v6.4.2[2948]: 2026-10-10T19:46:12.757765Z  INFO zebrad::components::mempool::crawler: mempool crawl timed out: Elapsed(())
Oct 10 19:46:17 runnervmmprz5 zebrad-v6.4.2[2948]: 2026-10-10T19:46:17.969012Z  WARN zebrad::components::sync::progress: chain updates have stalled, state height has not increased for 16 minutes. Hint: check your network connection, and your computer clock and time zone sync_percent=99.539% current_height=Height(4382897) network_upgrade=Nu6_3 time_since_last_state_block=16m target_block_spacing=1m 15s max_block_spacing=7m 30s is_syncer_stopped=true
Oct 10 19:46:41 runnervmmprz5 zebrad-v6.4.2[2948]: 2026-10-10T19:46:41.731759Z  INFO crawl_and_dial{new_peer_interval=61s}:crawl: zebra_network::peer_set::candidate_set::crawl: timeout waiting for peer service readiness or peer responses
Oct 10 19:47:08 runnervmmprz5 zebrad-v6.4.2[2948]: 2026-10-10T19:47:08.757134Z  INFO sync:try_to_sync: zebrad::components::sync: starting sync, obtaining new tips state_tip=Some(Height(4382897))
Oct 10 19:47:17 runnervmmprz5 zebrad-v6.4.2[2948]: 2026-10-10T19:47:17.985876Z  WARN zebrad::components::sync::progress: chain updates have stalled, state height has not increased for 17 minutes. Hint: check your network connection, and your computer clock and time zone sync_percent=99.539% current_height=Height(4382897) network_upgrade=Nu6_3 time_since_last_state_block=17m target_block_spacing=1m 15s max_block_spacing=7m 30s is_syncer_stopped=true
Oct 10 19:47:42 runnervmmprz5 zebrad-v6.4.2[2948]: 2026-10-10T19:47:42.731594Z  INFO crawl_and_dial{new_peer_interval=61s}:crawl: zebra_network::peer_set::candidate_set::crawl: timeout waiting for peer service readiness or peer responses
Oct 10 19:48:15 runnervmmprz5 zebrad-v6.4.2[2948]: 2026-10-10T19:48:15.758653Z  INFO sync:try_to_sync: zebrad::components::sync: temporary error obtaining tips: deadline has elapsed
Oct 10 19:48:15 runnervmmprz5 zebrad-v6.4.2[2948]: 2026-10-10T19:48:15.758714Z  INFO sync: zebrad::components::sync: waiting to restart sync timeout=67s state_tip=Some(Height(4382897))
Oct 10 19:48:18 runnervmmprz5 zebrad-v6.4.2[2948]: 2026-10-10T19:48:18.000312Z  WARN zebrad::components::sync::progress: chain updates have stalled, state height has not increased for 18 minutes. Hint: check your network connection, and your computer clock and time zone sync_percent=99.539% current_height=Height(4382897) network_upgrade=Nu6_3 time_since_last_state_block=18m target_block_spacing=1m 15s max_block_spacing=7m 30s is_syncer_stopped=true
Oct 10 19:48:38 runnervmmprz5 zebrad-v6.4.2[2948]: 2026-10-10T19:48:38.759442Z  INFO zebrad::components::mempool::crawler: mempool crawl timed out: Elapsed(())
Oct 10 19:48:43 runnervmmprz5 zebrad-v6.4.2[2948]: 2026-10-10T19:48:43.731121Z  INFO crawl_and_dial{new_peer_interval=61s}:crawl: zebra_network::peer_set::candidate_set::crawl: timeout waiting for peer service readiness or peer responses
Oct 10 19:49:18 runnervmmprz5 zebrad-v6.4.2[2948]: 2026-10-10T19:49:18.014760Z  WARN zebrad::components::sync::progress: chain updates have stalled, state height has not increased for 19 minutes. Hint: check your network connection, and your computer clock and time zone sync_percent=99.539% current_height=Height(4382897) network_upgrade=Nu6_3 time_since_last_state_block=19m target_block_spacing=1m 15s max_block_spacing=7m 30s is_syncer_stopped=true
Oct 10 19:49:22 runnervmmprz5 zebrad-v6.4.2[2948]: 2026-10-10T19:49:22.760057Z  INFO sync:try_to_sync: zebrad::components::sync: starting sync, obtaining new tips state_tip=Some(Height(4382897))
Oct 10 19:49:44 runnervmmprz5 zebrad-v6.4.2[2948]: 2026-10-10T19:49:44.731111Z  INFO crawl_and_dial{new_peer_interval=61s}:crawl: zebra_network::peer_set::candidate_set::crawl: timeout waiting for peer service readiness or peer responses
Oct 10 19:50:18 runnervmmprz5 zebrad-v6.4.2[2948]: 2026-10-10T19:50:18.027479Z  WARN zebrad::components::sync::progress: chain updates have stalled, state height has not increased for 20 minutes. Hint: check your network connection, and your computer clock and time zone sync_percent=99.539% current_height=Height(4382897) network_upgrade=Nu6_3 time_since_last_state_block=20m target_block_spacing=1m 15s max_block_spacing=7m 30s is_syncer_stopped=true
Oct 10 19:50:29 runnervmmprz5 zebrad-v6.4.2[2948]: 2026-10-10T19:50:29.761670Z  INFO sync:try_to_sync: zebrad::components::sync: temporary error obtaining tips: deadline has elapsed
Oct 10 19:50:29 runnervmmprz5 zebrad-v6.4.2[2948]: 2026-10-10T19:50:29.761725Z  INFO sync: zebrad::components::sync: waiting to restart sync timeout=67s state_tip=Some(Height(4382897))
Oct 10 19:50:45 runnervmmprz5 zebrad-v6.4.2[2948]: 2026-10-10T19:50:45.731286Z  INFO crawl_and_dial{new_peer_interval=61s}:crawl: zebra_network::peer_set::candidate_set::crawl: timeout waiting for peer service readiness or peer responses
Oct 10 19:51:04 runnervmmprz5 zebrad-v6.4.2[2948]: 2026-10-10T19:51:04.761891Z  INFO zebrad::components::mempool::crawler: mempool crawl timed out: Elapsed(())
Oct 10 19:51:18 runnervmmprz5 zebrad-v6.4.2[2948]: 2026-10-10T19:51:18.040496Z  WARN zebrad::components::sync::progress: chain updates have stalled, state height has not increased for 21 minutes. Hint: check your network connection, and your computer clock and time zone sync_percent=99.539% current_height=Height(4382897) network_upgrade=Nu6_3 time_since_last_state_block=21m target_block_spacing=1m 15s max_block_spacing=7m 30s is_syncer_stopped=true
Oct 10 19:51:36 runnervmmprz5 zebrad-v6.4.2[2948]: 2026-10-10T19:51:36.762724Z  INFO sync:try_to_sync: zebrad::components::sync: starting sync, obtaining new tips state_tip=Some(Height(4382897))
Oct 10 19:51:46 runnervmmprz5 zebrad-v6.4.2[2948]: 2026-10-10T19:51:46.731290Z  INFO crawl_and_dial{new_peer_interval=61s}:crawl: zebra_network::peer_set::candidate_set::crawl: timeout waiting for peer service readiness or peer responses
Oct 10 19:52:18 runnervmmprz5 zebrad-v6.4.2[2948]: 2026-10-10T19:52:18.055949Z  WARN zebrad::components::sync::progress: chain updates have stalled, state height has not increased for 22 minutes. Hint: check your network connection, and your computer clock and time zone sync_percent=99.539% current_height=Height(4382897) network_upgrade=Nu6_3 time_since_last_state_block=22m target_block_spacing=1m 15s max_block_spacing=7m 30s is_syncer_stopped=true
Oct 10 19:52:43 runnervmmprz5 zebrad-v6.4.2[2948]: 2026-10-10T19:52:43.763697Z  INFO sync:try_to_sync: zebrad::components::sync: temporary error obtaining tips: deadline has elapsed
Oct 10 19:52:43 runnervmmprz5 zebrad-v6.4.2[2948]: 2026-10-10T19:52:43.763744Z  INFO sync: zebrad::components::sync: waiting to restart sync timeout=67s state_tip=Some(Height(4382897))
Oct 10 19:52:47 runnervmmprz5 zebrad-v6.4.2[2948]: 2026-10-10T19:52:47.731587Z  INFO crawl_and_dial{new_peer_interval=61s}:crawl: zebra_network::peer_set::candidate_set::crawl: timeout waiting for peer service readiness or peer responses
Oct 10 19:53:18 runnervmmprz5 zebrad-v6.4.2[2948]: 2026-10-10T19:53:18.071739Z  WARN zebrad::components::sync::progress: chain updates have stalled, state height has not increased for 23 minutes. Hint: check your network connection, and your computer clock and time zone sync_percent=99.539% current_height=Height(4382897) network_upgrade=Nu6_3 time_since_last_state_block=23m target_block_spacing=1m 15s max_block_spacing=7m 30s is_syncer_stopped=true
Oct 10 19:53:30 runnervmmprz5 zebrad-v6.4.2[2948]: 2026-10-10T19:53:30.763959Z  INFO zebrad::components::mempool::crawler: mempool crawl timed out: Elapsed(())
Oct 10 19:53:48 runnervmmprz5 zebrad-v6.4.2[2948]: 2026-10-10T19:53:48.731272Z  INFO crawl_and_dial{new_peer_interval=61s}:crawl: zebra_network::peer_set::candidate_set::crawl: timeout waiting for peer service readiness or peer responses
Oct 10 19:53:50 runnervmmprz5 zebrad-v6.4.2[2948]: 2026-10-10T19:53:50.765074Z  INFO sync:try_to_sync: zebrad::components::sync: starting sync, obtaining new tips state_tip=Some(Height(4382897))
Oct 10 19:54:18 runnervmmprz5 zebrad-v6.4.2[2948]: 2026-10-10T19:54:18.084945Z  WARN zebrad::components::sync::progress: chain updates have stalled, state height has not increased for 24 minutes. Hint: check your network connection, and your computer clock and time zone sync_percent=99.539% current_height=Height(4382897) network_upgrade=Nu6_3 time_since_last_state_block=24m target_block_spacing=1m 15s max_block_spacing=7m 30s is_syncer_stopped=true
Oct 10 19:54:49 runnervmmprz5 zebrad-v6.4.2[2948]: 2026-10-10T19:54:49.732742Z  INFO crawl_and_dial{new_peer_interval=61s}:crawl: zebra_network::peer_set::candidate_set::crawl: timeout waiting for peer service readiness or peer responses
Oct 10 19:54:57 runnervmmprz5 zebrad-v6.4.2[2948]: 2026-10-10T19:54:57.766864Z  INFO sync:try_to_sync: zebrad::components::sync: temporary error obtaining tips: deadline has elapsed
Oct 10 19:54:57 runnervmmprz5 zebrad-v6.4.2[2948]: 2026-10-10T19:54:57.766925Z  INFO sync: zebrad::components::sync: waiting to restart sync timeout=67s state_tip=Some(Height(4382897))
Oct 10 19:55:18 runnervmmprz5 zebrad-v6.4.2[2948]: 2026-10-10T19:55:18.100246Z  WARN zebrad::components::sync::progress: chain updates have stalled, state height has not increased for 25 minutes. Hint: check your network connection, and your computer clock and time zone sync_percent=99.539% current_height=Height(4382897) network_upgrade=Nu6_3 time_since_last_state_block=25m target_block_spacing=1m 15s max_block_spacing=7m 30s is_syncer_stopped=true
Oct 10 19:55:50 runnervmmprz5 zebrad-v6.4.2[2948]: 2026-10-10T19:55:50.731746Z  INFO crawl_and_dial{new_peer_interval=61s}:crawl: zebra_network::peer_set::candidate_set::crawl: timeout waiting for peer service readiness or peer responses
Oct 10 19:55:56 runnervmmprz5 zebrad-v6.4.2[2948]: 2026-10-10T19:55:56.766610Z  INFO zebrad::components::mempool::crawler: mempool crawl timed out: Elapsed(())
Oct 10 19:56:04 runnervmmprz5 zebrad-v6.4.2[2948]: 2026-10-10T19:56:04.767390Z  INFO sync:try_to_sync: zebrad::components::sync: starting sync, obtaining new tips state_tip=Some(Height(4382897))
Oct 10 19:56:18 runnervmmprz5 zebrad-v6.4.2[2948]: 2026-10-10T19:56:18.114283Z  WARN zebrad::components::sync::progress: chain updates have stalled, state height has not increased for 26 minutes. Hint: check your network connection, and your computer clock and time zone sync_percent=99.539% current_height=Height(4382897) network_upgrade=Nu6_3 time_since_last_state_block=26m target_block_spacing=1m 15s max_block_spacing=7m 30s is_syncer_stopped=true
Oct 10 19:56:51 runnervmmprz5 zebrad-v6.4.2[2948]: 2026-10-10T19:56:51.732814Z  INFO crawl_and_dial{new_peer_interval=61s}:crawl: zebra_network::peer_set::candidate_set::crawl: timeout waiting for peer service readiness or peer responses
Oct 10 19:57:11 runnervmmprz5 zebrad-v6.4.2[2948]: 2026-10-10T19:57:11.768960Z  INFO sync:try_to_sync: zebrad::components::sync: temporary error obtaining tips: deadline has elapsed
Oct 10 19:57:11 runnervmmprz5 zebrad-v6.4.2[2948]: 2026-10-10T19:57:11.769004Z  INFO sync: zebrad::components::sync: waiting to restart sync timeout=67s state_tip=Some(Height(4382897))
Oct 10 19:57:18 runnervmmprz5 zebrad-v6.4.2[2948]: 2026-10-10T19:57:18.126696Z  WARN zebrad::components::sync::progress: chain updates have stalled, state height has not increased for 27 minutes. Hint: check your network connection, and your computer clock and time zone sync_percent=99.539% current_height=Height(4382897) network_upgrade=Nu6_3 time_since_last_state_block=27m target_block_spacing=1m 15s max_block_spacing=7m 30s is_syncer_stopped=true
Oct 10 19:57:52 runnervmmprz5 zebrad-v6.4.2[2948]: 2026-10-10T19:57:52.732010Z  INFO crawl_and_dial{new_peer_interval=61s}:crawl: zebra_network::peer_set::candidate_set::crawl: timeout waiting for peer service readiness or peer responses
Oct 10 19:58:18 runnervmmprz5 zebrad-v6.4.2[2948]: 2026-10-10T19:58:18.140113Z  WARN zebrad::components::sync::progress: chain updates have stalled, state height has not increased for 28 minutes. Hint: check your network connection, and your computer clock and time zone sync_percent=99.539% current_height=Height(4382897) network_upgrade=Nu6_3 time_since_last_state_block=28m target_block_spacing=1m 15s max_block_spacing=7m 30s is_syncer_stopped=true
Oct 10 19:58:18 runnervmmprz5 zebrad-v6.4.2[2948]: 2026-10-10T19:58:18.770386Z  INFO sync:try_to_sync: zebrad::components::sync: starting sync, obtaining new tips state_tip=Some(Height(4382897))
Oct 10 19:58:22 runnervmmprz5 zebrad-v6.4.2[2948]: 2026-10-10T19:58:22.768201Z  INFO zebrad::components::mempool::crawler: mempool crawl timed out: Elapsed(())
Oct 10 19:58:53 runnervmmprz5 zebrad-v6.4.2[2948]: 2026-10-10T19:58:53.731897Z  INFO crawl_and_dial{new_peer_interval=61s}:crawl: zebra_network::peer_set::candidate_set::crawl: timeout waiting for peer service readiness or peer responses
Oct 10 19:59:18 runnervmmprz5 zebrad-v6.4.2[2948]: 2026-10-10T19:59:18.153696Z  WARN zebrad::components::sync::progress: chain updates have stalled, state height has not increased for 29 minutes. Hint: check your network connection, and your computer clock and time zone sync_percent=99.539% current_height=Height(4382897) network_upgrade=Nu6_3 time_since_last_state_block=29m target_block_spacing=1m 15s max_block_spacing=7m 30s is_syncer_stopped=true
Oct 10 19:59:25 runnervmmprz5 zebrad-v6.4.2[2948]: 2026-10-10T19:59:25.771114Z  INFO sync:try_to_sync: zebrad::components::sync: temporary error obtaining tips: deadline has elapsed
Oct 10 19:59:25 runnervmmprz5 zebrad-v6.4.2[2948]: 2026-10-10T19:59:25.771187Z  INFO sync: zebrad::components::sync: waiting to restart sync timeout=67s state_tip=Some(Height(4382897))
Oct 10 19:59:54 runnervmmprz5 zebrad-v6.4.2[2948]: 2026-10-10T19:59:54.732738Z  INFO crawl_and_dial{new_peer_interval=61s}:crawl: zebra_network::peer_set::candidate_set::crawl: timeout waiting for peer service readiness or peer responses
Oct 10 20:00:18 runnervmmprz5 zebrad-v6.4.2[2948]: 2026-10-10T20:00:18.166069Z  WARN zebrad::components::sync::progress: chain updates have stalled, state height has not increased for 30 minutes. Hint: check your network connection, and your computer clock and time zone sync_percent=99.539% current_height=Height(4382897) network_upgrade=Nu6_3 time_since_last_state_block=30m target_block_spacing=1m 15s max_block_spacing=7m 30s is_syncer_stopped=true
Oct 10 20:00:32 runnervmmprz5 zebrad-v6.4.2[2948]: 2026-10-10T20:00:32.772150Z  INFO sync:try_to_sync: zebrad::components::sync: starting sync, obtaining new tips state_tip=Some(Height(4382897))
Oct 10 20:00:48 runnervmmprz5 zebrad-v6.4.2[2948]: 2026-10-10T20:00:48.771251Z  INFO zebrad::components::mempool::crawler: mempool crawl timed out: Elapsed(())
Oct 10 20:00:55 runnervmmprz5 zebrad-v6.4.2[2948]: 2026-10-10T20:00:55.732577Z  INFO crawl_and_dial{new_peer_interval=61s}:crawl: zebra_network::peer_set::candidate_set::crawl: timeout waiting for peer service readiness or peer responses
Oct 10 20:01:18 runnervmmprz5 zebrad-v6.4.2[2948]: 2026-10-10T20:01:18.180394Z  WARN zebrad::components::sync::progress: chain updates have stalled, state height has not increased for 31 minutes. Hint: check your network connection, and your computer clock and time zone sync_percent=99.539% current_height=Height(4382897) network_upgrade=Nu6_3 time_since_last_state_block=31m target_block_spacing=1m 15s max_block_spacing=7m 30s is_syncer_stopped=true
Oct 10 20:01:39 runnervmmprz5 zebrad-v6.4.2[2948]: 2026-10-10T20:01:39.773459Z  INFO sync:try_to_sync: zebrad::components::sync: temporary error obtaining tips: deadline has elapsed
Oct 10 20:01:39 runnervmmprz5 zebrad-v6.4.2[2948]: 2026-10-10T20:01:39.773521Z  INFO sync: zebrad::components::sync: waiting to restart sync timeout=67s state_tip=Some(Height(4382897))
Oct 10 20:01:56 runnervmmprz5 zebrad-v6.4.2[2948]: 2026-10-10T20:01:56.731066Z  INFO crawl_and_dial{new_peer_interval=61s}:crawl: zebra_network::peer_set::candidate_set::crawl: timeout waiting for peer service readiness or peer responses
Oct 10 20:02:18 runnervmmprz5 zebrad-v6.4.2[2948]: 2026-10-10T20:02:18.193738Z  WARN zebrad::components::sync::progress: chain updates have stalled, state height has not increased for 32 minutes. Hint: check your network connection, and your computer clock and time zone sync_percent=99.539% current_height=Height(4382897) network_upgrade=Nu6_3 time_since_last_state_block=32m target_block_spacing=1m 15s max_block_spacing=7m 30s is_syncer_stopped=true
Oct 10 20:02:46 runnervmmprz5 zebrad-v6.4.2[2948]: 2026-10-10T20:02:46.774949Z  INFO sync:try_to_sync: zebrad::components::sync: starting sync, obtaining new tips state_tip=Some(Height(4382897))
Oct 10 20:02:57 runnervmmprz5 zebrad-v6.4.2[2948]: 2026-10-10T20:02:57.731804Z  INFO crawl_and_dial{new_peer_interval=61s}:crawl: zebra_network::peer_set::candidate_set::crawl: timeout waiting for peer service readiness or peer responses
Oct 10 20:03:14 runnervmmprz5 zebrad-v6.4.2[2948]: 2026-10-10T20:03:14.774356Z  INFO zebrad::components::mempool::crawler: mempool crawl timed out: Elapsed(())
Oct 10 20:03:18 runnervmmprz5 zebrad-v6.4.2[2948]: 2026-10-10T20:03:18.209264Z  WARN zebrad::components::sync::progress: chain updates have stalled, state height has not increased for 33 minutes. Hint: check your network connection, and your computer clock and time zone sync_percent=99.539% current_height=Height(4382897) network_upgrade=Nu6_3 time_since_last_state_block=33m target_block_spacing=1m 15s max_block_spacing=7m 30s is_syncer_stopped=true
Oct 10 20:03:53 runnervmmprz5 zebrad-v6.4.2[2948]: 2026-10-10T20:03:53.776143Z  INFO sync:try_to_sync: zebrad::components::sync: temporary error obtaining tips: deadline has elapsed
Oct 10 20:03:53 runnervmmprz5 zebrad-v6.4.2[2948]: 2026-10-10T20:03:53.776220Z  INFO sync: zebrad::components::sync: waiting to restart sync timeout=67s state_tip=Some(Height(4382897))
Oct 10 20:03:58 runnervmmprz5 zebrad-v6.4.2[2948]: 2026-10-10T20:03:58.731466Z  INFO crawl_and_dial{new_peer_interval=61s}:crawl: zebra_network::peer_set::candidate_set::crawl: timeout waiting for peer service readiness or peer responses
Oct 10 20:04:18 runnervmmprz5 zebrad-v6.4.2[2948]: 2026-10-10T20:04:18.225067Z  WARN zebrad::components::sync::progress: chain updates have stalled, state height has not increased for 34 minutes. Hint: check your network connection, and your computer clock and time zone sync_percent=99.539% current_height=Height(4382897) network_upgrade=Nu6_3 time_since_last_state_block=34m target_block_spacing=1m 15s max_block_spacing=7m 30s is_syncer_stopped=true
Oct 10 20:04:59 runnervmmprz5 zebrad-v6.4.2[2948]: 2026-10-10T20:04:59.732978Z  INFO crawl_and_dial{new_peer_interval=61s}:crawl: zebra_network::peer_set::candidate_set::crawl: timeout waiting for peer service readiness or peer responses
Oct 10 20:05:00 runnervmmprz5 zebrad-v6.4.2[2948]: 2026-10-10T20:05:00.778063Z  INFO sync:try_to_sync: zebrad::components::sync: starting sync, obtaining new tips state_tip=Some(Height(4382897))
Oct 10 20:05:18 runnervmmprz5 zebrad-v6.4.2[2948]: 2026-10-10T20:05:18.238723Z  WARN zebrad::components::sync::progress: chain updates have stalled, state height has not increased for 35 minutes. Hint: check your network connection, and your computer clock and time zone sync_percent=99.539% current_height=Height(4382897) network_upgrade=Nu6_3 time_since_last_state_block=35m target_block_spacing=1m 15s max_block_spacing=7m 30s is_syncer_stopped=true
Oct 10 20:05:40 runnervmmprz5 zebrad-v6.4.2[2948]: 2026-10-10T20:05:40.776127Z  INFO zebrad::components::mempool::crawler: mempool crawl timed out: Elapsed(())
Oct 10 20:06:00 runnervmmprz5 zebrad-v6.4.2[2948]: 2026-10-10T20:06:00.731341Z  INFO crawl_and_dial{new_peer_interval=61s}:crawl: zebra_network::peer_set::candidate_set::crawl: timeout waiting for peer service readiness or peer responses
Oct 10 20:06:07 runnervmmprz5 zebrad-v6.4.2[2948]: 2026-10-10T20:06:07.779963Z  INFO sync:try_to_sync: zebrad::components::sync: temporary error obtaining tips: deadline has elapsed
Oct 10 20:06:07 runnervmmprz5 zebrad-v6.4.2[2948]: 2026-10-10T20:06:07.780023Z  INFO sync: zebrad::components::sync: waiting to restart sync timeout=67s state_tip=Some(Height(4382897))
Oct 10 20:06:18 runnervmmprz5 zebrad-v6.4.2[2948]: 2026-10-10T20:06:18.251146Z  WARN zebrad::components::sync::progress: chain updates have stalled, state height has not increased for 36 minutes. Hint: check your network connection, and your computer clock and time zone sync_percent=99.539% current_height=Height(4382897) network_upgrade=Nu6_3 time_since_last_state_block=36m target_block_spacing=1m 15s max_block_spacing=7m 30s is_syncer_stopped=true
Oct 10 20:07:01 runnervmmprz5 zebrad-v6.4.2[2948]: 2026-10-10T20:07:01.731749Z  INFO crawl_and_dial{new_peer_interval=61s}:crawl: zebra_network::peer_set::candidate_set::crawl: timeout waiting for peer service readiness or peer responses
Oct 10 20:07:14 runnervmmprz5 zebrad-v6.4.2[2948]: 2026-10-10T20:07:14.781674Z  INFO sync:try_to_sync: zebrad::components::sync: starting sync, obtaining new tips state_tip=Some(Height(4382897))
Oct 10 20:07:18 runnervmmprz5 zebrad-v6.4.2[2948]: 2026-10-10T20:07:18.265254Z  WARN zebrad::components::sync::progress: chain updates have stalled, state height has not increased for 37 minutes. Hint: check your network connection, and your computer clock and time zone sync_percent=99.538% current_height=Height(4382897) network_upgrade=Nu6_3 time_since_last_state_block=37m target_block_spacing=1m 15s max_block_spacing=7m 30s is_syncer_stopped=true
Oct 10 20:08:02 runnervmmprz5 zebrad-v6.4.2[2948]: 2026-10-10T20:08:02.732066Z  INFO crawl_and_dial{new_peer_interval=61s}:crawl: zebra_network::peer_set::candidate_set::crawl: timeout waiting for peer service readiness or peer responses
Oct 10 20:08:06 runnervmmprz5 zebrad-v6.4.2[2948]: 2026-10-10T20:08:06.778851Z  INFO zebrad::components::mempool::crawler: mempool crawl timed out: Elapsed(())
Oct 10 20:08:18 runnervmmprz5 zebrad-v6.4.2[2948]: 2026-10-10T20:08:18.278847Z  WARN zebrad::components::sync::progress: chain updates have stalled, state height has not increased for 38 minutes. Hint: check your network connection, and your computer clock and time zone sync_percent=99.538% current_height=Height(4382897) network_upgrade=Nu6_3 time_since_last_state_block=38m target_block_spacing=1m 15s max_block_spacing=7m 30s is_syncer_stopped=true
Oct 10 20:08:21 runnervmmprz5 zebrad-v6.4.2[2948]: 2026-10-10T20:08:21.783063Z  INFO sync:try_to_sync: zebrad::components::sync: temporary error obtaining tips: deadline has elapsed
Oct 10 20:08:21 runnervmmprz5 zebrad-v6.4.2[2948]: 2026-10-10T20:08:21.783190Z  INFO sync: zebrad::components::sync: waiting to restart sync timeout=67s state_tip=Some(Height(4382897))
Oct 10 20:09:03 runnervmmprz5 zebrad-v6.4.2[2948]: 2026-10-10T20:09:03.732290Z  INFO crawl_and_dial{new_peer_interval=61s}:crawl: zebra_network::peer_set::candidate_set::crawl: timeout waiting for peer service readiness or peer responses
Oct 10 20:09:18 runnervmmprz5 zebrad-v6.4.2[2948]: 2026-10-10T20:09:18.290339Z  WARN zebrad::components::sync::progress: chain updates have stalled, state height has not increased for 39 minutes. Hint: check your network connection, and your computer clock and time zone sync_percent=99.538% current_height=Height(4382897) network_upgrade=Nu6_3 time_since_last_state_block=39m target_block_spacing=1m 15s max_block_spacing=7m 30s is_syncer_stopped=true
Oct 10 20:09:28 runnervmmprz5 zebrad-v6.4.2[2948]: 2026-10-10T20:09:28.784622Z  INFO sync:try_to_sync: zebrad::components::sync: starting sync, obtaining new tips state_tip=Some(Height(4382897))
Oct 10 20:10:04 runnervmmprz5 zebrad-v6.4.2[2948]: 2026-10-10T20:10:04.731980Z  INFO crawl_and_dial{new_peer_interval=61s}:crawl: zebra_network::peer_set::candidate_set::crawl: timeout waiting for peer service readiness or peer responses
Oct 10 20:10:18 runnervmmprz5 zebrad-v6.4.2[2948]: 2026-10-10T20:10:18.304911Z  WARN zebrad::components::sync::progress: chain updates have stalled, state height has not increased for 40 minutes. Hint: check your network connection, and your computer clock and time zone sync_percent=99.538% current_height=Height(4382897) network_upgrade=Nu6_3 time_since_last_state_block=40m target_block_spacing=1m 15s max_block_spacing=7m 30s is_syncer_stopped=true
Oct 10 20:10:32 runnervmmprz5 zebrad-v6.4.2[2948]: 2026-10-10T20:10:32.780509Z  INFO zebrad::components::mempool::crawler: mempool crawl timed out: Elapsed(())
Oct 10 20:10:35 runnervmmprz5 zebrad-v6.4.2[2948]: 2026-10-10T20:10:35.786087Z  INFO sync:try_to_sync: zebrad::components::sync: temporary error obtaining tips: deadline has elapsed
Oct 10 20:10:35 runnervmmprz5 zebrad-v6.4.2[2948]: 2026-10-10T20:10:35.786186Z  INFO sync: zebrad::components::sync: waiting to restart sync timeout=67s state_tip=Some(Height(4382897))
Oct 10 20:11:05 runnervmmprz5 zebrad-v6.4.2[2948]: 2026-10-10T20:11:05.732868Z  INFO crawl_and_dial{new_peer_interval=61s}:crawl: zebra_network::peer_set::candidate_set::crawl: timeout waiting for peer service readiness or peer responses
Oct 10 20:11:18 runnervmmprz5 zebrad-v6.4.2[2948]: 2026-10-10T20:11:18.318123Z  WARN zebrad::components::sync::progress: chain updates have stalled, state height has not increased for 41 minutes. Hint: check your network connection, and your computer clock and time zone sync_percent=99.538% current_height=Height(4382897) network_upgrade=Nu6_3 time_since_last_state_block=41m target_block_spacing=1m 15s max_block_spacing=7m 30s is_syncer_stopped=true
Oct 10 20:11:42 runnervmmprz5 zebrad-v6.4.2[2948]: 2026-10-10T20:11:42.787594Z  INFO sync:try_to_sync: zebrad::components::sync: starting sync, obtaining new tips state_tip=Some(Height(4382897))
Oct 10 20:12:06 runnervmmprz5 zebrad-v6.4.2[2948]: 2026-10-10T20:12:06.732059Z  INFO crawl_and_dial{new_peer_interval=61s}:crawl: zebra_network::peer_set::candidate_set::crawl: timeout waiting for peer service readiness or peer responses
Oct 10 20:12:18 runnervmmprz5 zebrad-v6.4.2[2948]: 2026-10-10T20:12:18.330229Z  WARN zebrad::components::sync::progress: chain updates have stalled, state height has not increased for 42 minutes. Hint: check your network connection, and your computer clock and time zone sync_percent=99.538% current_height=Height(4382897) network_upgrade=Nu6_3 time_since_last_state_block=42m target_block_spacing=1m 15s max_block_spacing=7m 30s is_syncer_stopped=true
Oct 10 20:12:49 runnervmmprz5 zebrad-v6.4.2[2948]: 2026-10-10T20:12:49.788573Z  INFO sync:try_to_sync: zebrad::components::sync: temporary error obtaining tips: deadline has elapsed
Oct 10 20:12:49 runnervmmprz5 zebrad-v6.4.2[2948]: 2026-10-10T20:12:49.788653Z  INFO sync: zebrad::components::sync: waiting to restart sync timeout=67s state_tip=Some(Height(4382897))
Oct 10 20:12:58 runnervmmprz5 zebrad-v6.4.2[2948]: 2026-10-10T20:12:58.782487Z  INFO zebrad::components::mempool::crawler: mempool crawl timed out: Elapsed(())
Oct 10 20:13:07 runnervmmprz5 zebrad-v6.4.2[2948]: 2026-10-10T20:13:07.731161Z  INFO crawl_and_dial{new_peer_interval=61s}:crawl: zebra_network::peer_set::candidate_set::crawl: timeout waiting for peer service readiness or peer responses
Oct 10 20:13:18 runnervmmprz5 zebrad-v6.4.2[2948]: 2026-10-10T20:13:18.344395Z  WARN zebrad::components::sync::progress: chain updates have stalled, state height has not increased for 43 minutes. Hint: check your network connection, and your computer clock and time zone sync_percent=99.538% current_height=Height(4382897) network_upgrade=Nu6_3 time_since_last_state_block=43m target_block_spacing=1m 15s max_block_spacing=7m 30s is_syncer_stopped=true
Oct 10 20:13:56 runnervmmprz5 zebrad-v6.4.2[2948]: 2026-10-10T20:13:56.788980Z  INFO sync:try_to_sync: zebrad::components::sync: starting sync, obtaining new tips state_tip=Some(Height(4382897))
Oct 10 20:14:08 runnervmmprz5 zebrad-v6.4.2[2948]: 2026-10-10T20:14:08.732068Z  INFO crawl_and_dial{new_peer_interval=61s}:crawl: zebra_network::peer_set::candidate_set::crawl: timeout waiting for peer service readiness or peer responses
Oct 10 20:14:18 runnervmmprz5 zebrad-v6.4.2[2948]: 2026-10-10T20:14:18.359061Z  WARN zebrad::components::sync::progress: chain updates have stalled, state height has not increased for 44 minutes. Hint: check your network connection, and your computer clock and time zone sync_percent=99.538% current_height=Height(4382897) network_upgrade=Nu6_3 time_since_last_state_block=44m target_block_spacing=1m 15s max_block_spacing=7m 30s is_syncer_stopped=true
Oct 10 20:15:03 runnervmmprz5 zebrad-v6.4.2[2948]: 2026-10-10T20:15:03.790071Z  INFO sync:try_to_sync: zebrad::components::sync: temporary error obtaining tips: deadline has elapsed
Oct 10 20:15:03 runnervmmprz5 zebrad-v6.4.2[2948]: 2026-10-10T20:15:03.790247Z  INFO sync: zebrad::components::sync: waiting to restart sync timeout=67s state_tip=Some(Height(4382897))
Oct 10 20:15:09 runnervmmprz5 zebrad-v6.4.2[2948]: 2026-10-10T20:15:09.732218Z  INFO crawl_and_dial{new_peer_interval=61s}:crawl: zebra_network::peer_set::candidate_set::crawl: timeout waiting for peer service readiness or peer responses
Oct 10 20:15:18 runnervmmprz5 zebrad-v6.4.2[2948]: 2026-10-10T20:15:18.374186Z  WARN zebrad::components::sync::progress: chain updates have stalled, state height has not increased for 45 minutes. Hint: check your network connection, and your computer clock and time zone sync_percent=99.538% current_height=Height(4382897) network_upgrade=Nu6_3 time_since_last_state_block=45m target_block_spacing=1m 15s max_block_spacing=7m 30s is_syncer_stopped=true
Oct 10 20:15:24 runnervmmprz5 zebrad-v6.4.2[2948]: 2026-10-10T20:15:24.784217Z  INFO zebrad::components::mempool::crawler: mempool crawl timed out: Elapsed(())
Oct 10 20:16:10 runnervmmprz5 zebrad-v6.4.2[2948]: 2026-10-10T20:16:10.731438Z  INFO crawl_and_dial{new_peer_interval=61s}:crawl: zebra_network::peer_set::candidate_set::crawl: timeout waiting for peer service readiness or peer responses
Oct 10 20:16:10 runnervmmprz5 zebrad-v6.4.2[2948]: 2026-10-10T20:16:10.791789Z  INFO sync:try_to_sync: zebrad::components::sync: starting sync, obtaining new tips state_tip=Some(Height(4382897))
Oct 10 20:16:18 runnervmmprz5 zebrad-v6.4.2[2948]: 2026-10-10T20:16:18.387247Z  WARN zebrad::components::sync::progress: chain updates have stalled, state height has not increased for 46 minutes. Hint: check your network connection, and your computer clock and time zone sync_percent=99.538% current_height=Height(4382897) network_upgrade=Nu6_3 time_since_last_state_block=46m target_block_spacing=1m 15s max_block_spacing=7m 30s is_syncer_stopped=true
Oct 10 20:17:11 runnervmmprz5 zebrad-v6.4.2[2948]: 2026-10-10T20:17:11.731751Z  INFO crawl_and_dial{new_peer_interval=61s}:crawl: zebra_network::peer_set::candidate_set::crawl: timeout waiting for peer service readiness or peer responses
Oct 10 20:17:17 runnervmmprz5 zebrad-v6.4.2[2948]: 2026-10-10T20:17:17.792635Z  INFO sync:try_to_sync: zebrad::components::sync: temporary error obtaining tips: deadline has elapsed
Oct 10 20:17:17 runnervmmprz5 zebrad-v6.4.2[2948]: 2026-10-10T20:17:17.792730Z  INFO sync: zebrad::components::sync: waiting to restart sync timeout=67s state_tip=Some(Height(4382897))
Oct 10 20:17:18 runnervmmprz5 zebrad-v6.4.2[2948]: 2026-10-10T20:17:18.400527Z  WARN zebrad::components::sync::progress: chain updates have stalled, state height has not increased for 47 minutes. Hint: check your network connection, and your computer clock and time zone sync_percent=99.538% current_height=Height(4382897) network_upgrade=Nu6_3 time_since_last_state_block=47m target_block_spacing=1m 15s max_block_spacing=7m 30s is_syncer_stopped=true
Oct 10 20:17:50 runnervmmprz5 zebrad-v6.4.2[2948]: 2026-10-10T20:17:50.786595Z  INFO zebrad::components::mempool::crawler: mempool crawl timed out: Elapsed(())
Oct 10 20:18:12 runnervmmprz5 zebrad-v6.4.2[2948]: 2026-10-10T20:18:12.731090Z  INFO crawl_and_dial{new_peer_interval=61s}:crawl: zebra_network::peer_set::candidate_set::crawl: timeout waiting for peer service readiness or peer responses
Oct 10 20:18:18 runnervmmprz5 zebrad-v6.4.2[2948]: 2026-10-10T20:18:18.415694Z  WARN zebrad::components::sync::progress: chain updates have stalled, state height has not increased for 48 minutes. Hint: check your network connection, and your computer clock and time zone sync_percent=99.538% current_height=Height(4382897) network_upgrade=Nu6_3 time_since_last_state_block=48m target_block_spacing=1m 15s max_block_spacing=7m 30s is_syncer_stopped=true
Oct 10 20:18:24 runnervmmprz5 zebrad-v6.4.2[2948]: 2026-10-10T20:18:24.793245Z  INFO sync:try_to_sync: zebrad::components::sync: starting sync, obtaining new tips state_tip=Some(Height(4382897))
Oct 10 20:19:13 runnervmmprz5 zebrad-v6.4.2[2948]: 2026-10-10T20:19:13.731340Z  INFO crawl_and_dial{new_peer_interval=61s}:crawl: zebra_network::peer_set::candidate_set::crawl: timeout waiting for peer service readiness or peer responses
Oct 10 20:19:18 runnervmmprz5 zebrad-v6.4.2[2948]: 2026-10-10T20:19:18.429408Z  WARN zebrad::components::sync::progress: chain updates have stalled, state height has not increased for 49 minutes. Hint: check your network connection, and your computer clock and time zone sync_percent=99.538% current_height=Height(4382897) network_upgrade=Nu6_3 time_since_last_state_block=49m target_block_spacing=1m 15s max_block_spacing=7m 30s is_syncer_stopped=true
Oct 10 20:19:31 runnervmmprz5 zebrad-v6.4.2[2948]: 2026-10-10T20:19:31.794859Z  INFO sync:try_to_sync: zebrad::components::sync: temporary error obtaining tips: deadline has elapsed
Oct 10 20:19:31 runnervmmprz5 zebrad-v6.4.2[2948]: 2026-10-10T20:19:31.794931Z  INFO sync: zebrad::components::sync: waiting to restart sync timeout=67s state_tip=Some(Height(4382897))
Oct 10 20:20:14 runnervmmprz5 zebrad-v6.4.2[2948]: 2026-10-10T20:20:14.731414Z  INFO crawl_and_dial{new_peer_interval=61s}:crawl: zebra_network::peer_set::candidate_set::crawl: timeout waiting for peer service readiness or peer responses
Oct 10 20:20:16 runnervmmprz5 zebrad-v6.4.2[2948]: 2026-10-10T20:20:16.788908Z  INFO zebrad::components::mempool::crawler: mempool crawl timed out: Elapsed(())
Oct 10 20:20:18 runnervmmprz5 zebrad-v6.4.2[2948]: 2026-10-10T20:20:18.441292Z  WARN zebrad::components::sync::progress: chain updates have stalled, state height has not increased for 50 minutes. Hint: check your network connection, and your computer clock and time zone sync_percent=99.538% current_height=Height(4382897) network_upgrade=Nu6_3 time_since_last_state_block=50m target_block_spacing=1m 15s max_block_spacing=7m 30s is_syncer_stopped=true
Oct 10 20:20:38 runnervmmprz5 zebrad-v6.4.2[2948]: 2026-10-10T20:20:38.795532Z  INFO sync:try_to_sync: zebrad::components::sync: starting sync, obtaining new tips state_tip=Some(Height(4382897))
Oct 10 20:21:15 runnervmmprz5 zebrad-v6.4.2[2948]: 2026-10-10T20:21:15.731115Z  INFO crawl_and_dial{new_peer_interval=61s}:crawl: zebra_network::peer_set::candidate_set::crawl: timeout waiting for peer service readiness or peer responses
Oct 10 20:21:18 runnervmmprz5 zebrad-v6.4.2[2948]: 2026-10-10T20:21:18.455514Z  WARN zebrad::components::sync::progress: chain updates have stalled, state height has not increased for 51 minutes. Hint: check your network connection, and your computer clock and time zone sync_percent=99.538% current_height=Height(4382897) network_upgrade=Nu6_3 time_since_last_state_block=51m target_block_spacing=1m 15s max_block_spacing=7m 30s is_syncer_stopped=true
Oct 10 20:21:45 runnervmmprz5 zebrad-v6.4.2[2948]: 2026-10-10T20:21:45.796608Z  INFO sync:try_to_sync: zebrad::components::sync: temporary error obtaining tips: deadline has elapsed
Oct 10 20:21:45 runnervmmprz5 zebrad-v6.4.2[2948]: 2026-10-10T20:21:45.796673Z  INFO sync: zebrad::components::sync: waiting to restart sync timeout=67s state_tip=Some(Height(4382897))
Oct 10 20:22:16 runnervmmprz5 zebrad-v6.4.2[2948]: 2026-10-10T20:22:16.732531Z  INFO crawl_and_dial{new_peer_interval=61s}:crawl: zebra_network::peer_set::candidate_set::crawl: timeout waiting for peer service readiness or peer responses
Oct 10 20:22:18 runnervmmprz5 zebrad-v6.4.2[2948]: 2026-10-10T20:22:18.469821Z  WARN zebrad::components::sync::progress: chain updates have stalled, state height has not increased for 52 minutes. Hint: check your network connection, and your computer clock and time zone sync_percent=99.538% current_height=Height(4382897) network_upgrade=Nu6_3 time_since_last_state_block=52m target_block_spacing=1m 15s max_block_spacing=7m 30s is_syncer_stopped=true
Oct 10 20:22:42 runnervmmprz5 zebrad-v6.4.2[2948]: 2026-10-10T20:22:42.792387Z  INFO zebrad::components::mempool::crawler: mempool crawl timed out: Elapsed(())
Oct 10 20:22:52 runnervmmprz5 zebrad-v6.4.2[2948]: 2026-10-10T20:22:52.797863Z  INFO sync:try_to_sync: zebrad::components::sync: starting sync, obtaining new tips state_tip=Some(Height(4382897))
Oct 10 20:23:17 runnervmmprz5 zebrad-v6.4.2[2948]: 2026-10-10T20:23:17.731772Z  INFO crawl_and_dial{new_peer_interval=61s}:crawl: zebra_network::peer_set::candidate_set::crawl: timeout waiting for peer service readiness or peer responses
Oct 10 20:23:18 runnervmmprz5 zebrad-v6.4.2[2948]: 2026-10-10T20:23:18.485015Z  WARN zebrad::components::sync::progress: chain updates have stalled, state height has not increased for 53 minutes. Hint: check your network connection, and your computer clock and time zone sync_percent=99.538% current_height=Height(4382897) network_upgrade=Nu6_3 time_since_last_state_block=53m target_block_spacing=1m 15s max_block_spacing=7m 30s is_syncer_stopped=true
Oct 10 20:23:59 runnervmmprz5 zebrad-v6.4.2[2948]: 2026-10-10T20:23:59.798635Z  INFO sync:try_to_sync: zebrad::components::sync: temporary error obtaining tips: deadline has elapsed
Oct 10 20:23:59 runnervmmprz5 zebrad-v6.4.2[2948]: 2026-10-10T20:23:59.798691Z  INFO sync: zebrad::components::sync: waiting to restart sync timeout=67s state_tip=Some(Height(4382897))
Oct 10 20:24:18 runnervmmprz5 zebrad-v6.4.2[2948]: 2026-10-10T20:24:18.499271Z  WARN zebrad::components::sync::progress: chain updates have stalled, state height has not increased for 54 minutes. Hint: check your network connection, and your computer clock and time zone sync_percent=99.538% current_height=Height(4382897) network_upgrade=Nu6_3 time_since_last_state_block=54m target_block_spacing=1m 15s max_block_spacing=7m 30s is_syncer_stopped=true
Oct 10 20:24:18 runnervmmprz5 zebrad-v6.4.2[2948]: 2026-10-10T20:24:18.731823Z  INFO crawl_and_dial{new_peer_interval=61s}:crawl: zebra_network::peer_set::candidate_set::crawl: timeout waiting for peer service readiness or peer responses
Oct 10 20:25:06 runnervmmprz5 zebrad-v6.4.2[2948]: 2026-10-10T20:25:06.799764Z  INFO sync:try_to_sync: zebrad::components::sync: starting sync, obtaining new tips state_tip=Some(Height(4382897))
Oct 10 20:25:08 runnervmmprz5 zebrad-v6.4.2[2948]: 2026-10-10T20:25:08.794701Z  INFO zebrad::components::mempool::crawler: mempool crawl timed out: Elapsed(())
Oct 10 20:25:18 runnervmmprz5 zebrad-v6.4.2[2948]: 2026-10-10T20:25:18.512806Z  WARN zebrad::components::sync::progress: chain updates have stalled, state height has not increased for 55 minutes. Hint: check your network connection, and your computer clock and time zone sync_percent=99.538% current_height=Height(4382897) network_upgrade=Nu6_3 time_since_last_state_block=55m target_block_spacing=1m 15s max_block_spacing=7m 30s is_syncer_stopped=true
Oct 10 20:25:19 runnervmmprz5 zebrad-v6.4.2[2948]: 2026-10-10T20:25:19.732928Z  INFO crawl_and_dial{new_peer_interval=61s}:crawl: zebra_network::peer_set::candidate_set::crawl: timeout waiting for peer service readiness or peer responses
Oct 10 20:26:13 runnervmmprz5 zebrad-v6.4.2[2948]: 2026-10-10T20:26:13.800853Z  INFO sync:try_to_sync: zebrad::components::sync: temporary error obtaining tips: deadline has elapsed
Oct 10 20:26:13 runnervmmprz5 zebrad-v6.4.2[2948]: 2026-10-10T20:26:13.800920Z  INFO sync: zebrad::components::sync: waiting to restart sync timeout=67s state_tip=Some(Height(4382897))
Oct 10 20:26:18 runnervmmprz5 zebrad-v6.4.2[2948]: 2026-10-10T20:26:18.526744Z  WARN zebrad::components::sync::progress: chain updates have stalled, state height has not increased for 56 minutes. Hint: check your network connection, and your computer clock and time zone sync_percent=99.538% current_height=Height(4382897) network_upgrade=Nu6_3 time_since_last_state_block=56m target_block_spacing=1m 15s max_block_spacing=7m 30s is_syncer_stopped=true
Oct 10 20:26:20 runnervmmprz5 zebrad-v6.4.2[2948]: 2026-10-10T20:26:20.731936Z  INFO crawl_and_dial{new_peer_interval=61s}:crawl: zebra_network::peer_set::candidate_set::crawl: timeout waiting for peer service readiness or peer responses
Oct 10 20:27:18 runnervmmprz5 zebrad-v6.4.2[2948]: 2026-10-10T20:27:18.541745Z  WARN zebrad::components::sync::progress: chain updates have stalled, state height has not increased for 57 minutes. Hint: check your network connection, and your computer clock and time zone sync_percent=99.538% current_height=Height(4382897) network_upgrade=Nu6_3 time_since_last_state_block=57m target_block_spacing=1m 15s max_block_spacing=7m 30s is_syncer_stopped=true
Oct 10 20:27:20 runnervmmprz5 zebrad-v6.4.2[2948]: 2026-10-10T20:27:20.801344Z  INFO sync:try_to_sync: zebrad::components::sync: starting sync, obtaining new tips state_tip=Some(Height(4382897))
Oct 10 20:27:21 runnervmmprz5 zebrad-v6.4.2[2948]: 2026-10-10T20:27:21.731785Z  INFO crawl_and_dial{new_peer_interval=61s}:crawl: zebra_network::peer_set::candidate_set::crawl: timeout waiting for peer service readiness or peer responses
Oct 10 20:27:34 runnervmmprz5 zebrad-v6.4.2[2948]: 2026-10-10T20:27:34.796936Z  INFO zebrad::components::mempool::crawler: mempool crawl timed out: Elapsed(())
Oct 10 20:28:18 runnervmmprz5 zebrad-v6.4.2[2948]: 2026-10-10T20:28:18.555961Z  WARN zebrad::components::sync::progress: chain updates have stalled, state height has not increased for 58 minutes. Hint: check your network connection, and your computer clock and time zone sync_percent=99.538% current_height=Height(4382897) network_upgrade=Nu6_3 time_since_last_state_block=58m target_block_spacing=1m 15s max_block_spacing=7m 30s is_syncer_stopped=true
Oct 10 20:28:22 runnervmmprz5 zebrad-v6.4.2[2948]: 2026-10-10T20:28:22.731339Z  INFO crawl_and_dial{new_peer_interval=61s}:crawl: zebra_network::peer_set::candidate_set::crawl: timeout waiting for peer service readiness or peer responses
Oct 10 20:28:27 runnervmmprz5 zebrad-v6.4.2[2948]: 2026-10-10T20:28:27.803020Z  INFO sync:try_to_sync: zebrad::components::sync: temporary error obtaining tips: deadline has elapsed
Oct 10 20:28:27 runnervmmprz5 zebrad-v6.4.2[2948]: 2026-10-10T20:28:27.803132Z  INFO sync: zebrad::components::sync: waiting to restart sync timeout=67s state_tip=Some(Height(4382897))
Oct 10 20:29:18 runnervmmprz5 zebrad-v6.4.2[2948]: 2026-10-10T20:29:18.572245Z  WARN zebrad::components::sync::progress: chain updates have stalled, state height has not increased for 59 minutes. Hint: check your network connection, and your computer clock and time zone sync_percent=99.538% current_height=Height(4382897) network_upgrade=Nu6_3 time_since_last_state_block=59m target_block_spacing=1m 15s max_block_spacing=7m 30s is_syncer_stopped=true
Oct 10 20:29:23 runnervmmprz5 zebrad-v6.4.2[2948]: 2026-10-10T20:29:23.731597Z  INFO crawl_and_dial{new_peer_interval=61s}:crawl: zebra_network::peer_set::candidate_set::crawl: timeout waiting for peer service readiness or peer responses
Oct 10 20:29:34 runnervmmprz5 zebrad-v6.4.2[2948]: 2026-10-10T20:29:34.804536Z  INFO sync:try_to_sync: zebrad::components::sync: starting sync, obtaining new tips state_tip=Some(Height(4382897))
Oct 10 20:30:00 runnervmmprz5 zebrad-v6.4.2[2948]: 2026-10-10T20:30:00.800624Z  INFO zebrad::components::mempool::crawler: mempool crawl timed out: Elapsed(())
Oct 10 20:30:18 runnervmmprz5 zebrad-v6.4.2[2948]: 2026-10-10T20:30:18.586875Z  WARN zebrad::components::sync::progress: chain updates have stalled, state height has not increased for 60 minutes. Hint: check your network connection, and your computer clock and time zone sync_percent=99.538% current_height=Height(4382897) network_upgrade=Nu6_3 time_since_last_state_block=1h target_block_spacing=1m 15s max_block_spacing=7m 30s is_syncer_stopped=true
Oct 10 20:30:24 runnervmmprz5 zebrad-v6.4.2[2948]: 2026-10-10T20:30:24.731969Z  INFO crawl_and_dial{new_peer_interval=61s}:crawl: zebra_network::peer_set::candidate_set::crawl: timeout waiting for peer service readiness or peer responses
Oct 10 20:30:27 runnervmmprz5 zebrad-v6.4.2[2948]: 2026-10-10T20:30:27.739749Z  INFO zebrad::components::sync::end_of_support: Release always valid in Testnet
Oct 10 20:30:41 runnervmmprz5 zebrad-v6.4.2[2948]: 2026-10-10T20:30:41.805564Z  INFO sync:try_to_sync: zebrad::components::sync: temporary error obtaining tips: deadline has elapsed
Oct 10 20:30:41 runnervmmprz5 zebrad-v6.4.2[2948]: 2026-10-10T20:30:41.805632Z  INFO sync: zebrad::components::sync: waiting to restart sync timeout=67s state_tip=Some(Height(4382897))
Oct 10 20:31:18 runnervmmprz5 zebrad-v6.4.2[2948]: 2026-10-10T20:31:18.602817Z  WARN zebrad::components::sync::progress: chain updates have stalled, state height has not increased for 61 minutes. Hint: check your network connection, and your computer clock and time zone sync_percent=99.538% current_height=Height(4382897) network_upgrade=Nu6_3 time_since_last_state_block=1h 1m target_block_spacing=1m 15s max_block_spacing=7m 30s is_syncer_stopped=true
Oct 10 20:31:25 runnervmmprz5 zebrad-v6.4.2[2948]: 2026-10-10T20:31:25.731653Z  INFO crawl_and_dial{new_peer_interval=61s}:crawl: zebra_network::peer_set::candidate_set::crawl: timeout waiting for peer service readiness or peer responses
Oct 10 20:31:48 runnervmmprz5 zebrad-v6.4.2[2948]: 2026-10-10T20:31:48.806056Z  INFO sync:try_to_sync: zebrad::components::sync: starting sync, obtaining new tips state_tip=Some(Height(4382897))
Oct 10 20:32:18 runnervmmprz5 zebrad-v6.4.2[2948]: 2026-10-10T20:32:18.617712Z  WARN zebrad::components::sync::progress: chain updates have stalled, state height has not increased for 62 minutes. Hint: check your network connection, and your computer clock and time zone sync_percent=99.538% current_height=Height(4382897) network_upgrade=Nu6_3 time_since_last_state_block=1h 2m target_block_spacing=1m 15s max_block_spacing=7m 30s is_syncer_stopped=true
Oct 10 20:32:26 runnervmmprz5 zebrad-v6.4.2[2948]: 2026-10-10T20:32:26.731333Z  INFO crawl_and_dial{new_peer_interval=61s}:crawl: zebra_network::peer_set::candidate_set::crawl: timeout waiting for peer service readiness or peer responses
Oct 10 20:32:26 runnervmmprz5 zebrad-v6.4.2[2948]: 2026-10-10T20:32:26.802573Z  INFO zebrad::components::mempool::crawler: mempool crawl timed out: Elapsed(())
Oct 10 20:32:55 runnervmmprz5 zebrad-v6.4.2[2948]: 2026-10-10T20:32:55.807857Z  INFO sync:try_to_sync: zebrad::components::sync: temporary error obtaining tips: deadline has elapsed
Oct 10 20:32:55 runnervmmprz5 zebrad-v6.4.2[2948]: 2026-10-10T20:32:55.807909Z  INFO sync: zebrad::components::sync: waiting to restart sync timeout=67s state_tip=Some(Height(4382897))
Oct 10 20:33:10 runnervmmprz5 systemd[1]: zebrad.service: Failed to set 'cpuset.cpus' attribute on '/system.slice/zebrad.service' to '': No space left on device
Oct 10 20:33:18 runnervmmprz5 zebrad-v6.4.2[2948]: 2026-10-10T20:33:18.632776Z  WARN zebrad::components::sync::progress: chain updates have stalled, state height has not increased for 63 minutes. Hint: check your network connection, and your computer clock and time zone sync_percent=99.538% current_height=Height(4382897) network_upgrade=Nu6_3 time_since_last_state_block=1h 3m target_block_spacing=1m 15s max_block_spacing=7m 30s is_syncer_stopped=true
Oct 10 20:33:27 runnervmmprz5 zebrad-v6.4.2[2948]: 2026-10-10T20:33:27.731732Z  INFO crawl_and_dial{new_peer_interval=61s}:crawl: zebra_network::peer_set::candidate_set::crawl: timeout waiting for peer service readiness or peer responses
Oct 10 20:34:02 runnervmmprz5 zebrad-v6.4.2[2948]: 2026-10-10T20:34:02.808833Z  INFO sync:try_to_sync: zebrad::components::sync: starting sync, obtaining new tips state_tip=Some(Height(4382897))
Oct 10 20:34:18 runnervmmprz5 zebrad-v6.4.2[2948]: 2026-10-10T20:34:18.646448Z  WARN zebrad::components::sync::progress: chain updates have stalled, state height has not increased for 64 minutes. Hint: check your network connection, and your computer clock and time zone sync_percent=99.538% current_height=Height(4382897) network_upgrade=Nu6_3 time_since_last_state_block=1h 4m target_block_spacing=1m 15s max_block_spacing=7m 30s is_syncer_stopped=true
Oct 10 20:34:28 runnervmmprz5 zebrad-v6.4.2[2948]: 2026-10-10T20:34:28.731473Z  INFO crawl_and_dial{new_peer_interval=61s}:crawl: zebra_network::peer_set::candidate_set::crawl: timeout waiting for peer service readiness or peer responses
Oct 10 20:34:52 runnervmmprz5 zebrad-v6.4.2[2948]: 2026-10-10T20:34:52.804631Z  INFO zebrad::components::mempool::crawler: mempool crawl timed out: Elapsed(())
Oct 10 20:35:09 runnervmmprz5 zebrad-v6.4.2[2948]: 2026-10-10T20:35:09.809278Z  INFO sync:try_to_sync: zebrad::components::sync: temporary error obtaining tips: deadline has elapsed
Oct 10 20:35:09 runnervmmprz5 zebrad-v6.4.2[2948]: 2026-10-10T20:35:09.809337Z  INFO sync: zebrad::components::sync: waiting to restart sync timeout=67s state_tip=Some(Height(4382897))
Oct 10 20:35:18 runnervmmprz5 zebrad-v6.4.2[2948]: 2026-10-10T20:35:18.660145Z  WARN zebrad::components::sync::progress: chain updates have stalled, state height has not increased for 65 minutes. Hint: check your network connection, and your computer clock and time zone sync_percent=99.538% current_height=Height(4382897) network_upgrade=Nu6_3 time_since_last_state_block=1h 5m target_block_spacing=1m 15s max_block_spacing=7m 30s is_syncer_stopped=true
Oct 10 20:35:29 runnervmmprz5 zebrad-v6.4.2[2948]: 2026-10-10T20:35:29.732088Z  INFO crawl_and_dial{new_peer_interval=61s}:crawl: zebra_network::peer_set::candidate_set::crawl: timeout waiting for peer service readiness or peer responses
Oct 10 20:36:16 runnervmmprz5 zebrad-v6.4.2[2948]: 2026-10-10T20:36:16.810622Z  INFO sync:try_to_sync: zebrad::components::sync: starting sync, obtaining new tips state_tip=Some(Height(4382897))
Oct 10 20:36:18 runnervmmprz5 zebrad-v6.4.2[2948]: 2026-10-10T20:36:18.673143Z  WARN zebrad::components::sync::progress: chain updates have stalled, state height has not increased for 66 minutes. Hint: check your network connection, and your computer clock and time zone sync_percent=99.538% current_height=Height(4382897) network_upgrade=Nu6_3 time_since_last_state_block=1h 6m target_block_spacing=1m 15s max_block_spacing=7m 30s is_syncer_stopped=true
Oct 10 20:36:30 runnervmmprz5 zebrad-v6.4.2[2948]: 2026-10-10T20:36:30.731708Z  INFO crawl_and_dial{new_peer_interval=61s}:crawl: zebra_network::peer_set::candidate_set::crawl: timeout waiting for peer service readiness or peer responses
Oct 10 20:37:18 runnervmmprz5 zebrad-v6.4.2[2948]: 2026-10-10T20:37:18.686291Z  WARN zebrad::components::sync::progress: chain updates have stalled, state height has not increased for 67 minutes. Hint: check your network connection, and your computer clock and time zone sync_percent=99.538% current_height=Height(4382897) network_upgrade=Nu6_3 time_since_last_state_block=1h 7m target_block_spacing=1m 15s max_block_spacing=7m 30s is_syncer_stopped=true
Oct 10 20:37:18 runnervmmprz5 zebrad-v6.4.2[2948]: 2026-10-10T20:37:18.806789Z  INFO zebrad::components::mempool::crawler: mempool crawl timed out: Elapsed(())
Oct 10 20:37:23 runnervmmprz5 zebrad-v6.4.2[2948]: 2026-10-10T20:37:23.811668Z  INFO sync:try_to_sync: zebrad::components::sync: temporary error obtaining tips: deadline has elapsed
Oct 10 20:37:23 runnervmmprz5 zebrad-v6.4.2[2948]: 2026-10-10T20:37:23.811722Z  INFO sync: zebrad::components::sync: waiting to restart sync timeout=67s state_tip=Some(Height(4382897))
Oct 10 20:37:31 runnervmmprz5 zebrad-v6.4.2[2948]: 2026-10-10T20:37:31.731579Z  INFO crawl_and_dial{new_peer_interval=61s}:crawl: zebra_network::peer_set::candidate_set::crawl: timeout waiting for peer service readiness or peer responses
Oct 10 20:38:18 runnervmmprz5 zebrad-v6.4.2[2948]: 2026-10-10T20:38:18.699137Z  WARN zebrad::components::sync::progress: chain updates have stalled, state height has not increased for 68 minutes. Hint: check your network connection, and your computer clock and time zone sync_percent=99.538% current_height=Height(4382897) network_upgrade=Nu6_3 time_since_last_state_block=1h 8m target_block_spacing=1m 15s max_block_spacing=7m 30s is_syncer_stopped=true
Oct 10 20:38:30 runnervmmprz5 zebrad-v6.4.2[2948]: 2026-10-10T20:38:30.812196Z  INFO sync:try_to_sync: zebrad::components::sync: starting sync, obtaining new tips state_tip=Some(Height(4382897))
Oct 10 20:38:32 runnervmmprz5 zebrad-v6.4.2[2948]: 2026-10-10T20:38:32.731143Z  INFO crawl_and_dial{new_peer_interval=61s}:crawl: zebra_network::peer_set::candidate_set::crawl: timeout waiting for peer service readiness or peer responses
Oct 10 20:39:18 runnervmmprz5 zebrad-v6.4.2[2948]: 2026-10-10T20:39:18.711531Z  WARN zebrad::components::sync::progress: chain updates have stalled, state height has not increased for 69 minutes. Hint: check your network connection, and your computer clock and time zone sync_percent=99.538% current_height=Height(4382897) network_upgrade=Nu6_3 time_since_last_state_block=1h 9m target_block_spacing=1m 15s max_block_spacing=7m 30s is_syncer_stopped=true
Oct 10 20:39:33 runnervmmprz5 zebrad-v6.4.2[2948]: 2026-10-10T20:39:33.732592Z  INFO crawl_and_dial{new_peer_interval=61s}:crawl: zebra_network::peer_set::candidate_set::crawl: timeout waiting for peer service readiness or peer responses
Oct 10 20:39:37 runnervmmprz5 zebrad-v6.4.2[2948]: 2026-10-10T20:39:37.813936Z  INFO sync:try_to_sync: zebrad::components::sync: temporary error obtaining tips: deadline has elapsed
Oct 10 20:39:37 runnervmmprz5 zebrad-v6.4.2[2948]: 2026-10-10T20:39:37.813982Z  INFO sync: zebrad::components::sync: waiting to restart sync timeout=67s state_tip=Some(Height(4382897))
Oct 10 20:39:44 runnervmmprz5 zebrad-v6.4.2[2948]: 2026-10-10T20:39:44.808349Z  INFO zebrad::components::mempool::crawler: mempool crawl timed out: Elapsed(())
Oct 10 20:40:18 runnervmmprz5 zebrad-v6.4.2[2948]: 2026-10-10T20:40:18.724226Z  WARN zebrad::components::sync::progress: chain updates have stalled, state height has not increased for 70 minutes. Hint: check your network connection, and your computer clock and time zone sync_percent=99.538% current_height=Height(4382897) network_upgrade=Nu6_3 time_since_last_state_block=1h 10m target_block_spacing=1m 15s max_block_spacing=7m 30s is_syncer_stopped=true
Oct 10 20:40:34 runnervmmprz5 zebrad-v6.4.2[2948]: 2026-10-10T20:40:34.731996Z  INFO crawl_and_dial{new_peer_interval=61s}:crawl: zebra_network::peer_set::candidate_set::crawl: timeout waiting for peer service readiness or peer responses
Oct 10 20:40:44 runnervmmprz5 zebrad-v6.4.2[2948]: 2026-10-10T20:40:44.815880Z  INFO sync:try_to_sync: zebrad::components::sync: starting sync, obtaining new tips state_tip=Some(Height(4382897))
Oct 10 20:41:18 runnervmmprz5 zebrad-v6.4.2[2948]: 2026-10-10T20:41:18.736842Z  WARN zebrad::components::sync::progress: chain updates have stalled, state height has not increased for 71 minutes. Hint: check your network connection, and your computer clock and time zone sync_percent=99.538% current_height=Height(4382897) network_upgrade=Nu6_3 time_since_last_state_block=1h 11m target_block_spacing=1m 15s max_block_spacing=7m 30s is_syncer_stopped=true
Oct 10 20:41:35 runnervmmprz5 zebrad-v6.4.2[2948]: 2026-10-10T20:41:35.731458Z  INFO crawl_and_dial{new_peer_interval=61s}:crawl: zebra_network::peer_set::candidate_set::crawl: timeout waiting for peer service readiness or peer responses
Oct 10 20:41:51 runnervmmprz5 zebrad-v6.4.2[2948]: 2026-10-10T20:41:51.816606Z  INFO sync:try_to_sync: zebrad::components::sync: temporary error obtaining tips: deadline has elapsed
Oct 10 20:41:51 runnervmmprz5 zebrad-v6.4.2[2948]: 2026-10-10T20:41:51.816658Z  INFO sync: zebrad::components::sync: waiting to restart sync timeout=67s state_tip=Some(Height(4382897))
Oct 10 20:42:10 runnervmmprz5 zebrad-v6.4.2[2948]: 2026-10-10T20:42:10.810472Z  INFO zebrad::components::mempool::crawler: mempool crawl timed out: Elapsed(())
Oct 10 20:42:18 runnervmmprz5 zebrad-v6.4.2[2948]: 2026-10-10T20:42:18.751868Z  WARN zebrad::components::sync::progress: chain updates have stalled, state height has not increased for 72 minutes. Hint: check your network connection, and your computer clock and time zone sync_percent=99.538% current_height=Height(4382897) network_upgrade=Nu6_3 time_since_last_state_block=1h 12m 1s target_block_spacing=1m 15s max_block_spacing=7m 30s is_syncer_stopped=true
Oct 10 20:42:36 runnervmmprz5 zebrad-v6.4.2[2948]: 2026-10-10T20:42:36.731302Z  INFO crawl_and_dial{new_peer_interval=61s}:crawl: zebra_network::peer_set::candidate_set::crawl: timeout waiting for peer service readiness or peer responses
Oct 10 20:42:58 runnervmmprz5 zebrad-v6.4.2[2948]: 2026-10-10T20:42:58.817178Z  INFO sync:try_to_sync: zebrad::components::sync: starting sync, obtaining new tips state_tip=Some(Height(4382897))
Oct 10 20:43:18 runnervmmprz5 zebrad-v6.4.2[2948]: 2026-10-10T20:43:18.763968Z  WARN zebrad::components::sync::progress: chain updates have stalled, state height has not increased for 73 minutes. Hint: check your network connection, and your computer clock and time zone sync_percent=99.538% current_height=Height(4382897) network_upgrade=Nu6_3 time_since_last_state_block=1h 13m 1s target_block_spacing=1m 15s max_block_spacing=7m 30s is_syncer_stopped=true
Oct 10 20:43:37 runnervmmprz5 zebrad-v6.4.2[2948]: 2026-10-10T20:43:37.733054Z  INFO crawl_and_dial{new_peer_interval=61s}:crawl: zebra_network::peer_set::candidate_set::crawl: timeout waiting for peer service readiness or peer responses
Oct 10 20:44:05 runnervmmprz5 zebrad-v6.4.2[2948]: 2026-10-10T20:44:05.818480Z  INFO sync:try_to_sync: zebrad::components::sync: temporary error obtaining tips: deadline has elapsed
Oct 10 20:44:05 runnervmmprz5 zebrad-v6.4.2[2948]: 2026-10-10T20:44:05.818537Z  INFO sync: zebrad::components::sync: waiting to restart sync timeout=67s state_tip=Some(Height(4382897))
Oct 10 20:44:18 runnervmmprz5 zebrad-v6.4.2[2948]: 2026-10-10T20:44:18.778185Z  WARN zebrad::components::sync::progress: chain updates have stalled, state height has not increased for 74 minutes. Hint: check your network connection, and your computer clock and time zone sync_percent=99.538% current_height=Height(4382897) network_upgrade=Nu6_3 time_since_last_state_block=1h 14m 1s target_block_spacing=1m 15s max_block_spacing=7m 30s is_syncer_stopped=true
Oct 10 20:44:36 runnervmmprz5 zebrad-v6.4.2[2948]: 2026-10-10T20:44:36.812159Z  INFO zebrad::components::mempool::crawler: mempool crawl timed out: Elapsed(())
Oct 10 20:44:38 runnervmmprz5 zebrad-v6.4.2[2948]: 2026-10-10T20:44:38.731340Z  INFO crawl_and_dial{new_peer_interval=61s}:crawl: zebra_network::peer_set::candidate_set::crawl: timeout waiting for peer service readiness or peer responses
Oct 10 20:45:12 runnervmmprz5 zebrad-v6.4.2[2948]: 2026-10-10T20:45:12.819093Z  INFO sync:try_to_sync: zebrad::components::sync: starting sync, obtaining new tips state_tip=Some(Height(4382897))
Oct 10 20:45:18 runnervmmprz5 zebrad-v6.4.2[2948]: 2026-10-10T20:45:18.792006Z  WARN zebrad::components::sync::progress: chain updates have stalled, state height has not increased for 75 minutes. Hint: check your network connection, and your computer clock and time zone sync_percent=99.538% current_height=Height(4382897) network_upgrade=Nu6_3 time_since_last_state_block=1h 15m 1s target_block_spacing=1m 15s max_block_spacing=7m 30s is_syncer_stopped=true
Oct 10 20:45:39 runnervmmprz5 zebrad-v6.4.2[2948]: 2026-10-10T20:45:39.731300Z  INFO crawl_and_dial{new_peer_interval=61s}:crawl: zebra_network::peer_set::candidate_set::crawl: timeout waiting for peer service readiness or peer responses
Oct 10 20:46:18 runnervmmprz5 zebrad-v6.4.2[2948]: 2026-10-10T20:46:18.805951Z  WARN zebrad::components::sync::progress: chain updates have stalled, state height has not increased for 76 minutes. Hint: check your network connection, and your computer clock and time zone sync_percent=99.538% current_height=Height(4382897) network_upgrade=Nu6_3 time_since_last_state_block=1h 16m 1s target_block_spacing=1m 15s max_block_spacing=7m 30s is_syncer_stopped=true
Oct 10 20:46:19 runnervmmprz5 zebrad-v6.4.2[2948]: 2026-10-10T20:46:19.820566Z  INFO sync:try_to_sync: zebrad::components::sync: temporary error obtaining tips: deadline has elapsed
Oct 10 20:46:19 runnervmmprz5 zebrad-v6.4.2[2948]: 2026-10-10T20:46:19.820624Z  INFO sync: zebrad::components::sync: waiting to restart sync timeout=67s state_tip=Some(Height(4382897))
Oct 10 20:46:40 runnervmmprz5 zebrad-v6.4.2[2948]: 2026-10-10T20:46:40.731737Z  INFO crawl_and_dial{new_peer_interval=61s}:crawl: zebra_network::peer_set::candidate_set::crawl: timeout waiting for peer service readiness or peer responses
Oct 10 20:47:02 runnervmmprz5 zebrad-v6.4.2[2948]: 2026-10-10T20:47:02.814656Z  INFO zebrad::components::mempool::crawler: mempool crawl timed out: Elapsed(())
Oct 10 20:47:18 runnervmmprz5 zebrad-v6.4.2[2948]: 2026-10-10T20:47:18.819955Z  WARN zebrad::components::sync::progress: chain updates have stalled, state height has not increased for 77 minutes. Hint: check your network connection, and your computer clock and time zone sync_percent=99.538% current_height=Height(4382897) network_upgrade=Nu6_3 time_since_last_state_block=1h 17m 1s target_block_spacing=1m 15s max_block_spacing=7m 30s is_syncer_stopped=true
Oct 10 20:47:26 runnervmmprz5 zebrad-v6.4.2[2948]: 2026-10-10T20:47:26.821797Z  INFO sync:try_to_sync: zebrad::components::sync: starting sync, obtaining new tips state_tip=Some(Height(4382897))
Oct 10 20:47:41 runnervmmprz5 zebrad-v6.4.2[2948]: 2026-10-10T20:47:41.732475Z  INFO crawl_and_dial{new_peer_interval=61s}:crawl: zebra_network::peer_set::candidate_set::crawl: timeout waiting for peer service readiness or peer responses
Oct 10 20:48:18 runnervmmprz5 zebrad-v6.4.2[2948]: 2026-10-10T20:48:18.836063Z  WARN zebrad::components::sync::progress: chain updates have stalled, state height has not increased for 78 minutes. Hint: check your network connection, and your computer clock and time zone sync_percent=99.538% current_height=Height(4382897) network_upgrade=Nu6_3 time_since_last_state_block=1h 18m 1s target_block_spacing=1m 15s max_block_spacing=7m 30s is_syncer_stopped=true
