Oct 09 02:37:27 runnervmmprz5 systemd[1]: Started zebrad.service - /opt/zbench/bin/zebrad-v6.4.2 -c /etc/zbench/zebrad.toml start.
Oct 09 02:37:27 runnervmmprz5 zebrad-v6.4.2[2931]: Thank you for running a testnet zebrad 6.4.2 node!
Oct 09 02:37:27 runnervmmprz5 zebrad-v6.4.2[2931]: You're helping to strengthen the network and contributing to a social good :)
Oct 09 02:37:27 runnervmmprz5 zebrad-v6.4.2[2931]: 2026-10-09T02:37:27.548612Z  INFO zebrad::components::tracing::component: started tracing component filter="info" TRACING_STATIC_MAX_LEVEL=LevelFilter::INFO LOG_STATIC_MAX_LEVEL=Info
Oct 09 02:37:27 runnervmmprz5 zebrad-v6.4.2[2931]: 2026-10-09T02:37:27.551009Z  INFO zebrad::components::tracing::component: installed sentry tracing layer
Oct 09 02:37:27 runnervmmprz5 zebrad-v6.4.2[2931]: 2026-10-09T02:37:27.551024Z  INFO zebrad::components::tracing::component: set 'tracing.progress_bar ="summary"' in zebrad.toml to activate progress bars
Oct 09 02:37:27 runnervmmprz5 zebrad-v6.4.2[2931]: 2026-10-09T02:37:27.551029Z  INFO zebrad::application: Diagnostic metadata:
Oct 09 02:37:27 runnervmmprz5 zebrad-v6.4.2[2931]: version: 6.4.2
Oct 09 02:37:27 runnervmmprz5 zebrad-v6.4.2[2931]: Zcash network: Testnet
Oct 09 02:37:27 runnervmmprz5 zebrad-v6.4.2[2931]: running state version: 28.0.0+indexer
Oct 09 02:37:27 runnervmmprz5 zebrad-v6.4.2[2931]: initial disk state version: 28.0.0
Oct 09 02:37:27 runnervmmprz5 zebrad-v6.4.2[2931]: features: default,default_release_binaries,howudoin,indexer,indicatif,metrics_exporter_prometheus,opentelemetry,progress_bar,prometheus,release_max_level_info,sentry
Oct 09 02:37:27 runnervmmprz5 zebrad-v6.4.2[2931]: branch: HEAD
Oct 09 02:37:27 runnervmmprz5 zebrad-v6.4.2[2931]: git commit: e3eef2f
Oct 09 02:37:27 runnervmmprz5 zebrad-v6.4.2[2931]: commit timestamp: 2026-09-25T19:37:34.000000000Z
Oct 09 02:37:27 runnervmmprz5 zebrad-v6.4.2[2931]: target triple: x86_64-unknown-linux-gnu
Oct 09 02:37:27 runnervmmprz5 zebrad-v6.4.2[2931]: rust compiler: 1.91.0
Oct 09 02:37:27 runnervmmprz5 zebrad-v6.4.2[2931]: rust release date: 2025-10-28
Oct 09 02:37:27 runnervmmprz5 zebrad-v6.4.2[2931]: optimization level: 3
Oct 09 02:37:27 runnervmmprz5 zebrad-v6.4.2[2931]: debug checks: true
Oct 09 02:37:27 runnervmmprz5 zebrad-v6.4.2[2931]: 2026-10-09T02:37:27.551037Z  INFO zebrad::application: Using config file at: "/etc/zbench/zebrad.toml"
Oct 09 02:37:27 runnervmmprz5 zebrad-v6.4.2[2931]: 2026-10-09T02:37:27.551042Z  INFO zebrad::application: ZebradConfig { consensus: Config { checkpoint_sync: true }, metrics: Config { endpoint_addr: Some(127.0.0.1:9101) }, network: Config { listen_addr: 127.0.0.1:8233, external_addr: None, network: Testnet, initial_mainnet_peers: {}, initial_testnet_peers: {}, cache_dir: IsEnabled(false), peerset_initial_target_size: 25, crawl_new_peer_interval: 61s, max_connections_per_ip: 1 }, state: Config { cache_dir: "/zbench/zebra", ephemeral: false, should_backup_non_finalized_state: true, delete_old_database: true, debug_stop_at_height: None, debug_validity_check_interval: None, debug_skip_non_finalized_state_backup_task: false }, tracing: Config { inner: InnerConfig { use_color: false, force_use_color: false, filter: None, buffer_limit: 128000, endpoint_addr: None, flamegraph: None, progress_bar: None, log_file: None, use_journald: false, opentelemetry_endpoint: None, opentelemetry_service_name: None, opentelemetry_sample_percent: None } }, sync: Config { download_concurrency_limit: 50, checkpoint_verify_concurrency_limit: 1000, full_verify_concurrency_limit: 20, parallel_cpu_threads: 0 }, mempool: Config { tx_cost_limit: 80000000, eviction_memory_time: 3600s, debug_enable_at_height: None, max_datacarrier_bytes: Some(83) }, notify: Config { block_notify_command: None }, rpc: Config { listen_addr: Some(127.0.0.1:8232), indexer_listen_addr: Some(127.0.0.1:8230), lightwalletd_listen_addr: None, parallel_cpu_threads: 0, debug_force_finished_sync: false, cookie_dir: "/zbench/zebra-cookie", enable_cookie_auth: true, max_response_body_size: 52428800 }, mining: Config { miner_address: None, extra_coinbase_data: None, miner_memo: None, internal_miner: false }, health: Config { listen_addr: None, min_connected_peers: 1, ready_max_blocks_behind: 2, enforce_on_test_networks: false, ready_max_tip_age: 300s }, zcashd_compat: Config { enabled: false, manage_zcashd: false, zcashd_source: Path, zcashd_path: None, zcashd_datadir: None, zcashd_extra_args: [], p2p_connect_addr: None, block_gossip_peer_ips: [], startup_delay: 1s, restart_backoff: 2s, restart_backoff_max: 300s, restart_reset_after: 3600s, shutdown_grace_period: 300s } }
Oct 09 02:37:27 runnervmmprz5 zebrad-v6.4.2[2931]: 2026-10-09T02:37:27.552994Z  INFO {zebrad="e3eef2f" net="Test"}: zebrad::application: initialized rayon thread pool for CPU-bound tasks num_threads=4
Oct 09 02:37:27 runnervmmprz5 zebrad-v6.4.2[2931]: 2026-10-09T02:37:27.553928Z  INFO {zebrad="e3eef2f" net="Test"}: zebrad::components::metrics: Trying to open metrics endpoint at 127.0.0.1:9101...
Oct 09 02:37:27 runnervmmprz5 zebrad-v6.4.2[2931]: 2026-10-09T02:37:27.555547Z  INFO {zebrad="e3eef2f" net="Test"}: zebrad::components::metrics: Opened metrics endpoint at 127.0.0.1:9101
Oct 09 02:37:27 runnervmmprz5 zebrad-v6.4.2[2931]: 2026-10-09T02:37:27.556622Z  INFO zebrad::commands::start: Starting zebrad
Oct 09 02:37:27 runnervmmprz5 zebrad-v6.4.2[2931]: 2026-10-09T02:37:27.557666Z  WARN zebrad::commands::start: TCP slow-start-after-idle is enabled, which resets TCP's congestion window between block requests and significantly reduces single-peer throughput for block propagation. Hint: set `net.ipv4.tcp_slow_start_after_idle=0` via sysctl. See https://zebra.zfnd.org/user/troubleshooting.html#linux-tcp-tuning-for-block-propagation setting="net.ipv4.tcp_slow_start_after_idle"
Oct 09 02:37:27 runnervmmprz5 zebrad-v6.4.2[2931]: 2026-10-09T02:37:27.557701Z  INFO zebrad::commands::start: initializing node state
Oct 09 02:37:27 runnervmmprz5 zebrad-v6.4.2[2931]: 2026-10-09T02:37:27.558087Z  INFO zebrad::commands::start: opening database, this may take a few minutes
Oct 09 02:37:27 runnervmmprz5 zebrad-v6.4.2[2931]: 2026-10-09T02:37:27.561000Z  INFO zebra_state::service::finalized_state::disk_format::upgrade: trying to open current database format running_version=28.0.0+indexer
Oct 09 02:37:28 runnervmmprz5 zebrad-v6.4.2[2931]: 2026-10-09T02:37:28.783253Z  INFO zebra_state::service::finalized_state::disk_db: Opened Zebra state cache at /zbench/zebra/state/v28/testnet
Oct 09 02:37:28 runnervmmprz5 zebrad-v6.4.2[2931]: 2026-10-09T02:37:28.786134Z  INFO zebra_state::service::finalized_state::disk_format::upgrade: checking database format produced by a previous zebra instance is current and valid running_version=28.0.0+indexer
Oct 09 02:37:28 runnervmmprz5 zebrad-v6.4.2[2931]: 2026-10-09T02:37:28.786588Z  INFO zebra_state::service::finalized_state::disk_format::upgrade: started checking/adding indexes for spending tx ids
Oct 09 02:37:28 runnervmmprz5 zebrad-v6.4.2[2931]: 2026-10-09T02:37:28.793280Z  INFO zebra_state::service::non_finalized_state: restoring non-finalized blocks from backup and spawning backup task backup_dir_path="/zbench/zebra/non_finalized_state/testnet"
Oct 09 02:37:28 runnervmmprz5 zebrad-v6.4.2[2931]: 2026-10-09T02:37:28.794055Z  INFO zebra_state::service::non_finalized_state: no blocks were restored from the non-finalized backup cache
Oct 09 02:37:28 runnervmmprz5 zebrad-v6.4.2[2931]: 2026-10-09T02:37:28.794085Z  INFO zebra_state::service: loaded Zebra state cache chain_tip=Some((block::Hash("00005894e6410b9d9524e38d725e6595ef4c8f85d4deb9e56b340751b0c3d678"), Height(4382897)))
Oct 09 02:37:28 runnervmmprz5 zebrad-v6.4.2[2931]: 2026-10-09T02:37:28.794993Z  INFO zebra_state::service: starting legacy chain check
Oct 09 02:37:28 runnervmmprz5 zebrad-v6.4.2[2931]: 2026-10-09T02:37:28.795258Z  INFO zebra_state::service: cached state consensus branch is valid: no legacy chain found
Oct 09 02:37:28 runnervmmprz5 zebrad-v6.4.2[2931]: 2026-10-09T02:37:28.795278Z  INFO zebrad::commands::start: logging database metrics on startup
Oct 09 02:37:28 runnervmmprz5 zebrad-v6.4.2[2931]: 2026-10-09T02:37:28.798783Z  INFO zebra_state::service::finalized_state::disk_db: Total Database Disk Size: 12.6 GB
Oct 09 02:37:28 runnervmmprz5 zebrad-v6.4.2[2931]: 2026-10-09T02:37:28.798794Z  INFO zebra_state::service::finalized_state::disk_db: Total Live Data Disk Size: 12.6 GB
Oct 09 02:37:28 runnervmmprz5 zebrad-v6.4.2[2931]: 2026-10-09T02:37:28.798798Z  INFO zebra_state::service::finalized_state::disk_db: Total Database Memory Size: 61.4 KB
Oct 09 02:37:28 runnervmmprz5 zebrad-v6.4.2[2931]: 2026-10-09T02:37:28.798813Z  INFO zebrad::commands::start: initializing network
Oct 09 02:37:28 runnervmmprz5 zebrad-v6.4.2[2931]: 2026-10-09T02:37:28.799049Z  INFO open_listener{addr=127.0.0.1:8233}: zebra_network::peer_set::initialize: Trying to open Zcash protocol endpoint at 127.0.0.1:8233...
Oct 09 02:37:28 runnervmmprz5 zebrad-v6.4.2[2931]: 2026-10-09T02:37:28.799098Z  INFO open_listener{addr=127.0.0.1:8233}: zebra_network::peer_set::initialize: Opened Zcash protocol endpoint at 127.0.0.1:8233
Oct 09 02:37:28 runnervmmprz5 zebrad-v6.4.2[2931]: 2026-10-09T02:37:28.805109Z  INFO zebra_network::address_book_updater: starting the address book updater
Oct 09 02:37:28 runnervmmprz5 zebrad-v6.4.2[2931]: 2026-10-09T02:37:28.806991Z  WARN add_initial_peers: zebra_network::config: no initial peers in the network config. Hint: you must configure at least one peer IP or DNS seeder to run Zebra, give it some previously cached peer IP addresses on disk, or make sure Zebra's listener port gets inbound connections.
Oct 09 02:37:28 runnervmmprz5 zebrad-v6.4.2[2931]: 2026-10-09T02:37:28.807289Z  INFO add_initial_peers: zebra_network::peer_set::initialize: connecting to initial peer set ipv4_peer_count=0 ipv6_peer_count=0
Oct 09 02:37:28 runnervmmprz5 zebrad-v6.4.2[2931]: 2026-10-09T02:37:28.807304Z  INFO add_initial_peers: zebra_network::peer_set::initialize: finished connecting to initial seed and disk cache peers handshake_success_total=0 handshake_error_total=0 outbound_connections=0
Oct 09 02:37:28 runnervmmprz5 zebrad-v6.4.2[2931]: 2026-10-09T02:37:28.807343Z  INFO zebra_network::peer_set::initialize: sending initial request for peers active_initial_peer_count=0
Oct 09 02:37:28 runnervmmprz5 zebrad-v6.4.2[2931]: 2026-10-09T02:37:28.807365Z  INFO zebrad::commands::start: initializing verifiers
Oct 09 02:37:28 runnervmmprz5 zebrad-v6.4.2[2931]: 2026-10-09T02:37:28.808181Z  INFO crawl_and_dial{new_peer_interval=61s}: zebra_network::peer_set::initialize: starting the peer address crawler crawl_new_peer_interval=61s outbound_connections=0
Oct 09 02:37:28 runnervmmprz5 zebrad-v6.4.2[2931]: 2026-10-09T02:37:28.808302Z  INFO init{config=Config { checkpoint_sync: true } network=Testnet}: zebra_consensus::router: starting state checkpoint validation
Oct 09 02:37:28 runnervmmprz5 zebrad-v6.4.2[2931]: 2026-10-09T02:37:28.809343Z  INFO init{config=Config { checkpoint_sync: true } network=Testnet}: zebra_consensus::router: initializing block verifier router tip=Some((Height(4382897), block::Hash("00005894e6410b9d9524e38d725e6595ef4c8f85d4deb9e56b340751b0c3d678"))) max_checkpoint_height=Height(4359385)
Oct 09 02:37:28 runnervmmprz5 zebrad-v6.4.2[2931]: 2026-10-09T02:37:28.809715Z  INFO zebrad::commands::start: initializing syncer
Oct 09 02:37:28 runnervmmprz5 zebrad-v6.4.2[2931]: 2026-10-09T02:37:28.809919Z  INFO zebrad::commands::start: initializing mempool
Oct 09 02:37:28 runnervmmprz5 zebrad-v6.4.2[2931]: 2026-10-09T02:37:28.810089Z  INFO zebrad::commands::start: fully initializing inbound peer request handler
Oct 09 02:37:28 runnervmmprz5 zebrad-v6.4.2[2931]: 2026-10-09T02:37:28.814388Z  INFO zebra_rpc::server::cookie: RPC auth cookie written to disk
Oct 09 02:37:28 runnervmmprz5 zebrad-v6.4.2[2931]: 2026-10-09T02:37:28.814556Z  INFO zebra_rpc::server: Opened RPC endpoint at 127.0.0.1:8232
Oct 09 02:37:28 runnervmmprz5 zebrad-v6.4.2[2931]: 2026-10-09T02:37:28.814584Z  INFO zebrad::commands::start: spawning indexer RPC server
Oct 09 02:37:28 runnervmmprz5 zebrad-v6.4.2[2931]: 2026-10-09T02:37:28.816097Z  INFO init: zebra_rpc::indexer::server: Trying to open indexer RPC endpoint at 127.0.0.1:8230...
Oct 09 02:37:28 runnervmmprz5 zebrad-v6.4.2[2931]: 2026-10-09T02:37:28.816132Z  INFO init: zebra_rpc::indexer::server: Opened RPC endpoint at 127.0.0.1:8230
Oct 09 02:37:28 runnervmmprz5 zebrad-v6.4.2[2931]: 2026-10-09T02:37:28.816146Z  INFO zebrad::commands::start: spawning block gossip task
Oct 09 02:37:28 runnervmmprz5 zebrad-v6.4.2[2931]: 2026-10-09T02:37:28.816150Z  INFO zebrad::commands::start: spawning block notify task
Oct 09 02:37:28 runnervmmprz5 zebrad-v6.4.2[2931]: 2026-10-09T02:37:28.816154Z  INFO zebrad::commands::start: spawning mempool queue checker task
Oct 09 02:37:28 runnervmmprz5 zebrad-v6.4.2[2931]: 2026-10-09T02:37:28.816157Z  INFO zebrad::commands::start: spawning mempool transaction gossip task
Oct 09 02:37:28 runnervmmprz5 zebrad-v6.4.2[2931]: 2026-10-09T02:37:28.816161Z  INFO zebrad::commands::start: spawning delete old databases task
Oct 09 02:37:28 runnervmmprz5 zebrad-v6.4.2[2931]: 2026-10-09T02:37:28.816288Z  INFO zebra_state::config: checking for old database versions db_kind="state"
Oct 09 02:37:28 runnervmmprz5 zebrad-v6.4.2[2931]: 2026-10-09T02:37:28.816363Z  INFO zebra_state::config: finished old database version cleanup task
Oct 09 02:37:28 runnervmmprz5 zebrad-v6.4.2[2931]: 2026-10-09T02:37:28.816405Z  INFO zebrad::commands::start: spawning progress logging task
Oct 09 02:37:28 runnervmmprz5 zebrad-v6.4.2[2931]: 2026-10-09T02:37:28.816412Z  INFO zebrad::commands::start: initializing health endpoints
Oct 09 02:37:28 runnervmmprz5 zebrad-v6.4.2[2931]: 2026-10-09T02:37:28.816416Z  INFO zebrad::commands::start: spawning end of support checking task
Oct 09 02:37:28 runnervmmprz5 zebrad-v6.4.2[2931]: 2026-10-09T02:37:28.816424Z  INFO zebrad::commands::start: spawning mempool crawler task
Oct 09 02:37:28 runnervmmprz5 zebrad-v6.4.2[2931]: 2026-10-09T02:37:28.816428Z  INFO zebrad::commands::start: spawning syncer task
Oct 09 02:37:28 runnervmmprz5 zebrad-v6.4.2[2931]: 2026-10-09T02:37:28.816433Z  INFO zebrad::commands::start: spawned initial Zebra tasks
Oct 09 02:37:28 runnervmmprz5 zebrad-v6.4.2[2931]: 2026-10-09T02:37:28.816472Z  INFO zebrad::components::sync::gossip: initializing block gossip task
Oct 09 02:37:28 runnervmmprz5 zebrad-v6.4.2[2931]: 2026-10-09T02:37:28.816486Z  INFO zebrad::components::sync::end_of_support: Starting end of support task
Oct 09 02:37:28 runnervmmprz5 zebrad-v6.4.2[2931]: 2026-10-09T02:37:28.816490Z  INFO zebrad::components::mempool::queue_checker: initializing mempool queue checker task
Oct 09 02:37:28 runnervmmprz5 zebrad-v6.4.2[2931]: 2026-10-09T02:37:28.816600Z  INFO zebrad::components::mempool::gossip: initializing transaction gossip task
Oct 09 02:37:28 runnervmmprz5 zebrad-v6.4.2[2931]: 2026-10-09T02:37:28.816823Z  INFO zebrad::components::mempool::crawler: initializing mempool crawler task
Oct 09 02:37:28 runnervmmprz5 zebrad-v6.4.2[2931]: 2026-10-09T02:37:28.816883Z  WARN zebrad::components::sync::progress: chain tip metrics channel closed err=SendError { .. }
Oct 09 02:37:28 runnervmmprz5 zebrad-v6.4.2[2931]: 2026-10-09T02:37:28.817979Z  INFO sync:try_to_sync: zebrad::components::sync: starting sync, obtaining new tips state_tip=Some(Height(4382897))
Oct 09 02:37:31 runnervmmprz5 zebrad-v6.4.2[2931]: 2026-10-09T02:37:31.933064Z  INFO init{config=Config { checkpoint_sync: true } network=Testnet}: zebra_consensus::router: finished state checkpoint validation
Oct 09 02:37:34 runnervmmprz5 zebrad-v6.4.2[2931]: 2026-10-09T02:37:34.818915Z  INFO sync:try_to_sync: zebrad::components::sync: exhausted prospective tip set
Oct 09 02:37:34 runnervmmprz5 zebrad-v6.4.2[2931]: 2026-10-09T02:37:34.818953Z  INFO sync: zebrad::components::sync: waiting to restart sync timeout=67s state_tip=Some(Height(4382897))
Oct 09 02:37:35 runnervmmprz5 zebrad-v6.4.2[2931]: 2026-10-09T02:37:35.818407Z  INFO zebrad::components::sync::gossip: height=Height(4382897) request=AdvertiseBlock(block::Hash("00005894e6410b9d9524e38d725e6595ef4c8f85d4deb9e56b340751b0c3d678"), None) log_msg="sending committed block broadcast"
Oct 09 02:37:38 runnervmmprz5 zebrad-v6.4.2[2931]: 2026-10-09T02:37:38.817058Z  INFO zebrad::components::sync::end_of_support: Release always valid in Testnet
Oct 09 02:37:38 runnervmmprz5 zebrad-v6.4.2[2931]: 2026-10-09T02:37:38.818335Z  INFO zebrad::components::mempool: activating mempool: Zebra is close to the tip tip_height=Height(4382897)
Oct 09 02:38:28 runnervmmprz5 zebrad-v6.4.2[2931]: 2026-10-09T02:38:28.836876Z  INFO zebrad::components::sync::progress: initial sync is very slow, or estimated tip is wrong. Hint: check your network connection, and your computer clock and time zone sync_percent=99.584% current_height=Height(4382897) network_upgrade=Nu6_3 remaining_sync_blocks=18330 after_checkpoint_height=Height(4360395) time_since_last_state_block=1m
Oct 09 02:38:29 runnervmmprz5 zebrad-v6.4.2[2931]: 2026-10-09T02:38:29.809237Z  INFO crawl_and_dial{new_peer_interval=61s}:crawl: zebra_network::peer_set::candidate_set::crawl: timeout waiting for peer service readiness or peer responses
Oct 09 02:38:41 runnervmmprz5 zebrad-v6.4.2[2931]: 2026-10-09T02:38:41.820892Z  INFO sync:try_to_sync: zebrad::components::sync: starting sync, obtaining new tips state_tip=Some(Height(4382897))
Oct 09 02:38:47 runnervmmprz5 zebrad-v6.4.2[2931]: 2026-10-09T02:38:47.820804Z  INFO zebrad::components::mempool::crawler: mempool crawl timed out: Elapsed(())
Oct 09 02:39:27 runnervmmprz5 zebrad-v6.4.2[2931]: 2026-10-09T02:39:27.480490Z  INFO zebra_state::service::finalized_state::disk_format::upgrade: finished checking/adding indexes for spending tx ids
Oct 09 02:39:28 runnervmmprz5 zebrad-v6.4.2[2931]: 2026-10-09T02:39:28.853629Z  INFO zebrad::components::sync::progress: initial sync is very slow, or estimated tip is wrong. Hint: check your network connection, and your computer clock and time zone sync_percent=99.584% current_height=Height(4382897) network_upgrade=Nu6_3 remaining_sync_blocks=18331 after_checkpoint_height=Height(4360395) time_since_last_state_block=2m
Oct 09 02:39:31 runnervmmprz5 zebrad-v6.4.2[2931]: 2026-10-09T02:39:31.961924Z  INFO zebra_state::service::finalized_state::disk_format::upgrade: database format is valid running_version=28.0.0+indexer initial_disk_version=28.0.0+indexer
Oct 09 02:39:37 runnervmmprz5 zebrad-v6.4.2[2931]: 2026-10-09T02:39:37.669334Z  INFO sync:try_to_sync: zebrad::components::sync: exhausted prospective tip set
Oct 09 02:39:37 runnervmmprz5 zebrad-v6.4.2[2931]: 2026-10-09T02:39:37.669367Z  INFO sync: zebrad::components::sync: waiting to restart sync timeout=67s state_tip=Some(Height(4382897))
Oct 09 02:40:28 runnervmmprz5 zebrad-v6.4.2[2931]: 2026-10-09T02:40:28.870447Z  INFO zebrad::components::sync::progress: initial sync is very slow, or estimated tip is wrong. Hint: check your network connection, and your computer clock and time zone sync_percent=99.584% current_height=Height(4382897) network_upgrade=Nu6_3 remaining_sync_blocks=18331 after_checkpoint_height=Height(4360395) time_since_last_state_block=3m
Oct 09 02:40:30 runnervmmprz5 zebrad-v6.4.2[2931]: 2026-10-09T02:40:30.667914Z  INFO zebra_network::address_book: no active peer connections: trying gossiped addresses address_metrics=AddressMetrics { responded: 0, never_attempted_gossiped: 1, failed: 1, attempt_pending: 0, recently_live: 0, recently_stopped_responding: 0, num_addresses: 2, address_limit: 5000 }
Oct 09 02:40:31 runnervmmprz5 zebrad-v6.4.2[2931]: 2026-10-09T02:40:31.809254Z  WARN crawl_and_dial{new_peer_interval=61s}:crawl: zebra_network::peer_set::set: network request with no peer connections. Hint: check your network connection address_metrics=AddressMetrics { responded: 0, never_attempted_gossiped: 1, failed: 1, attempt_pending: 0, recently_live: 0, recently_stopped_responding: 0, num_addresses: 2, address_limit: 5000 }
Oct 09 02:40:39 runnervmmprz5 zebrad-v6.4.2[2931]: 2026-10-09T02:40:39.810901Z  INFO crawl_and_dial{new_peer_interval=61s}:crawl: zebra_network::peer_set::candidate_set::crawl: timeout waiting for peer service readiness or peer responses
Oct 09 02:40:44 runnervmmprz5 zebrad-v6.4.2[2931]: 2026-10-09T02:40:44.670728Z  INFO sync:try_to_sync: zebrad::components::sync: starting sync, obtaining new tips state_tip=Some(Height(4382897))
Oct 09 02:41:28 runnervmmprz5 zebrad-v6.4.2[2931]: 2026-10-09T02:41:28.886580Z  INFO zebrad::components::sync::progress: initial sync is very slow, or estimated tip is wrong. Hint: check your network connection, and your computer clock and time zone sync_percent=99.583% current_height=Height(4382897) network_upgrade=Nu6_3 remaining_sync_blocks=18332 after_checkpoint_height=Height(4360395) time_since_last_state_block=4m
Oct 09 02:41:32 runnervmmprz5 zebrad-v6.4.2[2931]: 2026-10-09T02:41:32.808976Z  INFO crawl_and_dial{new_peer_interval=61s}: zebra_network::address_book: no active peer connections: trying gossiped addresses address_metrics=AddressMetrics { responded: 0, never_attempted_gossiped: 0, failed: 1, attempt_pending: 1, recently_live: 0, recently_stopped_responding: 0, num_addresses: 2, address_limit: 5000 }
Oct 09 02:41:38 runnervmmprz5 zebrad-v6.4.2[2931]: 2026-10-09T02:41:38.811005Z  INFO sync:try_to_sync: zebrad::components::sync: exhausted prospective tip set
Oct 09 02:41:38 runnervmmprz5 zebrad-v6.4.2[2931]: 2026-10-09T02:41:38.811039Z  INFO sync: zebrad::components::sync: waiting to restart sync timeout=67s state_tip=Some(Height(4382897))
Oct 09 02:42:28 runnervmmprz5 zebrad-v6.4.2[2931]: 2026-10-09T02:42:28.899005Z  INFO zebrad::components::sync::progress: initial sync is very slow, or estimated tip is wrong. Hint: check your network connection, and your computer clock and time zone sync_percent=99.583% current_height=Height(4382897) network_upgrade=Nu6_3 remaining_sync_blocks=18333 after_checkpoint_height=Height(4360395) time_since_last_state_block=5m
Oct 09 02:42:33 runnervmmprz5 zebrad-v6.4.2[2931]: 2026-10-09T02:42:33.809723Z  WARN crawl_and_dial{new_peer_interval=61s}:crawl: zebra_network::peer_set::set: network request with no peer connections. Hint: check your network connection address_metrics=AddressMetrics { responded: 0, never_attempted_gossiped: 1, failed: 2, attempt_pending: 0, recently_live: 0, recently_stopped_responding: 0, num_addresses: 3, address_limit: 5000 }
Oct 09 02:42:41 runnervmmprz5 zebrad-v6.4.2[2931]: 2026-10-09T02:42:41.810684Z  INFO crawl_and_dial{new_peer_interval=61s}:crawl: zebra_network::peer_set::candidate_set::crawl: timeout waiting for peer service readiness or peer responses
Oct 09 02:42:45 runnervmmprz5 zebrad-v6.4.2[2931]: 2026-10-09T02:42:45.812559Z  INFO sync:try_to_sync: zebrad::components::sync: starting sync, obtaining new tips state_tip=Some(Height(4382897))
Oct 09 02:43:28 runnervmmprz5 zebrad-v6.4.2[2931]: 2026-10-09T02:43:28.913069Z  INFO zebrad::components::sync::progress: initial sync is very slow, or estimated tip is wrong. Hint: check your network connection, and your computer clock and time zone sync_percent=99.583% current_height=Height(4382897) network_upgrade=Nu6_3 remaining_sync_blocks=18334 after_checkpoint_height=Height(4360395) time_since_last_state_block=6m
Oct 09 02:43:34 runnervmmprz5 zebrad-v6.4.2[2931]: 2026-10-09T02:43:34.809397Z  INFO crawl_and_dial{new_peer_interval=61s}: zebra_network::address_book: no active peer connections: trying gossiped addresses address_metrics=AddressMetrics { responded: 0, never_attempted_gossiped: 0, failed: 2, attempt_pending: 1, recently_live: 0, recently_stopped_responding: 0, num_addresses: 3, address_limit: 5000 }
Oct 09 02:43:34 runnervmmprz5 zebrad-v6.4.2[2931]: 2026-10-09T02:43:34.810895Z  INFO zebra_network::peer::handshake: rejecting self-connection attempt connected_addr=In("v4redacted:39494")
Oct 09 02:43:34 runnervmmprz5 zebrad-v6.4.2[2931]: 2026-10-09T02:43:34.810901Z  INFO zebra_network::peer::handshake: rejecting self-connection attempt connected_addr=Out("v4redacted:8233")
Oct 09 02:43:34 runnervmmprz5 zebrad-v6.4.2[2931]: 2026-10-09T02:43:34.810963Z  INFO crawl_and_dial{new_peer_interval=61s}:dial{network=Testnet candidate=MetaAddr { addr: v4redacted:8233, services: Some(PeerServices(NODE_NETWORK)), untrusted_last_seen: Some(DateTime32 { timestamp: 1791513000, calendar: 2026-10-09T02:30:00Z }), last_response: None, rtt: None, ping_sent_at: None, last_attempt: Some(Instant { tv_sec: 709, tv_nsec: 584743565 }), last_failure: None, last_connection_state: AttemptPending, is_inbound: false, user_agent: None, negotiated_version: None }}: zebra_network::peer_set::initialize: failed to make outbound connection to peer error=RemoteNonceReuse candidate.addr=v4redacted:8233
Oct 09 02:43:34 runnervmmprz5 zebrad-v6.4.2[2931]: 2026-10-09T02:43:34.910402Z  INFO crawl_and_dial{new_peer_interval=61s}:dial{network=Testnet candidate=MetaAddr { addr: v4redacted:37696, services: Some(PeerServices(NODE_NETWORK)), untrusted_last_seen: None, last_response: Some(DateTime32 { timestamp: 1791513571, calendar: 2026-10-09T02:39:31Z }), rtt: None, ping_sent_at: None, last_attempt: Some(Instant { tv_sec: 709, tv_nsec: 584820660 }), last_failure: Some(Instant { tv_sec: 525, tv_nsec: 443267094 }), last_connection_state: AttemptPending, is_inbound: true, user_agent: Some("/Zakura:1.3.1/"), negotiated_version: Some(Version(170160)) }}: zebra_network::peer_set::initialize: failed to make outbound connection to peer error=Os { code: 111, kind: ConnectionRefused, message: "Connection refused" } candidate.addr=v4redacted:37696
Oct 09 02:43:42 runnervmmprz5 zebrad-v6.4.2[2931]: 2026-10-09T02:43:42.809913Z  INFO crawl_and_dial{new_peer_interval=61s}:crawl: zebra_network::peer_set::candidate_set::crawl: timeout waiting for peer service readiness or peer responses
Oct 09 02:43:52 runnervmmprz5 zebrad-v6.4.2[2931]: 2026-10-09T02:43:52.813335Z  INFO sync:try_to_sync: zebrad::components::sync: temporary error obtaining tips: deadline has elapsed
Oct 09 02:43:52 runnervmmprz5 zebrad-v6.4.2[2931]: 2026-10-09T02:43:52.813397Z  INFO sync: zebrad::components::sync: waiting to restart sync timeout=67s state_tip=Some(Height(4382897))
Oct 09 02:44:04 runnervmmprz5 zebrad-v6.4.2[2931]: 2026-10-09T02:44:04.815088Z  INFO zebrad::components::mempool::crawler: mempool crawl timed out: Elapsed(())
Oct 09 02:44:28 runnervmmprz5 zebrad-v6.4.2[2931]: 2026-10-09T02:44:28.927366Z  INFO zebrad::components::sync::progress: initial sync is very slow, or estimated tip is wrong. Hint: check your network connection, and your computer clock and time zone sync_percent=99.583% current_height=Height(4382897) network_upgrade=Nu6_3 remaining_sync_blocks=18335 after_checkpoint_height=Height(4360395) time_since_last_state_block=7m
Oct 09 02:44:35 runnervmmprz5 zebrad-v6.4.2[2931]: 2026-10-09T02:44:35.809856Z  INFO crawl_and_dial{new_peer_interval=61s}: zebra_network::address_book: no active peer connections: trying gossiped addresses address_metrics=AddressMetrics { responded: 0, never_attempted_gossiped: 0, failed: 2, attempt_pending: 1, recently_live: 0, recently_stopped_responding: 0, num_addresses: 3, address_limit: 5000 }
Oct 09 02:44:43 runnervmmprz5 zebrad-v6.4.2[2931]: 2026-10-09T02:44:43.811378Z  INFO crawl_and_dial{new_peer_interval=61s}:crawl: zebra_network::peer_set::candidate_set::crawl: timeout waiting for peer service readiness or peer responses
Oct 09 02:44:59 runnervmmprz5 zebrad-v6.4.2[2931]: 2026-10-09T02:44:59.814447Z  INFO sync:try_to_sync: zebrad::components::sync: starting sync, obtaining new tips state_tip=Some(Height(4382897))
Oct 09 02:45:05 runnervmmprz5 zebrad-v6.4.2[2931]: 2026-10-09T02:45:05.816395Z  INFO sync:try_to_sync: zebrad::components::sync: exhausted prospective tip set
Oct 09 02:45:05 runnervmmprz5 zebrad-v6.4.2[2931]: 2026-10-09T02:45:05.816439Z  INFO sync: zebrad::components::sync: waiting to restart sync timeout=67s state_tip=Some(Height(4382897))
Oct 09 02:45:25 runnervmmprz5 zebrad-v6.4.2[2931]: 2026-10-09T02:45:25.817392Z  INFO crawl_and_dial{new_peer_interval=61s}:crawl: zebra_network::peer_set::candidate_set::crawl: timeout waiting for peer service readiness or peer responses
Oct 09 02:45:28 runnervmmprz5 zebrad-v6.4.2[2931]: 2026-10-09T02:45:28.940323Z  INFO zebrad::components::sync::progress: initial sync is very slow, or estimated tip is wrong. Hint: check your network connection, and your computer clock and time zone sync_percent=99.583% current_height=Height(4382897) network_upgrade=Nu6_3 remaining_sync_blocks=18335 after_checkpoint_height=Height(4360395) time_since_last_state_block=8m
Oct 09 02:46:12 runnervmmprz5 zebrad-v6.4.2[2931]: 2026-10-09T02:46:12.816937Z  INFO sync:try_to_sync: zebrad::components::sync: starting sync, obtaining new tips state_tip=Some(Height(4382897))
Oct 09 02:46:28 runnervmmprz5 zebrad-v6.4.2[2931]: 2026-10-09T02:46:28.956080Z  INFO zebrad::components::sync::progress: initial sync is very slow, or estimated tip is wrong. Hint: check your network connection, and your computer clock and time zone sync_percent=99.583% current_height=Height(4382897) network_upgrade=Nu6_3 remaining_sync_blocks=18336 after_checkpoint_height=Height(4360395) time_since_last_state_block=9m
Oct 09 02:46:37 runnervmmprz5 zebrad-v6.4.2[2931]: 2026-10-09T02:46:37.809908Z  INFO crawl_and_dial{new_peer_interval=61s}: zebra_network::address_book: no active peer connections: trying gossiped addresses address_metrics=AddressMetrics { responded: 0, never_attempted_gossiped: 0, failed: 2, attempt_pending: 1, recently_live: 0, recently_stopped_responding: 0, num_addresses: 3, address_limit: 5000 }
Oct 09 02:46:37 runnervmmprz5 zebrad-v6.4.2[2931]: 2026-10-09T02:46:37.911195Z  INFO zebra_network::peer::handshake: rejecting self-connection attempt connected_addr=In("v4redacted:45520")
Oct 09 02:46:37 runnervmmprz5 zebrad-v6.4.2[2931]: 2026-10-09T02:46:37.911198Z  INFO zebra_network::peer::handshake: rejecting self-connection attempt connected_addr=Out("v4redacted:8233")
Oct 09 02:46:37 runnervmmprz5 zebrad-v6.4.2[2931]: 2026-10-09T02:46:37.911312Z  INFO crawl_and_dial{new_peer_interval=61s}:dial{network=Testnet candidate=MetaAddr { addr: v4redacted:8233, services: Some(PeerServices(NODE_NETWORK)), untrusted_last_seen: Some(DateTime32 { timestamp: 1791513000, calendar: 2026-10-09T02:30:00Z }), last_response: None, rtt: None, ping_sent_at: None, last_attempt: Some(Instant { tv_sec: 892, tv_nsec: 585305174 }), last_failure: Some(Instant { tv_sec: 709, tv_nsec: 586376560 }), last_connection_state: AttemptPending, is_inbound: false, user_agent: None, negotiated_version: None }}: zebra_network::peer_set::initialize: failed to make outbound connection to peer error=RemoteNonceReuse candidate.addr=v4redacted:8233
Oct 09 02:46:38 runnervmmprz5 zebrad-v6.4.2[2931]: 2026-10-09T02:46:38.011637Z  INFO crawl_and_dial{new_peer_interval=61s}:dial{network=Testnet candidate=MetaAddr { addr: v4redacted:37696, services: Some(PeerServices(NODE_NETWORK)), untrusted_last_seen: None, last_response: Some(DateTime32 { timestamp: 1791513571, calendar: 2026-10-09T02:39:31Z }), rtt: None, ping_sent_at: None, last_attempt: Some(Instant { tv_sec: 892, tv_nsec: 585312858 }), last_failure: Some(Instant { tv_sec: 709, tv_nsec: 685849458 }), last_connection_state: AttemptPending, is_inbound: true, user_agent: Some("/Zakura:1.3.1/"), negotiated_version: Some(Version(170160)) }}: zebra_network::peer_set::initialize: failed to make outbound connection to peer error=Os { code: 111, kind: ConnectionRefused, message: "Connection refused" } candidate.addr=v4redacted:37696
Oct 09 02:46:43 runnervmmprz5 zebrad-v6.4.2[2931]: 2026-10-09T02:46:43.812213Z  INFO sync:try_to_sync: zebrad::components::sync: exhausted prospective tip set
Oct 09 02:46:43 runnervmmprz5 zebrad-v6.4.2[2931]: 2026-10-09T02:46:43.812251Z  INFO sync: zebrad::components::sync: waiting to restart sync timeout=67s state_tip=Some(Height(4382897))
Oct 09 02:46:45 runnervmmprz5 zebrad-v6.4.2[2931]: 2026-10-09T02:46:45.811816Z  INFO crawl_and_dial{new_peer_interval=61s}:crawl: zebra_network::peer_set::candidate_set::crawl: timeout waiting for peer service readiness or peer responses
Oct 09 02:47:28 runnervmmprz5 zebrad-v6.4.2[2931]: 2026-10-09T02:47:28.974635Z  INFO zebrad::components::sync::progress: initial sync is very slow, or estimated tip is wrong. Hint: check your network connection, and your computer clock and time zone sync_percent=99.583% current_height=Height(4382897) network_upgrade=Nu6_3 remaining_sync_blocks=18337 after_checkpoint_height=Height(4360395) time_since_last_state_block=10m
Oct 09 02:47:38 runnervmmprz5 zebrad-v6.4.2[2931]: 2026-10-09T02:47:38.809052Z  WARN crawl_and_dial{new_peer_interval=61s}:crawl: zebra_network::peer_set::set: network request with no peer connections. Hint: check your network connection address_metrics=AddressMetrics { responded: 0, never_attempted_gossiped: 0, failed: 3, attempt_pending: 0, recently_live: 0, recently_stopped_responding: 0, num_addresses: 3, address_limit: 5000 }
Oct 09 02:47:46 runnervmmprz5 zebrad-v6.4.2[2931]: 2026-10-09T02:47:46.810596Z  INFO crawl_and_dial{new_peer_interval=61s}:crawl: zebra_network::peer_set::candidate_set::crawl: timeout waiting for peer service readiness or peer responses
Oct 09 02:47:50 runnervmmprz5 zebrad-v6.4.2[2931]: 2026-10-09T02:47:50.813816Z  INFO sync:try_to_sync: zebrad::components::sync: starting sync, obtaining new tips state_tip=Some(Height(4382897))
Oct 09 02:48:28 runnervmmprz5 zebrad-v6.4.2[2931]: 2026-10-09T02:48:28.988344Z  INFO zebrad::components::sync::progress: initial sync is very slow, or estimated tip is wrong. Hint: check your network connection, and your computer clock and time zone sync_percent=99.583% current_height=Height(4382897) network_upgrade=Nu6_3 remaining_sync_blocks=18338 after_checkpoint_height=Height(4360395) time_since_last_state_block=11m
Oct 09 02:48:39 runnervmmprz5 zebrad-v6.4.2[2931]: 2026-10-09T02:48:39.809673Z  INFO crawl_and_dial{new_peer_interval=61s}: zebra_network::address_book: no active peer connections: trying gossiped addresses address_metrics=AddressMetrics { responded: 0, never_attempted_gossiped: 0, failed: 2, attempt_pending: 1, recently_live: 0, recently_stopped_responding: 0, num_addresses: 3, address_limit: 5000 }
Oct 09 02:48:39 runnervmmprz5 zebrad-v6.4.2[2931]: 2026-10-09T02:48:39.811078Z  INFO zebra_network::peer::handshake: rejecting self-connection attempt connected_addr=In("v4redacted:45480")
Oct 09 02:48:39 runnervmmprz5 zebrad-v6.4.2[2931]: 2026-10-09T02:48:39.811087Z  INFO zebra_network::peer::handshake: rejecting self-connection attempt connected_addr=Out("v4redacted:8233")
Oct 09 02:48:39 runnervmmprz5 zebrad-v6.4.2[2931]: 2026-10-09T02:48:39.811151Z  INFO crawl_and_dial{new_peer_interval=61s}:dial{network=Testnet candidate=MetaAddr { addr: v4redacted:8233, services: Some(PeerServices(NODE_NETWORK)), untrusted_last_seen: Some(DateTime32 { timestamp: 1791513000, calendar: 2026-10-09T02:30:00Z }), last_response: None, rtt: None, ping_sent_at: None, last_attempt: Some(Instant { tv_sec: 1014, tv_nsec: 585020112 }), last_failure: Some(Instant { tv_sec: 892, tv_nsec: 686736944 }), last_connection_state: AttemptPending, is_inbound: false, user_agent: None, negotiated_version: None }}: zebra_network::peer_set::initialize: failed to make outbound connection to peer error=RemoteNonceReuse candidate.addr=v4redacted:8233
Oct 09 02:48:39 runnervmmprz5 zebrad-v6.4.2[2931]: 2026-10-09T02:48:39.911513Z  INFO crawl_and_dial{new_peer_interval=61s}:dial{network=Testnet candidate=MetaAddr { addr: v4redacted:37696, services: Some(PeerServices(NODE_NETWORK)), untrusted_last_seen: None, last_response: Some(DateTime32 { timestamp: 1791513571, calendar: 2026-10-09T02:39:31Z }), rtt: None, ping_sent_at: None, last_attempt: Some(Instant { tv_sec: 1014, tv_nsec: 585094120 }), last_failure: Some(Instant { tv_sec: 892, tv_nsec: 787133715 }), last_connection_state: AttemptPending, is_inbound: true, user_agent: Some("/Zakura:1.3.1/"), negotiated_version: Some(Version(170160)) }}: zebra_network::peer_set::initialize: failed to make outbound connection to peer error=Os { code: 111, kind: ConnectionRefused, message: "Connection refused" } candidate.addr=v4redacted:37696
Oct 09 02:48:47 runnervmmprz5 zebrad-v6.4.2[2931]: 2026-10-09T02:48:47.810132Z  INFO crawl_and_dial{new_peer_interval=61s}:crawl: zebra_network::peer_set::candidate_set::crawl: timeout waiting for peer service readiness or peer responses
Oct 09 02:48:57 runnervmmprz5 zebrad-v6.4.2[2931]: 2026-10-09T02:48:57.814947Z  INFO sync:try_to_sync: zebrad::components::sync: temporary error obtaining tips: deadline has elapsed
Oct 09 02:48:57 runnervmmprz5 zebrad-v6.4.2[2931]: 2026-10-09T02:48:57.815014Z  INFO sync: zebrad::components::sync: waiting to restart sync timeout=67s state_tip=Some(Height(4382897))
Oct 09 02:49:09 runnervmmprz5 zebrad-v6.4.2[2931]: 2026-10-09T02:49:09.814696Z  INFO zebrad::components::mempool::crawler: mempool crawl timed out: Elapsed(())
Oct 09 02:49:29 runnervmmprz5 zebrad-v6.4.2[2931]: 2026-10-09T02:49:29.002256Z  INFO zebrad::components::sync::progress: initial sync is very slow, or estimated tip is wrong. Hint: check your network connection, and your computer clock and time zone sync_percent=99.583% current_height=Height(4382897) network_upgrade=Nu6_3 remaining_sync_blocks=18339 after_checkpoint_height=Height(4360395) time_since_last_state_block=12m
Oct 09 02:49:40 runnervmmprz5 zebrad-v6.4.2[2931]: 2026-10-09T02:49:40.809143Z  INFO crawl_and_dial{new_peer_interval=61s}: zebra_network::address_book: no active peer connections: trying gossiped addresses address_metrics=AddressMetrics { responded: 0, never_attempted_gossiped: 0, failed: 2, attempt_pending: 1, recently_live: 0, recently_stopped_responding: 0, num_addresses: 3, address_limit: 5000 }
Oct 09 02:49:48 runnervmmprz5 zebrad-v6.4.2[2931]: 2026-10-09T02:49:48.809959Z  INFO crawl_and_dial{new_peer_interval=61s}:crawl: zebra_network::peer_set::candidate_set::crawl: timeout waiting for peer service readiness or peer responses
Oct 09 02:50:04 runnervmmprz5 zebrad-v6.4.2[2931]: 2026-10-09T02:50:04.816616Z  INFO sync:try_to_sync: zebrad::components::sync: starting sync, obtaining new tips state_tip=Some(Height(4382897))
Oct 09 02:50:10 runnervmmprz5 zebrad-v6.4.2[2931]: 2026-10-09T02:50:10.819698Z  INFO sync:try_to_sync: zebrad::components::sync: exhausted prospective tip set
Oct 09 02:50:10 runnervmmprz5 zebrad-v6.4.2[2931]: 2026-10-09T02:50:10.819731Z  INFO sync: zebrad::components::sync: waiting to restart sync timeout=67s state_tip=Some(Height(4382897))
Oct 09 02:50:29 runnervmmprz5 zebrad-v6.4.2[2931]: 2026-10-09T02:50:29.015804Z  INFO zebrad::components::sync::progress: initial sync is very slow, or estimated tip is wrong. Hint: check your network connection, and your computer clock and time zone sync_percent=99.583% current_height=Height(4382897) network_upgrade=Nu6_3 remaining_sync_blocks=18339 after_checkpoint_height=Height(4360395) time_since_last_state_block=13m
Oct 09 02:50:43 runnervmmprz5 zebrad-v6.4.2[2931]: 2026-10-09T02:50:43.807145Z  WARN zebra_network::peer_set::set: network request with no peer connections. Hint: check your network connection address_metrics=AddressMetrics { responded: 1, never_attempted_gossiped: 0, failed: 2, attempt_pending: 0, recently_live: 1, recently_stopped_responding: 0, num_addresses: 3, address_limit: 5000 }
Oct 09 02:50:49 runnervmmprz5 zebrad-v6.4.2[2931]: 2026-10-09T02:50:49.810863Z  INFO crawl_and_dial{new_peer_interval=61s}:crawl: zebra_network::peer_set::candidate_set::crawl: timeout waiting for peer service readiness or peer responses
Oct 09 02:51:17 runnervmmprz5 zebrad-v6.4.2[2931]: 2026-10-09T02:51:17.821814Z  INFO sync:try_to_sync: zebrad::components::sync: starting sync, obtaining new tips state_tip=Some(Height(4382897))
Oct 09 02:51:29 runnervmmprz5 zebrad-v6.4.2[2931]: 2026-10-09T02:51:29.033635Z  INFO zebrad::components::sync::progress: initial sync is very slow, or estimated tip is wrong. Hint: check your network connection, and your computer clock and time zone sync_percent=99.583% current_height=Height(4382897) network_upgrade=Nu6_3 remaining_sync_blocks=18340 after_checkpoint_height=Height(4360395) time_since_last_state_block=14m
Oct 09 02:51:35 runnervmmprz5 zebrad-v6.4.2[2931]: 2026-10-09T02:51:35.817207Z  INFO zebrad::components::mempool::crawler: mempool crawl timed out: Elapsed(())
Oct 09 02:51:42 runnervmmprz5 zebrad-v6.4.2[2931]: 2026-10-09T02:51:42.809260Z  INFO crawl_and_dial{new_peer_interval=61s}: zebra_network::address_book: no active peer connections: trying gossiped addresses address_metrics=AddressMetrics { responded: 0, never_attempted_gossiped: 0, failed: 2, attempt_pending: 1, recently_live: 0, recently_stopped_responding: 0, num_addresses: 3, address_limit: 5000 }
Oct 09 02:51:42 runnervmmprz5 zebrad-v6.4.2[2931]: 2026-10-09T02:51:42.910856Z  INFO crawl_and_dial{new_peer_interval=61s}:dial{network=Testnet candidate=MetaAddr { addr: v4redacted:37696, services: Some(PeerServices(NODE_NETWORK)), untrusted_last_seen: None, last_response: Some(DateTime32 { timestamp: 1791513571, calendar: 2026-10-09T02:39:31Z }), rtt: None, ping_sent_at: None, last_attempt: Some(Instant { tv_sec: 1197, tv_nsec: 584697789 }), last_failure: Some(Instant { tv_sec: 1014, tv_nsec: 686950112 }), last_connection_state: AttemptPending, is_inbound: true, user_agent: Some("/Zakura:1.3.1/"), negotiated_version: Some(Version(170160)) }}: zebra_network::peer_set::initialize: failed to make outbound connection to peer error=Os { code: 111, kind: ConnectionRefused, message: "Connection refused" } candidate.addr=v4redacted:37696
Oct 09 02:51:43 runnervmmprz5 zebrad-v6.4.2[2931]: 2026-10-09T02:51:43.014488Z  INFO zebra_network::peer::handshake: rejecting self-connection attempt connected_addr=Out("v4redacted:8233")
Oct 09 02:51:43 runnervmmprz5 zebrad-v6.4.2[2931]: 2026-10-09T02:51:43.014485Z  INFO zebra_network::peer::handshake: rejecting self-connection attempt connected_addr=In("v4redacted:47090")
Oct 09 02:51:43 runnervmmprz5 zebrad-v6.4.2[2931]: 2026-10-09T02:51:43.014576Z  INFO crawl_and_dial{new_peer_interval=61s}:dial{network=Testnet candidate=MetaAddr { addr: v4redacted:8233, services: Some(PeerServices(NODE_NETWORK)), untrusted_last_seen: Some(DateTime32 { timestamp: 1791513000, calendar: 2026-10-09T02:30:00Z }), last_response: None, rtt: None, ping_sent_at: None, last_attempt: Some(Instant { tv_sec: 1197, tv_nsec: 584692659 }), last_failure: Some(Instant { tv_sec: 1014, tv_nsec: 586564704 }), last_connection_state: AttemptPending, is_inbound: false, user_agent: None, negotiated_version: None }}: zebra_network::peer_set::initialize: failed to make outbound connection to peer error=RemoteNonceReuse candidate.addr=v4redacted:8233
Oct 09 02:51:48 runnervmmprz5 zebrad-v6.4.2[2931]: 2026-10-09T02:51:48.813100Z  INFO sync:try_to_sync: zebrad::components::sync: exhausted prospective tip set
Oct 09 02:51:48 runnervmmprz5 zebrad-v6.4.2[2931]: 2026-10-09T02:51:48.813132Z  INFO sync: zebrad::components::sync: waiting to restart sync timeout=67s state_tip=Some(Height(4382897))
Oct 09 02:51:50 runnervmmprz5 zebrad-v6.4.2[2931]: 2026-10-09T02:51:50.810840Z  INFO crawl_and_dial{new_peer_interval=61s}:crawl: zebra_network::peer_set::candidate_set::crawl: timeout waiting for peer service readiness or peer responses
Oct 09 02:52:29 runnervmmprz5 zebrad-v6.4.2[2931]: 2026-10-09T02:52:29.050243Z  WARN zebrad::components::sync::progress: chain updates have stalled, state height has not increased for 15 minutes. Hint: check your network connection, and your computer clock and time zone sync_percent=99.583% current_height=Height(4382897) network_upgrade=Nu6_3 time_since_last_state_block=15m target_block_spacing=1m 15s max_block_spacing=7m 30s is_syncer_stopped=true
