1791661134.017800 runnervmmprz5 ztreamerd-v0.1.0[2998]: 2026-10-10T19:38:54.017250Z  INFO zakurad::components::metrics: Trying to open metrics endpoint at 127.0.0.1:9999...
1791661134.020659 runnervmmprz5 ztreamerd-v0.1.0[2998]: 2026-10-10T19:38:54.020536Z  INFO zakurad::components::metrics: Opened metrics endpoint at 127.0.0.1:9999
1791661134.025778 runnervmmprz5 ztreamerd-v0.1.0[2998]: 2026-10-10T19:38:54.025667Z  INFO ztreamerd: starting embedded Zakura network=Testnet
1791661134.026700 runnervmmprz5 ztreamerd-v0.1.0[2998]: 2026-10-10T19:38:54.026470Z  WARN zakurad::commands::start: TCP slow-start-after-idle is enabled, which resets TCP's congestion window between block requests and significantly reduces single-peer throughput for block propagation. Hint: set `net.ipv4.tcp_slow_start_after_idle=0` via sysctl. See https://zebra.zfnd.org/user/troubleshooting.html#linux-tcp-tuning-for-block-propagation setting="net.ipv4.tcp_slow_start_after_idle"
1791661134.026700 runnervmmprz5 ztreamerd-v0.1.0[2998]: 2026-10-10T19:38:54.026506Z  INFO zakurad::commands::start: initializing node state
1791661134.027275 runnervmmprz5 ztreamerd-v0.1.0[2998]: 2026-10-10T19:38:54.027245Z  INFO zakurad::commands::start: opening database, this may take a few minutes
1791661134.038344 runnervmmprz5 ztreamerd-v0.1.0[2998]: 2026-10-10T19:38:54.037585Z  INFO zakura_state::service::finalized_state::disk_format::upgrade: trying to open older database format: launching upgrade task running_version=28.1.5+indexer disk_version=28.0.0
1791661136.252888 runnervmmprz5 ztreamerd-v0.1.0[2998]: 2026-10-10T19:38:56.252845Z  INFO zakura_state::service::finalized_state::disk_db: Opened Zakura state cache at /zbench/zakura-v28/state/v28/testnet
1791661136.263138 runnervmmprz5 ztreamerd-v0.1.0[2998]: 2026-10-10T19:38:56.263105Z  INFO zakura_state::service::finalized_state::disk_format::upgrade: Zakura automatically upgraded the database format newer_running_version=Version { major: 28, minor: 0, patch: 1 }
1791661136.268451 runnervmmprz5 ztreamerd-v0.1.0[2998]: 2026-10-10T19:38:56.268426Z  INFO zakura_state::service::finalized_state::disk_format::upgrade: marked database format as upgraded running_version=28.1.5+indexer disk_version=28.0.0 format_upgrade_version=28.0.1
1791661136.268567 runnervmmprz5 ztreamerd-v0.1.0[2998]: 2026-10-10T19:38:56.268547Z  INFO zakura_state::service::finalized_state::disk_format::upgrade: Zakura automatically upgraded the database format newer_running_version=Version { major: 28, minor: 0, patch: 2 }
1791661136.270031 runnervmmprz5 ztreamerd-v0.1.0[2998]: 2026-10-10T19:38:56.269614Z  INFO zakura_state::service::finalized_state::disk_format::upgrade: marked database format as upgraded running_version=28.1.5+indexer disk_version=28.0.1 format_upgrade_version=28.0.2
1791661136.270031 runnervmmprz5 ztreamerd-v0.1.0[2998]: 2026-10-10T19:38:56.269630Z  INFO zakura_state::service::finalized_state::disk_format::upgrade: Zakura automatically upgraded the database format newer_running_version=Version { major: 28, minor: 1, patch: 3 }
1791661136.271095 runnervmmprz5 ztreamerd-v0.1.0[2998]: 2026-10-10T19:38:56.271073Z  INFO zakura_state::service::finalized_state::disk_format::upgrade: marked database format as upgraded running_version=28.1.5+indexer disk_version=28.0.2 format_upgrade_version=28.1.3
1791661136.271312 runnervmmprz5 ztreamerd-v0.1.0[2998]: 2026-10-10T19:38:56.271290Z  INFO zakura_state::service::finalized_state::disk_format::upgrade: Zakura automatically upgraded the database format newer_running_version=Version { major: 28, minor: 1, patch: 4 }
1791661136.272125 runnervmmprz5 ztreamerd-v0.1.0[2998]: 2026-10-10T19:38:56.272103Z  INFO zakura_state::service::finalized_state::disk_format::upgrade: marked database format as upgraded running_version=28.1.5+indexer disk_version=28.1.3 format_upgrade_version=28.1.4
1791661136.272529 runnervmmprz5 ztreamerd-v0.1.0[2998]: 2026-10-10T19:38:56.272506Z  INFO zakura_state::service::finalized_state::disk_format::upgrade: Zakura automatically upgraded the database format newer_running_version=Version { major: 28, minor: 1, patch: 5 }
1791661136.273615 runnervmmprz5 ztreamerd-v0.1.0[2998]: 2026-10-10T19:38:56.273594Z  INFO zakura_state::service::finalized_state::disk_format::upgrade: marked database format as upgraded running_version=28.1.5+indexer disk_version=28.1.4 format_upgrade_version=28.1.5
1791661136.273812 runnervmmprz5 ztreamerd-v0.1.0[2998]: 2026-10-10T19:38:56.273792Z  INFO zakura_state::service::finalized_state::disk_format::upgrade: database is fully upgraded newer_running_version=28.1.5+indexer older_disk_version=28.0.0
1791661136.274588 runnervmmprz5 ztreamerd-v0.1.0[2998]: 2026-10-10T19:38:56.274568Z  INFO zakura_state::service::finalized_state::disk_format::upgrade: started checking/adding indexes for spending tx ids
1791661243.409866 runnervmmprz5 ztreamerd-v0.1.0[2998]: 2026-10-10T19:40:43.409825Z  INFO zakura_state::service::finalized_state::disk_format::upgrade: finished checking/adding indexes for spending tx ids
1791661247.755239 runnervmmprz5 ztreamerd-v0.1.0[2998]: 2026-10-10T19:40:47.755181Z  INFO zakura_state::service::finalized_state::disk_format::upgrade: database format is valid running_version=28.1.5+indexer initial_disk_version=28.0.0
1791661247.755692 runnervmmprz5 ztreamerd-v0.1.0[2998]: 2026-10-10T19:40:47.755487Z  INFO zakura_state::service: historical tree derivation is idle: this network has no embedded historical frontier artifact
1791661247.755692 runnervmmprz5 ztreamerd-v0.1.0[2998]: 2026-10-10T19:40:47.755552Z  INFO zakura_state::service::non_finalized_state: restoring non-finalized blocks from backup and spawning backup task backup_dir_path="/zbench/zakura-v28/non_finalized_state/testnet"
1791661247.755845 runnervmmprz5 ztreamerd-v0.1.0[2998]: 2026-10-10T19:40:47.755831Z  INFO zakura_state::service: loaded Zakura state cache chain_tip=Some((block::Hash("00005894e6410b9d9524e38d725e6595ef4c8f85d4deb9e56b340751b0c3d678"), Height(4382897)))
1791661247.756137 runnervmmprz5 ztreamerd-v0.1.0[2998]: 2026-10-10T19:40:47.756109Z  INFO zakura_state::service: starting legacy chain check
1791661247.756393 runnervmmprz5 ztreamerd-v0.1.0[2998]: 2026-10-10T19:40:47.756367Z  INFO zakura_state::service: cached state consensus branch is valid: no legacy chain found
1791661247.756521 runnervmmprz5 ztreamerd-v0.1.0[2998]: 2026-10-10T19:40:47.756498Z  INFO zakurad::commands::start: logging database metrics on startup
1791661247.760785 runnervmmprz5 ztreamerd-v0.1.0[2998]: 2026-10-10T19:40:47.759203Z  INFO zakura_state::service::write: header runtime lifecycle changed status=Reconstructing { epoch: LifecycleEpoch(1), progress: HeaderReconstructionProgress { stage: StartupAudit, completed: 0, total: None, target: None, last_committed: None } }
1791661247.760785 runnervmmprz5 ztreamerd-v0.1.0[2998]: 2026-10-10T19:40:47.759667Z  INFO zakura_state::service::finalized_state::disk_db: Total Database Disk Size: 12.6 GB
1791661247.760785 runnervmmprz5 ztreamerd-v0.1.0[2998]: 2026-10-10T19:40:47.759678Z  INFO zakura_state::service::finalized_state::disk_db: Total Live Data Disk Size: 12.6 GB
1791661247.760785 runnervmmprz5 ztreamerd-v0.1.0[2998]: 2026-10-10T19:40:47.759683Z  INFO zakura_state::service::finalized_state::disk_db: Total Database Memory Size: 100.5 MB
1791661247.760785 runnervmmprz5 ztreamerd-v0.1.0[2998]: 2026-10-10T19:40:47.759731Z  INFO zakurad::commands::start::zakura::coordinator: sync apply lifecycle changed apply_phase="legacy_bootstrap" apply_epoch=0
1791661249.757003 runnervmmprz5 ztreamerd-v0.1.0[2998]: 2026-10-10T19:40:49.756951Z  INFO zakurad::commands::start: initializing network
1791661249.757469 runnervmmprz5 ztreamerd-v0.1.0[2998]: 2026-10-10T19:40:49.757072Z  INFO open_listener{addr=0.0.0.0:8243}: zakura_network::peer_set::initialize: Trying to open Zcash protocol endpoint at 0.0.0.0:8243...
1791661249.757469 runnervmmprz5 ztreamerd-v0.1.0[2998]: 2026-10-10T19:40:49.757114Z  INFO open_listener{addr=0.0.0.0:8243}: zakura_network::peer_set::initialize: Opened Zcash protocol endpoint at 0.0.0.0:8243
1791661249.757469 runnervmmprz5 ztreamerd-v0.1.0[2998]: 2026-10-10T19:40:49.757353Z  INFO zakura_state::service::write: header runtime lifecycle changed status=Ready { epoch: LifecycleEpoch(1) }
1791661249.758063 runnervmmprz5 ztreamerd-v0.1.0[2998]: 2026-10-10T19:40:49.758020Z  INFO zakura_network::config: persisted a new Zakura node secret key path="/root/.zakura/testnet.zakura-iroh-secret-key"
1791661249.764683 runnervmmprz5 ztreamerd-v0.1.0[2998]: 2026-10-10T19:40:49.764635Z  INFO zakura_network::address_book_updater: starting the address book updater
1791661249.764918 runnervmmprz5 ztreamerd-v0.1.0[2998]: 2026-10-10T19:40:49.764888Z  INFO zakura_network::zakura::handler: Zakura P2P endpoint ready; advertise <node_id>@<direct_addr> as a bootstrap peer node_id=c04164f2ea9ef594705a88164797f05f8651ae2422395de66c30c45d78ef5f06 direct_addresses=["10.1.0.99:8234", "172.17.0.1:8234"]
1791661249.765066 runnervmmprz5 ztreamerd-v0.1.0[2998]: 2026-10-10T19:40:49.765037Z  INFO connect{me=c04164f2ea alpn="p2p-v2/1" remote=57ad39fad4}:add_node_addr:add_node_addr{node=57ad39fad4}: iroh::magicsock::node_map: inserting new node in NodeMap node=57ad39fad4 relay_url=None source=app
1791661249.765459 runnervmmprz5 ztreamerd-v0.1.0[2998]: 2026-10-10T19:40:49.765430Z  INFO connect{me=c04164f2ea alpn="p2p-v2/1" remote=57ad39fad4}:prepare_send:get_send_addrs{node=57ad39fad4}: iroh::magicsock::node_map::node_state: new connection type typ=direct(167.99.103.111:8234)
1791661249.765672 runnervmmprz5 ztreamerd-v0.1.0[2998]: 2026-10-10T19:40:49.765645Z  INFO connect{me=c04164f2ea alpn="p2p-v2/1" remote=2bbb907b5d}:add_node_addr:add_node_addr{node=2bbb907b5d}: iroh::magicsock::node_map: inserting new node in NodeMap node=2bbb907b5d relay_url=None source=app
1791661249.765952 runnervmmprz5 ztreamerd-v0.1.0[2998]: 2026-10-10T19:40:49.765930Z  INFO connect{me=c04164f2ea alpn="p2p-v2/1" remote=2bbb907b5d}:prepare_send:get_send_addrs{node=2bbb907b5d}: iroh::magicsock::node_map::node_state: new connection type typ=direct(164.92.209.78:8234)
1791661249.766428 runnervmmprz5 ztreamerd-v0.1.0[2998]: 2026-10-10T19:40:49.766397Z  INFO connect{me=c04164f2ea alpn="p2p-v2/1" remote=50999835f4}:add_node_addr:add_node_addr{node=50999835f4}: iroh::magicsock::node_map: inserting new node in NodeMap node=50999835f4 relay_url=None source=app
1791661249.766653 runnervmmprz5 ztreamerd-v0.1.0[2998]: 2026-10-10T19:40:49.766626Z  INFO connect{me=c04164f2ea alpn="p2p-v2/1" remote=50999835f4}:prepare_send:get_send_addrs{node=50999835f4}: iroh::magicsock::node_map::node_state: new connection type typ=direct(206.189.148.0:8234)
1791661249.767167 runnervmmprz5 ztreamerd-v0.1.0[2998]: 2026-10-10T19:40:49.767144Z  INFO add_initial_peers: zakura_network::config: resolved seed peer IP addresses seed="127.0.0.1:8233" remote_ip_count=1
1791661249.767484 runnervmmprz5 ztreamerd-v0.1.0[2998]: 2026-10-10T19:40:49.767466Z  INFO add_initial_peers: zakura_network::peer_set::initialize: connecting to initial peer set ipv4_peer_count=1 ipv6_peer_count=0
1791661249.769365 runnervmmprz5 ztreamerd-v0.1.0[2998]: 2026-10-10T19:40:49.769342Z  INFO add_initial_peers: zakura_network::peer_set::initialize: finished connecting to initial seed and disk cache peers handshake_success_total=1 handshake_error_total=0 outbound_connections=1
1791661249.769532 runnervmmprz5 ztreamerd-v0.1.0[2998]: 2026-10-10T19:40:49.769503Z  INFO zakura_network::peer_set::initialize: sending initial request for peers active_initial_peer_count=1
1791661249.770312 runnervmmprz5 ztreamerd-v0.1.0[2998]: 2026-10-10T19:40:49.770296Z  INFO zakurad::commands::start: initializing verifiers
1791661249.770490 runnervmmprz5 ztreamerd-v0.1.0[2998]: 2026-10-10T19:40:49.770371Z  INFO crawl_and_dial{new_peer_interval=61s}: zakura_network::peer_set::initialize: starting the peer address crawler crawl_new_peer_interval=61s outbound_connections=1
1791661249.770825 runnervmmprz5 ztreamerd-v0.1.0[2998]: 2026-10-10T19:40:49.770513Z  INFO init_with_transaction_state{config=Config { checkpoint_sync: true, vct_fast_sync: None } network=Testnet}: zakura_consensus::router: starting state checkpoint validation
1791661249.771211 runnervmmprz5 ztreamerd-v0.1.0[2998]: 2026-10-10T19:40:49.771189Z  INFO crawl_and_dial{new_peer_interval=61s}: zakura_network::peer_set::initialize: timer-based crawl finished active_outbound_connections=13 peerset_target_size=100 outbound_connection_limit=150 remaining_replenishment_demand=67
1791661249.771404 runnervmmprz5 ztreamerd-v0.1.0[2998]: 2026-10-10T19:40:49.771380Z  INFO init_with_transaction_state{config=Config { checkpoint_sync: true, vct_fast_sync: None } network=Testnet}: zakura_consensus::router: initializing block verifier router tip=Some((Height(4382897), block::Hash("00005894e6410b9d9524e38d725e6595ef4c8f85d4deb9e56b340751b0c3d678"))) max_checkpoint_height=Height(4023200)
1791661249.771988 runnervmmprz5 ztreamerd-v0.1.0[2998]: 2026-10-10T19:40:49.771971Z  INFO zakurad::commands::start: initializing syncer
1791661249.772279 runnervmmprz5 ztreamerd-v0.1.0[2998]: 2026-10-10T19:40:49.772102Z  INFO zakurad::commands::start: initializing mempool
1791661249.772279 runnervmmprz5 ztreamerd-v0.1.0[2998]: 2026-10-10T19:40:49.772127Z  INFO zakurad::commands::start: fully initializing inbound peer request handler
1791661249.772739 runnervmmprz5 ztreamerd-v0.1.0[2998]: 2026-10-10T19:40:49.772722Z  INFO zakura_rpc::server::cookie: RPC auth cookie written to disk
1791661249.772874 runnervmmprz5 ztreamerd-v0.1.0[2998]: 2026-10-10T19:40:49.772858Z  INFO zakura_rpc::server: Opened RPC endpoint at 127.0.0.1:8242
1791661249.772967 runnervmmprz5 ztreamerd-v0.1.0[2998]: 2026-10-10T19:40:49.772951Z  WARN zakurad::commands::start: configure an indexer_listen_addr to start the indexer RPC server
1791661249.773120 runnervmmprz5 ztreamerd-v0.1.0[2998]: 2026-10-10T19:40:49.773069Z  INFO zakurad::commands::start: spawning block gossip task
1791661249.773120 runnervmmprz5 ztreamerd-v0.1.0[2998]: 2026-10-10T19:40:49.773094Z  INFO zakurad::commands::start: spawning mempool queue checker task
1791661249.773120 runnervmmprz5 ztreamerd-v0.1.0[2998]: 2026-10-10T19:40:49.773101Z  INFO zakurad::commands::start: spawning mempool transaction gossip task
1791661249.773120 runnervmmprz5 ztreamerd-v0.1.0[2998]: 2026-10-10T19:40:49.773102Z  INFO zakurad::components::sync::gossip: initializing block gossip task
1791661249.773120 runnervmmprz5 ztreamerd-v0.1.0[2998]: 2026-10-10T19:40:49.773107Z  INFO zakurad::commands::start: spawning delete old databases task
1791661249.773120 runnervmmprz5 ztreamerd-v0.1.0[2998]: 2026-10-10T19:40:49.773115Z  INFO zakurad::components::mempool::queue_checker: initializing mempool queue checker task
1791661249.773120 runnervmmprz5 ztreamerd-v0.1.0[2998]: 2026-10-10T19:40:49.773121Z  INFO zakurad::components::mempool::gossip: initializing transaction gossip task
1791661249.773549 runnervmmprz5 ztreamerd-v0.1.0[2998]: 2026-10-10T19:40:49.773423Z  INFO zakurad::commands::start: spawning progress logging task
1791661249.773549 runnervmmprz5 ztreamerd-v0.1.0[2998]: 2026-10-10T19:40:49.773440Z  INFO zakura_state::config: checking for old database versions db_kind="state"
1791661249.773549 runnervmmprz5 ztreamerd-v0.1.0[2998]: 2026-10-10T19:40:49.773493Z  INFO zakura_state::config: finished old database version cleanup task
1791661249.773662 runnervmmprz5 ztreamerd-v0.1.0[2998]: 2026-10-10T19:40:49.773557Z  INFO zakurad::commands::start: initializing health endpoints
1791661249.773662 runnervmmprz5 ztreamerd-v0.1.0[2998]: 2026-10-10T19:40:49.773566Z  INFO zakurad::commands::start: spawning end of support checking task
1791661249.773662 runnervmmprz5 ztreamerd-v0.1.0[2998]: 2026-10-10T19:40:49.773580Z  INFO zakurad::commands::start: spawning mempool crawler task
1791661249.773662 runnervmmprz5 ztreamerd-v0.1.0[2998]: 2026-10-10T19:40:49.773587Z  INFO zakurad::commands::start: spawning syncer task
1791661249.773662 runnervmmprz5 ztreamerd-v0.1.0[2998]: 2026-10-10T19:40:49.773591Z  INFO zakurad::commands::start: legacy-compatible genesis fetch will complete before Zakura block sync takes ownership at height 1
1791661249.773662 runnervmmprz5 ztreamerd-v0.1.0[2998]: 2026-10-10T19:40:49.773606Z  INFO zakurad::commands::start: spawned initial Zakura tasks
1791661249.773662 runnervmmprz5 ztreamerd-v0.1.0[2998]: 2026-10-10T19:40:49.773623Z  INFO ztreamerd: waiting for Zakura to sync near the chain tip
1791661249.773662 runnervmmprz5 ztreamerd-v0.1.0[2998]: 2026-10-10T19:40:49.773647Z  INFO zakurad::components::sync::end_of_support: Starting end of support task
1791661249.773662 runnervmmprz5 ztreamerd-v0.1.0[2998]: 2026-10-10T19:40:49.773656Z  INFO zakurad::components::mempool::crawler: initializing mempool crawler task
1791661249.774014 runnervmmprz5 ztreamerd-v0.1.0[2998]: 2026-10-10T19:40:49.773719Z  INFO bootstrap_genesis_then_pause{legacy_fallback=true}: zakurad::commands::start::zakura::coordinator: sync apply lifecycle changed apply_phase="native" apply_epoch=1
1791661249.774014 runnervmmprz5 ztreamerd-v0.1.0[2998]: 2026-10-10T19:40:49.773731Z  INFO bootstrap_genesis_then_pause{legacy_fallback=true}: zakurad::components::sync: Zakura block sync replacement completed genesis bootstrap; monitoring for Zakura body-sync progress
1791661250.463811 runnervmmprz5 ztreamerd-v0.1.0[2998]: 2026-10-10T19:40:50.463761Z  INFO init_with_transaction_state{config=Config { checkpoint_sync: true, vct_fast_sync: None } network=Testnet}: zakura_consensus::router: finished state checkpoint validation
1791661254.773870 runnervmmprz5 ztreamerd-v0.1.0[2998]: 2026-10-10T19:40:54.773828Z  WARN zakurad::components::sync::progress: chain tip metrics channel closed err=SendError { .. }
1791661259.775695 runnervmmprz5 ztreamerd-v0.1.0[2998]: 2026-10-10T19:40:59.775640Z  INFO zakurad::components::sync::end_of_support: Release always valid in Testnet
1791661259.776467 runnervmmprz5 ztreamerd-v0.1.0[2998]: 2026-10-10T19:40:59.775958Z  INFO zakurad::components::sync::gossip: height=Height(4382897) request=AdvertiseBlock(block::Hash("00005894e6410b9d9524e38d725e6595ef4c8f85d4deb9e56b340751b0c3d678"), None) log_msg="sending committed block broadcast"
1791661259.776467 runnervmmprz5 ztreamerd-v0.1.0[2998]: 2026-10-10T19:40:59.776026Z  INFO ztreamerd: Zakura is near the chain tip tip=Some((Height(4382897), block::Hash("00005894e6410b9d9524e38d725e6595ef4c8f85d4deb9e56b340751b0c3d678")))
1791661259.776467 runnervmmprz5 ztreamerd-v0.1.0[2998]: 2026-10-10T19:40:59.776228Z  INFO ztreamerd: syncing historical compact index
1791661264.776806 runnervmmprz5 ztreamerd-v0.1.0[2998]: 2026-10-10T19:41:04.776767Z  INFO zakurad::components::mempool: activating mempool: Zakura is close to the tip tip_height=Height(4382897)
1791661285.780157 runnervmmprz5 ztreamerd-v0.1.0[2998]: 2026-10-10T19:41:25.780110Z  INFO bootstrap_genesis_then_pause{legacy_fallback=true}: zakurad::components::sync: Zakura watchdog probed legacy peers for connected blocks ahead verified_tip=Some(Height(4382897)) blocks_ahead=None
1791661295.784138 runnervmmprz5 ztreamerd-v0.1.0[2998]: 2026-10-10T19:41:35.784033Z  INFO zakura_network::peer_set::set: dropping stalled peer: exceeded FindBlocks/FindHeaders stall threshold peer=v4redacted:8233
1791661301.786240 runnervmmprz5 ztreamerd-v0.1.0[2998]: 2026-10-10T19:41:41.786183Z  INFO bootstrap_genesis_then_pause{legacy_fallback=true}: zakurad::components::sync: Zakura watchdog probed legacy peers for connected blocks ahead verified_tip=Some(Height(4382897)) blocks_ahead=None
1791661303.785487 runnervmmprz5 ztreamerd-v0.1.0[2998]: 2026-10-10T19:41:43.785429Z  INFO crawl_and_dial{new_peer_interval=61s}:crawl: zakura_network::peer_set::candidate_set: timeout waiting for peer service readiness or peer responses
1791661309.787158 runnervmmprz5 ztreamerd-v0.1.0[2998]: 2026-10-10T19:41:49.787098Z  INFO zakurad::components::sync::progress: initial sync is very slow, or estimated tip is wrong. Hint: check your network connection, and your computer clock and time zone sync_percent=99.539% current_height=Height(4382897) network_upgrade=Nu6_3 remaining_sync_blocks=20301 after_checkpoint_height=Height(4024210) time_since_last_state_block=1m
1791661310.771368 runnervmmprz5 ztreamerd-v0.1.0[2998]: 2026-10-10T19:41:50.771313Z  INFO crawl_and_dial{new_peer_interval=61s}: zakura_network::peer_set::initialize: timer-based crawl finished active_outbound_connections=0 peerset_target_size=100 outbound_connection_limit=150 remaining_replenishment_demand=80
1791661317.788502 runnervmmprz5 ztreamerd-v0.1.0[2998]: 2026-10-10T19:41:57.788438Z  INFO bootstrap_genesis_then_pause{legacy_fallback=true}: zakurad::components::sync: Zakura watchdog probed legacy peers for connected blocks ahead verified_tip=Some(Height(4382897)) blocks_ahead=None
1791661333.790913 runnervmmprz5 ztreamerd-v0.1.0[2998]: 2026-10-10T19:42:13.790856Z  INFO bootstrap_genesis_then_pause{legacy_fallback=true}: zakurad::components::sync: Zakura watchdog probed legacy peers for connected blocks ahead verified_tip=Some(Height(4382897)) blocks_ahead=None
1791661345.186341 runnervmmprz5 ztreamerd-v0.1.0[2998]: 2026-10-10T19:42:25.186282Z  INFO ztreamer_indexer::pipeline: historical pipeline stage totals start_height=0 target_height=4382897 target_hash=00005894e6410b9d9524e38d725e6595ef4c8f85d4deb9e56b340751b0c3d678 fetch_read_seconds=150.252336917 fetch_header_read_seconds=97.721170229 fetch_transaction_read_seconds=50.287381072 fetch_txid_read_seconds=2.243785616 parse_seconds=2.232574696 worker_send_wait_seconds=107.365436002 processed_ranges=17121 processed_blocks=4382898 processed_bytes=10745242165 coordinator_receive_wait_seconds=81.104863261 batch_send_wait_seconds=0.000816969 write_seconds=53.948855574 write_batches=62 written_blocks=4382898
1791661345.186864 runnervmmprz5 ztreamerd-v0.1.0[2998]: 2026-10-10T19:42:25.186497Z  INFO ztreamerd: historical compact index complete height=4382897 elapsed_seconds=85.410257104
1791661345.186864 runnervmmprz5 ztreamerd-v0.1.0[2998]: 2026-10-10T19:42:25.186779Z  INFO ztreamerd: serving CompactTxStreamer gRPC address=127.0.0.1:9067 tls=false
1791661349.830484 runnervmmprz5 ztreamerd-v0.1.0[2998]: 2026-10-10T19:42:29.830433Z  INFO bootstrap_genesis_then_pause{legacy_fallback=true}: zakurad::components::sync: Zakura watchdog probed legacy peers for connected blocks ahead verified_tip=Some(Height(4382897)) blocks_ahead=None
1791661365.832100 runnervmmprz5 ztreamerd-v0.1.0[2998]: 2026-10-10T19:42:45.831992Z  INFO bootstrap_genesis_then_pause{legacy_fallback=true}: zakurad::components::sync: Zakura watchdog probed legacy peers for connected blocks ahead verified_tip=Some(Height(4382897)) blocks_ahead=None
1791661369.800391 runnervmmprz5 ztreamerd-v0.1.0[2998]: 2026-10-10T19:42:49.800347Z  INFO zakurad::components::sync::progress: initial sync is very slow, or estimated tip is wrong. Hint: check your network connection, and your computer clock and time zone sync_percent=99.539% current_height=Height(4382897) network_upgrade=Nu6_3 remaining_sync_blocks=20301 after_checkpoint_height=Height(4024210) time_since_last_state_block=2m
1791661379.772633 runnervmmprz5 ztreamerd-v0.1.0[2998]: 2026-10-10T19:42:59.772558Z  INFO crawl_and_dial{new_peer_interval=61s}:crawl: zakura_network::peer_set::candidate_set: timeout waiting for peer service readiness or peer responses
1791661379.772633 runnervmmprz5 ztreamerd-v0.1.0[2998]: 2026-10-10T19:42:59.772601Z  INFO crawl_and_dial{new_peer_interval=61s}: zakura_network::peer_set::initialize: timer-based crawl finished active_outbound_connections=0 peerset_target_size=100 outbound_connection_limit=150 remaining_replenishment_demand=80
1791661379.773157 runnervmmprz5 ztreamerd-v0.1.0[2998]: 2026-10-10T19:42:59.772699Z  INFO crawl_and_dial{new_peer_interval=61s}: zakura_network::address_book: no active peer connections: trying gossiped addresses address_metrics=AddressMetrics { responded: 0, never_attempted_gossiped: 0, failed: 0, attempt_pending: 1, recently_live: 0, recently_stopped_responding: 0, num_addresses: 1, address_limit: 5000 }
1791661381.834974 runnervmmprz5 ztreamerd-v0.1.0[2998]: 2026-10-10T19:43:01.834908Z  INFO bootstrap_genesis_then_pause{legacy_fallback=true}: zakurad::components::sync: Zakura watchdog probed legacy peers for connected blocks ahead verified_tip=Some(Height(4382897)) blocks_ahead=None
1791661397.838026 runnervmmprz5 ztreamerd-v0.1.0[2998]: 2026-10-10T19:43:17.837962Z  INFO bootstrap_genesis_then_pause{legacy_fallback=true}: zakurad::components::sync: Zakura watchdog probed legacy peers for connected blocks ahead verified_tip=Some(Height(4382897)) blocks_ahead=None
1791661407.839482 runnervmmprz5 ztreamerd-v0.1.0[2998]: 2026-10-10T19:43:27.839431Z  INFO zakura_network::peer_set::set: dropping stalled peer: exceeded FindBlocks/FindHeaders stall threshold peer=v4redacted:8233
1791661413.840088 runnervmmprz5 ztreamerd-v0.1.0[2998]: 2026-10-10T19:43:33.840035Z  INFO bootstrap_genesis_then_pause{legacy_fallback=true}: zakurad::components::sync: Zakura watchdog probed legacy peers for connected blocks ahead verified_tip=Some(Height(4382897)) blocks_ahead=None
1791661429.814026 runnervmmprz5 ztreamerd-v0.1.0[2998]: 2026-10-10T19:43:49.813973Z  INFO zakurad::components::sync::progress: initial sync is very slow, or estimated tip is wrong. Hint: check your network connection, and your computer clock and time zone sync_percent=99.539% current_height=Height(4382897) network_upgrade=Nu6_3 remaining_sync_blocks=20302 after_checkpoint_height=Height(4024210) time_since_last_state_block=3m
1791661429.842192 runnervmmprz5 ztreamerd-v0.1.0[2998]: 2026-10-10T19:43:49.842152Z  INFO bootstrap_genesis_then_pause{legacy_fallback=true}: zakurad::components::sync: Zakura watchdog probed legacy peers for connected blocks ahead verified_tip=Some(Height(4382897)) blocks_ahead=None
1791661440.772400 runnervmmprz5 ztreamerd-v0.1.0[2998]: 2026-10-10T19:44:00.772322Z  INFO crawl_and_dial{new_peer_interval=61s}:crawl: zakura_network::peer_set::candidate_set: timeout waiting for peer service readiness or peer responses
1791661440.772400 runnervmmprz5 ztreamerd-v0.1.0[2998]: 2026-10-10T19:44:00.772365Z  INFO crawl_and_dial{new_peer_interval=61s}: zakura_network::peer_set::initialize: timer-based crawl finished active_outbound_connections=0 peerset_target_size=100 outbound_connection_limit=150 remaining_replenishment_demand=80
1791661445.845605 runnervmmprz5 ztreamerd-v0.1.0[2998]: 2026-10-10T19:44:05.845539Z  INFO bootstrap_genesis_then_pause{legacy_fallback=true}: zakurad::components::sync: Zakura watchdog probed legacy peers for connected blocks ahead verified_tip=Some(Height(4382897)) blocks_ahead=None
1791661461.847515 runnervmmprz5 ztreamerd-v0.1.0[2998]: 2026-10-10T19:44:21.847390Z  INFO bootstrap_genesis_then_pause{legacy_fallback=true}: zakurad::components::sync: Zakura watchdog probed legacy peers for connected blocks ahead verified_tip=Some(Height(4382897)) blocks_ahead=None
1791661470.656735 runnervmmprz5 ztreamerd-v0.1.0[2998]: 2026-10-10T19:44:30.656695Z  INFO ztreamerd::lifecycle: shutting down node and application
1791661470.656735 runnervmmprz5 ztreamerd-v0.1.0[2998]: 2026-10-10T19:44:30.656730Z  INFO zakurad::commands::start: exiting Zakura: asking other tasks to stop
1791661470.656890 runnervmmprz5 systemd[1]: Stopping zbench-ztreamer-v0.1.0.service - /opt/zbench/bin/ztreamerd-v0.1.0 --zakura-config /home/runner/work/zcash-indexer-bench/zcash-indexer-bench/runs/ztreamer-v0.1.0-r1-nodelay/index/zakura.toml --index-dir /zbench/index/ztreamer-v0.1.0 --grpc-listen 127.0.0.1:9067 --metrics-listen 127.0.0.1:9999...
1791661470.657686 runnervmmprz5 ztreamerd-v0.1.0[2998]: 2026-10-10T19:44:30.657658Z  INFO zakurad::commands::start: exiting Zakura: all tasks have been asked to stop, waiting for remaining tasks to finish
1791661470.681768 runnervmmprz5 ztreamerd-v0.1.0[2998]: 2026-10-10T19:44:30.681716Z  INFO zakura_state::service: dropping the state: logging database metrics
1791661470.682142 runnervmmprz5 ztreamerd-v0.1.0[2998]: 2026-10-10T19:44:30.681902Z  INFO zakura_network::address_book_updater: stopping address book updater error=Err(AllAddressBookUpdaterSendersClosed)
1791661470.682142 runnervmmprz5 ztreamerd-v0.1.0[2998]: 2026-10-10T19:44:30.682051Z  INFO zakura_state::service::finalized_state::disk_format::upgrade: checking new blocks were written in current database format running_version=28.1.5+indexer
1791661470.682142 runnervmmprz5 ztreamerd-v0.1.0[2998]: 2026-10-10T19:44:30.682064Z  INFO zakura_state::service::finalized_state::disk_format::upgrade: checking database format produced by new blocks in this instance is valid running_version=28.1.5+indexer
1791661470.685623 runnervmmprz5 ztreamerd-v0.1.0[2998]: 2026-10-10T19:44:30.685598Z  INFO zakura_state::service::finalized_state::disk_db: Total Database Disk Size: 12.4 GB
1791661470.685623 runnervmmprz5 ztreamerd-v0.1.0[2998]: 2026-10-10T19:44:30.685615Z  INFO zakura_state::service::finalized_state::disk_db: Total Live Data Disk Size: 12.4 GB
1791661470.685623 runnervmmprz5 ztreamerd-v0.1.0[2998]: 2026-10-10T19:44:30.685621Z  INFO zakura_state::service::finalized_state::disk_db: Total Database Memory Size: 102.6 MB
1791661470.685798 runnervmmprz5 ztreamerd-v0.1.0[2998]: 2026-10-10T19:44:30.685648Z  INFO zakura_state::service::finalized_state::disk_format::upgrade: checking new blocks were written in current database format running_version=28.1.5+indexer
1791661470.685798 runnervmmprz5 ztreamerd-v0.1.0[2998]: 2026-10-10T19:44:30.685654Z  INFO zakura_state::service::finalized_state::disk_format::upgrade: checking database format produced by new blocks in this instance is valid running_version=28.1.5+indexer
1791661474.772252 runnervmmprz5 ztreamerd-v0.1.0[2998]: 2026-10-10T19:44:34.772199Z  INFO zakura_state::service::finalized_state::disk_format::upgrade: database format is valid running_version=28.1.5+indexer initial_disk_version=28.1.5+indexer
1791661474.772252 runnervmmprz5 ztreamerd-v0.1.0[2998]: 2026-10-10T19:44:34.772230Z  INFO zakura_state::service::finalized_state::disk_db: forcing shutdown of a state database with multiple active instances path="/zbench/zakura-v28/state/v28/testnet"
1791661474.772252 runnervmmprz5 ztreamerd-v0.1.0[2998]: 2026-10-10T19:44:34.772199Z  INFO zakura_state::service::finalized_state::disk_format::upgrade: database format is valid running_version=28.1.5+indexer initial_disk_version=28.1.5+indexer
1791661474.772252 runnervmmprz5 ztreamerd-v0.1.0[2998]: 2026-10-10T19:44:34.772254Z  INFO zakura_state::service::finalized_state::disk_db: forcing shutdown of a state database with multiple active instances path="/zbench/zakura-v28/state/v28/testnet"
1791661474.773148 runnervmmprz5 ztreamerd-v0.1.0[2998]: 2026-10-10T19:44:34.773122Z  INFO zakura_state::service: waiting for the block write task to finish
1791661474.848526 runnervmmprz5 systemd[1]: zbench-ztreamer-v0.1.0.service: Deactivated successfully.
1791661474.848801 runnervmmprz5 systemd[1]: Stopped zbench-ztreamer-v0.1.0.service - /opt/zbench/bin/ztreamerd-v0.1.0 --zakura-config /home/runner/work/zcash-indexer-bench/zcash-indexer-bench/runs/ztreamer-v0.1.0-r1-nodelay/index/zakura.toml --index-dir /zbench/index/ztreamer-v0.1.0 --grpc-listen 127.0.0.1:9067 --metrics-listen 127.0.0.1:9999.
1791661474.849087 runnervmmprz5 systemd[1]: zbench-ztreamer-v0.1.0.service: Consumed 5min 36.144s CPU time, 11.1G memory peak, 0B memory swap peak, read 13.4G from disk, written 10.5G to disk.
