Oct 10 19:26:03 runnervmmprz5 systemd[1]: Started zebrad.service - /opt/zbench/bin/zebrad-v6.4.2 -c /etc/zbench/zebrad.toml start.
Oct 10 19:26:03 runnervmmprz5 zebrad-v6.4.2[2900]: Thank you for running a testnet zebrad 6.4.2 node!
Oct 10 19:26:03 runnervmmprz5 zebrad-v6.4.2[2900]: You're helping to strengthen the network and contributing to a social good :)
Oct 10 19:26:03 runnervmmprz5 zebrad-v6.4.2[2900]: 2026-10-10T19:26:03.315730Z  INFO zebrad::components::tracing::component: started tracing component filter="info" TRACING_STATIC_MAX_LEVEL=LevelFilter::INFO LOG_STATIC_MAX_LEVEL=Info
Oct 10 19:26:03 runnervmmprz5 zebrad-v6.4.2[2900]: 2026-10-10T19:26:03.318124Z  INFO zebrad::components::tracing::component: installed sentry tracing layer
Oct 10 19:26:03 runnervmmprz5 zebrad-v6.4.2[2900]: 2026-10-10T19:26:03.318135Z  INFO zebrad::components::tracing::component: set 'tracing.progress_bar ="summary"' in zebrad.toml to activate progress bars
Oct 10 19:26:03 runnervmmprz5 zebrad-v6.4.2[2900]: 2026-10-10T19:26:03.318138Z  INFO zebrad::application: Diagnostic metadata:
Oct 10 19:26:03 runnervmmprz5 zebrad-v6.4.2[2900]: version: 6.4.2
Oct 10 19:26:03 runnervmmprz5 zebrad-v6.4.2[2900]: Zcash network: Testnet
Oct 10 19:26:03 runnervmmprz5 zebrad-v6.4.2[2900]: running state version: 28.0.0+indexer
Oct 10 19:26:03 runnervmmprz5 zebrad-v6.4.2[2900]: initial disk state version: 28.0.0
Oct 10 19:26:03 runnervmmprz5 zebrad-v6.4.2[2900]: features: default,default_release_binaries,howudoin,indexer,indicatif,metrics_exporter_prometheus,opentelemetry,progress_bar,prometheus,release_max_level_info,sentry
Oct 10 19:26:03 runnervmmprz5 zebrad-v6.4.2[2900]: branch: HEAD
Oct 10 19:26:03 runnervmmprz5 zebrad-v6.4.2[2900]: git commit: e3eef2f
Oct 10 19:26:03 runnervmmprz5 zebrad-v6.4.2[2900]: commit timestamp: 2026-09-25T19:37:34.000000000Z
Oct 10 19:26:03 runnervmmprz5 zebrad-v6.4.2[2900]: target triple: x86_64-unknown-linux-gnu
Oct 10 19:26:03 runnervmmprz5 zebrad-v6.4.2[2900]: rust compiler: 1.91.0
Oct 10 19:26:03 runnervmmprz5 zebrad-v6.4.2[2900]: rust release date: 2025-10-28
Oct 10 19:26:03 runnervmmprz5 zebrad-v6.4.2[2900]: optimization level: 3
Oct 10 19:26:03 runnervmmprz5 zebrad-v6.4.2[2900]: debug checks: true
Oct 10 19:26:03 runnervmmprz5 zebrad-v6.4.2[2900]: 2026-10-10T19:26:03.318143Z  INFO zebrad::application: Using config file at: "/etc/zbench/zebrad.toml"
Oct 10 19:26:03 runnervmmprz5 zebrad-v6.4.2[2900]: 2026-10-10T19:26:03.318147Z  INFO zebrad::application: ZebradConfig { consensus: Config { checkpoint_sync: true }, metrics: Config { endpoint_addr: Some(127.0.0.1:9101) }, network: Config { listen_addr: 127.0.0.1:8233, external_addr: None, network: Testnet, initial_mainnet_peers: {}, initial_testnet_peers: {}, cache_dir: IsEnabled(false), peerset_initial_target_size: 25, crawl_new_peer_interval: 61s, max_connections_per_ip: 1 }, state: Config { cache_dir: "/zbench/zebra", ephemeral: false, should_backup_non_finalized_state: true, delete_old_database: true, debug_stop_at_height: None, debug_validity_check_interval: None, debug_skip_non_finalized_state_backup_task: false }, tracing: Config { inner: InnerConfig { use_color: false, force_use_color: false, filter: None, buffer_limit: 128000, endpoint_addr: None, flamegraph: None, progress_bar: None, log_file: None, use_journald: false, opentelemetry_endpoint: None, opentelemetry_service_name: None, opentelemetry_sample_percent: None } }, sync: Config { download_concurrency_limit: 50, checkpoint_verify_concurrency_limit: 1000, full_verify_concurrency_limit: 20, parallel_cpu_threads: 0 }, mempool: Config { tx_cost_limit: 80000000, eviction_memory_time: 3600s, debug_enable_at_height: None, max_datacarrier_bytes: Some(83) }, notify: Config { block_notify_command: None }, rpc: Config { listen_addr: Some(127.0.0.1:8232), indexer_listen_addr: Some(127.0.0.1:8230), lightwalletd_listen_addr: None, parallel_cpu_threads: 0, debug_force_finished_sync: false, cookie_dir: "/zbench/zebra-cookie", enable_cookie_auth: true, max_response_body_size: 52428800 }, mining: Config { miner_address: None, extra_coinbase_data: None, miner_memo: None, internal_miner: false }, health: Config { listen_addr: None, min_connected_peers: 1, ready_max_blocks_behind: 2, enforce_on_test_networks: false, ready_max_tip_age: 300s }, zcashd_compat: Config { enabled: false, manage_zcashd: false, zcashd_source: Path, zcashd_path: None, zcashd_datadir: None, zcashd_extra_args: [], p2p_connect_addr: None, block_gossip_peer_ips: [], startup_delay: 1s, restart_backoff: 2s, restart_backoff_max: 300s, restart_reset_after: 3600s, shutdown_grace_period: 300s } }
Oct 10 19:26:03 runnervmmprz5 zebrad-v6.4.2[2900]: 2026-10-10T19:26:03.319806Z  INFO {zebrad="e3eef2f" net="Test"}: zebrad::application: initialized rayon thread pool for CPU-bound tasks num_threads=4
Oct 10 19:26:03 runnervmmprz5 zebrad-v6.4.2[2900]: 2026-10-10T19:26:03.320710Z  INFO {zebrad="e3eef2f" net="Test"}: zebrad::components::metrics: Trying to open metrics endpoint at 127.0.0.1:9101...
Oct 10 19:26:03 runnervmmprz5 zebrad-v6.4.2[2900]: 2026-10-10T19:26:03.322264Z  INFO {zebrad="e3eef2f" net="Test"}: zebrad::components::metrics: Opened metrics endpoint at 127.0.0.1:9101
Oct 10 19:26:03 runnervmmprz5 zebrad-v6.4.2[2900]: 2026-10-10T19:26:03.323007Z  INFO zebrad::commands::start: Starting zebrad
Oct 10 19:26:03 runnervmmprz5 zebrad-v6.4.2[2900]: 2026-10-10T19:26:03.323869Z  WARN zebrad::commands::start: TCP slow-start-after-idle is enabled, which resets TCP's congestion window between block requests and significantly reduces single-peer throughput for block propagation. Hint: set `net.ipv4.tcp_slow_start_after_idle=0` via sysctl. See https://zebra.zfnd.org/user/troubleshooting.html#linux-tcp-tuning-for-block-propagation setting="net.ipv4.tcp_slow_start_after_idle"
Oct 10 19:26:03 runnervmmprz5 zebrad-v6.4.2[2900]: 2026-10-10T19:26:03.323903Z  INFO zebrad::commands::start: initializing node state
Oct 10 19:26:03 runnervmmprz5 zebrad-v6.4.2[2900]: 2026-10-10T19:26:03.324157Z  INFO zebrad::commands::start: opening database, this may take a few minutes
Oct 10 19:26:03 runnervmmprz5 zebrad-v6.4.2[2900]: 2026-10-10T19:26:03.326482Z  INFO zebra_state::service::finalized_state::disk_format::upgrade: trying to open current database format running_version=28.0.0+indexer
Oct 10 19:26:04 runnervmmprz5 zebrad-v6.4.2[2900]: 2026-10-10T19:26:04.431966Z  INFO zebra_state::service::finalized_state::disk_db: Opened Zebra state cache at /zbench/zebra/state/v28/testnet
Oct 10 19:26:04 runnervmmprz5 zebrad-v6.4.2[2900]: 2026-10-10T19:26:04.433586Z  INFO zebra_state::service::finalized_state::disk_format::upgrade: checking database format produced by a previous zebra instance is current and valid running_version=28.0.0+indexer
Oct 10 19:26:04 runnervmmprz5 zebrad-v6.4.2[2900]: 2026-10-10T19:26:04.433920Z  INFO zebra_state::service::finalized_state::disk_format::upgrade: started checking/adding indexes for spending tx ids
Oct 10 19:26:04 runnervmmprz5 zebrad-v6.4.2[2900]: 2026-10-10T19:26:04.438266Z  INFO zebra_state::service::non_finalized_state: restoring non-finalized blocks from backup and spawning backup task backup_dir_path="/zbench/zebra/non_finalized_state/testnet"
Oct 10 19:26:04 runnervmmprz5 zebrad-v6.4.2[2900]: 2026-10-10T19:26:04.439402Z  INFO zebra_state::service::non_finalized_state: no blocks were restored from the non-finalized backup cache
Oct 10 19:26:04 runnervmmprz5 zebrad-v6.4.2[2900]: 2026-10-10T19:26:04.439449Z  INFO zebra_state::service: loaded Zebra state cache chain_tip=Some((block::Hash("00005894e6410b9d9524e38d725e6595ef4c8f85d4deb9e56b340751b0c3d678"), Height(4382897)))
Oct 10 19:26:04 runnervmmprz5 zebrad-v6.4.2[2900]: 2026-10-10T19:26:04.441202Z  INFO zebra_state::service: starting legacy chain check
Oct 10 19:26:04 runnervmmprz5 zebrad-v6.4.2[2900]: 2026-10-10T19:26:04.441349Z  INFO zebra_state::service: cached state consensus branch is valid: no legacy chain found
Oct 10 19:26:04 runnervmmprz5 zebrad-v6.4.2[2900]: 2026-10-10T19:26:04.441371Z  INFO zebrad::commands::start: logging database metrics on startup
Oct 10 19:26:04 runnervmmprz5 zebrad-v6.4.2[2900]: 2026-10-10T19:26:04.444193Z  INFO zebra_state::service::finalized_state::disk_db: Total Database Disk Size: 12.6 GB
Oct 10 19:26:04 runnervmmprz5 zebrad-v6.4.2[2900]: 2026-10-10T19:26:04.444212Z  INFO zebra_state::service::finalized_state::disk_db: Total Live Data Disk Size: 12.6 GB
Oct 10 19:26:04 runnervmmprz5 zebrad-v6.4.2[2900]: 2026-10-10T19:26:04.444216Z  INFO zebra_state::service::finalized_state::disk_db: Total Database Memory Size: 61.4 KB
Oct 10 19:26:04 runnervmmprz5 zebrad-v6.4.2[2900]: 2026-10-10T19:26:04.444225Z  INFO zebrad::commands::start: initializing network
Oct 10 19:26:04 runnervmmprz5 zebrad-v6.4.2[2900]: 2026-10-10T19:26:04.444456Z  INFO open_listener{addr=127.0.0.1:8233}: zebra_network::peer_set::initialize: Trying to open Zcash protocol endpoint at 127.0.0.1:8233...
Oct 10 19:26:04 runnervmmprz5 zebrad-v6.4.2[2900]: 2026-10-10T19:26:04.444502Z  INFO open_listener{addr=127.0.0.1:8233}: zebra_network::peer_set::initialize: Opened Zcash protocol endpoint at 127.0.0.1:8233
Oct 10 19:26:04 runnervmmprz5 zebrad-v6.4.2[2900]: 2026-10-10T19:26:04.447614Z  INFO zebra_network::address_book_updater: starting the address book updater
Oct 10 19:26:04 runnervmmprz5 zebrad-v6.4.2[2900]: 2026-10-10T19:26:04.448227Z  WARN add_initial_peers: zebra_network::config: no initial peers in the network config. Hint: you must configure at least one peer IP or DNS seeder to run Zebra, give it some previously cached peer IP addresses on disk, or make sure Zebra's listener port gets inbound connections.
Oct 10 19:26:04 runnervmmprz5 zebrad-v6.4.2[2900]: 2026-10-10T19:26:04.448477Z  INFO add_initial_peers: zebra_network::peer_set::initialize: connecting to initial peer set ipv4_peer_count=0 ipv6_peer_count=0
Oct 10 19:26:04 runnervmmprz5 zebrad-v6.4.2[2900]: 2026-10-10T19:26:04.448496Z  INFO add_initial_peers: zebra_network::peer_set::initialize: finished connecting to initial seed and disk cache peers handshake_success_total=0 handshake_error_total=0 outbound_connections=0
Oct 10 19:26:04 runnervmmprz5 zebrad-v6.4.2[2900]: 2026-10-10T19:26:04.448537Z  INFO zebra_network::peer_set::initialize: sending initial request for peers active_initial_peer_count=0
Oct 10 19:26:04 runnervmmprz5 zebrad-v6.4.2[2900]: 2026-10-10T19:26:04.448553Z  INFO zebrad::commands::start: initializing verifiers
Oct 10 19:26:04 runnervmmprz5 zebrad-v6.4.2[2900]: 2026-10-10T19:26:04.448731Z  INFO crawl_and_dial{new_peer_interval=61s}: zebra_network::peer_set::initialize: starting the peer address crawler crawl_new_peer_interval=61s outbound_connections=0
Oct 10 19:26:04 runnervmmprz5 zebrad-v6.4.2[2900]: 2026-10-10T19:26:04.448915Z  INFO init{config=Config { checkpoint_sync: true } network=Testnet}: zebra_consensus::router: starting state checkpoint validation
Oct 10 19:26:04 runnervmmprz5 zebrad-v6.4.2[2900]: 2026-10-10T19:26:04.449941Z  INFO init{config=Config { checkpoint_sync: true } network=Testnet}: zebra_consensus::router: initializing block verifier router tip=Some((Height(4382897), block::Hash("00005894e6410b9d9524e38d725e6595ef4c8f85d4deb9e56b340751b0c3d678"))) max_checkpoint_height=Height(4359385)
Oct 10 19:26:04 runnervmmprz5 zebrad-v6.4.2[2900]: 2026-10-10T19:26:04.452363Z  INFO zebrad::commands::start: initializing syncer
Oct 10 19:26:04 runnervmmprz5 zebrad-v6.4.2[2900]: 2026-10-10T19:26:04.452577Z  INFO zebrad::commands::start: initializing mempool
Oct 10 19:26:04 runnervmmprz5 zebrad-v6.4.2[2900]: 2026-10-10T19:26:04.452738Z  INFO zebrad::commands::start: fully initializing inbound peer request handler
Oct 10 19:26:04 runnervmmprz5 zebrad-v6.4.2[2900]: 2026-10-10T19:26:04.455620Z  INFO zebra_rpc::server::cookie: RPC auth cookie written to disk
Oct 10 19:26:04 runnervmmprz5 zebrad-v6.4.2[2900]: 2026-10-10T19:26:04.455668Z  INFO zebra_rpc::server: Opened RPC endpoint at 127.0.0.1:8232
Oct 10 19:26:04 runnervmmprz5 zebrad-v6.4.2[2900]: 2026-10-10T19:26:04.455683Z  INFO zebrad::commands::start: spawning indexer RPC server
Oct 10 19:26:04 runnervmmprz5 zebrad-v6.4.2[2900]: 2026-10-10T19:26:04.460235Z  INFO init: zebra_rpc::indexer::server: Trying to open indexer RPC endpoint at 127.0.0.1:8230...
Oct 10 19:26:04 runnervmmprz5 zebrad-v6.4.2[2900]: 2026-10-10T19:26:04.460272Z  INFO init: zebra_rpc::indexer::server: Opened RPC endpoint at 127.0.0.1:8230
Oct 10 19:26:04 runnervmmprz5 zebrad-v6.4.2[2900]: 2026-10-10T19:26:04.460285Z  INFO zebrad::commands::start: spawning block gossip task
Oct 10 19:26:04 runnervmmprz5 zebrad-v6.4.2[2900]: 2026-10-10T19:26:04.460290Z  INFO zebrad::commands::start: spawning block notify task
Oct 10 19:26:04 runnervmmprz5 zebrad-v6.4.2[2900]: 2026-10-10T19:26:04.460293Z  INFO zebrad::commands::start: spawning mempool queue checker task
Oct 10 19:26:04 runnervmmprz5 zebrad-v6.4.2[2900]: 2026-10-10T19:26:04.460297Z  INFO zebrad::commands::start: spawning mempool transaction gossip task
Oct 10 19:26:04 runnervmmprz5 zebrad-v6.4.2[2900]: 2026-10-10T19:26:04.460300Z  INFO zebrad::commands::start: spawning delete old databases task
Oct 10 19:26:04 runnervmmprz5 zebrad-v6.4.2[2900]: 2026-10-10T19:26:04.460319Z  INFO zebrad::components::sync::gossip: initializing block gossip task
Oct 10 19:26:04 runnervmmprz5 zebrad-v6.4.2[2900]: 2026-10-10T19:26:04.460327Z  INFO zebrad::components::mempool::queue_checker: initializing mempool queue checker task
Oct 10 19:26:04 runnervmmprz5 zebrad-v6.4.2[2900]: 2026-10-10T19:26:04.460338Z  INFO zebrad::components::mempool::gossip: initializing transaction gossip task
Oct 10 19:26:04 runnervmmprz5 zebrad-v6.4.2[2900]: 2026-10-10T19:26:04.460377Z  INFO zebrad::commands::start: spawning progress logging task
Oct 10 19:26:04 runnervmmprz5 zebrad-v6.4.2[2900]: 2026-10-10T19:26:04.460384Z  INFO zebra_state::config: checking for old database versions db_kind="state"
Oct 10 19:26:04 runnervmmprz5 zebrad-v6.4.2[2900]: 2026-10-10T19:26:04.460390Z  INFO zebrad::commands::start: initializing health endpoints
Oct 10 19:26:04 runnervmmprz5 zebrad-v6.4.2[2900]: 2026-10-10T19:26:04.460394Z  INFO zebrad::commands::start: spawning end of support checking task
Oct 10 19:26:04 runnervmmprz5 zebrad-v6.4.2[2900]: 2026-10-10T19:26:04.460402Z  INFO zebrad::commands::start: spawning mempool crawler task
Oct 10 19:26:04 runnervmmprz5 zebrad-v6.4.2[2900]: 2026-10-10T19:26:04.460406Z  INFO zebrad::commands::start: spawning syncer task
Oct 10 19:26:04 runnervmmprz5 zebrad-v6.4.2[2900]: 2026-10-10T19:26:04.460411Z  INFO zebrad::commands::start: spawned initial Zebra tasks
Oct 10 19:26:04 runnervmmprz5 zebrad-v6.4.2[2900]: 2026-10-10T19:26:04.460430Z  INFO zebra_state::config: finished old database version cleanup task
Oct 10 19:26:04 runnervmmprz5 zebrad-v6.4.2[2900]: 2026-10-10T19:26:04.460521Z  INFO zebrad::components::sync::end_of_support: Starting end of support task
Oct 10 19:26:04 runnervmmprz5 zebrad-v6.4.2[2900]: 2026-10-10T19:26:04.460732Z  WARN zebrad::components::sync::progress: chain tip metrics channel closed err=SendError { .. }
Oct 10 19:26:04 runnervmmprz5 zebrad-v6.4.2[2900]: 2026-10-10T19:26:04.460759Z  INFO zebrad::components::mempool::crawler: initializing mempool crawler task
Oct 10 19:26:04 runnervmmprz5 zebrad-v6.4.2[2900]: 2026-10-10T19:26:04.461046Z  INFO sync:try_to_sync: zebrad::components::sync: starting sync, obtaining new tips state_tip=Some(Height(4382897))
Oct 10 19:26:05 runnervmmprz5 zebrad-v6.4.2[2900]: 2026-10-10T19:26:05.663274Z  INFO init{config=Config { checkpoint_sync: true } network=Testnet}: zebra_consensus::router: finished state checkpoint validation
Oct 10 19:26:10 runnervmmprz5 zebrad-v6.4.2[2900]: 2026-10-10T19:26:10.464883Z  INFO sync:try_to_sync: zebrad::components::sync: exhausted prospective tip set
Oct 10 19:26:10 runnervmmprz5 zebrad-v6.4.2[2900]: 2026-10-10T19:26:10.464915Z  INFO sync: zebrad::components::sync: waiting to restart sync timeout=67s state_tip=Some(Height(4382897))
Oct 10 19:26:11 runnervmmprz5 zebrad-v6.4.2[2900]: 2026-10-10T19:26:11.467850Z  INFO zebrad::components::sync::gossip: height=Height(4382897) request=AdvertiseBlock(block::Hash("00005894e6410b9d9524e38d725e6595ef4c8f85d4deb9e56b340751b0c3d678"), None) log_msg="sending committed block broadcast"
Oct 10 19:26:14 runnervmmprz5 zebrad-v6.4.2[2900]: 2026-10-10T19:26:14.461964Z  INFO zebrad::components::mempool: activating mempool: Zebra is close to the tip tip_height=Height(4382897)
Oct 10 19:26:14 runnervmmprz5 zebrad-v6.4.2[2900]: 2026-10-10T19:26:14.462023Z  INFO zebrad::components::sync::end_of_support: Release always valid in Testnet
Oct 10 19:27:04 runnervmmprz5 zebrad-v6.4.2[2900]: 2026-10-10T19:27:04.475334Z  INFO zebrad::components::sync::progress: initial sync is very slow, or estimated tip is wrong. Hint: check your network connection, and your computer clock and time zone sync_percent=99.539% current_height=Height(4382897) network_upgrade=Nu6_3 remaining_sync_blocks=20289 after_checkpoint_height=Height(4360395) time_since_last_state_block=1m
Oct 10 19:27:05 runnervmmprz5 zebrad-v6.4.2[2900]: 2026-10-10T19:27:05.449703Z  INFO crawl_and_dial{new_peer_interval=61s}:crawl: zebra_network::peer_set::candidate_set::crawl: timeout waiting for peer service readiness or peer responses
Oct 10 19:27:17 runnervmmprz5 zebrad-v6.4.2[2900]: 2026-10-10T19:27:17.466594Z  INFO sync:try_to_sync: zebrad::components::sync: starting sync, obtaining new tips state_tip=Some(Height(4382897))
Oct 10 19:27:23 runnervmmprz5 zebrad-v6.4.2[2900]: 2026-10-10T19:27:23.466494Z  INFO zebrad::components::mempool::crawler: mempool crawl timed out: Elapsed(())
Oct 10 19:28:02 runnervmmprz5 zebrad-v6.4.2[2900]: 2026-10-10T19:28:02.638811Z  INFO zebra_state::service::finalized_state::disk_format::upgrade: finished checking/adding indexes for spending tx ids
Oct 10 19:28:04 runnervmmprz5 zebrad-v6.4.2[2900]: 2026-10-10T19:28:04.486926Z  INFO zebrad::components::sync::progress: initial sync is very slow, or estimated tip is wrong. Hint: check your network connection, and your computer clock and time zone sync_percent=99.539% current_height=Height(4382897) network_upgrade=Nu6_3 remaining_sync_blocks=20290 after_checkpoint_height=Height(4360395) time_since_last_state_block=2m
Oct 10 19:28:06 runnervmmprz5 zebrad-v6.4.2[2900]: 2026-10-10T19:28:06.924495Z  INFO zebra_state::service::finalized_state::disk_format::upgrade: database format is valid running_version=28.0.0+indexer initial_disk_version=28.0.0+indexer
Oct 10 19:28:14 runnervmmprz5 zebrad-v6.4.2[2900]: 2026-10-10T19:28:14.451065Z  INFO crawl_and_dial{new_peer_interval=61s}:crawl: zebra_network::peer_set::candidate_set::crawl: timeout waiting for peer service readiness or peer responses
Oct 10 19:28:24 runnervmmprz5 zebrad-v6.4.2[2900]: 2026-10-10T19:28:24.467971Z  INFO sync:try_to_sync: zebrad::components::sync: temporary error obtaining tips: deadline has elapsed
Oct 10 19:28:24 runnervmmprz5 zebrad-v6.4.2[2900]: 2026-10-10T19:28:24.468024Z  INFO sync: zebrad::components::sync: waiting to restart sync timeout=67s state_tip=Some(Height(4382897))
Oct 10 19:29:04 runnervmmprz5 zebrad-v6.4.2[2900]: 2026-10-10T19:29:04.499674Z  INFO zebrad::components::sync::progress: initial sync is very slow, or estimated tip is wrong. Hint: check your network connection, and your computer clock and time zone sync_percent=99.539% current_height=Height(4382897) network_upgrade=Nu6_3 remaining_sync_blocks=20290 after_checkpoint_height=Height(4360395) time_since_last_state_block=3m
Oct 10 19:29:15 runnervmmprz5 zebrad-v6.4.2[2900]: 2026-10-10T19:29:15.450781Z  INFO crawl_and_dial{new_peer_interval=61s}:crawl: zebra_network::peer_set::candidate_set::crawl: timeout waiting for peer service readiness or peer responses
Oct 10 19:29:31 runnervmmprz5 zebrad-v6.4.2[2900]: 2026-10-10T19:29:31.469331Z  INFO sync:try_to_sync: zebrad::components::sync: starting sync, obtaining new tips state_tip=Some(Height(4382897))
Oct 10 19:29:49 runnervmmprz5 zebrad-v6.4.2[2900]: 2026-10-10T19:29:49.469555Z  INFO zebrad::components::mempool::crawler: mempool crawl timed out: Elapsed(())
Oct 10 19:30:04 runnervmmprz5 zebrad-v6.4.2[2900]: 2026-10-10T19:30:04.514199Z  INFO zebrad::components::sync::progress: initial sync is very slow, or estimated tip is wrong. Hint: check your network connection, and your computer clock and time zone sync_percent=99.539% current_height=Height(4382897) network_upgrade=Nu6_3 remaining_sync_blocks=20291 after_checkpoint_height=Height(4360395) time_since_last_state_block=4m
Oct 10 19:30:16 runnervmmprz5 zebrad-v6.4.2[2900]: 2026-10-10T19:30:16.451144Z  INFO crawl_and_dial{new_peer_interval=61s}:crawl: zebra_network::peer_set::candidate_set::crawl: timeout waiting for peer service readiness or peer responses
Oct 10 19:30:38 runnervmmprz5 zebrad-v6.4.2[2900]: 2026-10-10T19:30:38.470047Z  INFO sync:try_to_sync: zebrad::components::sync: temporary error obtaining tips: deadline has elapsed
Oct 10 19:30:38 runnervmmprz5 zebrad-v6.4.2[2900]: 2026-10-10T19:30:38.470669Z  INFO sync: zebrad::components::sync: waiting to restart sync timeout=67s state_tip=Some(Height(4382897))
Oct 10 19:31:04 runnervmmprz5 zebrad-v6.4.2[2900]: 2026-10-10T19:31:04.526264Z  INFO zebrad::components::sync::progress: initial sync is very slow, or estimated tip is wrong. Hint: check your network connection, and your computer clock and time zone sync_percent=99.539% current_height=Height(4382897) network_upgrade=Nu6_3 remaining_sync_blocks=20292 after_checkpoint_height=Height(4360395) time_since_last_state_block=5m
Oct 10 19:31:17 runnervmmprz5 zebrad-v6.4.2[2900]: 2026-10-10T19:31:17.450984Z  INFO crawl_and_dial{new_peer_interval=61s}:crawl: zebra_network::peer_set::candidate_set::crawl: timeout waiting for peer service readiness or peer responses
Oct 10 19:31:45 runnervmmprz5 zebrad-v6.4.2[2900]: 2026-10-10T19:31:45.471678Z  INFO sync:try_to_sync: zebrad::components::sync: starting sync, obtaining new tips state_tip=Some(Height(4382897))
Oct 10 19:32:04 runnervmmprz5 zebrad-v6.4.2[2900]: 2026-10-10T19:32:04.539261Z  INFO zebrad::components::sync::progress: initial sync is very slow, or estimated tip is wrong. Hint: check your network connection, and your computer clock and time zone sync_percent=99.539% current_height=Height(4382897) network_upgrade=Nu6_3 remaining_sync_blocks=20293 after_checkpoint_height=Height(4360395) time_since_last_state_block=6m
Oct 10 19:32:15 runnervmmprz5 zebrad-v6.4.2[2900]: 2026-10-10T19:32:15.472410Z  INFO zebrad::components::mempool::crawler: mempool crawl timed out: Elapsed(())
Oct 10 19:32:18 runnervmmprz5 zebrad-v6.4.2[2900]: 2026-10-10T19:32:18.451219Z  INFO crawl_and_dial{new_peer_interval=61s}:crawl: zebra_network::peer_set::candidate_set::crawl: timeout waiting for peer service readiness or peer responses
Oct 10 19:32:52 runnervmmprz5 zebrad-v6.4.2[2900]: 2026-10-10T19:32:52.472942Z  INFO sync:try_to_sync: zebrad::components::sync: temporary error obtaining tips: deadline has elapsed
Oct 10 19:32:52 runnervmmprz5 zebrad-v6.4.2[2900]: 2026-10-10T19:32:52.472993Z  INFO sync: zebrad::components::sync: waiting to restart sync timeout=67s state_tip=Some(Height(4382897))
Oct 10 19:33:04 runnervmmprz5 zebrad-v6.4.2[2900]: 2026-10-10T19:33:04.553601Z  INFO zebrad::components::sync::progress: initial sync is very slow, or estimated tip is wrong. Hint: check your network connection, and your computer clock and time zone sync_percent=99.539% current_height=Height(4382897) network_upgrade=Nu6_3 remaining_sync_blocks=20294 after_checkpoint_height=Height(4360395) time_since_last_state_block=7m
Oct 10 19:33:19 runnervmmprz5 zebrad-v6.4.2[2900]: 2026-10-10T19:33:19.451569Z  INFO crawl_and_dial{new_peer_interval=61s}:crawl: zebra_network::peer_set::candidate_set::crawl: timeout waiting for peer service readiness or peer responses
Oct 10 19:33:59 runnervmmprz5 zebrad-v6.4.2[2900]: 2026-10-10T19:33:59.474262Z  INFO sync:try_to_sync: zebrad::components::sync: starting sync, obtaining new tips state_tip=Some(Height(4382897))
Oct 10 19:34:04 runnervmmprz5 zebrad-v6.4.2[2900]: 2026-10-10T19:34:04.566248Z  INFO zebrad::components::sync::progress: initial sync is very slow, or estimated tip is wrong. Hint: check your network connection, and your computer clock and time zone sync_percent=99.539% current_height=Height(4382897) network_upgrade=Nu6_3 remaining_sync_blocks=20294 after_checkpoint_height=Height(4360395) time_since_last_state_block=8m
Oct 10 19:34:20 runnervmmprz5 zebrad-v6.4.2[2900]: 2026-10-10T19:34:20.450671Z  INFO crawl_and_dial{new_peer_interval=61s}:crawl: zebra_network::peer_set::candidate_set::crawl: timeout waiting for peer service readiness or peer responses
Oct 10 19:34:41 runnervmmprz5 zebrad-v6.4.2[2900]: 2026-10-10T19:34:41.473591Z  INFO zebrad::components::mempool::crawler: mempool crawl timed out: Elapsed(())
Oct 10 19:35:04 runnervmmprz5 zebrad-v6.4.2[2900]: 2026-10-10T19:35:04.579266Z  INFO zebrad::components::sync::progress: initial sync is very slow, or estimated tip is wrong. Hint: check your network connection, and your computer clock and time zone sync_percent=99.539% current_height=Height(4382897) network_upgrade=Nu6_3 remaining_sync_blocks=20295 after_checkpoint_height=Height(4360395) time_since_last_state_block=9m
Oct 10 19:35:06 runnervmmprz5 zebrad-v6.4.2[2900]: 2026-10-10T19:35:06.475418Z  INFO sync:try_to_sync: zebrad::components::sync: temporary error obtaining tips: deadline has elapsed
Oct 10 19:35:06 runnervmmprz5 zebrad-v6.4.2[2900]: 2026-10-10T19:35:06.475475Z  INFO sync: zebrad::components::sync: waiting to restart sync timeout=67s state_tip=Some(Height(4382897))
Oct 10 19:35:21 runnervmmprz5 zebrad-v6.4.2[2900]: 2026-10-10T19:35:21.450742Z  INFO crawl_and_dial{new_peer_interval=61s}:crawl: zebra_network::peer_set::candidate_set::crawl: timeout waiting for peer service readiness or peer responses
Oct 10 19:36:04 runnervmmprz5 zebrad-v6.4.2[2900]: 2026-10-10T19:36:04.592542Z  INFO zebrad::components::sync::progress: initial sync is very slow, or estimated tip is wrong. Hint: check your network connection, and your computer clock and time zone sync_percent=99.539% current_height=Height(4382897) network_upgrade=Nu6_3 remaining_sync_blocks=20296 after_checkpoint_height=Height(4360395) time_since_last_state_block=10m
Oct 10 19:36:13 runnervmmprz5 zebrad-v6.4.2[2900]: 2026-10-10T19:36:13.477556Z  INFO sync:try_to_sync: zebrad::components::sync: starting sync, obtaining new tips state_tip=Some(Height(4382897))
Oct 10 19:36:22 runnervmmprz5 zebrad-v6.4.2[2900]: 2026-10-10T19:36:22.450917Z  INFO crawl_and_dial{new_peer_interval=61s}:crawl: zebra_network::peer_set::candidate_set::crawl: timeout waiting for peer service readiness or peer responses
Oct 10 19:37:04 runnervmmprz5 zebrad-v6.4.2[2900]: 2026-10-10T19:37:04.606792Z  INFO zebrad::components::sync::progress: initial sync is very slow, or estimated tip is wrong. Hint: check your network connection, and your computer clock and time zone sync_percent=99.539% current_height=Height(4382897) network_upgrade=Nu6_3 remaining_sync_blocks=20297 after_checkpoint_height=Height(4360395) time_since_last_state_block=11m
Oct 10 19:37:07 runnervmmprz5 zebrad-v6.4.2[2900]: 2026-10-10T19:37:07.477451Z  INFO zebrad::components::mempool::crawler: mempool crawl timed out: Elapsed(())
Oct 10 19:37:20 runnervmmprz5 zebrad-v6.4.2[2900]: 2026-10-10T19:37:20.479080Z  INFO sync:try_to_sync: zebrad::components::sync: temporary error obtaining tips: deadline has elapsed
Oct 10 19:37:20 runnervmmprz5 zebrad-v6.4.2[2900]: 2026-10-10T19:37:20.479140Z  INFO sync: zebrad::components::sync: waiting to restart sync timeout=67s state_tip=Some(Height(4382897))
Oct 10 19:37:23 runnervmmprz5 zebrad-v6.4.2[2900]: 2026-10-10T19:37:23.452040Z  INFO crawl_and_dial{new_peer_interval=61s}:crawl: zebra_network::peer_set::candidate_set::crawl: timeout waiting for peer service readiness or peer responses
Oct 10 19:38:04 runnervmmprz5 zebrad-v6.4.2[2900]: 2026-10-10T19:38:04.620252Z  INFO zebrad::components::sync::progress: initial sync is very slow, or estimated tip is wrong. Hint: check your network connection, and your computer clock and time zone sync_percent=99.539% current_height=Height(4382897) network_upgrade=Nu6_3 remaining_sync_blocks=20298 after_checkpoint_height=Height(4360395) time_since_last_state_block=12m
Oct 10 19:38:24 runnervmmprz5 zebrad-v6.4.2[2900]: 2026-10-10T19:38:24.451364Z  INFO crawl_and_dial{new_peer_interval=61s}:crawl: zebra_network::peer_set::candidate_set::crawl: timeout waiting for peer service readiness or peer responses
Oct 10 19:38:27 runnervmmprz5 zebrad-v6.4.2[2900]: 2026-10-10T19:38:27.480516Z  INFO sync:try_to_sync: zebrad::components::sync: starting sync, obtaining new tips state_tip=Some(Height(4382897))
Oct 10 19:39:04 runnervmmprz5 zebrad-v6.4.2[2900]: 2026-10-10T19:39:04.635084Z  INFO zebrad::components::sync::progress: initial sync is very slow, or estimated tip is wrong. Hint: check your network connection, and your computer clock and time zone sync_percent=99.539% current_height=Height(4382897) network_upgrade=Nu6_3 remaining_sync_blocks=20298 after_checkpoint_height=Height(4360395) time_since_last_state_block=13m
Oct 10 19:39:25 runnervmmprz5 zebrad-v6.4.2[2900]: 2026-10-10T19:39:25.451539Z  INFO crawl_and_dial{new_peer_interval=61s}:crawl: zebra_network::peer_set::candidate_set::crawl: timeout waiting for peer service readiness or peer responses
Oct 10 19:39:33 runnervmmprz5 zebrad-v6.4.2[2900]: 2026-10-10T19:39:33.479643Z  INFO zebrad::components::mempool::crawler: mempool crawl timed out: Elapsed(())
Oct 10 19:39:34 runnervmmprz5 zebrad-v6.4.2[2900]: 2026-10-10T19:39:34.482003Z  INFO sync:try_to_sync: zebrad::components::sync: temporary error obtaining tips: deadline has elapsed
Oct 10 19:39:34 runnervmmprz5 zebrad-v6.4.2[2900]: 2026-10-10T19:39:34.482063Z  INFO sync: zebrad::components::sync: waiting to restart sync timeout=67s state_tip=Some(Height(4382897))
Oct 10 19:40:04 runnervmmprz5 zebrad-v6.4.2[2900]: 2026-10-10T19:40:04.648133Z  INFO zebrad::components::sync::progress: initial sync is very slow, or estimated tip is wrong. Hint: check your network connection, and your computer clock and time zone sync_percent=99.539% current_height=Height(4382897) network_upgrade=Nu6_3 remaining_sync_blocks=20299 after_checkpoint_height=Height(4360395) time_since_last_state_block=14m
Oct 10 19:40:26 runnervmmprz5 zebrad-v6.4.2[2900]: 2026-10-10T19:40:26.450841Z  INFO crawl_and_dial{new_peer_interval=61s}:crawl: zebra_network::peer_set::candidate_set::crawl: timeout waiting for peer service readiness or peer responses
Oct 10 19:40:41 runnervmmprz5 zebrad-v6.4.2[2900]: 2026-10-10T19:40:41.483466Z  INFO sync:try_to_sync: zebrad::components::sync: starting sync, obtaining new tips state_tip=Some(Height(4382897))
Oct 10 19:41:04 runnervmmprz5 zebrad-v6.4.2[2900]: 2026-10-10T19:41:04.660970Z  WARN zebrad::components::sync::progress: chain updates have stalled, state height has not increased for 15 minutes. Hint: check your network connection, and your computer clock and time zone sync_percent=99.539% current_height=Height(4382897) network_upgrade=Nu6_3 time_since_last_state_block=15m target_block_spacing=1m 15s max_block_spacing=7m 30s is_syncer_stopped=true
Oct 10 19:41:27 runnervmmprz5 zebrad-v6.4.2[2900]: 2026-10-10T19:41:27.450765Z  INFO crawl_and_dial{new_peer_interval=61s}:crawl: zebra_network::peer_set::candidate_set::crawl: timeout waiting for peer service readiness or peer responses
Oct 10 19:41:48 runnervmmprz5 zebrad-v6.4.2[2900]: 2026-10-10T19:41:48.485475Z  INFO sync:try_to_sync: zebrad::components::sync: temporary error obtaining tips: deadline has elapsed
Oct 10 19:41:48 runnervmmprz5 zebrad-v6.4.2[2900]: 2026-10-10T19:41:48.485527Z  INFO sync: zebrad::components::sync: waiting to restart sync timeout=67s state_tip=Some(Height(4382897))
Oct 10 19:41:59 runnervmmprz5 zebrad-v6.4.2[2900]: 2026-10-10T19:41:59.482434Z  INFO zebrad::components::mempool::crawler: mempool crawl timed out: Elapsed(())
Oct 10 19:42:04 runnervmmprz5 zebrad-v6.4.2[2900]: 2026-10-10T19:42:04.674938Z  WARN zebrad::components::sync::progress: chain updates have stalled, state height has not increased for 16 minutes. Hint: check your network connection, and your computer clock and time zone sync_percent=99.539% current_height=Height(4382897) network_upgrade=Nu6_3 time_since_last_state_block=16m target_block_spacing=1m 15s max_block_spacing=7m 30s is_syncer_stopped=true
Oct 10 19:42:28 runnervmmprz5 zebrad-v6.4.2[2900]: 2026-10-10T19:42:28.450626Z  INFO crawl_and_dial{new_peer_interval=61s}:crawl: zebra_network::peer_set::candidate_set::crawl: timeout waiting for peer service readiness or peer responses
Oct 10 19:42:55 runnervmmprz5 zebrad-v6.4.2[2900]: 2026-10-10T19:42:55.487365Z  INFO sync:try_to_sync: zebrad::components::sync: starting sync, obtaining new tips state_tip=Some(Height(4382897))
Oct 10 19:43:04 runnervmmprz5 zebrad-v6.4.2[2900]: 2026-10-10T19:43:04.689585Z  WARN zebrad::components::sync::progress: chain updates have stalled, state height has not increased for 17 minutes. Hint: check your network connection, and your computer clock and time zone sync_percent=99.539% current_height=Height(4382897) network_upgrade=Nu6_3 time_since_last_state_block=17m target_block_spacing=1m 15s max_block_spacing=7m 30s is_syncer_stopped=true
Oct 10 19:43:29 runnervmmprz5 zebrad-v6.4.2[2900]: 2026-10-10T19:43:29.451762Z  INFO crawl_and_dial{new_peer_interval=61s}:crawl: zebra_network::peer_set::candidate_set::crawl: timeout waiting for peer service readiness or peer responses
Oct 10 19:44:02 runnervmmprz5 zebrad-v6.4.2[2900]: 2026-10-10T19:44:02.488419Z  INFO sync:try_to_sync: zebrad::components::sync: temporary error obtaining tips: deadline has elapsed
Oct 10 19:44:02 runnervmmprz5 zebrad-v6.4.2[2900]: 2026-10-10T19:44:02.488477Z  INFO sync: zebrad::components::sync: waiting to restart sync timeout=67s state_tip=Some(Height(4382897))
Oct 10 19:44:04 runnervmmprz5 zebrad-v6.4.2[2900]: 2026-10-10T19:44:04.705319Z  WARN zebrad::components::sync::progress: chain updates have stalled, state height has not increased for 18 minutes. Hint: check your network connection, and your computer clock and time zone sync_percent=99.539% current_height=Height(4382897) network_upgrade=Nu6_3 time_since_last_state_block=18m target_block_spacing=1m 15s max_block_spacing=7m 30s is_syncer_stopped=true
Oct 10 19:44:25 runnervmmprz5 zebrad-v6.4.2[2900]: 2026-10-10T19:44:25.484264Z  INFO zebrad::components::mempool::crawler: mempool crawl timed out: Elapsed(())
Oct 10 19:44:30 runnervmmprz5 zebrad-v6.4.2[2900]: 2026-10-10T19:44:30.451296Z  INFO crawl_and_dial{new_peer_interval=61s}:crawl: zebra_network::peer_set::candidate_set::crawl: timeout waiting for peer service readiness or peer responses
Oct 10 19:45:04 runnervmmprz5 zebrad-v6.4.2[2900]: 2026-10-10T19:45:04.718346Z  WARN zebrad::components::sync::progress: chain updates have stalled, state height has not increased for 19 minutes. Hint: check your network connection, and your computer clock and time zone sync_percent=99.539% current_height=Height(4382897) network_upgrade=Nu6_3 time_since_last_state_block=19m target_block_spacing=1m 15s max_block_spacing=7m 30s is_syncer_stopped=true
Oct 10 19:45:09 runnervmmprz5 zebrad-v6.4.2[2900]: 2026-10-10T19:45:09.489957Z  INFO sync:try_to_sync: zebrad::components::sync: starting sync, obtaining new tips state_tip=Some(Height(4382897))
Oct 10 19:45:31 runnervmmprz5 zebrad-v6.4.2[2900]: 2026-10-10T19:45:31.450993Z  INFO crawl_and_dial{new_peer_interval=61s}:crawl: zebra_network::peer_set::candidate_set::crawl: timeout waiting for peer service readiness or peer responses
Oct 10 19:46:04 runnervmmprz5 zebrad-v6.4.2[2900]: 2026-10-10T19:46:04.730784Z  WARN zebrad::components::sync::progress: chain updates have stalled, state height has not increased for 20 minutes. Hint: check your network connection, and your computer clock and time zone sync_percent=99.539% current_height=Height(4382897) network_upgrade=Nu6_3 time_since_last_state_block=20m target_block_spacing=1m 15s max_block_spacing=7m 30s is_syncer_stopped=true
Oct 10 19:46:16 runnervmmprz5 zebrad-v6.4.2[2900]: 2026-10-10T19:46:16.491587Z  INFO sync:try_to_sync: zebrad::components::sync: temporary error obtaining tips: deadline has elapsed
Oct 10 19:46:16 runnervmmprz5 zebrad-v6.4.2[2900]: 2026-10-10T19:46:16.491654Z  INFO sync: zebrad::components::sync: waiting to restart sync timeout=67s state_tip=Some(Height(4382897))
Oct 10 19:46:32 runnervmmprz5 zebrad-v6.4.2[2900]: 2026-10-10T19:46:32.451272Z  INFO crawl_and_dial{new_peer_interval=61s}:crawl: zebra_network::peer_set::candidate_set::crawl: timeout waiting for peer service readiness or peer responses
Oct 10 19:46:51 runnervmmprz5 zebrad-v6.4.2[2900]: 2026-10-10T19:46:51.485589Z  INFO zebrad::components::mempool::crawler: mempool crawl timed out: Elapsed(())
Oct 10 19:47:04 runnervmmprz5 zebrad-v6.4.2[2900]: 2026-10-10T19:47:04.744581Z  WARN zebrad::components::sync::progress: chain updates have stalled, state height has not increased for 21 minutes. Hint: check your network connection, and your computer clock and time zone sync_percent=99.539% current_height=Height(4382897) network_upgrade=Nu6_3 time_since_last_state_block=21m target_block_spacing=1m 15s max_block_spacing=7m 30s is_syncer_stopped=true
Oct 10 19:47:23 runnervmmprz5 zebrad-v6.4.2[2900]: 2026-10-10T19:47:23.493292Z  INFO sync:try_to_sync: zebrad::components::sync: starting sync, obtaining new tips state_tip=Some(Height(4382897))
Oct 10 19:47:33 runnervmmprz5 zebrad-v6.4.2[2900]: 2026-10-10T19:47:33.451444Z  INFO crawl_and_dial{new_peer_interval=61s}:crawl: zebra_network::peer_set::candidate_set::crawl: timeout waiting for peer service readiness or peer responses
Oct 10 19:48:04 runnervmmprz5 zebrad-v6.4.2[2900]: 2026-10-10T19:48:04.758411Z  WARN zebrad::components::sync::progress: chain updates have stalled, state height has not increased for 22 minutes. Hint: check your network connection, and your computer clock and time zone sync_percent=99.539% current_height=Height(4382897) network_upgrade=Nu6_3 time_since_last_state_block=22m target_block_spacing=1m 15s max_block_spacing=7m 30s is_syncer_stopped=true
Oct 10 19:48:30 runnervmmprz5 zebrad-v6.4.2[2900]: 2026-10-10T19:48:30.493694Z  INFO sync:try_to_sync: zebrad::components::sync: temporary error obtaining tips: deadline has elapsed
Oct 10 19:48:30 runnervmmprz5 zebrad-v6.4.2[2900]: 2026-10-10T19:48:30.493755Z  INFO sync: zebrad::components::sync: waiting to restart sync timeout=67s state_tip=Some(Height(4382897))
Oct 10 19:48:34 runnervmmprz5 zebrad-v6.4.2[2900]: 2026-10-10T19:48:34.451548Z  INFO crawl_and_dial{new_peer_interval=61s}:crawl: zebra_network::peer_set::candidate_set::crawl: timeout waiting for peer service readiness or peer responses
Oct 10 19:49:04 runnervmmprz5 zebrad-v6.4.2[2900]: 2026-10-10T19:49:04.771456Z  WARN zebrad::components::sync::progress: chain updates have stalled, state height has not increased for 23 minutes. Hint: check your network connection, and your computer clock and time zone sync_percent=99.539% current_height=Height(4382897) network_upgrade=Nu6_3 time_since_last_state_block=23m target_block_spacing=1m 15s max_block_spacing=7m 30s is_syncer_stopped=true
Oct 10 19:49:17 runnervmmprz5 zebrad-v6.4.2[2900]: 2026-10-10T19:49:17.487858Z  INFO zebrad::components::mempool::crawler: mempool crawl timed out: Elapsed(())
Oct 10 19:49:35 runnervmmprz5 zebrad-v6.4.2[2900]: 2026-10-10T19:49:35.451398Z  INFO crawl_and_dial{new_peer_interval=61s}:crawl: zebra_network::peer_set::candidate_set::crawl: timeout waiting for peer service readiness or peer responses
Oct 10 19:49:37 runnervmmprz5 zebrad-v6.4.2[2900]: 2026-10-10T19:49:37.495070Z  INFO sync:try_to_sync: zebrad::components::sync: starting sync, obtaining new tips state_tip=Some(Height(4382897))
Oct 10 19:50:04 runnervmmprz5 zebrad-v6.4.2[2900]: 2026-10-10T19:50:04.786521Z  WARN zebrad::components::sync::progress: chain updates have stalled, state height has not increased for 24 minutes. Hint: check your network connection, and your computer clock and time zone sync_percent=99.539% current_height=Height(4382897) network_upgrade=Nu6_3 time_since_last_state_block=24m target_block_spacing=1m 15s max_block_spacing=7m 30s is_syncer_stopped=true
Oct 10 19:50:36 runnervmmprz5 zebrad-v6.4.2[2900]: 2026-10-10T19:50:36.450804Z  INFO crawl_and_dial{new_peer_interval=61s}:crawl: zebra_network::peer_set::candidate_set::crawl: timeout waiting for peer service readiness or peer responses
Oct 10 19:50:44 runnervmmprz5 zebrad-v6.4.2[2900]: 2026-10-10T19:50:44.495656Z  INFO sync:try_to_sync: zebrad::components::sync: temporary error obtaining tips: deadline has elapsed
Oct 10 19:50:44 runnervmmprz5 zebrad-v6.4.2[2900]: 2026-10-10T19:50:44.495720Z  INFO sync: zebrad::components::sync: waiting to restart sync timeout=67s state_tip=Some(Height(4382897))
Oct 10 19:51:04 runnervmmprz5 zebrad-v6.4.2[2900]: 2026-10-10T19:51:04.799138Z  WARN zebrad::components::sync::progress: chain updates have stalled, state height has not increased for 25 minutes. Hint: check your network connection, and your computer clock and time zone sync_percent=99.539% current_height=Height(4382897) network_upgrade=Nu6_3 time_since_last_state_block=25m target_block_spacing=1m 15s max_block_spacing=7m 30s is_syncer_stopped=true
Oct 10 19:51:37 runnervmmprz5 zebrad-v6.4.2[2900]: 2026-10-10T19:51:37.451609Z  INFO crawl_and_dial{new_peer_interval=61s}:crawl: zebra_network::peer_set::candidate_set::crawl: timeout waiting for peer service readiness or peer responses
Oct 10 19:51:43 runnervmmprz5 zebrad-v6.4.2[2900]: 2026-10-10T19:51:43.490843Z  INFO zebrad::components::mempool::crawler: mempool crawl timed out: Elapsed(())
Oct 10 19:51:51 runnervmmprz5 zebrad-v6.4.2[2900]: 2026-10-10T19:51:51.496657Z  INFO sync:try_to_sync: zebrad::components::sync: starting sync, obtaining new tips state_tip=Some(Height(4382897))
Oct 10 19:52:04 runnervmmprz5 zebrad-v6.4.2[2900]: 2026-10-10T19:52:04.814629Z  WARN zebrad::components::sync::progress: chain updates have stalled, state height has not increased for 26 minutes. Hint: check your network connection, and your computer clock and time zone sync_percent=99.539% current_height=Height(4382897) network_upgrade=Nu6_3 time_since_last_state_block=26m target_block_spacing=1m 15s max_block_spacing=7m 30s is_syncer_stopped=true
Oct 10 19:52:38 runnervmmprz5 zebrad-v6.4.2[2900]: 2026-10-10T19:52:38.451565Z  INFO crawl_and_dial{new_peer_interval=61s}:crawl: zebra_network::peer_set::candidate_set::crawl: timeout waiting for peer service readiness or peer responses
Oct 10 19:52:58 runnervmmprz5 zebrad-v6.4.2[2900]: 2026-10-10T19:52:58.497981Z  INFO sync:try_to_sync: zebrad::components::sync: temporary error obtaining tips: deadline has elapsed
Oct 10 19:52:58 runnervmmprz5 zebrad-v6.4.2[2900]: 2026-10-10T19:52:58.498040Z  INFO sync: zebrad::components::sync: waiting to restart sync timeout=67s state_tip=Some(Height(4382897))
Oct 10 19:53:04 runnervmmprz5 zebrad-v6.4.2[2900]: 2026-10-10T19:53:04.828060Z  WARN zebrad::components::sync::progress: chain updates have stalled, state height has not increased for 27 minutes. Hint: check your network connection, and your computer clock and time zone sync_percent=99.539% current_height=Height(4382897) network_upgrade=Nu6_3 time_since_last_state_block=27m target_block_spacing=1m 15s max_block_spacing=7m 30s is_syncer_stopped=true
Oct 10 19:53:39 runnervmmprz5 zebrad-v6.4.2[2900]: 2026-10-10T19:53:39.450905Z  INFO crawl_and_dial{new_peer_interval=61s}:crawl: zebra_network::peer_set::candidate_set::crawl: timeout waiting for peer service readiness or peer responses
Oct 10 19:54:04 runnervmmprz5 zebrad-v6.4.2[2900]: 2026-10-10T19:54:04.842622Z  WARN zebrad::components::sync::progress: chain updates have stalled, state height has not increased for 28 minutes. Hint: check your network connection, and your computer clock and time zone sync_percent=99.539% current_height=Height(4382897) network_upgrade=Nu6_3 time_since_last_state_block=28m target_block_spacing=1m 15s max_block_spacing=7m 30s is_syncer_stopped=true
Oct 10 19:54:05 runnervmmprz5 zebrad-v6.4.2[2900]: 2026-10-10T19:54:05.499593Z  INFO sync:try_to_sync: zebrad::components::sync: starting sync, obtaining new tips state_tip=Some(Height(4382897))
Oct 10 19:54:09 runnervmmprz5 zebrad-v6.4.2[2900]: 2026-10-10T19:54:09.492869Z  INFO zebrad::components::mempool::crawler: mempool crawl timed out: Elapsed(())
Oct 10 19:54:40 runnervmmprz5 zebrad-v6.4.2[2900]: 2026-10-10T19:54:40.450826Z  INFO crawl_and_dial{new_peer_interval=61s}:crawl: zebra_network::peer_set::candidate_set::crawl: timeout waiting for peer service readiness or peer responses
Oct 10 19:55:04 runnervmmprz5 zebrad-v6.4.2[2900]: 2026-10-10T19:55:04.855753Z  WARN zebrad::components::sync::progress: chain updates have stalled, state height has not increased for 29 minutes. Hint: check your network connection, and your computer clock and time zone sync_percent=99.539% current_height=Height(4382897) network_upgrade=Nu6_3 time_since_last_state_block=29m target_block_spacing=1m 15s max_block_spacing=7m 30s is_syncer_stopped=true
Oct 10 19:55:12 runnervmmprz5 zebrad-v6.4.2[2900]: 2026-10-10T19:55:12.501566Z  INFO sync:try_to_sync: zebrad::components::sync: temporary error obtaining tips: deadline has elapsed
Oct 10 19:55:12 runnervmmprz5 zebrad-v6.4.2[2900]: 2026-10-10T19:55:12.501621Z  INFO sync: zebrad::components::sync: waiting to restart sync timeout=67s state_tip=Some(Height(4382897))
Oct 10 19:55:41 runnervmmprz5 zebrad-v6.4.2[2900]: 2026-10-10T19:55:41.450598Z  INFO crawl_and_dial{new_peer_interval=61s}:crawl: zebra_network::peer_set::candidate_set::crawl: timeout waiting for peer service readiness or peer responses
Oct 10 19:56:04 runnervmmprz5 zebrad-v6.4.2[2900]: 2026-10-10T19:56:04.870574Z  WARN zebrad::components::sync::progress: chain updates have stalled, state height has not increased for 30 minutes. Hint: check your network connection, and your computer clock and time zone sync_percent=99.539% current_height=Height(4382897) network_upgrade=Nu6_3 time_since_last_state_block=30m target_block_spacing=1m 15s max_block_spacing=7m 30s is_syncer_stopped=true
Oct 10 19:56:19 runnervmmprz5 zebrad-v6.4.2[2900]: 2026-10-10T19:56:19.503507Z  INFO sync:try_to_sync: zebrad::components::sync: starting sync, obtaining new tips state_tip=Some(Height(4382897))
Oct 10 19:56:35 runnervmmprz5 zebrad-v6.4.2[2900]: 2026-10-10T19:56:35.494680Z  INFO zebrad::components::mempool::crawler: mempool crawl timed out: Elapsed(())
Oct 10 19:56:42 runnervmmprz5 zebrad-v6.4.2[2900]: 2026-10-10T19:56:42.451229Z  INFO crawl_and_dial{new_peer_interval=61s}:crawl: zebra_network::peer_set::candidate_set::crawl: timeout waiting for peer service readiness or peer responses
Oct 10 19:57:04 runnervmmprz5 zebrad-v6.4.2[2900]: 2026-10-10T19:57:04.884276Z  WARN zebrad::components::sync::progress: chain updates have stalled, state height has not increased for 31 minutes. Hint: check your network connection, and your computer clock and time zone sync_percent=99.539% current_height=Height(4382897) network_upgrade=Nu6_3 time_since_last_state_block=31m target_block_spacing=1m 15s max_block_spacing=7m 30s is_syncer_stopped=true
Oct 10 19:57:26 runnervmmprz5 zebrad-v6.4.2[2900]: 2026-10-10T19:57:26.504922Z  INFO sync:try_to_sync: zebrad::components::sync: temporary error obtaining tips: deadline has elapsed
Oct 10 19:57:26 runnervmmprz5 zebrad-v6.4.2[2900]: 2026-10-10T19:57:26.504988Z  INFO sync: zebrad::components::sync: waiting to restart sync timeout=67s state_tip=Some(Height(4382897))
Oct 10 19:57:43 runnervmmprz5 zebrad-v6.4.2[2900]: 2026-10-10T19:57:43.451598Z  INFO crawl_and_dial{new_peer_interval=61s}:crawl: zebra_network::peer_set::candidate_set::crawl: timeout waiting for peer service readiness or peer responses
Oct 10 19:58:04 runnervmmprz5 zebrad-v6.4.2[2900]: 2026-10-10T19:58:04.897588Z  WARN zebrad::components::sync::progress: chain updates have stalled, state height has not increased for 32 minutes. Hint: check your network connection, and your computer clock and time zone sync_percent=99.539% current_height=Height(4382897) network_upgrade=Nu6_3 time_since_last_state_block=32m target_block_spacing=1m 15s max_block_spacing=7m 30s is_syncer_stopped=true
Oct 10 19:58:33 runnervmmprz5 zebrad-v6.4.2[2900]: 2026-10-10T19:58:33.506264Z  INFO sync:try_to_sync: zebrad::components::sync: starting sync, obtaining new tips state_tip=Some(Height(4382897))
Oct 10 19:58:44 runnervmmprz5 zebrad-v6.4.2[2900]: 2026-10-10T19:58:44.451789Z  INFO crawl_and_dial{new_peer_interval=61s}:crawl: zebra_network::peer_set::candidate_set::crawl: timeout waiting for peer service readiness or peer responses
Oct 10 19:59:01 runnervmmprz5 zebrad-v6.4.2[2900]: 2026-10-10T19:59:01.498006Z  INFO zebrad::components::mempool::crawler: mempool crawl timed out: Elapsed(())
Oct 10 19:59:04 runnervmmprz5 zebrad-v6.4.2[2900]: 2026-10-10T19:59:04.911294Z  WARN zebrad::components::sync::progress: chain updates have stalled, state height has not increased for 33 minutes. Hint: check your network connection, and your computer clock and time zone sync_percent=99.539% current_height=Height(4382897) network_upgrade=Nu6_3 time_since_last_state_block=33m target_block_spacing=1m 15s max_block_spacing=7m 30s is_syncer_stopped=true
Oct 10 19:59:40 runnervmmprz5 zebrad-v6.4.2[2900]: 2026-10-10T19:59:40.507415Z  INFO sync:try_to_sync: zebrad::components::sync: temporary error obtaining tips: deadline has elapsed
Oct 10 19:59:40 runnervmmprz5 zebrad-v6.4.2[2900]: 2026-10-10T19:59:40.507473Z  INFO sync: zebrad::components::sync: waiting to restart sync timeout=67s state_tip=Some(Height(4382897))
Oct 10 19:59:45 runnervmmprz5 zebrad-v6.4.2[2900]: 2026-10-10T19:59:45.450933Z  INFO crawl_and_dial{new_peer_interval=61s}:crawl: zebra_network::peer_set::candidate_set::crawl: timeout waiting for peer service readiness or peer responses
Oct 10 20:00:04 runnervmmprz5 zebrad-v6.4.2[2900]: 2026-10-10T20:00:04.923892Z  WARN zebrad::components::sync::progress: chain updates have stalled, state height has not increased for 34 minutes. Hint: check your network connection, and your computer clock and time zone sync_percent=99.539% current_height=Height(4382897) network_upgrade=Nu6_3 time_since_last_state_block=34m target_block_spacing=1m 15s max_block_spacing=7m 30s is_syncer_stopped=true
Oct 10 20:00:46 runnervmmprz5 zebrad-v6.4.2[2900]: 2026-10-10T20:00:46.451016Z  INFO crawl_and_dial{new_peer_interval=61s}:crawl: zebra_network::peer_set::candidate_set::crawl: timeout waiting for peer service readiness or peer responses
Oct 10 20:00:47 runnervmmprz5 zebrad-v6.4.2[2900]: 2026-10-10T20:00:47.509608Z  INFO sync:try_to_sync: zebrad::components::sync: starting sync, obtaining new tips state_tip=Some(Height(4382897))
Oct 10 20:01:04 runnervmmprz5 zebrad-v6.4.2[2900]: 2026-10-10T20:01:04.937760Z  WARN zebrad::components::sync::progress: chain updates have stalled, state height has not increased for 35 minutes. Hint: check your network connection, and your computer clock and time zone sync_percent=99.539% current_height=Height(4382897) network_upgrade=Nu6_3 time_since_last_state_block=35m target_block_spacing=1m 15s max_block_spacing=7m 30s is_syncer_stopped=true
Oct 10 20:01:27 runnervmmprz5 zebrad-v6.4.2[2900]: 2026-10-10T20:01:27.499637Z  INFO zebrad::components::mempool::crawler: mempool crawl timed out: Elapsed(())
Oct 10 20:01:47 runnervmmprz5 zebrad-v6.4.2[2900]: 2026-10-10T20:01:47.450918Z  INFO crawl_and_dial{new_peer_interval=61s}:crawl: zebra_network::peer_set::candidate_set::crawl: timeout waiting for peer service readiness or peer responses
Oct 10 20:01:54 runnervmmprz5 zebrad-v6.4.2[2900]: 2026-10-10T20:01:54.511252Z  INFO sync:try_to_sync: zebrad::components::sync: temporary error obtaining tips: deadline has elapsed
Oct 10 20:01:54 runnervmmprz5 zebrad-v6.4.2[2900]: 2026-10-10T20:01:54.511308Z  INFO sync: zebrad::components::sync: waiting to restart sync timeout=67s state_tip=Some(Height(4382897))
Oct 10 20:02:04 runnervmmprz5 zebrad-v6.4.2[2900]: 2026-10-10T20:02:04.951908Z  WARN zebrad::components::sync::progress: chain updates have stalled, state height has not increased for 36 minutes. Hint: check your network connection, and your computer clock and time zone sync_percent=99.539% current_height=Height(4382897) network_upgrade=Nu6_3 time_since_last_state_block=36m target_block_spacing=1m 15s max_block_spacing=7m 30s is_syncer_stopped=true
Oct 10 20:02:48 runnervmmprz5 zebrad-v6.4.2[2900]: 2026-10-10T20:02:48.450797Z  INFO crawl_and_dial{new_peer_interval=61s}:crawl: zebra_network::peer_set::candidate_set::crawl: timeout waiting for peer service readiness or peer responses
Oct 10 20:03:01 runnervmmprz5 zebrad-v6.4.2[2900]: 2026-10-10T20:03:01.512123Z  INFO sync:try_to_sync: zebrad::components::sync: starting sync, obtaining new tips state_tip=Some(Height(4382897))
Oct 10 20:03:04 runnervmmprz5 zebrad-v6.4.2[2900]: 2026-10-10T20:03:04.965712Z  WARN zebrad::components::sync::progress: chain updates have stalled, state height has not increased for 37 minutes. Hint: check your network connection, and your computer clock and time zone sync_percent=99.539% current_height=Height(4382897) network_upgrade=Nu6_3 time_since_last_state_block=37m target_block_spacing=1m 15s max_block_spacing=7m 30s is_syncer_stopped=true
Oct 10 20:03:49 runnervmmprz5 zebrad-v6.4.2[2900]: 2026-10-10T20:03:49.451471Z  INFO crawl_and_dial{new_peer_interval=61s}:crawl: zebra_network::peer_set::candidate_set::crawl: timeout waiting for peer service readiness or peer responses
Oct 10 20:03:53 runnervmmprz5 zebrad-v6.4.2[2900]: 2026-10-10T20:03:53.501655Z  INFO zebrad::components::mempool::crawler: mempool crawl timed out: Elapsed(())
Oct 10 20:04:04 runnervmmprz5 zebrad-v6.4.2[2900]: 2026-10-10T20:04:04.980244Z  WARN zebrad::components::sync::progress: chain updates have stalled, state height has not increased for 38 minutes. Hint: check your network connection, and your computer clock and time zone sync_percent=99.539% current_height=Height(4382897) network_upgrade=Nu6_3 time_since_last_state_block=38m target_block_spacing=1m 15s max_block_spacing=7m 30s is_syncer_stopped=true
Oct 10 20:04:08 runnervmmprz5 zebrad-v6.4.2[2900]: 2026-10-10T20:04:08.513492Z  INFO sync:try_to_sync: zebrad::components::sync: temporary error obtaining tips: deadline has elapsed
Oct 10 20:04:08 runnervmmprz5 zebrad-v6.4.2[2900]: 2026-10-10T20:04:08.513554Z  INFO sync: zebrad::components::sync: waiting to restart sync timeout=67s state_tip=Some(Height(4382897))
Oct 10 20:04:50 runnervmmprz5 zebrad-v6.4.2[2900]: 2026-10-10T20:04:50.450997Z  INFO crawl_and_dial{new_peer_interval=61s}:crawl: zebra_network::peer_set::candidate_set::crawl: timeout waiting for peer service readiness or peer responses
Oct 10 20:05:04 runnervmmprz5 zebrad-v6.4.2[2900]: 2026-10-10T20:05:04.993597Z  WARN zebrad::components::sync::progress: chain updates have stalled, state height has not increased for 39 minutes. Hint: check your network connection, and your computer clock and time zone sync_percent=99.539% current_height=Height(4382897) network_upgrade=Nu6_3 time_since_last_state_block=39m target_block_spacing=1m 15s max_block_spacing=7m 30s is_syncer_stopped=true
Oct 10 20:05:15 runnervmmprz5 zebrad-v6.4.2[2900]: 2026-10-10T20:05:15.514625Z  INFO sync:try_to_sync: zebrad::components::sync: starting sync, obtaining new tips state_tip=Some(Height(4382897))
Oct 10 20:05:51 runnervmmprz5 zebrad-v6.4.2[2900]: 2026-10-10T20:05:51.451203Z  INFO crawl_and_dial{new_peer_interval=61s}:crawl: zebra_network::peer_set::candidate_set::crawl: timeout waiting for peer service readiness or peer responses
Oct 10 20:06:05 runnervmmprz5 zebrad-v6.4.2[2900]: 2026-10-10T20:06:05.010585Z  WARN zebrad::components::sync::progress: chain updates have stalled, state height has not increased for 40 minutes. Hint: check your network connection, and your computer clock and time zone sync_percent=99.539% current_height=Height(4382897) network_upgrade=Nu6_3 time_since_last_state_block=40m target_block_spacing=1m 15s max_block_spacing=7m 30s is_syncer_stopped=true
Oct 10 20:06:19 runnervmmprz5 zebrad-v6.4.2[2900]: 2026-10-10T20:06:19.504602Z  INFO zebrad::components::mempool::crawler: mempool crawl timed out: Elapsed(())
Oct 10 20:06:22 runnervmmprz5 zebrad-v6.4.2[2900]: 2026-10-10T20:06:22.515933Z  INFO sync:try_to_sync: zebrad::components::sync: temporary error obtaining tips: deadline has elapsed
Oct 10 20:06:22 runnervmmprz5 zebrad-v6.4.2[2900]: 2026-10-10T20:06:22.515993Z  INFO sync: zebrad::components::sync: waiting to restart sync timeout=67s state_tip=Some(Height(4382897))
Oct 10 20:06:52 runnervmmprz5 zebrad-v6.4.2[2900]: 2026-10-10T20:06:52.450535Z  INFO crawl_and_dial{new_peer_interval=61s}:crawl: zebra_network::peer_set::candidate_set::crawl: timeout waiting for peer service readiness or peer responses
Oct 10 20:07:05 runnervmmprz5 zebrad-v6.4.2[2900]: 2026-10-10T20:07:05.025004Z  WARN zebrad::components::sync::progress: chain updates have stalled, state height has not increased for 41 minutes. Hint: check your network connection, and your computer clock and time zone sync_percent=99.538% current_height=Height(4382897) network_upgrade=Nu6_3 time_since_last_state_block=41m target_block_spacing=1m 15s max_block_spacing=7m 30s is_syncer_stopped=true
Oct 10 20:07:29 runnervmmprz5 zebrad-v6.4.2[2900]: 2026-10-10T20:07:29.516523Z  INFO sync:try_to_sync: zebrad::components::sync: starting sync, obtaining new tips state_tip=Some(Height(4382897))
Oct 10 20:07:53 runnervmmprz5 zebrad-v6.4.2[2900]: 2026-10-10T20:07:53.450774Z  INFO crawl_and_dial{new_peer_interval=61s}:crawl: zebra_network::peer_set::candidate_set::crawl: timeout waiting for peer service readiness or peer responses
Oct 10 20:08:05 runnervmmprz5 zebrad-v6.4.2[2900]: 2026-10-10T20:08:05.036829Z  WARN zebrad::components::sync::progress: chain updates have stalled, state height has not increased for 42 minutes. Hint: check your network connection, and your computer clock and time zone sync_percent=99.538% current_height=Height(4382897) network_upgrade=Nu6_3 time_since_last_state_block=42m target_block_spacing=1m 15s max_block_spacing=7m 30s is_syncer_stopped=true
Oct 10 20:08:36 runnervmmprz5 zebrad-v6.4.2[2900]: 2026-10-10T20:08:36.518586Z  INFO sync:try_to_sync: zebrad::components::sync: temporary error obtaining tips: deadline has elapsed
Oct 10 20:08:36 runnervmmprz5 zebrad-v6.4.2[2900]: 2026-10-10T20:08:36.518649Z  INFO sync: zebrad::components::sync: waiting to restart sync timeout=67s state_tip=Some(Height(4382897))
Oct 10 20:08:45 runnervmmprz5 zebrad-v6.4.2[2900]: 2026-10-10T20:08:45.506925Z  INFO zebrad::components::mempool::crawler: mempool crawl timed out: Elapsed(())
Oct 10 20:08:54 runnervmmprz5 zebrad-v6.4.2[2900]: 2026-10-10T20:08:54.451177Z  INFO crawl_and_dial{new_peer_interval=61s}:crawl: zebra_network::peer_set::candidate_set::crawl: timeout waiting for peer service readiness or peer responses
Oct 10 20:09:05 runnervmmprz5 zebrad-v6.4.2[2900]: 2026-10-10T20:09:05.052468Z  WARN zebrad::components::sync::progress: chain updates have stalled, state height has not increased for 43 minutes. Hint: check your network connection, and your computer clock and time zone sync_percent=99.538% current_height=Height(4382897) network_upgrade=Nu6_3 time_since_last_state_block=43m target_block_spacing=1m 15s max_block_spacing=7m 30s is_syncer_stopped=true
Oct 10 20:09:43 runnervmmprz5 zebrad-v6.4.2[2900]: 2026-10-10T20:09:43.520089Z  INFO sync:try_to_sync: zebrad::components::sync: starting sync, obtaining new tips state_tip=Some(Height(4382897))
Oct 10 20:09:55 runnervmmprz5 zebrad-v6.4.2[2900]: 2026-10-10T20:09:55.451510Z  INFO crawl_and_dial{new_peer_interval=61s}:crawl: zebra_network::peer_set::candidate_set::crawl: timeout waiting for peer service readiness or peer responses
Oct 10 20:10:05 runnervmmprz5 zebrad-v6.4.2[2900]: 2026-10-10T20:10:05.069643Z  WARN zebrad::components::sync::progress: chain updates have stalled, state height has not increased for 44 minutes. Hint: check your network connection, and your computer clock and time zone sync_percent=99.538% current_height=Height(4382897) network_upgrade=Nu6_3 time_since_last_state_block=44m target_block_spacing=1m 15s max_block_spacing=7m 30s is_syncer_stopped=true
Oct 10 20:10:50 runnervmmprz5 zebrad-v6.4.2[2900]: 2026-10-10T20:10:50.521283Z  INFO sync:try_to_sync: zebrad::components::sync: temporary error obtaining tips: deadline has elapsed
Oct 10 20:10:50 runnervmmprz5 zebrad-v6.4.2[2900]: 2026-10-10T20:10:50.521341Z  INFO sync: zebrad::components::sync: waiting to restart sync timeout=67s state_tip=Some(Height(4382897))
Oct 10 20:10:56 runnervmmprz5 zebrad-v6.4.2[2900]: 2026-10-10T20:10:56.450997Z  INFO crawl_and_dial{new_peer_interval=61s}:crawl: zebra_network::peer_set::candidate_set::crawl: timeout waiting for peer service readiness or peer responses
Oct 10 20:11:05 runnervmmprz5 zebrad-v6.4.2[2900]: 2026-10-10T20:11:05.084735Z  WARN zebrad::components::sync::progress: chain updates have stalled, state height has not increased for 45 minutes. Hint: check your network connection, and your computer clock and time zone sync_percent=99.538% current_height=Height(4382897) network_upgrade=Nu6_3 time_since_last_state_block=45m target_block_spacing=1m 15s max_block_spacing=7m 30s is_syncer_stopped=true
Oct 10 20:11:11 runnervmmprz5 zebrad-v6.4.2[2900]: 2026-10-10T20:11:11.509014Z  INFO zebrad::components::mempool::crawler: mempool crawl timed out: Elapsed(())
Oct 10 20:11:57 runnervmmprz5 zebrad-v6.4.2[2900]: 2026-10-10T20:11:57.451494Z  INFO crawl_and_dial{new_peer_interval=61s}:crawl: zebra_network::peer_set::candidate_set::crawl: timeout waiting for peer service readiness or peer responses
Oct 10 20:11:57 runnervmmprz5 zebrad-v6.4.2[2900]: 2026-10-10T20:11:57.521827Z  INFO sync:try_to_sync: zebrad::components::sync: starting sync, obtaining new tips state_tip=Some(Height(4382897))
Oct 10 20:12:05 runnervmmprz5 zebrad-v6.4.2[2900]: 2026-10-10T20:12:05.098946Z  WARN zebrad::components::sync::progress: chain updates have stalled, state height has not increased for 46 minutes. Hint: check your network connection, and your computer clock and time zone sync_percent=99.538% current_height=Height(4382897) network_upgrade=Nu6_3 time_since_last_state_block=46m target_block_spacing=1m 15s max_block_spacing=7m 30s is_syncer_stopped=true
Oct 10 20:12:58 runnervmmprz5 zebrad-v6.4.2[2900]: 2026-10-10T20:12:58.451043Z  INFO crawl_and_dial{new_peer_interval=61s}:crawl: zebra_network::peer_set::candidate_set::crawl: timeout waiting for peer service readiness or peer responses
Oct 10 20:13:04 runnervmmprz5 zebrad-v6.4.2[2900]: 2026-10-10T20:13:04.523008Z  INFO sync:try_to_sync: zebrad::components::sync: temporary error obtaining tips: deadline has elapsed
Oct 10 20:13:04 runnervmmprz5 zebrad-v6.4.2[2900]: 2026-10-10T20:13:04.523068Z  INFO sync: zebrad::components::sync: waiting to restart sync timeout=67s state_tip=Some(Height(4382897))
Oct 10 20:13:05 runnervmmprz5 zebrad-v6.4.2[2900]: 2026-10-10T20:13:05.112726Z  WARN zebrad::components::sync::progress: chain updates have stalled, state height has not increased for 47 minutes. Hint: check your network connection, and your computer clock and time zone sync_percent=99.538% current_height=Height(4382897) network_upgrade=Nu6_3 time_since_last_state_block=47m target_block_spacing=1m 15s max_block_spacing=7m 30s is_syncer_stopped=true
Oct 10 20:13:37 runnervmmprz5 zebrad-v6.4.2[2900]: 2026-10-10T20:13:37.511340Z  INFO zebrad::components::mempool::crawler: mempool crawl timed out: Elapsed(())
Oct 10 20:13:59 runnervmmprz5 zebrad-v6.4.2[2900]: 2026-10-10T20:13:59.452490Z  INFO crawl_and_dial{new_peer_interval=61s}:crawl: zebra_network::peer_set::candidate_set::crawl: timeout waiting for peer service readiness or peer responses
Oct 10 20:14:05 runnervmmprz5 zebrad-v6.4.2[2900]: 2026-10-10T20:14:05.126192Z  WARN zebrad::components::sync::progress: chain updates have stalled, state height has not increased for 48 minutes. Hint: check your network connection, and your computer clock and time zone sync_percent=99.538% current_height=Height(4382897) network_upgrade=Nu6_3 time_since_last_state_block=48m target_block_spacing=1m 15s max_block_spacing=7m 30s is_syncer_stopped=true
Oct 10 20:14:11 runnervmmprz5 zebrad-v6.4.2[2900]: 2026-10-10T20:14:11.523885Z  INFO sync:try_to_sync: zebrad::components::sync: starting sync, obtaining new tips state_tip=Some(Height(4382897))
Oct 10 20:15:00 runnervmmprz5 zebrad-v6.4.2[2900]: 2026-10-10T20:15:00.450838Z  INFO crawl_and_dial{new_peer_interval=61s}:crawl: zebra_network::peer_set::candidate_set::crawl: timeout waiting for peer service readiness or peer responses
Oct 10 20:15:05 runnervmmprz5 zebrad-v6.4.2[2900]: 2026-10-10T20:15:05.137674Z  WARN zebrad::components::sync::progress: chain updates have stalled, state height has not increased for 49 minutes. Hint: check your network connection, and your computer clock and time zone sync_percent=99.538% current_height=Height(4382897) network_upgrade=Nu6_3 time_since_last_state_block=49m target_block_spacing=1m 15s max_block_spacing=7m 30s is_syncer_stopped=true
Oct 10 20:15:18 runnervmmprz5 zebrad-v6.4.2[2900]: 2026-10-10T20:15:18.525284Z  INFO sync:try_to_sync: zebrad::components::sync: temporary error obtaining tips: deadline has elapsed
Oct 10 20:15:18 runnervmmprz5 zebrad-v6.4.2[2900]: 2026-10-10T20:15:18.525387Z  INFO sync: zebrad::components::sync: waiting to restart sync timeout=67s state_tip=Some(Height(4382897))
Oct 10 20:16:01 runnervmmprz5 zebrad-v6.4.2[2900]: 2026-10-10T20:16:01.452050Z  INFO crawl_and_dial{new_peer_interval=61s}:crawl: zebra_network::peer_set::candidate_set::crawl: timeout waiting for peer service readiness or peer responses
Oct 10 20:16:03 runnervmmprz5 zebrad-v6.4.2[2900]: 2026-10-10T20:16:03.513461Z  INFO zebrad::components::mempool::crawler: mempool crawl timed out: Elapsed(())
Oct 10 20:16:05 runnervmmprz5 zebrad-v6.4.2[2900]: 2026-10-10T20:16:05.154715Z  WARN zebrad::components::sync::progress: chain updates have stalled, state height has not increased for 50 minutes. Hint: check your network connection, and your computer clock and time zone sync_percent=99.538% current_height=Height(4382897) network_upgrade=Nu6_3 time_since_last_state_block=50m target_block_spacing=1m 15s max_block_spacing=7m 30s is_syncer_stopped=true
Oct 10 20:16:25 runnervmmprz5 zebrad-v6.4.2[2900]: 2026-10-10T20:16:25.526570Z  INFO sync:try_to_sync: zebrad::components::sync: starting sync, obtaining new tips state_tip=Some(Height(4382897))
Oct 10 20:17:02 runnervmmprz5 zebrad-v6.4.2[2900]: 2026-10-10T20:17:02.450637Z  INFO crawl_and_dial{new_peer_interval=61s}:crawl: zebra_network::peer_set::candidate_set::crawl: timeout waiting for peer service readiness or peer responses
Oct 10 20:17:05 runnervmmprz5 zebrad-v6.4.2[2900]: 2026-10-10T20:17:05.169493Z  WARN zebrad::components::sync::progress: chain updates have stalled, state height has not increased for 51 minutes. Hint: check your network connection, and your computer clock and time zone sync_percent=99.538% current_height=Height(4382897) network_upgrade=Nu6_3 time_since_last_state_block=51m target_block_spacing=1m 15s max_block_spacing=7m 30s is_syncer_stopped=true
Oct 10 20:17:32 runnervmmprz5 zebrad-v6.4.2[2900]: 2026-10-10T20:17:32.528613Z  INFO sync:try_to_sync: zebrad::components::sync: temporary error obtaining tips: deadline has elapsed
Oct 10 20:17:32 runnervmmprz5 zebrad-v6.4.2[2900]: 2026-10-10T20:17:32.528767Z  INFO sync: zebrad::components::sync: waiting to restart sync timeout=67s state_tip=Some(Height(4382897))
Oct 10 20:18:03 runnervmmprz5 zebrad-v6.4.2[2900]: 2026-10-10T20:18:03.452406Z  INFO crawl_and_dial{new_peer_interval=61s}:crawl: zebra_network::peer_set::candidate_set::crawl: timeout waiting for peer service readiness or peer responses
Oct 10 20:18:05 runnervmmprz5 zebrad-v6.4.2[2900]: 2026-10-10T20:18:05.182964Z  WARN zebrad::components::sync::progress: chain updates have stalled, state height has not increased for 52 minutes. Hint: check your network connection, and your computer clock and time zone sync_percent=99.538% current_height=Height(4382897) network_upgrade=Nu6_3 time_since_last_state_block=52m target_block_spacing=1m 15s max_block_spacing=7m 30s is_syncer_stopped=true
Oct 10 20:18:29 runnervmmprz5 zebrad-v6.4.2[2900]: 2026-10-10T20:18:29.515925Z  INFO zebrad::components::mempool::crawler: mempool crawl timed out: Elapsed(())
Oct 10 20:18:39 runnervmmprz5 zebrad-v6.4.2[2900]: 2026-10-10T20:18:39.529984Z  INFO sync:try_to_sync: zebrad::components::sync: starting sync, obtaining new tips state_tip=Some(Height(4382897))
Oct 10 20:19:04 runnervmmprz5 zebrad-v6.4.2[2900]: 2026-10-10T20:19:04.451410Z  INFO crawl_and_dial{new_peer_interval=61s}:crawl: zebra_network::peer_set::candidate_set::crawl: timeout waiting for peer service readiness or peer responses
Oct 10 20:19:05 runnervmmprz5 zebrad-v6.4.2[2900]: 2026-10-10T20:19:05.194665Z  WARN zebrad::components::sync::progress: chain updates have stalled, state height has not increased for 53 minutes. Hint: check your network connection, and your computer clock and time zone sync_percent=99.538% current_height=Height(4382897) network_upgrade=Nu6_3 time_since_last_state_block=53m target_block_spacing=1m 15s max_block_spacing=7m 30s is_syncer_stopped=true
Oct 10 20:19:46 runnervmmprz5 zebrad-v6.4.2[2900]: 2026-10-10T20:19:46.531298Z  INFO sync:try_to_sync: zebrad::components::sync: temporary error obtaining tips: deadline has elapsed
Oct 10 20:19:46 runnervmmprz5 zebrad-v6.4.2[2900]: 2026-10-10T20:19:46.531358Z  INFO sync: zebrad::components::sync: waiting to restart sync timeout=67s state_tip=Some(Height(4382897))
Oct 10 20:20:05 runnervmmprz5 zebrad-v6.4.2[2900]: 2026-10-10T20:20:05.210266Z  WARN zebrad::components::sync::progress: chain updates have stalled, state height has not increased for 54 minutes. Hint: check your network connection, and your computer clock and time zone sync_percent=99.538% current_height=Height(4382897) network_upgrade=Nu6_3 time_since_last_state_block=54m target_block_spacing=1m 15s max_block_spacing=7m 30s is_syncer_stopped=true
Oct 10 20:20:05 runnervmmprz5 zebrad-v6.4.2[2900]: 2026-10-10T20:20:05.450870Z  INFO crawl_and_dial{new_peer_interval=61s}:crawl: zebra_network::peer_set::candidate_set::crawl: timeout waiting for peer service readiness or peer responses
Oct 10 20:20:53 runnervmmprz5 zebrad-v6.4.2[2900]: 2026-10-10T20:20:53.532114Z  INFO sync:try_to_sync: zebrad::components::sync: starting sync, obtaining new tips state_tip=Some(Height(4382897))
Oct 10 20:20:55 runnervmmprz5 zebrad-v6.4.2[2900]: 2026-10-10T20:20:55.518360Z  INFO zebrad::components::mempool::crawler: mempool crawl timed out: Elapsed(())
Oct 10 20:21:05 runnervmmprz5 zebrad-v6.4.2[2900]: 2026-10-10T20:21:05.224487Z  WARN zebrad::components::sync::progress: chain updates have stalled, state height has not increased for 55 minutes. Hint: check your network connection, and your computer clock and time zone sync_percent=99.538% current_height=Height(4382897) network_upgrade=Nu6_3 time_since_last_state_block=55m target_block_spacing=1m 15s max_block_spacing=7m 30s is_syncer_stopped=true
Oct 10 20:21:06 runnervmmprz5 zebrad-v6.4.2[2900]: 2026-10-10T20:21:06.450609Z  INFO crawl_and_dial{new_peer_interval=61s}:crawl: zebra_network::peer_set::candidate_set::crawl: timeout waiting for peer service readiness or peer responses
Oct 10 20:22:00 runnervmmprz5 zebrad-v6.4.2[2900]: 2026-10-10T20:22:00.533082Z  INFO sync:try_to_sync: zebrad::components::sync: temporary error obtaining tips: deadline has elapsed
Oct 10 20:22:00 runnervmmprz5 zebrad-v6.4.2[2900]: 2026-10-10T20:22:00.533140Z  INFO sync: zebrad::components::sync: waiting to restart sync timeout=67s state_tip=Some(Height(4382897))
Oct 10 20:22:05 runnervmmprz5 zebrad-v6.4.2[2900]: 2026-10-10T20:22:05.239308Z  WARN zebrad::components::sync::progress: chain updates have stalled, state height has not increased for 56 minutes. Hint: check your network connection, and your computer clock and time zone sync_percent=99.538% current_height=Height(4382897) network_upgrade=Nu6_3 time_since_last_state_block=56m target_block_spacing=1m 15s max_block_spacing=7m 30s is_syncer_stopped=true
Oct 10 20:22:07 runnervmmprz5 zebrad-v6.4.2[2900]: 2026-10-10T20:22:07.450605Z  INFO crawl_and_dial{new_peer_interval=61s}:crawl: zebra_network::peer_set::candidate_set::crawl: timeout waiting for peer service readiness or peer responses
Oct 10 20:23:05 runnervmmprz5 zebrad-v6.4.2[2900]: 2026-10-10T20:23:05.253002Z  WARN zebrad::components::sync::progress: chain updates have stalled, state height has not increased for 57 minutes. Hint: check your network connection, and your computer clock and time zone sync_percent=99.538% current_height=Height(4382897) network_upgrade=Nu6_3 time_since_last_state_block=57m target_block_spacing=1m 15s max_block_spacing=7m 30s is_syncer_stopped=true
Oct 10 20:23:07 runnervmmprz5 zebrad-v6.4.2[2900]: 2026-10-10T20:23:07.534558Z  INFO sync:try_to_sync: zebrad::components::sync: starting sync, obtaining new tips state_tip=Some(Height(4382897))
Oct 10 20:23:08 runnervmmprz5 zebrad-v6.4.2[2900]: 2026-10-10T20:23:08.450743Z  INFO crawl_and_dial{new_peer_interval=61s}:crawl: zebra_network::peer_set::candidate_set::crawl: timeout waiting for peer service readiness or peer responses
Oct 10 20:23:21 runnervmmprz5 zebrad-v6.4.2[2900]: 2026-10-10T20:23:21.519633Z  INFO zebrad::components::mempool::crawler: mempool crawl timed out: Elapsed(())
Oct 10 20:24:05 runnervmmprz5 zebrad-v6.4.2[2900]: 2026-10-10T20:24:05.266202Z  WARN zebrad::components::sync::progress: chain updates have stalled, state height has not increased for 58 minutes. Hint: check your network connection, and your computer clock and time zone sync_percent=99.538% current_height=Height(4382897) network_upgrade=Nu6_3 time_since_last_state_block=58m target_block_spacing=1m 15s max_block_spacing=7m 30s is_syncer_stopped=true
Oct 10 20:24:09 runnervmmprz5 zebrad-v6.4.2[2900]: 2026-10-10T20:24:09.451537Z  INFO crawl_and_dial{new_peer_interval=61s}:crawl: zebra_network::peer_set::candidate_set::crawl: timeout waiting for peer service readiness or peer responses
Oct 10 20:24:14 runnervmmprz5 zebrad-v6.4.2[2900]: 2026-10-10T20:24:14.535928Z  INFO sync:try_to_sync: zebrad::components::sync: temporary error obtaining tips: deadline has elapsed
Oct 10 20:24:14 runnervmmprz5 zebrad-v6.4.2[2900]: 2026-10-10T20:24:14.535992Z  INFO sync: zebrad::components::sync: waiting to restart sync timeout=67s state_tip=Some(Height(4382897))
Oct 10 20:24:27 runnervmmprz5 systemd[1]: zebrad.service: Failed to set 'cpuset.cpus' attribute on '/system.slice/zebrad.service' to '': No space left on device
