Oct 10 19:29:17 runnervmmprz5 systemd[1]: Started zebrad.service - /opt/zbench/bin/zebrad-v6.4.2 -c /etc/zbench/zebrad.toml start.
Oct 10 19:29:17 runnervmmprz5 zebrad-v6.4.2[2721]: Thank you for running a testnet zebrad 6.4.2 node!
Oct 10 19:29:17 runnervmmprz5 zebrad-v6.4.2[2721]: You're helping to strengthen the network and contributing to a social good :)
Oct 10 19:29:17 runnervmmprz5 zebrad-v6.4.2[2721]: 2026-10-10T19:29:17.763845Z  INFO zebrad::components::tracing::component: started tracing component filter="info" TRACING_STATIC_MAX_LEVEL=LevelFilter::INFO LOG_STATIC_MAX_LEVEL=Info
Oct 10 19:29:17 runnervmmprz5 zebrad-v6.4.2[2721]: 2026-10-10T19:29:17.765801Z  INFO zebrad::components::tracing::component: installed sentry tracing layer
Oct 10 19:29:17 runnervmmprz5 zebrad-v6.4.2[2721]: 2026-10-10T19:29:17.765808Z  INFO zebrad::components::tracing::component: set 'tracing.progress_bar ="summary"' in zebrad.toml to activate progress bars
Oct 10 19:29:17 runnervmmprz5 zebrad-v6.4.2[2721]: 2026-10-10T19:29:17.765815Z  INFO zebrad::application: Diagnostic metadata:
Oct 10 19:29:17 runnervmmprz5 zebrad-v6.4.2[2721]: version: 6.4.2
Oct 10 19:29:17 runnervmmprz5 zebrad-v6.4.2[2721]: Zcash network: Testnet
Oct 10 19:29:17 runnervmmprz5 zebrad-v6.4.2[2721]: running state version: 28.0.0+indexer
Oct 10 19:29:17 runnervmmprz5 zebrad-v6.4.2[2721]: initial disk state version: 28.0.0
Oct 10 19:29:17 runnervmmprz5 zebrad-v6.4.2[2721]: features: default,default_release_binaries,howudoin,indexer,indicatif,metrics_exporter_prometheus,opentelemetry,progress_bar,prometheus,release_max_level_info,sentry
Oct 10 19:29:17 runnervmmprz5 zebrad-v6.4.2[2721]: branch: HEAD
Oct 10 19:29:17 runnervmmprz5 zebrad-v6.4.2[2721]: git commit: e3eef2f
Oct 10 19:29:17 runnervmmprz5 zebrad-v6.4.2[2721]: commit timestamp: 2026-09-25T19:37:34.000000000Z
Oct 10 19:29:17 runnervmmprz5 zebrad-v6.4.2[2721]: target triple: x86_64-unknown-linux-gnu
Oct 10 19:29:17 runnervmmprz5 zebrad-v6.4.2[2721]: rust compiler: 1.91.0
Oct 10 19:29:17 runnervmmprz5 zebrad-v6.4.2[2721]: rust release date: 2025-10-28
Oct 10 19:29:17 runnervmmprz5 zebrad-v6.4.2[2721]: optimization level: 3
Oct 10 19:29:17 runnervmmprz5 zebrad-v6.4.2[2721]: debug checks: true
Oct 10 19:29:17 runnervmmprz5 zebrad-v6.4.2[2721]: 2026-10-10T19:29:17.765821Z  INFO zebrad::application: Using config file at: "/etc/zbench/zebrad.toml"
Oct 10 19:29:17 runnervmmprz5 zebrad-v6.4.2[2721]: 2026-10-10T19:29:17.765824Z  INFO zebrad::application: ZebradConfig { consensus: Config { checkpoint_sync: true }, metrics: Config { endpoint_addr: Some(127.0.0.1:9101) }, network: Config { listen_addr: 127.0.0.1:8233, external_addr: None, network: Testnet, initial_mainnet_peers: {}, initial_testnet_peers: {}, cache_dir: IsEnabled(false), peerset_initial_target_size: 25, crawl_new_peer_interval: 61s, max_connections_per_ip: 1 }, state: Config { cache_dir: "/zbench/zebra", ephemeral: false, should_backup_non_finalized_state: true, delete_old_database: true, debug_stop_at_height: None, debug_validity_check_interval: None, debug_skip_non_finalized_state_backup_task: false }, tracing: Config { inner: InnerConfig { use_color: false, force_use_color: false, filter: None, buffer_limit: 128000, endpoint_addr: None, flamegraph: None, progress_bar: None, log_file: None, use_journald: false, opentelemetry_endpoint: None, opentelemetry_service_name: None, opentelemetry_sample_percent: None } }, sync: Config { download_concurrency_limit: 50, checkpoint_verify_concurrency_limit: 1000, full_verify_concurrency_limit: 20, parallel_cpu_threads: 0 }, mempool: Config { tx_cost_limit: 80000000, eviction_memory_time: 3600s, debug_enable_at_height: None, max_datacarrier_bytes: Some(83) }, notify: Config { block_notify_command: None }, rpc: Config { listen_addr: Some(127.0.0.1:8232), indexer_listen_addr: Some(127.0.0.1:8230), lightwalletd_listen_addr: None, parallel_cpu_threads: 0, debug_force_finished_sync: false, cookie_dir: "/zbench/zebra-cookie", enable_cookie_auth: true, max_response_body_size: 52428800 }, mining: Config { miner_address: None, extra_coinbase_data: None, miner_memo: None, internal_miner: false }, health: Config { listen_addr: None, min_connected_peers: 1, ready_max_blocks_behind: 2, enforce_on_test_networks: false, ready_max_tip_age: 300s }, zcashd_compat: Config { enabled: false, manage_zcashd: false, zcashd_source: Path, zcashd_path: None, zcashd_datadir: None, zcashd_extra_args: [], p2p_connect_addr: None, block_gossip_peer_ips: [], startup_delay: 1s, restart_backoff: 2s, restart_backoff_max: 300s, restart_reset_after: 3600s, shutdown_grace_period: 300s } }
Oct 10 19:29:17 runnervmmprz5 zebrad-v6.4.2[2721]: 2026-10-10T19:29:17.767325Z  INFO {zebrad="e3eef2f" net="Test"}: zebrad::application: initialized rayon thread pool for CPU-bound tasks num_threads=4
Oct 10 19:29:17 runnervmmprz5 zebrad-v6.4.2[2721]: 2026-10-10T19:29:17.768093Z  INFO {zebrad="e3eef2f" net="Test"}: zebrad::components::metrics: Trying to open metrics endpoint at 127.0.0.1:9101...
Oct 10 19:29:17 runnervmmprz5 zebrad-v6.4.2[2721]: 2026-10-10T19:29:17.769510Z  INFO {zebrad="e3eef2f" net="Test"}: zebrad::components::metrics: Opened metrics endpoint at 127.0.0.1:9101
Oct 10 19:29:17 runnervmmprz5 zebrad-v6.4.2[2721]: 2026-10-10T19:29:17.770231Z  INFO zebrad::commands::start: Starting zebrad
Oct 10 19:29:17 runnervmmprz5 zebrad-v6.4.2[2721]: 2026-10-10T19:29:17.771042Z  WARN zebrad::commands::start: TCP slow-start-after-idle is enabled, which resets TCP's congestion window between block requests and significantly reduces single-peer throughput for block propagation. Hint: set `net.ipv4.tcp_slow_start_after_idle=0` via sysctl. See https://zebra.zfnd.org/user/troubleshooting.html#linux-tcp-tuning-for-block-propagation setting="net.ipv4.tcp_slow_start_after_idle"
Oct 10 19:29:17 runnervmmprz5 zebrad-v6.4.2[2721]: 2026-10-10T19:29:17.771091Z  INFO zebrad::commands::start: initializing node state
Oct 10 19:29:17 runnervmmprz5 zebrad-v6.4.2[2721]: 2026-10-10T19:29:17.771379Z  INFO zebrad::commands::start: opening database, this may take a few minutes
Oct 10 19:29:17 runnervmmprz5 zebrad-v6.4.2[2721]: 2026-10-10T19:29:17.773707Z  INFO zebra_state::service::finalized_state::disk_format::upgrade: trying to open current database format running_version=28.0.0+indexer
Oct 10 19:29:19 runnervmmprz5 zebrad-v6.4.2[2721]: 2026-10-10T19:29:19.048795Z  INFO zebra_state::service::finalized_state::disk_db: Opened Zebra state cache at /zbench/zebra/state/v28/testnet
Oct 10 19:29:19 runnervmmprz5 zebrad-v6.4.2[2721]: 2026-10-10T19:29:19.050668Z  INFO zebra_state::service::finalized_state::disk_format::upgrade: checking database format produced by a previous zebra instance is current and valid running_version=28.0.0+indexer
Oct 10 19:29:19 runnervmmprz5 zebrad-v6.4.2[2721]: 2026-10-10T19:29:19.051016Z  INFO zebra_state::service::finalized_state::disk_format::upgrade: started checking/adding indexes for spending tx ids
Oct 10 19:29:19 runnervmmprz5 zebrad-v6.4.2[2721]: 2026-10-10T19:29:19.054546Z  INFO zebra_state::service::non_finalized_state: restoring non-finalized blocks from backup and spawning backup task backup_dir_path="/zbench/zebra/non_finalized_state/testnet"
Oct 10 19:29:19 runnervmmprz5 zebrad-v6.4.2[2721]: 2026-10-10T19:29:19.054906Z  INFO zebra_state::service::non_finalized_state: no blocks were restored from the non-finalized backup cache
Oct 10 19:29:19 runnervmmprz5 zebrad-v6.4.2[2721]: 2026-10-10T19:29:19.054940Z  INFO zebra_state::service: loaded Zebra state cache chain_tip=Some((block::Hash("00005894e6410b9d9524e38d725e6595ef4c8f85d4deb9e56b340751b0c3d678"), Height(4382897)))
Oct 10 19:29:19 runnervmmprz5 zebrad-v6.4.2[2721]: 2026-10-10T19:29:19.055913Z  INFO zebra_state::service: starting legacy chain check
Oct 10 19:29:19 runnervmmprz5 zebrad-v6.4.2[2721]: 2026-10-10T19:29:19.057517Z  INFO zebra_state::service: cached state consensus branch is valid: no legacy chain found
Oct 10 19:29:19 runnervmmprz5 zebrad-v6.4.2[2721]: 2026-10-10T19:29:19.057545Z  INFO zebrad::commands::start: logging database metrics on startup
Oct 10 19:29:19 runnervmmprz5 zebrad-v6.4.2[2721]: 2026-10-10T19:29:19.059584Z  INFO zebra_state::service::finalized_state::disk_db: Total Database Disk Size: 12.6 GB
Oct 10 19:29:19 runnervmmprz5 zebrad-v6.4.2[2721]: 2026-10-10T19:29:19.059604Z  INFO zebra_state::service::finalized_state::disk_db: Total Live Data Disk Size: 12.6 GB
Oct 10 19:29:19 runnervmmprz5 zebrad-v6.4.2[2721]: 2026-10-10T19:29:19.059608Z  INFO zebra_state::service::finalized_state::disk_db: Total Database Memory Size: 61.4 KB
Oct 10 19:29:19 runnervmmprz5 zebrad-v6.4.2[2721]: 2026-10-10T19:29:19.059624Z  INFO zebrad::commands::start: initializing network
Oct 10 19:29:19 runnervmmprz5 zebrad-v6.4.2[2721]: 2026-10-10T19:29:19.062077Z  INFO open_listener{addr=127.0.0.1:8233}: zebra_network::peer_set::initialize: Trying to open Zcash protocol endpoint at 127.0.0.1:8233...
Oct 10 19:29:19 runnervmmprz5 zebrad-v6.4.2[2721]: 2026-10-10T19:29:19.062138Z  INFO open_listener{addr=127.0.0.1:8233}: zebra_network::peer_set::initialize: Opened Zcash protocol endpoint at 127.0.0.1:8233
Oct 10 19:29:19 runnervmmprz5 zebrad-v6.4.2[2721]: 2026-10-10T19:29:19.063681Z  INFO zebra_network::address_book_updater: starting the address book updater
Oct 10 19:29:19 runnervmmprz5 zebrad-v6.4.2[2721]: 2026-10-10T19:29:19.064215Z  WARN add_initial_peers: zebra_network::config: no initial peers in the network config. Hint: you must configure at least one peer IP or DNS seeder to run Zebra, give it some previously cached peer IP addresses on disk, or make sure Zebra's listener port gets inbound connections.
Oct 10 19:29:19 runnervmmprz5 zebrad-v6.4.2[2721]: 2026-10-10T19:29:19.064448Z  INFO add_initial_peers: zebra_network::peer_set::initialize: connecting to initial peer set ipv4_peer_count=0 ipv6_peer_count=0
Oct 10 19:29:19 runnervmmprz5 zebrad-v6.4.2[2721]: 2026-10-10T19:29:19.064463Z  INFO add_initial_peers: zebra_network::peer_set::initialize: finished connecting to initial seed and disk cache peers handshake_success_total=0 handshake_error_total=0 outbound_connections=0
Oct 10 19:29:19 runnervmmprz5 zebrad-v6.4.2[2721]: 2026-10-10T19:29:19.064570Z  INFO zebra_network::peer_set::initialize: sending initial request for peers active_initial_peer_count=0
Oct 10 19:29:19 runnervmmprz5 zebrad-v6.4.2[2721]: 2026-10-10T19:29:19.064647Z  INFO zebrad::commands::start: initializing verifiers
Oct 10 19:29:19 runnervmmprz5 zebrad-v6.4.2[2721]: 2026-10-10T19:29:19.064710Z  INFO crawl_and_dial{new_peer_interval=61s}: zebra_network::peer_set::initialize: starting the peer address crawler crawl_new_peer_interval=61s outbound_connections=0
Oct 10 19:29:19 runnervmmprz5 zebrad-v6.4.2[2721]: 2026-10-10T19:29:19.064778Z  INFO init{config=Config { checkpoint_sync: true } network=Testnet}: zebra_consensus::router: starting state checkpoint validation
Oct 10 19:29:19 runnervmmprz5 zebrad-v6.4.2[2721]: 2026-10-10T19:29:19.065736Z  INFO init{config=Config { checkpoint_sync: true } network=Testnet}: zebra_consensus::router: initializing block verifier router tip=Some((Height(4382897), block::Hash("00005894e6410b9d9524e38d725e6595ef4c8f85d4deb9e56b340751b0c3d678"))) max_checkpoint_height=Height(4359385)
Oct 10 19:29:19 runnervmmprz5 zebrad-v6.4.2[2721]: 2026-10-10T19:29:19.066109Z  INFO zebrad::commands::start: initializing syncer
Oct 10 19:29:19 runnervmmprz5 zebrad-v6.4.2[2721]: 2026-10-10T19:29:19.066337Z  INFO zebrad::commands::start: initializing mempool
Oct 10 19:29:19 runnervmmprz5 zebrad-v6.4.2[2721]: 2026-10-10T19:29:19.066513Z  INFO zebrad::commands::start: fully initializing inbound peer request handler
Oct 10 19:29:19 runnervmmprz5 zebrad-v6.4.2[2721]: 2026-10-10T19:29:19.070501Z  INFO zebra_rpc::server::cookie: RPC auth cookie written to disk
Oct 10 19:29:19 runnervmmprz5 zebrad-v6.4.2[2721]: 2026-10-10T19:29:19.070539Z  INFO zebra_rpc::server: Opened RPC endpoint at 127.0.0.1:8232
Oct 10 19:29:19 runnervmmprz5 zebrad-v6.4.2[2721]: 2026-10-10T19:29:19.070557Z  INFO zebrad::commands::start: spawning indexer RPC server
Oct 10 19:29:19 runnervmmprz5 zebrad-v6.4.2[2721]: 2026-10-10T19:29:19.071720Z  INFO init: zebra_rpc::indexer::server: Trying to open indexer RPC endpoint at 127.0.0.1:8230...
Oct 10 19:29:19 runnervmmprz5 zebrad-v6.4.2[2721]: 2026-10-10T19:29:19.071750Z  INFO init: zebra_rpc::indexer::server: Opened RPC endpoint at 127.0.0.1:8230
Oct 10 19:29:19 runnervmmprz5 zebrad-v6.4.2[2721]: 2026-10-10T19:29:19.071930Z  INFO zebrad::commands::start: spawning block gossip task
Oct 10 19:29:19 runnervmmprz5 zebrad-v6.4.2[2721]: 2026-10-10T19:29:19.071938Z  INFO zebrad::commands::start: spawning block notify task
Oct 10 19:29:19 runnervmmprz5 zebrad-v6.4.2[2721]: 2026-10-10T19:29:19.071942Z  INFO zebrad::commands::start: spawning mempool queue checker task
Oct 10 19:29:19 runnervmmprz5 zebrad-v6.4.2[2721]: 2026-10-10T19:29:19.071945Z  INFO zebrad::commands::start: spawning mempool transaction gossip task
Oct 10 19:29:19 runnervmmprz5 zebrad-v6.4.2[2721]: 2026-10-10T19:29:19.071949Z  INFO zebrad::commands::start: spawning delete old databases task
Oct 10 19:29:19 runnervmmprz5 zebrad-v6.4.2[2721]: 2026-10-10T19:29:19.071955Z  INFO zebrad::commands::start: spawning progress logging task
Oct 10 19:29:19 runnervmmprz5 zebrad-v6.4.2[2721]: 2026-10-10T19:29:19.071948Z  INFO zebrad::components::sync::gossip: initializing block gossip task
Oct 10 19:29:19 runnervmmprz5 zebrad-v6.4.2[2721]: 2026-10-10T19:29:19.071959Z  INFO zebrad::commands::start: initializing health endpoints
Oct 10 19:29:19 runnervmmprz5 zebrad-v6.4.2[2721]: 2026-10-10T19:29:19.071965Z  INFO zebrad::commands::start: spawning end of support checking task
Oct 10 19:29:19 runnervmmprz5 zebrad-v6.4.2[2721]: 2026-10-10T19:29:19.071974Z  INFO zebrad::commands::start: spawning mempool crawler task
Oct 10 19:29:19 runnervmmprz5 zebrad-v6.4.2[2721]: 2026-10-10T19:29:19.071978Z  INFO zebrad::commands::start: spawning syncer task
Oct 10 19:29:19 runnervmmprz5 zebrad-v6.4.2[2721]: 2026-10-10T19:29:19.071984Z  INFO zebrad::commands::start: spawned initial Zebra tasks
Oct 10 19:29:19 runnervmmprz5 zebrad-v6.4.2[2721]: 2026-10-10T19:29:19.071990Z  INFO zebrad::components::mempool::queue_checker: initializing mempool queue checker task
Oct 10 19:29:19 runnervmmprz5 zebrad-v6.4.2[2721]: 2026-10-10T19:29:19.071989Z  INFO zebra_state::config: checking for old database versions db_kind="state"
Oct 10 19:29:19 runnervmmprz5 zebrad-v6.4.2[2721]: 2026-10-10T19:29:19.071997Z  INFO zebrad::components::mempool::gossip: initializing transaction gossip task
Oct 10 19:29:19 runnervmmprz5 zebrad-v6.4.2[2721]: 2026-10-10T19:29:19.072035Z  INFO zebra_state::config: finished old database version cleanup task
Oct 10 19:29:19 runnervmmprz5 zebrad-v6.4.2[2721]: 2026-10-10T19:29:19.073032Z  INFO zebrad::components::sync::end_of_support: Starting end of support task
Oct 10 19:29:19 runnervmmprz5 zebrad-v6.4.2[2721]: 2026-10-10T19:29:19.073218Z  WARN zebrad::components::sync::progress: chain tip metrics channel closed err=SendError { .. }
Oct 10 19:29:19 runnervmmprz5 zebrad-v6.4.2[2721]: 2026-10-10T19:29:19.073278Z  INFO zebrad::components::mempool::crawler: initializing mempool crawler task
Oct 10 19:29:19 runnervmmprz5 zebrad-v6.4.2[2721]: 2026-10-10T19:29:19.073784Z  INFO sync:try_to_sync: zebrad::components::sync: starting sync, obtaining new tips state_tip=Some(Height(4382897))
Oct 10 19:29:19 runnervmmprz5 zebrad-v6.4.2[2721]: 2026-10-10T19:29:19.969115Z  INFO init{config=Config { checkpoint_sync: true } network=Testnet}: zebra_consensus::router: finished state checkpoint validation
Oct 10 19:29:25 runnervmmprz5 zebrad-v6.4.2[2721]: 2026-10-10T19:29:25.086019Z  INFO sync:try_to_sync: zebrad::components::sync: exhausted prospective tip set
Oct 10 19:29:25 runnervmmprz5 zebrad-v6.4.2[2721]: 2026-10-10T19:29:25.086066Z  INFO sync: zebrad::components::sync: waiting to restart sync timeout=67s state_tip=Some(Height(4382897))
Oct 10 19:29:26 runnervmmprz5 zebrad-v6.4.2[2721]: 2026-10-10T19:29:26.074433Z  INFO zebrad::components::sync::gossip: height=Height(4382897) request=AdvertiseBlock(block::Hash("00005894e6410b9d9524e38d725e6595ef4c8f85d4deb9e56b340751b0c3d678"), None) log_msg="sending committed block broadcast"
Oct 10 19:29:29 runnervmmprz5 zebrad-v6.4.2[2721]: 2026-10-10T19:29:29.074308Z  INFO zebrad::components::sync::end_of_support: Release always valid in Testnet
Oct 10 19:29:29 runnervmmprz5 zebrad-v6.4.2[2721]: 2026-10-10T19:29:29.075776Z  INFO zebrad::components::mempool: activating mempool: Zebra is close to the tip tip_height=Height(4382897)
Oct 10 19:30:19 runnervmmprz5 zebrad-v6.4.2[2721]: 2026-10-10T19:30:19.085869Z  INFO zebrad::components::sync::progress: initial sync is very slow, or estimated tip is wrong. Hint: check your network connection, and your computer clock and time zone sync_percent=99.539% current_height=Height(4382897) network_upgrade=Nu6_3 remaining_sync_blocks=20291 after_checkpoint_height=Height(4360395) time_since_last_state_block=1m
Oct 10 19:30:20 runnervmmprz5 zebrad-v6.4.2[2721]: 2026-10-10T19:30:20.067635Z  INFO crawl_and_dial{new_peer_interval=61s}:crawl: zebra_network::peer_set::candidate_set::crawl: timeout waiting for peer service readiness or peer responses
Oct 10 19:30:23 runnervmmprz5 zebrad-v6.4.2[2721]: 2026-10-10T19:30:23.843627Z  INFO zebra_state::service::finalized_state::disk_format::upgrade: finished checking/adding indexes for spending tx ids
Oct 10 19:30:27 runnervmmprz5 zebrad-v6.4.2[2721]: 2026-10-10T19:30:27.557872Z  INFO zebra_state::service::finalized_state::disk_format::upgrade: database format is valid running_version=28.0.0+indexer initial_disk_version=28.0.0+indexer
Oct 10 19:30:32 runnervmmprz5 zebrad-v6.4.2[2721]: 2026-10-10T19:30:32.087222Z  INFO sync:try_to_sync: zebrad::components::sync: starting sync, obtaining new tips state_tip=Some(Height(4382897))
Oct 10 19:30:38 runnervmmprz5 zebrad-v6.4.2[2721]: 2026-10-10T19:30:38.087962Z  INFO zebrad::components::mempool::crawler: mempool crawl timed out: Elapsed(())
Oct 10 19:31:19 runnervmmprz5 zebrad-v6.4.2[2721]: 2026-10-10T19:31:19.097323Z  INFO zebrad::components::sync::progress: initial sync is very slow, or estimated tip is wrong. Hint: check your network connection, and your computer clock and time zone sync_percent=99.539% current_height=Height(4382897) network_upgrade=Nu6_3 remaining_sync_blocks=20292 after_checkpoint_height=Height(4360395) time_since_last_state_block=2m
Oct 10 19:31:29 runnervmmprz5 zebrad-v6.4.2[2721]: 2026-10-10T19:31:29.068007Z  INFO crawl_and_dial{new_peer_interval=61s}:crawl: zebra_network::peer_set::candidate_set::crawl: timeout waiting for peer service readiness or peer responses
Oct 10 19:31:39 runnervmmprz5 zebrad-v6.4.2[2721]: 2026-10-10T19:31:39.088240Z  INFO sync:try_to_sync: zebrad::components::sync: temporary error obtaining tips: deadline has elapsed
Oct 10 19:31:39 runnervmmprz5 zebrad-v6.4.2[2721]: 2026-10-10T19:31:39.088292Z  INFO sync: zebrad::components::sync: waiting to restart sync timeout=67s state_tip=Some(Height(4382897))
Oct 10 19:32:19 runnervmmprz5 zebrad-v6.4.2[2721]: 2026-10-10T19:32:19.112421Z  INFO zebrad::components::sync::progress: initial sync is very slow, or estimated tip is wrong. Hint: check your network connection, and your computer clock and time zone sync_percent=99.539% current_height=Height(4382897) network_upgrade=Nu6_3 remaining_sync_blocks=20293 after_checkpoint_height=Height(4360395) time_since_last_state_block=3m
Oct 10 19:32:30 runnervmmprz5 zebrad-v6.4.2[2721]: 2026-10-10T19:32:30.066465Z  INFO crawl_and_dial{new_peer_interval=61s}:crawl: zebra_network::peer_set::candidate_set::crawl: timeout waiting for peer service readiness or peer responses
Oct 10 19:32:46 runnervmmprz5 zebrad-v6.4.2[2721]: 2026-10-10T19:32:46.089362Z  INFO sync:try_to_sync: zebrad::components::sync: starting sync, obtaining new tips state_tip=Some(Height(4382897))
Oct 10 19:33:04 runnervmmprz5 zebrad-v6.4.2[2721]: 2026-10-10T19:33:04.090182Z  INFO zebrad::components::mempool::crawler: mempool crawl timed out: Elapsed(())
Oct 10 19:33:19 runnervmmprz5 zebrad-v6.4.2[2721]: 2026-10-10T19:33:19.126851Z  INFO zebrad::components::sync::progress: initial sync is very slow, or estimated tip is wrong. Hint: check your network connection, and your computer clock and time zone sync_percent=99.539% current_height=Height(4382897) network_upgrade=Nu6_3 remaining_sync_blocks=20294 after_checkpoint_height=Height(4360395) time_since_last_state_block=4m
Oct 10 19:33:31 runnervmmprz5 zebrad-v6.4.2[2721]: 2026-10-10T19:33:31.066119Z  INFO crawl_and_dial{new_peer_interval=61s}:crawl: zebra_network::peer_set::candidate_set::crawl: timeout waiting for peer service readiness or peer responses
Oct 10 19:33:53 runnervmmprz5 zebrad-v6.4.2[2721]: 2026-10-10T19:33:53.090103Z  INFO sync:try_to_sync: zebrad::components::sync: temporary error obtaining tips: deadline has elapsed
Oct 10 19:33:53 runnervmmprz5 zebrad-v6.4.2[2721]: 2026-10-10T19:33:53.090180Z  INFO sync: zebrad::components::sync: waiting to restart sync timeout=67s state_tip=Some(Height(4382897))
Oct 10 19:34:19 runnervmmprz5 zebrad-v6.4.2[2721]: 2026-10-10T19:34:19.138901Z  INFO zebrad::components::sync::progress: initial sync is very slow, or estimated tip is wrong. Hint: check your network connection, and your computer clock and time zone sync_percent=99.539% current_height=Height(4382897) network_upgrade=Nu6_3 remaining_sync_blocks=20295 after_checkpoint_height=Height(4360395) time_since_last_state_block=5m
Oct 10 19:34:32 runnervmmprz5 zebrad-v6.4.2[2721]: 2026-10-10T19:34:32.067265Z  INFO crawl_and_dial{new_peer_interval=61s}:crawl: zebra_network::peer_set::candidate_set::crawl: timeout waiting for peer service readiness or peer responses
Oct 10 19:35:00 runnervmmprz5 zebrad-v6.4.2[2721]: 2026-10-10T19:35:00.091259Z  INFO sync:try_to_sync: zebrad::components::sync: starting sync, obtaining new tips state_tip=Some(Height(4382897))
Oct 10 19:35:19 runnervmmprz5 zebrad-v6.4.2[2721]: 2026-10-10T19:35:19.150787Z  INFO zebrad::components::sync::progress: initial sync is very slow, or estimated tip is wrong. Hint: check your network connection, and your computer clock and time zone sync_percent=99.539% current_height=Height(4382897) network_upgrade=Nu6_3 remaining_sync_blocks=20295 after_checkpoint_height=Height(4360395) time_since_last_state_block=6m
Oct 10 19:35:30 runnervmmprz5 zebrad-v6.4.2[2721]: 2026-10-10T19:35:30.092302Z  INFO zebrad::components::mempool::crawler: mempool crawl timed out: Elapsed(())
Oct 10 19:35:33 runnervmmprz5 zebrad-v6.4.2[2721]: 2026-10-10T19:35:33.066516Z  INFO crawl_and_dial{new_peer_interval=61s}:crawl: zebra_network::peer_set::candidate_set::crawl: timeout waiting for peer service readiness or peer responses
Oct 10 19:36:07 runnervmmprz5 zebrad-v6.4.2[2721]: 2026-10-10T19:36:07.092761Z  INFO sync:try_to_sync: zebrad::components::sync: temporary error obtaining tips: deadline has elapsed
Oct 10 19:36:07 runnervmmprz5 zebrad-v6.4.2[2721]: 2026-10-10T19:36:07.092812Z  INFO sync: zebrad::components::sync: waiting to restart sync timeout=67s state_tip=Some(Height(4382897))
Oct 10 19:36:19 runnervmmprz5 zebrad-v6.4.2[2721]: 2026-10-10T19:36:19.163094Z  INFO zebrad::components::sync::progress: initial sync is very slow, or estimated tip is wrong. Hint: check your network connection, and your computer clock and time zone sync_percent=99.539% current_height=Height(4382897) network_upgrade=Nu6_3 remaining_sync_blocks=20296 after_checkpoint_height=Height(4360395) time_since_last_state_block=7m
Oct 10 19:36:34 runnervmmprz5 zebrad-v6.4.2[2721]: 2026-10-10T19:36:34.066986Z  INFO crawl_and_dial{new_peer_interval=61s}:crawl: zebra_network::peer_set::candidate_set::crawl: timeout waiting for peer service readiness or peer responses
Oct 10 19:37:14 runnervmmprz5 zebrad-v6.4.2[2721]: 2026-10-10T19:37:14.093457Z  INFO sync:try_to_sync: zebrad::components::sync: starting sync, obtaining new tips state_tip=Some(Height(4382897))
Oct 10 19:37:19 runnervmmprz5 zebrad-v6.4.2[2721]: 2026-10-10T19:37:19.176716Z  INFO zebrad::components::sync::progress: initial sync is very slow, or estimated tip is wrong. Hint: check your network connection, and your computer clock and time zone sync_percent=99.539% current_height=Height(4382897) network_upgrade=Nu6_3 remaining_sync_blocks=20297 after_checkpoint_height=Height(4360395) time_since_last_state_block=8m
Oct 10 19:37:35 runnervmmprz5 zebrad-v6.4.2[2721]: 2026-10-10T19:37:35.066737Z  INFO crawl_and_dial{new_peer_interval=61s}:crawl: zebra_network::peer_set::candidate_set::crawl: timeout waiting for peer service readiness or peer responses
Oct 10 19:37:56 runnervmmprz5 zebrad-v6.4.2[2721]: 2026-10-10T19:37:56.094904Z  INFO zebrad::components::mempool::crawler: mempool crawl timed out: Elapsed(())
Oct 10 19:38:19 runnervmmprz5 zebrad-v6.4.2[2721]: 2026-10-10T19:38:19.188542Z  INFO zebrad::components::sync::progress: initial sync is very slow, or estimated tip is wrong. Hint: check your network connection, and your computer clock and time zone sync_percent=99.539% current_height=Height(4382897) network_upgrade=Nu6_3 remaining_sync_blocks=20298 after_checkpoint_height=Height(4360395) time_since_last_state_block=9m
Oct 10 19:38:21 runnervmmprz5 zebrad-v6.4.2[2721]: 2026-10-10T19:38:21.094112Z  INFO sync:try_to_sync: zebrad::components::sync: temporary error obtaining tips: deadline has elapsed
Oct 10 19:38:21 runnervmmprz5 zebrad-v6.4.2[2721]: 2026-10-10T19:38:21.094173Z  INFO sync: zebrad::components::sync: waiting to restart sync timeout=67s state_tip=Some(Height(4382897))
Oct 10 19:38:36 runnervmmprz5 zebrad-v6.4.2[2721]: 2026-10-10T19:38:36.066177Z  INFO crawl_and_dial{new_peer_interval=61s}:crawl: zebra_network::peer_set::candidate_set::crawl: timeout waiting for peer service readiness or peer responses
Oct 10 19:39:19 runnervmmprz5 zebrad-v6.4.2[2721]: 2026-10-10T19:39:19.203497Z  INFO zebrad::components::sync::progress: initial sync is very slow, or estimated tip is wrong. Hint: check your network connection, and your computer clock and time zone sync_percent=99.539% current_height=Height(4382897) network_upgrade=Nu6_3 remaining_sync_blocks=20299 after_checkpoint_height=Height(4360395) time_since_last_state_block=10m
Oct 10 19:39:28 runnervmmprz5 zebrad-v6.4.2[2721]: 2026-10-10T19:39:28.095509Z  INFO sync:try_to_sync: zebrad::components::sync: starting sync, obtaining new tips state_tip=Some(Height(4382897))
Oct 10 19:39:37 runnervmmprz5 zebrad-v6.4.2[2721]: 2026-10-10T19:39:37.066696Z  INFO crawl_and_dial{new_peer_interval=61s}:crawl: zebra_network::peer_set::candidate_set::crawl: timeout waiting for peer service readiness or peer responses
Oct 10 19:40:19 runnervmmprz5 zebrad-v6.4.2[2721]: 2026-10-10T19:40:19.216197Z  INFO zebrad::components::sync::progress: initial sync is very slow, or estimated tip is wrong. Hint: check your network connection, and your computer clock and time zone sync_percent=99.539% current_height=Height(4382897) network_upgrade=Nu6_3 remaining_sync_blocks=20299 after_checkpoint_height=Height(4360395) time_since_last_state_block=11m
Oct 10 19:40:22 runnervmmprz5 zebrad-v6.4.2[2721]: 2026-10-10T19:40:22.096091Z  INFO zebrad::components::mempool::crawler: mempool crawl timed out: Elapsed(())
Oct 10 19:40:35 runnervmmprz5 zebrad-v6.4.2[2721]: 2026-10-10T19:40:35.096091Z  INFO sync:try_to_sync: zebrad::components::sync: temporary error obtaining tips: deadline has elapsed
Oct 10 19:40:35 runnervmmprz5 zebrad-v6.4.2[2721]: 2026-10-10T19:40:35.096141Z  INFO sync: zebrad::components::sync: waiting to restart sync timeout=67s state_tip=Some(Height(4382897))
Oct 10 19:40:38 runnervmmprz5 zebrad-v6.4.2[2721]: 2026-10-10T19:40:38.066097Z  INFO crawl_and_dial{new_peer_interval=61s}:crawl: zebra_network::peer_set::candidate_set::crawl: timeout waiting for peer service readiness or peer responses
Oct 10 19:41:19 runnervmmprz5 zebrad-v6.4.2[2721]: 2026-10-10T19:41:19.231225Z  INFO zebrad::components::sync::progress: initial sync is very slow, or estimated tip is wrong. Hint: check your network connection, and your computer clock and time zone sync_percent=99.539% current_height=Height(4382897) network_upgrade=Nu6_3 remaining_sync_blocks=20300 after_checkpoint_height=Height(4360395) time_since_last_state_block=12m
Oct 10 19:41:39 runnervmmprz5 zebrad-v6.4.2[2721]: 2026-10-10T19:41:39.066088Z  INFO crawl_and_dial{new_peer_interval=61s}:crawl: zebra_network::peer_set::candidate_set::crawl: timeout waiting for peer service readiness or peer responses
Oct 10 19:41:42 runnervmmprz5 zebrad-v6.4.2[2721]: 2026-10-10T19:41:42.097290Z  INFO sync:try_to_sync: zebrad::components::sync: starting sync, obtaining new tips state_tip=Some(Height(4382897))
Oct 10 19:42:19 runnervmmprz5 zebrad-v6.4.2[2721]: 2026-10-10T19:42:19.244221Z  INFO zebrad::components::sync::progress: initial sync is very slow, or estimated tip is wrong. Hint: check your network connection, and your computer clock and time zone sync_percent=99.539% current_height=Height(4382897) network_upgrade=Nu6_3 remaining_sync_blocks=20301 after_checkpoint_height=Height(4360395) time_since_last_state_block=13m
Oct 10 19:42:40 runnervmmprz5 zebrad-v6.4.2[2721]: 2026-10-10T19:42:40.067060Z  INFO crawl_and_dial{new_peer_interval=61s}:crawl: zebra_network::peer_set::candidate_set::crawl: timeout waiting for peer service readiness or peer responses
Oct 10 19:42:48 runnervmmprz5 zebrad-v6.4.2[2721]: 2026-10-10T19:42:48.098865Z  INFO zebrad::components::mempool::crawler: mempool crawl timed out: Elapsed(())
Oct 10 19:42:49 runnervmmprz5 zebrad-v6.4.2[2721]: 2026-10-10T19:42:49.098913Z  INFO sync:try_to_sync: zebrad::components::sync: temporary error obtaining tips: deadline has elapsed
Oct 10 19:42:49 runnervmmprz5 zebrad-v6.4.2[2721]: 2026-10-10T19:42:49.098972Z  INFO sync: zebrad::components::sync: waiting to restart sync timeout=67s state_tip=Some(Height(4382897))
Oct 10 19:43:19 runnervmmprz5 zebrad-v6.4.2[2721]: 2026-10-10T19:43:19.257856Z  INFO zebrad::components::sync::progress: initial sync is very slow, or estimated tip is wrong. Hint: check your network connection, and your computer clock and time zone sync_percent=99.539% current_height=Height(4382897) network_upgrade=Nu6_3 remaining_sync_blocks=20302 after_checkpoint_height=Height(4360395) time_since_last_state_block=14m
Oct 10 19:43:41 runnervmmprz5 zebrad-v6.4.2[2721]: 2026-10-10T19:43:41.067716Z  INFO crawl_and_dial{new_peer_interval=61s}:crawl: zebra_network::peer_set::candidate_set::crawl: timeout waiting for peer service readiness or peer responses
Oct 10 19:43:56 runnervmmprz5 zebrad-v6.4.2[2721]: 2026-10-10T19:43:56.100533Z  INFO sync:try_to_sync: zebrad::components::sync: starting sync, obtaining new tips state_tip=Some(Height(4382897))
Oct 10 19:44:19 runnervmmprz5 zebrad-v6.4.2[2721]: 2026-10-10T19:44:19.274453Z  WARN zebrad::components::sync::progress: chain updates have stalled, state height has not increased for 15 minutes. Hint: check your network connection, and your computer clock and time zone sync_percent=99.539% current_height=Height(4382897) network_upgrade=Nu6_3 time_since_last_state_block=15m target_block_spacing=1m 15s max_block_spacing=7m 30s is_syncer_stopped=true
Oct 10 19:44:42 runnervmmprz5 zebrad-v6.4.2[2721]: 2026-10-10T19:44:42.066986Z  INFO crawl_and_dial{new_peer_interval=61s}:crawl: zebra_network::peer_set::candidate_set::crawl: timeout waiting for peer service readiness or peer responses
Oct 10 19:45:03 runnervmmprz5 zebrad-v6.4.2[2721]: 2026-10-10T19:45:03.101579Z  INFO sync:try_to_sync: zebrad::components::sync: temporary error obtaining tips: deadline has elapsed
Oct 10 19:45:03 runnervmmprz5 zebrad-v6.4.2[2721]: 2026-10-10T19:45:03.101647Z  INFO sync: zebrad::components::sync: waiting to restart sync timeout=67s state_tip=Some(Height(4382897))
Oct 10 19:45:14 runnervmmprz5 zebrad-v6.4.2[2721]: 2026-10-10T19:45:14.100986Z  INFO zebrad::components::mempool::crawler: mempool crawl timed out: Elapsed(())
Oct 10 19:45:19 runnervmmprz5 zebrad-v6.4.2[2721]: 2026-10-10T19:45:19.286362Z  WARN zebrad::components::sync::progress: chain updates have stalled, state height has not increased for 16 minutes. Hint: check your network connection, and your computer clock and time zone sync_percent=99.539% current_height=Height(4382897) network_upgrade=Nu6_3 time_since_last_state_block=16m target_block_spacing=1m 15s max_block_spacing=7m 30s is_syncer_stopped=true
Oct 10 19:45:43 runnervmmprz5 zebrad-v6.4.2[2721]: 2026-10-10T19:45:43.066467Z  INFO crawl_and_dial{new_peer_interval=61s}:crawl: zebra_network::peer_set::candidate_set::crawl: timeout waiting for peer service readiness or peer responses
Oct 10 19:46:10 runnervmmprz5 zebrad-v6.4.2[2721]: 2026-10-10T19:46:10.102220Z  INFO sync:try_to_sync: zebrad::components::sync: starting sync, obtaining new tips state_tip=Some(Height(4382897))
Oct 10 19:46:19 runnervmmprz5 zebrad-v6.4.2[2721]: 2026-10-10T19:46:19.300513Z  WARN zebrad::components::sync::progress: chain updates have stalled, state height has not increased for 17 minutes. Hint: check your network connection, and your computer clock and time zone sync_percent=99.539% current_height=Height(4382897) network_upgrade=Nu6_3 time_since_last_state_block=17m target_block_spacing=1m 15s max_block_spacing=7m 30s is_syncer_stopped=true
Oct 10 19:46:44 runnervmmprz5 zebrad-v6.4.2[2721]: 2026-10-10T19:46:44.067516Z  INFO crawl_and_dial{new_peer_interval=61s}:crawl: zebra_network::peer_set::candidate_set::crawl: timeout waiting for peer service readiness or peer responses
Oct 10 19:47:17 runnervmmprz5 zebrad-v6.4.2[2721]: 2026-10-10T19:47:17.103291Z  INFO sync:try_to_sync: zebrad::components::sync: temporary error obtaining tips: deadline has elapsed
Oct 10 19:47:17 runnervmmprz5 zebrad-v6.4.2[2721]: 2026-10-10T19:47:17.103345Z  INFO sync: zebrad::components::sync: waiting to restart sync timeout=67s state_tip=Some(Height(4382897))
Oct 10 19:47:19 runnervmmprz5 zebrad-v6.4.2[2721]: 2026-10-10T19:47:19.317216Z  WARN zebrad::components::sync::progress: chain updates have stalled, state height has not increased for 18 minutes. Hint: check your network connection, and your computer clock and time zone sync_percent=99.539% current_height=Height(4382897) network_upgrade=Nu6_3 time_since_last_state_block=18m target_block_spacing=1m 15s max_block_spacing=7m 30s is_syncer_stopped=true
Oct 10 19:47:40 runnervmmprz5 zebrad-v6.4.2[2721]: 2026-10-10T19:47:40.103961Z  INFO zebrad::components::mempool::crawler: mempool crawl timed out: Elapsed(())
Oct 10 19:47:45 runnervmmprz5 zebrad-v6.4.2[2721]: 2026-10-10T19:47:45.066180Z  INFO crawl_and_dial{new_peer_interval=61s}:crawl: zebra_network::peer_set::candidate_set::crawl: timeout waiting for peer service readiness or peer responses
Oct 10 19:48:19 runnervmmprz5 zebrad-v6.4.2[2721]: 2026-10-10T19:48:19.330285Z  WARN zebrad::components::sync::progress: chain updates have stalled, state height has not increased for 19 minutes. Hint: check your network connection, and your computer clock and time zone sync_percent=99.539% current_height=Height(4382897) network_upgrade=Nu6_3 time_since_last_state_block=19m target_block_spacing=1m 15s max_block_spacing=7m 30s is_syncer_stopped=true
Oct 10 19:48:24 runnervmmprz5 zebrad-v6.4.2[2721]: 2026-10-10T19:48:24.104675Z  INFO sync:try_to_sync: zebrad::components::sync: starting sync, obtaining new tips state_tip=Some(Height(4382897))
Oct 10 19:48:46 runnervmmprz5 zebrad-v6.4.2[2721]: 2026-10-10T19:48:46.066555Z  INFO crawl_and_dial{new_peer_interval=61s}:crawl: zebra_network::peer_set::candidate_set::crawl: timeout waiting for peer service readiness or peer responses
Oct 10 19:49:19 runnervmmprz5 zebrad-v6.4.2[2721]: 2026-10-10T19:49:19.344425Z  WARN zebrad::components::sync::progress: chain updates have stalled, state height has not increased for 20 minutes. Hint: check your network connection, and your computer clock and time zone sync_percent=99.539% current_height=Height(4382897) network_upgrade=Nu6_3 time_since_last_state_block=20m target_block_spacing=1m 15s max_block_spacing=7m 30s is_syncer_stopped=true
Oct 10 19:49:31 runnervmmprz5 zebrad-v6.4.2[2721]: 2026-10-10T19:49:31.105645Z  INFO sync:try_to_sync: zebrad::components::sync: temporary error obtaining tips: deadline has elapsed
Oct 10 19:49:31 runnervmmprz5 zebrad-v6.4.2[2721]: 2026-10-10T19:49:31.105702Z  INFO sync: zebrad::components::sync: waiting to restart sync timeout=67s state_tip=Some(Height(4382897))
Oct 10 19:49:47 runnervmmprz5 zebrad-v6.4.2[2721]: 2026-10-10T19:49:47.068076Z  INFO crawl_and_dial{new_peer_interval=61s}:crawl: zebra_network::peer_set::candidate_set::crawl: timeout waiting for peer service readiness or peer responses
Oct 10 19:50:06 runnervmmprz5 zebrad-v6.4.2[2721]: 2026-10-10T19:50:06.106601Z  INFO zebrad::components::mempool::crawler: mempool crawl timed out: Elapsed(())
Oct 10 19:50:19 runnervmmprz5 zebrad-v6.4.2[2721]: 2026-10-10T19:50:19.359340Z  WARN zebrad::components::sync::progress: chain updates have stalled, state height has not increased for 21 minutes. Hint: check your network connection, and your computer clock and time zone sync_percent=99.539% current_height=Height(4382897) network_upgrade=Nu6_3 time_since_last_state_block=21m target_block_spacing=1m 15s max_block_spacing=7m 30s is_syncer_stopped=true
Oct 10 19:50:38 runnervmmprz5 zebrad-v6.4.2[2721]: 2026-10-10T19:50:38.106904Z  INFO sync:try_to_sync: zebrad::components::sync: starting sync, obtaining new tips state_tip=Some(Height(4382897))
Oct 10 19:50:48 runnervmmprz5 zebrad-v6.4.2[2721]: 2026-10-10T19:50:48.066432Z  INFO crawl_and_dial{new_peer_interval=61s}:crawl: zebra_network::peer_set::candidate_set::crawl: timeout waiting for peer service readiness or peer responses
Oct 10 19:51:19 runnervmmprz5 zebrad-v6.4.2[2721]: 2026-10-10T19:51:19.372456Z  WARN zebrad::components::sync::progress: chain updates have stalled, state height has not increased for 22 minutes. Hint: check your network connection, and your computer clock and time zone sync_percent=99.539% current_height=Height(4382897) network_upgrade=Nu6_3 time_since_last_state_block=22m target_block_spacing=1m 15s max_block_spacing=7m 30s is_syncer_stopped=true
Oct 10 19:51:45 runnervmmprz5 zebrad-v6.4.2[2721]: 2026-10-10T19:51:45.107968Z  INFO sync:try_to_sync: zebrad::components::sync: temporary error obtaining tips: deadline has elapsed
Oct 10 19:51:45 runnervmmprz5 zebrad-v6.4.2[2721]: 2026-10-10T19:51:45.108022Z  INFO sync: zebrad::components::sync: waiting to restart sync timeout=67s state_tip=Some(Height(4382897))
Oct 10 19:51:49 runnervmmprz5 zebrad-v6.4.2[2721]: 2026-10-10T19:51:49.066606Z  INFO crawl_and_dial{new_peer_interval=61s}:crawl: zebra_network::peer_set::candidate_set::crawl: timeout waiting for peer service readiness or peer responses
Oct 10 19:52:19 runnervmmprz5 zebrad-v6.4.2[2721]: 2026-10-10T19:52:19.387435Z  WARN zebrad::components::sync::progress: chain updates have stalled, state height has not increased for 23 minutes. Hint: check your network connection, and your computer clock and time zone sync_percent=99.539% current_height=Height(4382897) network_upgrade=Nu6_3 time_since_last_state_block=23m target_block_spacing=1m 15s max_block_spacing=7m 30s is_syncer_stopped=true
Oct 10 19:52:32 runnervmmprz5 zebrad-v6.4.2[2721]: 2026-10-10T19:52:32.108298Z  INFO zebrad::components::mempool::crawler: mempool crawl timed out: Elapsed(())
Oct 10 19:52:50 runnervmmprz5 zebrad-v6.4.2[2721]: 2026-10-10T19:52:50.066634Z  INFO crawl_and_dial{new_peer_interval=61s}:crawl: zebra_network::peer_set::candidate_set::crawl: timeout waiting for peer service readiness or peer responses
Oct 10 19:52:52 runnervmmprz5 zebrad-v6.4.2[2721]: 2026-10-10T19:52:52.109451Z  INFO sync:try_to_sync: zebrad::components::sync: starting sync, obtaining new tips state_tip=Some(Height(4382897))
Oct 10 19:53:19 runnervmmprz5 zebrad-v6.4.2[2721]: 2026-10-10T19:53:19.399308Z  WARN zebrad::components::sync::progress: chain updates have stalled, state height has not increased for 24 minutes. Hint: check your network connection, and your computer clock and time zone sync_percent=99.539% current_height=Height(4382897) network_upgrade=Nu6_3 time_since_last_state_block=24m target_block_spacing=1m 15s max_block_spacing=7m 30s is_syncer_stopped=true
Oct 10 19:53:51 runnervmmprz5 zebrad-v6.4.2[2721]: 2026-10-10T19:53:51.066101Z  INFO crawl_and_dial{new_peer_interval=61s}:crawl: zebra_network::peer_set::candidate_set::crawl: timeout waiting for peer service readiness or peer responses
Oct 10 19:53:59 runnervmmprz5 zebrad-v6.4.2[2721]: 2026-10-10T19:53:59.110653Z  INFO sync:try_to_sync: zebrad::components::sync: temporary error obtaining tips: deadline has elapsed
Oct 10 19:53:59 runnervmmprz5 zebrad-v6.4.2[2721]: 2026-10-10T19:53:59.110722Z  INFO sync: zebrad::components::sync: waiting to restart sync timeout=67s state_tip=Some(Height(4382897))
Oct 10 19:54:19 runnervmmprz5 zebrad-v6.4.2[2721]: 2026-10-10T19:54:19.411232Z  WARN zebrad::components::sync::progress: chain updates have stalled, state height has not increased for 25 minutes. Hint: check your network connection, and your computer clock and time zone sync_percent=99.539% current_height=Height(4382897) network_upgrade=Nu6_3 time_since_last_state_block=25m target_block_spacing=1m 15s max_block_spacing=7m 30s is_syncer_stopped=true
Oct 10 19:54:52 runnervmmprz5 zebrad-v6.4.2[2721]: 2026-10-10T19:54:52.067654Z  INFO crawl_and_dial{new_peer_interval=61s}:crawl: zebra_network::peer_set::candidate_set::crawl: timeout waiting for peer service readiness or peer responses
Oct 10 19:54:58 runnervmmprz5 zebrad-v6.4.2[2721]: 2026-10-10T19:54:58.110887Z  INFO zebrad::components::mempool::crawler: mempool crawl timed out: Elapsed(())
Oct 10 19:55:06 runnervmmprz5 zebrad-v6.4.2[2721]: 2026-10-10T19:55:06.111986Z  INFO sync:try_to_sync: zebrad::components::sync: starting sync, obtaining new tips state_tip=Some(Height(4382897))
Oct 10 19:55:19 runnervmmprz5 zebrad-v6.4.2[2721]: 2026-10-10T19:55:19.424234Z  WARN zebrad::components::sync::progress: chain updates have stalled, state height has not increased for 26 minutes. Hint: check your network connection, and your computer clock and time zone sync_percent=99.539% current_height=Height(4382897) network_upgrade=Nu6_3 time_since_last_state_block=26m target_block_spacing=1m 15s max_block_spacing=7m 30s is_syncer_stopped=true
Oct 10 19:55:53 runnervmmprz5 zebrad-v6.4.2[2721]: 2026-10-10T19:55:53.066698Z  INFO crawl_and_dial{new_peer_interval=61s}:crawl: zebra_network::peer_set::candidate_set::crawl: timeout waiting for peer service readiness or peer responses
Oct 10 19:56:13 runnervmmprz5 zebrad-v6.4.2[2721]: 2026-10-10T19:56:13.114066Z  INFO sync:try_to_sync: zebrad::components::sync: temporary error obtaining tips: deadline has elapsed
Oct 10 19:56:13 runnervmmprz5 zebrad-v6.4.2[2721]: 2026-10-10T19:56:13.114132Z  INFO sync: zebrad::components::sync: waiting to restart sync timeout=67s state_tip=Some(Height(4382897))
Oct 10 19:56:19 runnervmmprz5 zebrad-v6.4.2[2721]: 2026-10-10T19:56:19.437959Z  WARN zebrad::components::sync::progress: chain updates have stalled, state height has not increased for 27 minutes. Hint: check your network connection, and your computer clock and time zone sync_percent=99.539% current_height=Height(4382897) network_upgrade=Nu6_3 time_since_last_state_block=27m target_block_spacing=1m 15s max_block_spacing=7m 30s is_syncer_stopped=true
Oct 10 19:56:54 runnervmmprz5 zebrad-v6.4.2[2721]: 2026-10-10T19:56:54.066513Z  INFO crawl_and_dial{new_peer_interval=61s}:crawl: zebra_network::peer_set::candidate_set::crawl: timeout waiting for peer service readiness or peer responses
Oct 10 19:57:19 runnervmmprz5 zebrad-v6.4.2[2721]: 2026-10-10T19:57:19.454551Z  WARN zebrad::components::sync::progress: chain updates have stalled, state height has not increased for 28 minutes. Hint: check your network connection, and your computer clock and time zone sync_percent=99.539% current_height=Height(4382897) network_upgrade=Nu6_3 time_since_last_state_block=28m target_block_spacing=1m 15s max_block_spacing=7m 30s is_syncer_stopped=true
Oct 10 19:57:20 runnervmmprz5 zebrad-v6.4.2[2721]: 2026-10-10T19:57:20.115121Z  INFO sync:try_to_sync: zebrad::components::sync: starting sync, obtaining new tips state_tip=Some(Height(4382897))
Oct 10 19:57:24 runnervmmprz5 zebrad-v6.4.2[2721]: 2026-10-10T19:57:24.112413Z  INFO zebrad::components::mempool::crawler: mempool crawl timed out: Elapsed(())
Oct 10 19:57:55 runnervmmprz5 zebrad-v6.4.2[2721]: 2026-10-10T19:57:55.066713Z  INFO crawl_and_dial{new_peer_interval=61s}:crawl: zebra_network::peer_set::candidate_set::crawl: timeout waiting for peer service readiness or peer responses
Oct 10 19:58:19 runnervmmprz5 zebrad-v6.4.2[2721]: 2026-10-10T19:58:19.467239Z  WARN zebrad::components::sync::progress: chain updates have stalled, state height has not increased for 29 minutes. Hint: check your network connection, and your computer clock and time zone sync_percent=99.539% current_height=Height(4382897) network_upgrade=Nu6_3 time_since_last_state_block=29m target_block_spacing=1m 15s max_block_spacing=7m 30s is_syncer_stopped=true
Oct 10 19:58:27 runnervmmprz5 zebrad-v6.4.2[2721]: 2026-10-10T19:58:27.116320Z  INFO sync:try_to_sync: zebrad::components::sync: temporary error obtaining tips: deadline has elapsed
Oct 10 19:58:27 runnervmmprz5 zebrad-v6.4.2[2721]: 2026-10-10T19:58:27.116384Z  INFO sync: zebrad::components::sync: waiting to restart sync timeout=67s state_tip=Some(Height(4382897))
Oct 10 19:58:56 runnervmmprz5 zebrad-v6.4.2[2721]: 2026-10-10T19:58:56.067005Z  INFO crawl_and_dial{new_peer_interval=61s}:crawl: zebra_network::peer_set::candidate_set::crawl: timeout waiting for peer service readiness or peer responses
Oct 10 19:59:19 runnervmmprz5 zebrad-v6.4.2[2721]: 2026-10-10T19:59:19.481554Z  WARN zebrad::components::sync::progress: chain updates have stalled, state height has not increased for 30 minutes. Hint: check your network connection, and your computer clock and time zone sync_percent=99.539% current_height=Height(4382897) network_upgrade=Nu6_3 time_since_last_state_block=30m target_block_spacing=1m 15s max_block_spacing=7m 30s is_syncer_stopped=true
Oct 10 19:59:34 runnervmmprz5 zebrad-v6.4.2[2721]: 2026-10-10T19:59:34.117974Z  INFO sync:try_to_sync: zebrad::components::sync: starting sync, obtaining new tips state_tip=Some(Height(4382897))
Oct 10 19:59:50 runnervmmprz5 zebrad-v6.4.2[2721]: 2026-10-10T19:59:50.114512Z  INFO zebrad::components::mempool::crawler: mempool crawl timed out: Elapsed(())
Oct 10 19:59:57 runnervmmprz5 zebrad-v6.4.2[2721]: 2026-10-10T19:59:57.066355Z  INFO crawl_and_dial{new_peer_interval=61s}:crawl: zebra_network::peer_set::candidate_set::crawl: timeout waiting for peer service readiness or peer responses
Oct 10 20:00:19 runnervmmprz5 zebrad-v6.4.2[2721]: 2026-10-10T20:00:19.496277Z  WARN zebrad::components::sync::progress: chain updates have stalled, state height has not increased for 31 minutes. Hint: check your network connection, and your computer clock and time zone sync_percent=99.539% current_height=Height(4382897) network_upgrade=Nu6_3 time_since_last_state_block=31m target_block_spacing=1m 15s max_block_spacing=7m 30s is_syncer_stopped=true
Oct 10 20:00:41 runnervmmprz5 zebrad-v6.4.2[2721]: 2026-10-10T20:00:41.119779Z  INFO sync:try_to_sync: zebrad::components::sync: temporary error obtaining tips: deadline has elapsed
Oct 10 20:00:41 runnervmmprz5 zebrad-v6.4.2[2721]: 2026-10-10T20:00:41.119833Z  INFO sync: zebrad::components::sync: waiting to restart sync timeout=67s state_tip=Some(Height(4382897))
Oct 10 20:00:58 runnervmmprz5 zebrad-v6.4.2[2721]: 2026-10-10T20:00:58.066729Z  INFO crawl_and_dial{new_peer_interval=61s}:crawl: zebra_network::peer_set::candidate_set::crawl: timeout waiting for peer service readiness or peer responses
Oct 10 20:01:19 runnervmmprz5 zebrad-v6.4.2[2721]: 2026-10-10T20:01:19.509348Z  WARN zebrad::components::sync::progress: chain updates have stalled, state height has not increased for 32 minutes. Hint: check your network connection, and your computer clock and time zone sync_percent=99.539% current_height=Height(4382897) network_upgrade=Nu6_3 time_since_last_state_block=32m target_block_spacing=1m 15s max_block_spacing=7m 30s is_syncer_stopped=true
Oct 10 20:01:48 runnervmmprz5 zebrad-v6.4.2[2721]: 2026-10-10T20:01:48.120458Z  INFO sync:try_to_sync: zebrad::components::sync: starting sync, obtaining new tips state_tip=Some(Height(4382897))
Oct 10 20:01:59 runnervmmprz5 zebrad-v6.4.2[2721]: 2026-10-10T20:01:59.066592Z  INFO crawl_and_dial{new_peer_interval=61s}:crawl: zebra_network::peer_set::candidate_set::crawl: timeout waiting for peer service readiness or peer responses
Oct 10 20:02:16 runnervmmprz5 zebrad-v6.4.2[2721]: 2026-10-10T20:02:16.116140Z  INFO zebrad::components::mempool::crawler: mempool crawl timed out: Elapsed(())
Oct 10 20:02:19 runnervmmprz5 zebrad-v6.4.2[2721]: 2026-10-10T20:02:19.521818Z  WARN zebrad::components::sync::progress: chain updates have stalled, state height has not increased for 33 minutes. Hint: check your network connection, and your computer clock and time zone sync_percent=99.539% current_height=Height(4382897) network_upgrade=Nu6_3 time_since_last_state_block=33m target_block_spacing=1m 15s max_block_spacing=7m 30s is_syncer_stopped=true
Oct 10 20:02:55 runnervmmprz5 zebrad-v6.4.2[2721]: 2026-10-10T20:02:55.121327Z  INFO sync:try_to_sync: zebrad::components::sync: temporary error obtaining tips: deadline has elapsed
Oct 10 20:02:55 runnervmmprz5 zebrad-v6.4.2[2721]: 2026-10-10T20:02:55.121387Z  INFO sync: zebrad::components::sync: waiting to restart sync timeout=67s state_tip=Some(Height(4382897))
Oct 10 20:03:00 runnervmmprz5 zebrad-v6.4.2[2721]: 2026-10-10T20:03:00.066870Z  INFO crawl_and_dial{new_peer_interval=61s}:crawl: zebra_network::peer_set::candidate_set::crawl: timeout waiting for peer service readiness or peer responses
Oct 10 20:03:19 runnervmmprz5 zebrad-v6.4.2[2721]: 2026-10-10T20:03:19.535287Z  WARN zebrad::components::sync::progress: chain updates have stalled, state height has not increased for 34 minutes. Hint: check your network connection, and your computer clock and time zone sync_percent=99.539% current_height=Height(4382897) network_upgrade=Nu6_3 time_since_last_state_block=34m target_block_spacing=1m 15s max_block_spacing=7m 30s is_syncer_stopped=true
Oct 10 20:04:01 runnervmmprz5 zebrad-v6.4.2[2721]: 2026-10-10T20:04:01.066551Z  INFO crawl_and_dial{new_peer_interval=61s}:crawl: zebra_network::peer_set::candidate_set::crawl: timeout waiting for peer service readiness or peer responses
Oct 10 20:04:02 runnervmmprz5 zebrad-v6.4.2[2721]: 2026-10-10T20:04:02.122540Z  INFO sync:try_to_sync: zebrad::components::sync: starting sync, obtaining new tips state_tip=Some(Height(4382897))
Oct 10 20:04:19 runnervmmprz5 zebrad-v6.4.2[2721]: 2026-10-10T20:04:19.549151Z  WARN zebrad::components::sync::progress: chain updates have stalled, state height has not increased for 35 minutes. Hint: check your network connection, and your computer clock and time zone sync_percent=99.539% current_height=Height(4382897) network_upgrade=Nu6_3 time_since_last_state_block=35m target_block_spacing=1m 15s max_block_spacing=7m 30s is_syncer_stopped=true
Oct 10 20:04:42 runnervmmprz5 zebrad-v6.4.2[2721]: 2026-10-10T20:04:42.118869Z  INFO zebrad::components::mempool::crawler: mempool crawl timed out: Elapsed(())
Oct 10 20:05:02 runnervmmprz5 zebrad-v6.4.2[2721]: 2026-10-10T20:05:02.066572Z  INFO crawl_and_dial{new_peer_interval=61s}:crawl: zebra_network::peer_set::candidate_set::crawl: timeout waiting for peer service readiness or peer responses
Oct 10 20:05:09 runnervmmprz5 zebrad-v6.4.2[2721]: 2026-10-10T20:05:09.123215Z  INFO sync:try_to_sync: zebrad::components::sync: temporary error obtaining tips: deadline has elapsed
Oct 10 20:05:09 runnervmmprz5 zebrad-v6.4.2[2721]: 2026-10-10T20:05:09.123276Z  INFO sync: zebrad::components::sync: waiting to restart sync timeout=67s state_tip=Some(Height(4382897))
Oct 10 20:05:19 runnervmmprz5 zebrad-v6.4.2[2721]: 2026-10-10T20:05:19.564644Z  WARN zebrad::components::sync::progress: chain updates have stalled, state height has not increased for 36 minutes. Hint: check your network connection, and your computer clock and time zone sync_percent=99.539% current_height=Height(4382897) network_upgrade=Nu6_3 time_since_last_state_block=36m target_block_spacing=1m 15s max_block_spacing=7m 30s is_syncer_stopped=true
Oct 10 20:06:03 runnervmmprz5 zebrad-v6.4.2[2721]: 2026-10-10T20:06:03.067906Z  INFO crawl_and_dial{new_peer_interval=61s}:crawl: zebra_network::peer_set::candidate_set::crawl: timeout waiting for peer service readiness or peer responses
Oct 10 20:06:16 runnervmmprz5 zebrad-v6.4.2[2721]: 2026-10-10T20:06:16.124438Z  INFO sync:try_to_sync: zebrad::components::sync: starting sync, obtaining new tips state_tip=Some(Height(4382897))
Oct 10 20:06:19 runnervmmprz5 zebrad-v6.4.2[2721]: 2026-10-10T20:06:19.578079Z  WARN zebrad::components::sync::progress: chain updates have stalled, state height has not increased for 37 minutes. Hint: check your network connection, and your computer clock and time zone sync_percent=99.539% current_height=Height(4382897) network_upgrade=Nu6_3 time_since_last_state_block=37m target_block_spacing=1m 15s max_block_spacing=7m 30s is_syncer_stopped=true
Oct 10 20:07:04 runnervmmprz5 zebrad-v6.4.2[2721]: 2026-10-10T20:07:04.066779Z  INFO crawl_and_dial{new_peer_interval=61s}:crawl: zebra_network::peer_set::candidate_set::crawl: timeout waiting for peer service readiness or peer responses
Oct 10 20:07:08 runnervmmprz5 zebrad-v6.4.2[2721]: 2026-10-10T20:07:08.120806Z  INFO zebrad::components::mempool::crawler: mempool crawl timed out: Elapsed(())
Oct 10 20:07:19 runnervmmprz5 zebrad-v6.4.2[2721]: 2026-10-10T20:07:19.591453Z  WARN zebrad::components::sync::progress: chain updates have stalled, state height has not increased for 38 minutes. Hint: check your network connection, and your computer clock and time zone sync_percent=99.538% current_height=Height(4382897) network_upgrade=Nu6_3 time_since_last_state_block=38m target_block_spacing=1m 15s max_block_spacing=7m 30s is_syncer_stopped=true
Oct 10 20:07:23 runnervmmprz5 zebrad-v6.4.2[2721]: 2026-10-10T20:07:23.125834Z  INFO sync:try_to_sync: zebrad::components::sync: temporary error obtaining tips: deadline has elapsed
Oct 10 20:07:23 runnervmmprz5 zebrad-v6.4.2[2721]: 2026-10-10T20:07:23.125877Z  INFO sync: zebrad::components::sync: waiting to restart sync timeout=67s state_tip=Some(Height(4382897))
Oct 10 20:08:05 runnervmmprz5 zebrad-v6.4.2[2721]: 2026-10-10T20:08:05.066663Z  INFO crawl_and_dial{new_peer_interval=61s}:crawl: zebra_network::peer_set::candidate_set::crawl: timeout waiting for peer service readiness or peer responses
Oct 10 20:08:19 runnervmmprz5 zebrad-v6.4.2[2721]: 2026-10-10T20:08:19.604543Z  WARN zebrad::components::sync::progress: chain updates have stalled, state height has not increased for 39 minutes. Hint: check your network connection, and your computer clock and time zone sync_percent=99.538% current_height=Height(4382897) network_upgrade=Nu6_3 time_since_last_state_block=39m target_block_spacing=1m 15s max_block_spacing=7m 30s is_syncer_stopped=true
Oct 10 20:08:30 runnervmmprz5 zebrad-v6.4.2[2721]: 2026-10-10T20:08:30.126551Z  INFO sync:try_to_sync: zebrad::components::sync: starting sync, obtaining new tips state_tip=Some(Height(4382897))
Oct 10 20:09:06 runnervmmprz5 zebrad-v6.4.2[2721]: 2026-10-10T20:09:06.066319Z  INFO crawl_and_dial{new_peer_interval=61s}:crawl: zebra_network::peer_set::candidate_set::crawl: timeout waiting for peer service readiness or peer responses
Oct 10 20:09:19 runnervmmprz5 zebrad-v6.4.2[2721]: 2026-10-10T20:09:19.618178Z  WARN zebrad::components::sync::progress: chain updates have stalled, state height has not increased for 40 minutes. Hint: check your network connection, and your computer clock and time zone sync_percent=99.538% current_height=Height(4382897) network_upgrade=Nu6_3 time_since_last_state_block=40m target_block_spacing=1m 15s max_block_spacing=7m 30s is_syncer_stopped=true
Oct 10 20:09:34 runnervmmprz5 zebrad-v6.4.2[2721]: 2026-10-10T20:09:34.122820Z  INFO zebrad::components::mempool::crawler: mempool crawl timed out: Elapsed(())
Oct 10 20:09:37 runnervmmprz5 zebrad-v6.4.2[2721]: 2026-10-10T20:09:37.127806Z  INFO sync:try_to_sync: zebrad::components::sync: temporary error obtaining tips: deadline has elapsed
Oct 10 20:09:37 runnervmmprz5 zebrad-v6.4.2[2721]: 2026-10-10T20:09:37.127869Z  INFO sync: zebrad::components::sync: waiting to restart sync timeout=67s state_tip=Some(Height(4382897))
Oct 10 20:10:07 runnervmmprz5 zebrad-v6.4.2[2721]: 2026-10-10T20:10:07.066994Z  INFO crawl_and_dial{new_peer_interval=61s}:crawl: zebra_network::peer_set::candidate_set::crawl: timeout waiting for peer service readiness or peer responses
Oct 10 20:10:19 runnervmmprz5 zebrad-v6.4.2[2721]: 2026-10-10T20:10:19.633884Z  WARN zebrad::components::sync::progress: chain updates have stalled, state height has not increased for 41 minutes. Hint: check your network connection, and your computer clock and time zone sync_percent=99.538% current_height=Height(4382897) network_upgrade=Nu6_3 time_since_last_state_block=41m target_block_spacing=1m 15s max_block_spacing=7m 30s is_syncer_stopped=true
Oct 10 20:10:44 runnervmmprz5 zebrad-v6.4.2[2721]: 2026-10-10T20:10:44.128777Z  INFO sync:try_to_sync: zebrad::components::sync: starting sync, obtaining new tips state_tip=Some(Height(4382897))
Oct 10 20:11:08 runnervmmprz5 zebrad-v6.4.2[2721]: 2026-10-10T20:11:08.066381Z  INFO crawl_and_dial{new_peer_interval=61s}:crawl: zebra_network::peer_set::candidate_set::crawl: timeout waiting for peer service readiness or peer responses
Oct 10 20:11:19 runnervmmprz5 zebrad-v6.4.2[2721]: 2026-10-10T20:11:19.647587Z  WARN zebrad::components::sync::progress: chain updates have stalled, state height has not increased for 42 minutes. Hint: check your network connection, and your computer clock and time zone sync_percent=99.538% current_height=Height(4382897) network_upgrade=Nu6_3 time_since_last_state_block=42m target_block_spacing=1m 15s max_block_spacing=7m 30s is_syncer_stopped=true
Oct 10 20:11:51 runnervmmprz5 zebrad-v6.4.2[2721]: 2026-10-10T20:11:51.129447Z  INFO sync:try_to_sync: zebrad::components::sync: temporary error obtaining tips: deadline has elapsed
Oct 10 20:11:51 runnervmmprz5 zebrad-v6.4.2[2721]: 2026-10-10T20:11:51.129516Z  INFO sync: zebrad::components::sync: waiting to restart sync timeout=67s state_tip=Some(Height(4382897))
Oct 10 20:12:00 runnervmmprz5 zebrad-v6.4.2[2721]: 2026-10-10T20:12:00.124060Z  INFO zebrad::components::mempool::crawler: mempool crawl timed out: Elapsed(())
Oct 10 20:12:09 runnervmmprz5 zebrad-v6.4.2[2721]: 2026-10-10T20:12:09.066720Z  INFO crawl_and_dial{new_peer_interval=61s}:crawl: zebra_network::peer_set::candidate_set::crawl: timeout waiting for peer service readiness or peer responses
Oct 10 20:12:19 runnervmmprz5 zebrad-v6.4.2[2721]: 2026-10-10T20:12:19.660246Z  WARN zebrad::components::sync::progress: chain updates have stalled, state height has not increased for 43 minutes. Hint: check your network connection, and your computer clock and time zone sync_percent=99.538% current_height=Height(4382897) network_upgrade=Nu6_3 time_since_last_state_block=43m target_block_spacing=1m 15s max_block_spacing=7m 30s is_syncer_stopped=true
Oct 10 20:12:58 runnervmmprz5 zebrad-v6.4.2[2721]: 2026-10-10T20:12:58.131124Z  INFO sync:try_to_sync: zebrad::components::sync: starting sync, obtaining new tips state_tip=Some(Height(4382897))
Oct 10 20:13:10 runnervmmprz5 zebrad-v6.4.2[2721]: 2026-10-10T20:13:10.066091Z  INFO crawl_and_dial{new_peer_interval=61s}:crawl: zebra_network::peer_set::candidate_set::crawl: timeout waiting for peer service readiness or peer responses
Oct 10 20:13:19 runnervmmprz5 zebrad-v6.4.2[2721]: 2026-10-10T20:13:19.672943Z  WARN zebrad::components::sync::progress: chain updates have stalled, state height has not increased for 44 minutes. Hint: check your network connection, and your computer clock and time zone sync_percent=99.538% current_height=Height(4382897) network_upgrade=Nu6_3 time_since_last_state_block=44m target_block_spacing=1m 15s max_block_spacing=7m 30s is_syncer_stopped=true
Oct 10 20:14:05 runnervmmprz5 zebrad-v6.4.2[2721]: 2026-10-10T20:14:05.132082Z  INFO sync:try_to_sync: zebrad::components::sync: temporary error obtaining tips: deadline has elapsed
Oct 10 20:14:05 runnervmmprz5 zebrad-v6.4.2[2721]: 2026-10-10T20:14:05.132158Z  INFO sync: zebrad::components::sync: waiting to restart sync timeout=67s state_tip=Some(Height(4382897))
Oct 10 20:14:11 runnervmmprz5 zebrad-v6.4.2[2721]: 2026-10-10T20:14:11.066089Z  INFO crawl_and_dial{new_peer_interval=61s}:crawl: zebra_network::peer_set::candidate_set::crawl: timeout waiting for peer service readiness or peer responses
Oct 10 20:14:19 runnervmmprz5 zebrad-v6.4.2[2721]: 2026-10-10T20:14:19.685127Z  WARN zebrad::components::sync::progress: chain updates have stalled, state height has not increased for 45 minutes. Hint: check your network connection, and your computer clock and time zone sync_percent=99.538% current_height=Height(4382897) network_upgrade=Nu6_3 time_since_last_state_block=45m target_block_spacing=1m 15s max_block_spacing=7m 30s is_syncer_stopped=true
Oct 10 20:14:26 runnervmmprz5 zebrad-v6.4.2[2721]: 2026-10-10T20:14:26.126396Z  INFO zebrad::components::mempool::crawler: mempool crawl timed out: Elapsed(())
Oct 10 20:15:12 runnervmmprz5 zebrad-v6.4.2[2721]: 2026-10-10T20:15:12.066331Z  INFO crawl_and_dial{new_peer_interval=61s}:crawl: zebra_network::peer_set::candidate_set::crawl: timeout waiting for peer service readiness or peer responses
Oct 10 20:15:12 runnervmmprz5 zebrad-v6.4.2[2721]: 2026-10-10T20:15:12.133571Z  INFO sync:try_to_sync: zebrad::components::sync: starting sync, obtaining new tips state_tip=Some(Height(4382897))
Oct 10 20:15:19 runnervmmprz5 zebrad-v6.4.2[2721]: 2026-10-10T20:15:19.698541Z  WARN zebrad::components::sync::progress: chain updates have stalled, state height has not increased for 46 minutes. Hint: check your network connection, and your computer clock and time zone sync_percent=99.538% current_height=Height(4382897) network_upgrade=Nu6_3 time_since_last_state_block=46m target_block_spacing=1m 15s max_block_spacing=7m 30s is_syncer_stopped=true
Oct 10 20:16:13 runnervmmprz5 zebrad-v6.4.2[2721]: 2026-10-10T20:16:13.066120Z  INFO crawl_and_dial{new_peer_interval=61s}:crawl: zebra_network::peer_set::candidate_set::crawl: timeout waiting for peer service readiness or peer responses
Oct 10 20:16:19 runnervmmprz5 zebrad-v6.4.2[2721]: 2026-10-10T20:16:19.134196Z  INFO sync:try_to_sync: zebrad::components::sync: temporary error obtaining tips: deadline has elapsed
Oct 10 20:16:19 runnervmmprz5 zebrad-v6.4.2[2721]: 2026-10-10T20:16:19.134265Z  INFO sync: zebrad::components::sync: waiting to restart sync timeout=67s state_tip=Some(Height(4382897))
Oct 10 20:16:19 runnervmmprz5 zebrad-v6.4.2[2721]: 2026-10-10T20:16:19.710943Z  WARN zebrad::components::sync::progress: chain updates have stalled, state height has not increased for 47 minutes. Hint: check your network connection, and your computer clock and time zone sync_percent=99.538% current_height=Height(4382897) network_upgrade=Nu6_3 time_since_last_state_block=47m target_block_spacing=1m 15s max_block_spacing=7m 30s is_syncer_stopped=true
Oct 10 20:16:52 runnervmmprz5 zebrad-v6.4.2[2721]: 2026-10-10T20:16:52.128632Z  INFO zebrad::components::mempool::crawler: mempool crawl timed out: Elapsed(())
Oct 10 20:17:14 runnervmmprz5 zebrad-v6.4.2[2721]: 2026-10-10T20:17:14.066160Z  INFO crawl_and_dial{new_peer_interval=61s}:crawl: zebra_network::peer_set::candidate_set::crawl: timeout waiting for peer service readiness or peer responses
Oct 10 20:17:19 runnervmmprz5 zebrad-v6.4.2[2721]: 2026-10-10T20:17:19.723869Z  WARN zebrad::components::sync::progress: chain updates have stalled, state height has not increased for 48 minutes. Hint: check your network connection, and your computer clock and time zone sync_percent=99.538% current_height=Height(4382897) network_upgrade=Nu6_3 time_since_last_state_block=48m target_block_spacing=1m 15s max_block_spacing=7m 30s is_syncer_stopped=true
Oct 10 20:17:26 runnervmmprz5 zebrad-v6.4.2[2721]: 2026-10-10T20:17:26.135535Z  INFO sync:try_to_sync: zebrad::components::sync: starting sync, obtaining new tips state_tip=Some(Height(4382897))
Oct 10 20:18:15 runnervmmprz5 zebrad-v6.4.2[2721]: 2026-10-10T20:18:15.066637Z  INFO crawl_and_dial{new_peer_interval=61s}:crawl: zebra_network::peer_set::candidate_set::crawl: timeout waiting for peer service readiness or peer responses
Oct 10 20:18:19 runnervmmprz5 zebrad-v6.4.2[2721]: 2026-10-10T20:18:19.735738Z  WARN zebrad::components::sync::progress: chain updates have stalled, state height has not increased for 49 minutes. Hint: check your network connection, and your computer clock and time zone sync_percent=99.538% current_height=Height(4382897) network_upgrade=Nu6_3 time_since_last_state_block=49m target_block_spacing=1m 15s max_block_spacing=7m 30s is_syncer_stopped=true
Oct 10 20:18:33 runnervmmprz5 zebrad-v6.4.2[2721]: 2026-10-10T20:18:33.136187Z  INFO sync:try_to_sync: zebrad::components::sync: temporary error obtaining tips: deadline has elapsed
Oct 10 20:18:33 runnervmmprz5 zebrad-v6.4.2[2721]: 2026-10-10T20:18:33.136248Z  INFO sync: zebrad::components::sync: waiting to restart sync timeout=67s state_tip=Some(Height(4382897))
Oct 10 20:19:16 runnervmmprz5 zebrad-v6.4.2[2721]: 2026-10-10T20:19:16.067027Z  INFO crawl_and_dial{new_peer_interval=61s}:crawl: zebra_network::peer_set::candidate_set::crawl: timeout waiting for peer service readiness or peer responses
Oct 10 20:19:18 runnervmmprz5 zebrad-v6.4.2[2721]: 2026-10-10T20:19:18.130171Z  INFO zebrad::components::mempool::crawler: mempool crawl timed out: Elapsed(())
Oct 10 20:19:19 runnervmmprz5 zebrad-v6.4.2[2721]: 2026-10-10T20:19:19.749639Z  WARN zebrad::components::sync::progress: chain updates have stalled, state height has not increased for 50 minutes. Hint: check your network connection, and your computer clock and time zone sync_percent=99.538% current_height=Height(4382897) network_upgrade=Nu6_3 time_since_last_state_block=50m target_block_spacing=1m 15s max_block_spacing=7m 30s is_syncer_stopped=true
Oct 10 20:19:40 runnervmmprz5 zebrad-v6.4.2[2721]: 2026-10-10T20:19:40.137500Z  INFO sync:try_to_sync: zebrad::components::sync: starting sync, obtaining new tips state_tip=Some(Height(4382897))
Oct 10 20:20:17 runnervmmprz5 zebrad-v6.4.2[2721]: 2026-10-10T20:20:17.066128Z  INFO crawl_and_dial{new_peer_interval=61s}:crawl: zebra_network::peer_set::candidate_set::crawl: timeout waiting for peer service readiness or peer responses
Oct 10 20:20:19 runnervmmprz5 zebrad-v6.4.2[2721]: 2026-10-10T20:20:19.762686Z  WARN zebrad::components::sync::progress: chain updates have stalled, state height has not increased for 51 minutes. Hint: check your network connection, and your computer clock and time zone sync_percent=99.538% current_height=Height(4382897) network_upgrade=Nu6_3 time_since_last_state_block=51m target_block_spacing=1m 15s max_block_spacing=7m 30s is_syncer_stopped=true
Oct 10 20:20:47 runnervmmprz5 zebrad-v6.4.2[2721]: 2026-10-10T20:20:47.138179Z  INFO sync:try_to_sync: zebrad::components::sync: temporary error obtaining tips: deadline has elapsed
Oct 10 20:20:47 runnervmmprz5 zebrad-v6.4.2[2721]: 2026-10-10T20:20:47.138237Z  INFO sync: zebrad::components::sync: waiting to restart sync timeout=67s state_tip=Some(Height(4382897))
Oct 10 20:21:18 runnervmmprz5 zebrad-v6.4.2[2721]: 2026-10-10T20:21:18.066727Z  INFO crawl_and_dial{new_peer_interval=61s}:crawl: zebra_network::peer_set::candidate_set::crawl: timeout waiting for peer service readiness or peer responses
Oct 10 20:21:19 runnervmmprz5 zebrad-v6.4.2[2721]: 2026-10-10T20:21:19.775330Z  WARN zebrad::components::sync::progress: chain updates have stalled, state height has not increased for 52 minutes. Hint: check your network connection, and your computer clock and time zone sync_percent=99.538% current_height=Height(4382897) network_upgrade=Nu6_3 time_since_last_state_block=52m target_block_spacing=1m 15s max_block_spacing=7m 30s is_syncer_stopped=true
Oct 10 20:21:44 runnervmmprz5 zebrad-v6.4.2[2721]: 2026-10-10T20:21:44.132326Z  INFO zebrad::components::mempool::crawler: mempool crawl timed out: Elapsed(())
Oct 10 20:21:54 runnervmmprz5 zebrad-v6.4.2[2721]: 2026-10-10T20:21:54.139185Z  INFO sync:try_to_sync: zebrad::components::sync: starting sync, obtaining new tips state_tip=Some(Height(4382897))
Oct 10 20:22:19 runnervmmprz5 zebrad-v6.4.2[2721]: 2026-10-10T20:22:19.066462Z  INFO crawl_and_dial{new_peer_interval=61s}:crawl: zebra_network::peer_set::candidate_set::crawl: timeout waiting for peer service readiness or peer responses
Oct 10 20:22:19 runnervmmprz5 zebrad-v6.4.2[2721]: 2026-10-10T20:22:19.789469Z  WARN zebrad::components::sync::progress: chain updates have stalled, state height has not increased for 53 minutes. Hint: check your network connection, and your computer clock and time zone sync_percent=99.538% current_height=Height(4382897) network_upgrade=Nu6_3 time_since_last_state_block=53m target_block_spacing=1m 15s max_block_spacing=7m 30s is_syncer_stopped=true
Oct 10 20:23:01 runnervmmprz5 zebrad-v6.4.2[2721]: 2026-10-10T20:23:01.141067Z  INFO sync:try_to_sync: zebrad::components::sync: temporary error obtaining tips: deadline has elapsed
Oct 10 20:23:01 runnervmmprz5 zebrad-v6.4.2[2721]: 2026-10-10T20:23:01.141147Z  INFO sync: zebrad::components::sync: waiting to restart sync timeout=67s state_tip=Some(Height(4382897))
Oct 10 20:23:19 runnervmmprz5 zebrad-v6.4.2[2721]: 2026-10-10T20:23:19.801332Z  WARN zebrad::components::sync::progress: chain updates have stalled, state height has not increased for 54 minutes. Hint: check your network connection, and your computer clock and time zone sync_percent=99.538% current_height=Height(4382897) network_upgrade=Nu6_3 time_since_last_state_block=54m target_block_spacing=1m 15s max_block_spacing=7m 30s is_syncer_stopped=true
Oct 10 20:23:20 runnervmmprz5 zebrad-v6.4.2[2721]: 2026-10-10T20:23:20.066263Z  INFO crawl_and_dial{new_peer_interval=61s}:crawl: zebra_network::peer_set::candidate_set::crawl: timeout waiting for peer service readiness or peer responses
Oct 10 20:24:08 runnervmmprz5 zebrad-v6.4.2[2721]: 2026-10-10T20:24:08.142243Z  INFO sync:try_to_sync: zebrad::components::sync: starting sync, obtaining new tips state_tip=Some(Height(4382897))
Oct 10 20:24:10 runnervmmprz5 zebrad-v6.4.2[2721]: 2026-10-10T20:24:10.134368Z  INFO zebrad::components::mempool::crawler: mempool crawl timed out: Elapsed(())
Oct 10 20:24:19 runnervmmprz5 zebrad-v6.4.2[2721]: 2026-10-10T20:24:19.813385Z  WARN zebrad::components::sync::progress: chain updates have stalled, state height has not increased for 55 minutes. Hint: check your network connection, and your computer clock and time zone sync_percent=99.538% current_height=Height(4382897) network_upgrade=Nu6_3 time_since_last_state_block=55m target_block_spacing=1m 15s max_block_spacing=7m 30s is_syncer_stopped=true
Oct 10 20:24:21 runnervmmprz5 zebrad-v6.4.2[2721]: 2026-10-10T20:24:21.066321Z  INFO crawl_and_dial{new_peer_interval=61s}:crawl: zebra_network::peer_set::candidate_set::crawl: timeout waiting for peer service readiness or peer responses
Oct 10 20:25:15 runnervmmprz5 zebrad-v6.4.2[2721]: 2026-10-10T20:25:15.143484Z  INFO sync:try_to_sync: zebrad::components::sync: temporary error obtaining tips: deadline has elapsed
Oct 10 20:25:15 runnervmmprz5 zebrad-v6.4.2[2721]: 2026-10-10T20:25:15.143558Z  INFO sync: zebrad::components::sync: waiting to restart sync timeout=67s state_tip=Some(Height(4382897))
Oct 10 20:25:19 runnervmmprz5 zebrad-v6.4.2[2721]: 2026-10-10T20:25:19.827414Z  WARN zebrad::components::sync::progress: chain updates have stalled, state height has not increased for 56 minutes. Hint: check your network connection, and your computer clock and time zone sync_percent=99.538% current_height=Height(4382897) network_upgrade=Nu6_3 time_since_last_state_block=56m target_block_spacing=1m 15s max_block_spacing=7m 30s is_syncer_stopped=true
Oct 10 20:25:22 runnervmmprz5 zebrad-v6.4.2[2721]: 2026-10-10T20:25:22.066347Z  INFO crawl_and_dial{new_peer_interval=61s}:crawl: zebra_network::peer_set::candidate_set::crawl: timeout waiting for peer service readiness or peer responses
Oct 10 20:26:19 runnervmmprz5 zebrad-v6.4.2[2721]: 2026-10-10T20:26:19.839582Z  WARN zebrad::components::sync::progress: chain updates have stalled, state height has not increased for 57 minutes. Hint: check your network connection, and your computer clock and time zone sync_percent=99.538% current_height=Height(4382897) network_upgrade=Nu6_3 time_since_last_state_block=57m target_block_spacing=1m 15s max_block_spacing=7m 30s is_syncer_stopped=true
Oct 10 20:26:22 runnervmmprz5 zebrad-v6.4.2[2721]: 2026-10-10T20:26:22.144602Z  INFO sync:try_to_sync: zebrad::components::sync: starting sync, obtaining new tips state_tip=Some(Height(4382897))
Oct 10 20:26:23 runnervmmprz5 zebrad-v6.4.2[2721]: 2026-10-10T20:26:23.066651Z  INFO crawl_and_dial{new_peer_interval=61s}:crawl: zebra_network::peer_set::candidate_set::crawl: timeout waiting for peer service readiness or peer responses
Oct 10 20:26:36 runnervmmprz5 zebrad-v6.4.2[2721]: 2026-10-10T20:26:36.136315Z  INFO zebrad::components::mempool::crawler: mempool crawl timed out: Elapsed(())
Oct 10 20:27:19 runnervmmprz5 zebrad-v6.4.2[2721]: 2026-10-10T20:27:19.851546Z  WARN zebrad::components::sync::progress: chain updates have stalled, state height has not increased for 58 minutes. Hint: check your network connection, and your computer clock and time zone sync_percent=99.538% current_height=Height(4382897) network_upgrade=Nu6_3 time_since_last_state_block=58m target_block_spacing=1m 15s max_block_spacing=7m 30s is_syncer_stopped=true
Oct 10 20:27:24 runnervmmprz5 zebrad-v6.4.2[2721]: 2026-10-10T20:27:24.066260Z  INFO crawl_and_dial{new_peer_interval=61s}:crawl: zebra_network::peer_set::candidate_set::crawl: timeout waiting for peer service readiness or peer responses
Oct 10 20:27:29 runnervmmprz5 zebrad-v6.4.2[2721]: 2026-10-10T20:27:29.145297Z  INFO sync:try_to_sync: zebrad::components::sync: temporary error obtaining tips: deadline has elapsed
Oct 10 20:27:29 runnervmmprz5 zebrad-v6.4.2[2721]: 2026-10-10T20:27:29.145369Z  INFO sync: zebrad::components::sync: waiting to restart sync timeout=67s state_tip=Some(Height(4382897))
Oct 10 20:28:19 runnervmmprz5 zebrad-v6.4.2[2721]: 2026-10-10T20:28:19.863653Z  WARN zebrad::components::sync::progress: chain updates have stalled, state height has not increased for 59 minutes. Hint: check your network connection, and your computer clock and time zone sync_percent=99.538% current_height=Height(4382897) network_upgrade=Nu6_3 time_since_last_state_block=59m target_block_spacing=1m 15s max_block_spacing=7m 30s is_syncer_stopped=true
Oct 10 20:28:25 runnervmmprz5 zebrad-v6.4.2[2721]: 2026-10-10T20:28:25.066636Z  INFO crawl_and_dial{new_peer_interval=61s}:crawl: zebra_network::peer_set::candidate_set::crawl: timeout waiting for peer service readiness or peer responses
Oct 10 20:28:36 runnervmmprz5 zebrad-v6.4.2[2721]: 2026-10-10T20:28:36.146575Z  INFO sync:try_to_sync: zebrad::components::sync: starting sync, obtaining new tips state_tip=Some(Height(4382897))
Oct 10 20:29:02 runnervmmprz5 zebrad-v6.4.2[2721]: 2026-10-10T20:29:02.138237Z  INFO zebrad::components::mempool::crawler: mempool crawl timed out: Elapsed(())
Oct 10 20:29:16 runnervmmprz5 systemd[1]: zebrad.service: Failed to set 'cpuset.cpus' attribute on '/system.slice/zebrad.service' to '': No space left on device
