1791660602.065422 runnervmmprz5 systemd[1]: Started zbench-ztreamer-master.service - /opt/zbench/bin/ztreamerd-master --zakura-config /home/runner/work/zcash-indexer-bench/zcash-indexer-bench/runs/ztreamer-master-r3/index/zakura.toml --index-dir /zbench/index/ztreamer-master --grpc-listen 127.0.0.1:9067 --metrics-listen 127.0.0.1:9999.
1791660602.156976 runnervmmprz5 ztreamerd-master[3034]: 2026-10-10T19:30:02.156549Z  INFO zakurad::components::metrics: Trying to open metrics endpoint at 127.0.0.1:9999...
1791660602.159588 runnervmmprz5 ztreamerd-master[3034]: 2026-10-10T19:30:02.159566Z  INFO zakurad::components::metrics: Opened metrics endpoint at 127.0.0.1:9999
1791660602.165110 runnervmmprz5 ztreamerd-master[3034]: 2026-10-10T19:30:02.165038Z  INFO ztreamerd: starting embedded Zakura network=Testnet
1791660602.168293 runnervmmprz5 ztreamerd-master[3034]: 2026-10-10T19:30:02.168267Z  WARN zakurad::commands::start: TCP slow-start-after-idle is enabled, which resets TCP's congestion window between block requests and significantly reduces single-peer throughput for block propagation. Hint: set `net.ipv4.tcp_slow_start_after_idle=0` via sysctl. See https://zebra.zfnd.org/user/troubleshooting.html#linux-tcp-tuning-for-block-propagation setting="net.ipv4.tcp_slow_start_after_idle"
1791660602.168293 runnervmmprz5 ztreamerd-master[3034]: 2026-10-10T19:30:02.168292Z  INFO zakurad::commands::start: initializing node state
1791660602.168834 runnervmmprz5 ztreamerd-master[3034]: 2026-10-10T19:30:02.168812Z  INFO zakurad::commands::start: opening database, this may take a few minutes
1791660602.183417 runnervmmprz5 ztreamerd-master[3034]: 2026-10-10T19:30:02.182768Z  INFO zakura_state::service::finalized_state::disk_db: created new directory for state cache at "/zbench/zakura-v29/state/v29/testnet"
1791660602.183417 runnervmmprz5 ztreamerd-master[3034]: 2026-10-10T19:30:02.182814Z  INFO zakura_state::service::finalized_state::disk_db: moved state cache from "/zbench/zakura-v29/state/v28/testnet" to "/zbench/zakura-v29/state/v29/testnet"
1791660602.186603 runnervmmprz5 ztreamerd-master[3034]: 2026-10-10T19:30:02.186580Z  INFO zakura_state::service::finalized_state::disk_db: removed empty old state cache directory at "/zbench/zakura-v29/state/v28"
1791660602.186953 runnervmmprz5 ztreamerd-master[3034]: 2026-10-10T19:30:02.186930Z  INFO zakura_state::service::finalized_state::disk_format::upgrade: trying to open older database format: launching upgrade task running_version=29.1.0+indexer disk_version=28.0.0
1791660603.951296 runnervmmprz5 ztreamerd-master[3034]: 2026-10-10T19:30:03.948906Z  INFO zakura_state::service::finalized_state::disk_db: Opened Zakura state cache at /zbench/zakura-v29/state/v29/testnet
1791660603.957937 runnervmmprz5 ztreamerd-master[3034]: 2026-10-10T19:30:03.957914Z  INFO zakura_state::service::finalized_state::disk_format::upgrade: Zakura automatically upgraded the database format newer_running_version=Version { major: 28, minor: 0, patch: 1 }
1791660603.959051 runnervmmprz5 ztreamerd-master[3034]: 2026-10-10T19:30:03.959031Z  INFO zakura_state::service::finalized_state::disk_format::upgrade: marked database format as upgraded running_version=29.1.0+indexer disk_version=28.0.0 format_upgrade_version=28.0.1
1791660603.959310 runnervmmprz5 ztreamerd-master[3034]: 2026-10-10T19:30:03.959131Z  INFO zakura_state::service::finalized_state::disk_format::upgrade: Zakura automatically upgraded the database format newer_running_version=Version { major: 28, minor: 0, patch: 2 }
1791660603.959944 runnervmmprz5 ztreamerd-master[3034]: 2026-10-10T19:30:03.959927Z  INFO zakura_state::service::finalized_state::disk_format::upgrade: marked database format as upgraded running_version=29.1.0+indexer disk_version=28.0.1 format_upgrade_version=28.0.2
1791660603.960061 runnervmmprz5 ztreamerd-master[3034]: 2026-10-10T19:30:03.960047Z  INFO zakura_state::service::finalized_state::disk_format::upgrade: Zakura automatically upgraded the database format newer_running_version=Version { major: 28, minor: 1, patch: 3 }
1791660603.960876 runnervmmprz5 ztreamerd-master[3034]: 2026-10-10T19:30:03.960849Z  INFO zakura_state::service::finalized_state::disk_format::upgrade: marked database format as upgraded running_version=29.1.0+indexer disk_version=28.0.2 format_upgrade_version=28.1.3
1791660603.961063 runnervmmprz5 ztreamerd-master[3034]: 2026-10-10T19:30:03.961038Z  INFO zakura_state::service::finalized_state::disk_format::upgrade: Zakura automatically upgraded the database format newer_running_version=Version { major: 28, minor: 1, patch: 4 }
1791660603.961853 runnervmmprz5 ztreamerd-master[3034]: 2026-10-10T19:30:03.961830Z  INFO zakura_state::service::finalized_state::disk_format::upgrade: marked database format as upgraded running_version=29.1.0+indexer disk_version=28.1.3 format_upgrade_version=28.1.4
1791660603.963579 runnervmmprz5 ztreamerd-master[3034]: 2026-10-10T19:30:03.963333Z  INFO zakura_state::service::finalized_state::disk_format::upgrade: Zakura automatically upgraded the database format newer_running_version=Version { major: 28, minor: 1, patch: 5 }
1791660603.965725 runnervmmprz5 ztreamerd-master[3034]: 2026-10-10T19:30:03.965703Z  INFO zakura_state::service::finalized_state::disk_format::upgrade: marked database format as upgraded running_version=29.1.0+indexer disk_version=28.1.4 format_upgrade_version=28.1.5
1791660603.965839 runnervmmprz5 ztreamerd-master[3034]: 2026-10-10T19:30:03.965803Z  INFO zakura_state::service::finalized_state::disk_format::upgrade: Zakura automatically upgraded the database format newer_running_version=Version { major: 29, minor: 0, patch: 0 }
1791660603.968706 runnervmmprz5 ztreamerd-master[3034]: 2026-10-10T19:30:03.968683Z  INFO zakura_state::service::finalized_state::disk_format::upgrade: marked database format as upgraded running_version=29.1.0+indexer disk_version=28.1.5 format_upgrade_version=29.0.0
1791660603.968706 runnervmmprz5 ztreamerd-master[3034]: 2026-10-10T19:30:03.968701Z  INFO zakura_state::service::finalized_state::disk_format::upgrade: Zakura automatically upgraded the database format newer_running_version=Version { major: 29, minor: 1, patch: 0 }
1791660603.973929 runnervmmprz5 ztreamerd-master[3034]: 2026-10-10T19:30:03.973905Z  INFO zakura_state::service::finalized_state::disk_format::upgrade: marked database format as upgraded running_version=29.1.0+indexer disk_version=29.0.0 format_upgrade_version=29.1.0
1791660603.973929 runnervmmprz5 ztreamerd-master[3034]: 2026-10-10T19:30:03.973924Z  INFO zakura_state::service::finalized_state::disk_format::upgrade: database is fully upgraded newer_running_version=29.1.0+indexer older_disk_version=28.0.0
1791660603.974851 runnervmmprz5 ztreamerd-master[3034]: 2026-10-10T19:30:03.974830Z  INFO zakura_state::service::finalized_state::disk_format::upgrade: started checking/adding indexes for spending tx ids
1791660707.485912 runnervmmprz5 ztreamerd-master[3034]: 2026-10-10T19:31:47.485859Z  INFO zakura_state::service::finalized_state::disk_format::upgrade: finished checking/adding indexes for spending tx ids
1791660711.758100 runnervmmprz5 ztreamerd-master[3034]: 2026-10-10T19:31:51.758037Z  INFO zakura_state::service::finalized_state::disk_format::upgrade: database format is valid running_version=29.1.0+indexer initial_disk_version=28.0.0
1791660711.758563 runnervmmprz5 ztreamerd-master[3034]: 2026-10-10T19:31:51.758322Z  INFO zakura_state::service: historical tree derivation is idle: this network has no embedded historical frontier artifact
1791660711.758563 runnervmmprz5 ztreamerd-master[3034]: 2026-10-10T19:31:51.758379Z  INFO zakura_state::service::non_finalized_state: restoring non-finalized blocks from backup and spawning backup task backup_dir_path="/zbench/zakura-v29/non_finalized_state/testnet"
1791660711.758758 runnervmmprz5 ztreamerd-master[3034]: 2026-10-10T19:31:51.758649Z  INFO zakura_state::service: loaded Zakura state cache chain_tip=Some((block::Hash("00005894e6410b9d9524e38d725e6595ef4c8f85d4deb9e56b340751b0c3d678"), Height(4382897)))
1791660711.758955 runnervmmprz5 ztreamerd-master[3034]: 2026-10-10T19:31:51.758929Z  INFO zakura_state::service: starting legacy chain check
1791660711.759137 runnervmmprz5 ztreamerd-master[3034]: 2026-10-10T19:31:51.759115Z  INFO zakura_state::service: cached state consensus branch is valid: no legacy chain found
1791660711.759218 runnervmmprz5 ztreamerd-master[3034]: 2026-10-10T19:31:51.759195Z  INFO zakurad::commands::start: logging database metrics on startup
1791660711.762965 runnervmmprz5 ztreamerd-master[3034]: 2026-10-10T19:31:51.762943Z  INFO zakura_state::service::finalized_state::disk_db: Total Database Disk Size: 12.6 GB
1791660711.762965 runnervmmprz5 ztreamerd-master[3034]: 2026-10-10T19:31:51.762958Z  INFO zakura_state::service::finalized_state::disk_db: Total Live Data Disk Size: 12.6 GB
1791660711.762965 runnervmmprz5 ztreamerd-master[3034]: 2026-10-10T19:31:51.762963Z  INFO zakura_state::service::finalized_state::disk_db: Total Database Memory Size: 100.6 MB
1791660711.763189 runnervmmprz5 ztreamerd-master[3034]: 2026-10-10T19:31:51.762991Z  INFO zakurad::commands::start::zakura::coordinator: sync apply lifecycle changed apply_phase="native" apply_epoch=0
1791660711.763189 runnervmmprz5 ztreamerd-master[3034]: 2026-10-10T19:31:51.763000Z  INFO zakurad::commands::start: initializing network
1791660711.763189 runnervmmprz5 ztreamerd-master[3034]: 2026-10-10T19:31:51.763065Z  INFO open_listener{addr=0.0.0.0:8243}: zakura_network::peer_set::initialize: Trying to open Zcash protocol endpoint at 0.0.0.0:8243...
1791660711.763189 runnervmmprz5 ztreamerd-master[3034]: 2026-10-10T19:31:51.763109Z  INFO open_listener{addr=0.0.0.0:8243}: zakura_network::peer_set::initialize: Opened Zcash protocol endpoint at 0.0.0.0:8243
1791660711.763461 runnervmmprz5 ztreamerd-master[3034]: 2026-10-10T19:31:51.763213Z  INFO zakura_network::address_book_updater: starting the address book updater
1791660711.763793 runnervmmprz5 ztreamerd-master[3034]: 2026-10-10T19:31:51.763754Z  INFO add_initial_peers: zakura_network::config: resolved seed peer IP addresses seed="127.0.0.1:8233" remote_ip_count=1
1791660711.763863 runnervmmprz5 ztreamerd-master[3034]: 2026-10-10T19:31:51.763823Z  INFO add_initial_peers: zakura_network::peer_set::initialize: connecting to initial peer set ipv4_peer_count=1 ipv6_peer_count=0
1791660711.765974 runnervmmprz5 ztreamerd-master[3034]: 2026-10-10T19:31:51.765937Z  INFO add_initial_peers: zakura_network::peer_set::initialize: finished connecting to initial seed and disk cache peers handshake_success_total=1 handshake_error_total=0 outbound_connections=1
1791660711.766074 runnervmmprz5 ztreamerd-master[3034]: 2026-10-10T19:31:51.766051Z  INFO zakura_network::peer_set::initialize: sending initial request for peers active_initial_peer_count=1
1791660711.767012 runnervmmprz5 ztreamerd-master[3034]: 2026-10-10T19:31:51.766959Z  INFO zakurad::commands::start: initializing verifiers
1791660711.767012 runnervmmprz5 ztreamerd-master[3034]: 2026-10-10T19:31:51.766984Z  INFO crawl_and_dial{new_peer_interval=61s}: zakura_network::peer_set::initialize: starting the peer address crawler crawl_new_peer_interval=61s outbound_connections=1
1791660711.767184 runnervmmprz5 ztreamerd-master[3034]: 2026-10-10T19:31:51.767085Z  INFO init_with_transaction_state{config=Config { checkpoint_sync: true, vct_fast_sync: None } network=Testnet}: zakura_consensus::router: starting state checkpoint validation
1791660711.767778 runnervmmprz5 ztreamerd-master[3034]: 2026-10-10T19:31:51.767746Z  INFO init_with_transaction_state{config=Config { checkpoint_sync: true, vct_fast_sync: None } network=Testnet}: zakura_consensus::router: initializing block verifier router tip=Some((Height(4382897), block::Hash("00005894e6410b9d9524e38d725e6595ef4c8f85d4deb9e56b340751b0c3d678"))) max_checkpoint_height=Height(4023200)
1791660711.767842 runnervmmprz5 ztreamerd-master[3034]: 2026-10-10T19:31:51.767786Z  INFO zakurad::commands::start: initializing syncer
1791660711.767842 runnervmmprz5 ztreamerd-master[3034]: 2026-10-10T19:31:51.767798Z  INFO zakurad::commands::start: initializing mempool
1791660711.767842 runnervmmprz5 ztreamerd-master[3034]: 2026-10-10T19:31:51.767809Z  INFO zakurad::commands::start: fully initializing inbound peer request handler
1791660711.768042 runnervmmprz5 ztreamerd-master[3034]: 2026-10-10T19:31:51.768018Z  INFO crawl_and_dial{new_peer_interval=61s}: zakura_network::peer_set::initialize: timer-based crawl finished active_outbound_connections=1 peerset_target_size=100 outbound_connection_limit=150 remaining_replenishment_demand=79
1791660711.768439 runnervmmprz5 ztreamerd-master[3034]: 2026-10-10T19:31:51.768422Z  INFO zakura_rpc::server::cookie: RPC auth cookie written to disk
1791660711.768568 runnervmmprz5 ztreamerd-master[3034]: 2026-10-10T19:31:51.768550Z  INFO zakura_rpc::server: Opened RPC endpoint at 127.0.0.1:8242
1791660711.768684 runnervmmprz5 ztreamerd-master[3034]: 2026-10-10T19:31:51.768670Z  WARN zakurad::commands::start: configure an indexer_listen_addr to start the indexer RPC server
1791660711.768775 runnervmmprz5 ztreamerd-master[3034]: 2026-10-10T19:31:51.768749Z  INFO zakurad::commands::start: spawning block gossip task
1791660711.768775 runnervmmprz5 ztreamerd-master[3034]: 2026-10-10T19:31:51.768761Z  INFO zakurad::commands::start: spawning mempool queue checker task
1791660711.768959 runnervmmprz5 ztreamerd-master[3034]: 2026-10-10T19:31:51.768774Z  INFO zakurad::components::sync::gossip: initializing block gossip task
1791660711.768959 runnervmmprz5 ztreamerd-master[3034]: 2026-10-10T19:31:51.768841Z  INFO zakurad::components::mempool::queue_checker: initializing mempool queue checker task
1791660711.768959 runnervmmprz5 ztreamerd-master[3034]: 2026-10-10T19:31:51.768767Z  INFO zakurad::commands::start: spawning mempool transaction gossip task
1791660711.769120 runnervmmprz5 ztreamerd-master[3034]: 2026-10-10T19:31:51.769098Z  INFO zakurad::commands::start: spawning delete old databases task
1791660711.769198 runnervmmprz5 ztreamerd-master[3034]: 2026-10-10T19:31:51.769174Z  INFO zakura_state::config: checking for old database versions db_kind="state"
1791660711.769259 runnervmmprz5 ztreamerd-master[3034]: 2026-10-10T19:31:51.769247Z  INFO zakura_state::config: finished old database version cleanup task
1791660711.769378 runnervmmprz5 ztreamerd-master[3034]: 2026-10-10T19:31:51.769354Z  INFO zakurad::commands::start: spawning progress logging task
1791660711.769378 runnervmmprz5 ztreamerd-master[3034]: 2026-10-10T19:31:51.769372Z  INFO zakurad::commands::start: initializing health endpoints
1791660711.769471 runnervmmprz5 ztreamerd-master[3034]: 2026-10-10T19:31:51.769384Z  INFO zakurad::commands::start: spawning end of support checking task
1791660711.769471 runnervmmprz5 ztreamerd-master[3034]: 2026-10-10T19:31:51.769393Z  INFO zakurad::commands::start: spawning mempool crawler task
1791660711.769471 runnervmmprz5 ztreamerd-master[3034]: 2026-10-10T19:31:51.769396Z  WARN zakurad::components::sync::progress: chain tip metrics channel closed err=SendError { .. }
1791660711.769471 runnervmmprz5 ztreamerd-master[3034]: 2026-10-10T19:31:51.769419Z  INFO zakurad::components::sync::end_of_support: Starting end of support task
1791660711.769471 runnervmmprz5 ztreamerd-master[3034]: 2026-10-10T19:31:51.769400Z  INFO zakurad::commands::start: spawning syncer task
1791660711.769471 runnervmmprz5 ztreamerd-master[3034]: 2026-10-10T19:31:51.769434Z  INFO zakurad::commands::start: spawned initial Zakura tasks
1791660711.769471 runnervmmprz5 ztreamerd-master[3034]: 2026-10-10T19:31:51.769436Z  INFO zakurad::components::mempool::crawler: initializing mempool crawler task
1791660711.769471 runnervmmprz5 ztreamerd-master[3034]: 2026-10-10T19:31:51.769452Z  INFO ztreamerd: waiting for Zakura to sync near the chain tip
1791660711.769807 runnervmmprz5 ztreamerd-master[3034]: 2026-10-10T19:31:51.769573Z  INFO sync:try_to_sync{header_runtime_status=None}: zakurad::components::sync: starting sync, obtaining new tips state_tip=Some(Height(4382897))
1791660711.769897 runnervmmprz5 ztreamerd-master[3034]: 2026-10-10T19:31:51.769099Z  INFO zakurad::components::mempool::gossip: initializing transaction gossip task
1791660714.096804 runnervmmprz5 ztreamerd-master[3034]: 2026-10-10T19:31:54.096751Z  INFO init_with_transaction_state{config=Config { checkpoint_sync: true, vct_fast_sync: None } network=Testnet}: zakura_consensus::router: finished state checkpoint validation
1791660717.771454 runnervmmprz5 ztreamerd-master[3034]: 2026-10-10T19:31:57.771420Z  INFO sync:try_to_sync{header_runtime_status=None}: zakurad::components::sync: exhausted prospective tip set
1791660717.771821 runnervmmprz5 ztreamerd-master[3034]: 2026-10-10T19:31:57.771455Z  INFO sync: zakurad::components::sync: waiting to restart sync timeout=10s state_tip=Some(Height(4382897))
1791660717.771821 runnervmmprz5 ztreamerd-master[3034]: 2026-10-10T19:31:57.771499Z  INFO zakurad::components::sync::gossip: height=Height(4382897) request=AdvertiseBlock(block::Hash("00005894e6410b9d9524e38d725e6595ef4c8f85d4deb9e56b340751b0c3d678"), None) log_msg="sending committed block broadcast"
1791660717.771922 runnervmmprz5 ztreamerd-master[3034]: 2026-10-10T19:31:57.771414Z  INFO ztreamerd: Zakura is near the chain tip tip=Some((Height(4382897), block::Hash("00005894e6410b9d9524e38d725e6595ef4c8f85d4deb9e56b340751b0c3d678")))
1791660717.772071 runnervmmprz5 ztreamerd-master[3034]: 2026-10-10T19:31:57.772047Z  INFO ztreamerd: syncing historical compact index
1791660721.769905 runnervmmprz5 ztreamerd-master[3034]: 2026-10-10T19:32:01.769861Z  INFO zakurad::components::sync::end_of_support: Release always valid in Testnet
1791660721.771100 runnervmmprz5 ztreamerd-master[3034]: 2026-10-10T19:32:01.771071Z  INFO zakurad::components::mempool: activating mempool tip_height=Height(4382897) reason="estimated close to the network tip"
1791660727.771888 runnervmmprz5 ztreamerd-master[3034]: 2026-10-10T19:32:07.771845Z  INFO sync:try_to_sync{header_runtime_status=None}: zakurad::components::sync: starting sync, obtaining new tips state_tip=Some(Height(4382897))
1791660733.774856 runnervmmprz5 ztreamerd-master[3034]: 2026-10-10T19:32:13.774814Z  INFO sync:try_to_sync{header_runtime_status=None}: zakurad::components::sync: exhausted prospective tip set
1791660733.775700 runnervmmprz5 ztreamerd-master[3034]: 2026-10-10T19:32:13.775645Z  INFO sync: zakurad::components::sync: waiting to restart sync timeout=10s state_tip=Some(Height(4382897))
1791660743.777772 runnervmmprz5 ztreamerd-master[3034]: 2026-10-10T19:32:23.777720Z  INFO sync:try_to_sync{header_runtime_status=None}: zakurad::components::sync: starting sync, obtaining new tips state_tip=Some(Height(4382897))
1791660749.779092 runnervmmprz5 ztreamerd-master[3034]: 2026-10-10T19:32:29.779052Z  INFO sync:try_to_sync{header_runtime_status=None}: zakurad::components::sync: exhausted prospective tip set
1791660749.779943 runnervmmprz5 ztreamerd-master[3034]: 2026-10-10T19:32:29.779569Z  INFO sync: zakurad::components::sync: waiting to restart sync timeout=10s state_tip=Some(Height(4382897))
1791660759.782276 runnervmmprz5 ztreamerd-master[3034]: 2026-10-10T19:32:39.781891Z  INFO sync:try_to_sync{header_runtime_status=None}: zakurad::components::sync: starting sync, obtaining new tips state_tip=Some(Height(4382897))
1791660765.875334 runnervmmprz5 ztreamerd-master[3034]: 2026-10-10T19:32:45.875264Z  INFO sync:try_to_sync{header_runtime_status=None}: zakurad::components::sync: exhausted prospective tip set
1791660765.875334 runnervmmprz5 ztreamerd-master[3034]: 2026-10-10T19:32:45.875295Z  INFO sync: zakurad::components::sync: waiting to restart sync timeout=10s state_tip=Some(Height(4382897))
1791660771.783819 runnervmmprz5 ztreamerd-master[3034]: 2026-10-10T19:32:51.783770Z  INFO zakurad::components::sync::progress: initial sync is very slow, or estimated tip is wrong. Hint: check your network connection, and your computer clock and time zone sync_percent=99.539% current_height=Height(4382897) network_upgrade=Nu6_3 remaining_sync_blocks=20293 after_checkpoint_height=Height(4024210) time_since_last_state_block=1m
1791660772.768129 runnervmmprz5 ztreamerd-master[3034]: 2026-10-10T19:32:52.768070Z  INFO crawl_and_dial{new_peer_interval=61s}: zakura_network::peer_set::initialize: timer-based crawl finished active_outbound_connections=1 peerset_target_size=100 outbound_connection_limit=150 remaining_replenishment_demand=79
1791660775.876559 runnervmmprz5 ztreamerd-master[3034]: 2026-10-10T19:32:55.876507Z  INFO sync:try_to_sync{header_runtime_status=None}: zakurad::components::sync: starting sync, obtaining new tips state_tip=Some(Height(4382897))
1791660781.878313 runnervmmprz5 ztreamerd-master[3034]: 2026-10-10T19:33:01.878246Z  INFO sync:try_to_sync{header_runtime_status=None}: zakurad::components::sync: exhausted prospective tip set
1791660781.878313 runnervmmprz5 ztreamerd-master[3034]: 2026-10-10T19:33:01.878311Z  INFO sync: zakurad::components::sync: waiting to restart sync timeout=10s state_tip=Some(Height(4382897))
1791660791.879583 runnervmmprz5 ztreamerd-master[3034]: 2026-10-10T19:33:11.879534Z  INFO sync:try_to_sync{header_runtime_status=None}: zakurad::components::sync: starting sync, obtaining new tips state_tip=Some(Height(4382897))
1791660797.881667 runnervmmprz5 ztreamerd-master[3034]: 2026-10-10T19:33:17.881600Z  INFO sync:try_to_sync{header_runtime_status=None}: zakurad::components::sync: exhausted prospective tip set
1791660797.881667 runnervmmprz5 ztreamerd-master[3034]: 2026-10-10T19:33:17.881657Z  INFO sync: zakurad::components::sync: waiting to restart sync timeout=10s state_tip=Some(Height(4382897))
1791660804.542095 runnervmmprz5 ztreamerd-master[3034]: 2026-10-10T19:33:24.542012Z  INFO ztreamer_indexer::pipeline: historical pipeline stage totals start_height=0 target_height=4382897 target_hash=00005894e6410b9d9524e38d725e6595ef4c8f85d4deb9e56b340751b0c3d678 fetch_read_seconds=171.329670594 fetch_header_read_seconds=113.31049544 fetch_transaction_read_seconds=56.550757821 fetch_txid_read_seconds=1.468417333 parse_seconds=2.199464753 worker_send_wait_seconds=107.936436999 processed_ranges=17121 processed_blocks=4382898 processed_bytes=10745242165 coordinator_receive_wait_seconds=81.699123434 batch_send_wait_seconds=0.000477817 write_seconds=54.50869671 write_batches=62 written_blocks=4382898
1791660804.542583 runnervmmprz5 ztreamerd-master[3034]: 2026-10-10T19:33:24.542282Z  INFO ztreamerd: historical compact index complete height=4382897 elapsed_seconds=86.770219872
1791660804.542811 runnervmmprz5 ztreamerd-master[3034]: 2026-10-10T19:33:24.542784Z  INFO ztreamerd: serving CompactTxStreamer gRPC address=127.0.0.1:9067 tls=false
1791660807.883438 runnervmmprz5 ztreamerd-master[3034]: 2026-10-10T19:33:27.883330Z  INFO sync:try_to_sync{header_runtime_status=None}: zakurad::components::sync: starting sync, obtaining new tips state_tip=Some(Height(4382897))
1791660813.885319 runnervmmprz5 ztreamerd-master[3034]: 2026-10-10T19:33:33.885260Z  INFO sync:try_to_sync{header_runtime_status=None}: zakurad::components::sync: exhausted prospective tip set
1791660813.885319 runnervmmprz5 ztreamerd-master[3034]: 2026-10-10T19:33:33.885295Z  INFO sync: zakurad::components::sync: waiting to restart sync timeout=10s state_tip=Some(Height(4382897))
1791660823.886027 runnervmmprz5 ztreamerd-master[3034]: 2026-10-10T19:33:43.885938Z  INFO sync:try_to_sync{header_runtime_status=None}: zakurad::components::sync: starting sync, obtaining new tips state_tip=Some(Height(4382897))
1791660829.887781 runnervmmprz5 ztreamerd-master[3034]: 2026-10-10T19:33:49.887708Z  INFO sync:try_to_sync{header_runtime_status=None}: zakurad::components::sync: exhausted prospective tip set
1791660829.887781 runnervmmprz5 ztreamerd-master[3034]: 2026-10-10T19:33:49.887748Z  INFO sync: zakurad::components::sync: waiting to restart sync timeout=10s state_tip=Some(Height(4382897))
1791660831.796394 runnervmmprz5 ztreamerd-master[3034]: 2026-10-10T19:33:51.796331Z  INFO zakurad::components::sync::progress: initial sync is very slow, or estimated tip is wrong. Hint: check your network connection, and your computer clock and time zone sync_percent=99.539% current_height=Height(4382897) network_upgrade=Nu6_3 remaining_sync_blocks=20294 after_checkpoint_height=Height(4024210) time_since_last_state_block=2m
1791660833.768546 runnervmmprz5 ztreamerd-master[3034]: 2026-10-10T19:33:53.768503Z  INFO crawl_and_dial{new_peer_interval=61s}: zakura_network::peer_set::initialize: timer-based crawl finished active_outbound_connections=1 peerset_target_size=100 outbound_connection_limit=150 remaining_replenishment_demand=79
1791660839.889789 runnervmmprz5 ztreamerd-master[3034]: 2026-10-10T19:33:59.889705Z  INFO sync:try_to_sync{header_runtime_status=None}: zakurad::components::sync: starting sync, obtaining new tips state_tip=Some(Height(4382897))
1791660845.891116 runnervmmprz5 ztreamerd-master[3034]: 2026-10-10T19:34:05.891053Z  INFO sync:try_to_sync{header_runtime_status=None}: zakurad::components::sync: exhausted prospective tip set
1791660845.891116 runnervmmprz5 ztreamerd-master[3034]: 2026-10-10T19:34:05.891087Z  INFO sync: zakurad::components::sync: waiting to restart sync timeout=10s state_tip=Some(Height(4382897))
1791660855.892599 runnervmmprz5 ztreamerd-master[3034]: 2026-10-10T19:34:15.892524Z  INFO sync:try_to_sync{header_runtime_status=None}: zakurad::components::sync: starting sync, obtaining new tips state_tip=Some(Height(4382897))
1791660861.894762 runnervmmprz5 ztreamerd-master[3034]: 2026-10-10T19:34:21.894703Z  INFO sync:try_to_sync{header_runtime_status=None}: zakurad::components::sync: exhausted prospective tip set
1791660861.894762 runnervmmprz5 ztreamerd-master[3034]: 2026-10-10T19:34:21.894737Z  INFO sync: zakurad::components::sync: waiting to restart sync timeout=10s state_tip=Some(Height(4382897))
1791660871.896555 runnervmmprz5 ztreamerd-master[3034]: 2026-10-10T19:34:31.896482Z  INFO sync:try_to_sync{header_runtime_status=None}: zakurad::components::sync: starting sync, obtaining new tips state_tip=Some(Height(4382897))
1791660877.898858 runnervmmprz5 ztreamerd-master[3034]: 2026-10-10T19:34:37.898757Z  INFO sync:try_to_sync{header_runtime_status=None}: zakurad::components::sync: exhausted prospective tip set
1791660877.898858 runnervmmprz5 ztreamerd-master[3034]: 2026-10-10T19:34:37.898797Z  INFO sync: zakurad::components::sync: waiting to restart sync timeout=10s state_tip=Some(Height(4382897))
1791660887.899842 runnervmmprz5 ztreamerd-master[3034]: 2026-10-10T19:34:47.899782Z  INFO sync:try_to_sync{header_runtime_status=None}: zakurad::components::sync: starting sync, obtaining new tips state_tip=Some(Height(4382897))
1791660891.808407 runnervmmprz5 ztreamerd-master[3034]: 2026-10-10T19:34:51.808330Z  INFO zakurad::components::sync::progress: initial sync is very slow, or estimated tip is wrong. Hint: check your network connection, and your computer clock and time zone sync_percent=99.539% current_height=Height(4382897) network_upgrade=Nu6_3 remaining_sync_blocks=20295 after_checkpoint_height=Height(4024210) time_since_last_state_block=3m
1791660893.901757 runnervmmprz5 ztreamerd-master[3034]: 2026-10-10T19:34:53.901699Z  INFO sync:try_to_sync{header_runtime_status=None}: zakurad::components::sync: exhausted prospective tip set
1791660893.901757 runnervmmprz5 ztreamerd-master[3034]: 2026-10-10T19:34:53.901739Z  INFO sync: zakurad::components::sync: waiting to restart sync timeout=10s state_tip=Some(Height(4382897))
1791660894.768676 runnervmmprz5 ztreamerd-master[3034]: 2026-10-10T19:34:54.768614Z  INFO crawl_and_dial{new_peer_interval=61s}: zakura_network::peer_set::initialize: timer-based crawl finished active_outbound_connections=1 peerset_target_size=100 outbound_connection_limit=150 remaining_replenishment_demand=79
1791660903.903750 runnervmmprz5 ztreamerd-master[3034]: 2026-10-10T19:35:03.903672Z  INFO sync:try_to_sync{header_runtime_status=None}: zakurad::components::sync: starting sync, obtaining new tips state_tip=Some(Height(4382897))
1791660909.905481 runnervmmprz5 ztreamerd-master[3034]: 2026-10-10T19:35:09.905421Z  INFO sync:try_to_sync{header_runtime_status=None}: zakurad::components::sync: exhausted prospective tip set
1791660909.905481 runnervmmprz5 ztreamerd-master[3034]: 2026-10-10T19:35:09.905463Z  INFO sync: zakurad::components::sync: waiting to restart sync timeout=10s state_tip=Some(Height(4382897))
1791660919.906640 runnervmmprz5 ztreamerd-master[3034]: 2026-10-10T19:35:19.906552Z  INFO sync:try_to_sync{header_runtime_status=None}: zakurad::components::sync: starting sync, obtaining new tips state_tip=Some(Height(4382897))
1791660925.908743 runnervmmprz5 ztreamerd-master[3034]: 2026-10-10T19:35:25.908689Z  INFO sync:try_to_sync{header_runtime_status=None}: zakurad::components::sync: exhausted prospective tip set
1791660925.908743 runnervmmprz5 ztreamerd-master[3034]: 2026-10-10T19:35:25.908730Z  INFO sync: zakurad::components::sync: waiting to restart sync timeout=10s state_tip=Some(Height(4382897))
1791660927.757554 runnervmmprz5 ztreamerd-master[3034]: 2026-10-10T19:35:27.757513Z  INFO ztreamerd::lifecycle: shutting down node and application
1791660927.757554 runnervmmprz5 ztreamerd-master[3034]: 2026-10-10T19:35:27.757540Z  INFO zakurad::commands::start: exiting Zakura: asking other tasks to stop
1791660927.757554 runnervmmprz5 ztreamerd-master[3034]: 2026-10-10T19:35:27.757550Z  INFO zakurad::commands::start: exiting Zakura: all tasks have been asked to stop, waiting for remaining tasks to finish
1791660927.757729 runnervmmprz5 systemd[1]: Stopping zbench-ztreamer-master.service - /opt/zbench/bin/ztreamerd-master --zakura-config /home/runner/work/zcash-indexer-bench/zcash-indexer-bench/runs/ztreamer-master-r3/index/zakura.toml --index-dir /zbench/index/ztreamer-master --grpc-listen 127.0.0.1:9067 --metrics-listen 127.0.0.1:9999...
1791660927.781019 runnervmmprz5 ztreamerd-master[3034]: 2026-10-10T19:35:27.780984Z  INFO zakura_state::service: dropping the state: logging database metrics
1791660927.781389 runnervmmprz5 ztreamerd-master[3034]: 2026-10-10T19:35:27.781206Z  INFO zakura_state::service::finalized_state::disk_format::upgrade: checking new blocks were written in current database format running_version=29.1.0+indexer
1791660927.781389 runnervmmprz5 ztreamerd-master[3034]: 2026-10-10T19:35:27.781238Z  INFO zakura_network::address_book_updater: stopping address book updater error=Err(AllAddressBookUpdaterSendersClosed)
1791660927.781635 runnervmmprz5 ztreamerd-master[3034]: 2026-10-10T19:35:27.781583Z  INFO zakura_state::service::finalized_state::disk_format::upgrade: checking database format produced by new blocks in this instance is valid running_version=29.1.0+indexer
1791660927.783630 runnervmmprz5 ztreamerd-master[3034]: 2026-10-10T19:35:27.783588Z  INFO zakura_state::service::finalized_state::disk_db: Total Database Disk Size: 12.6 GB
1791660927.783630 runnervmmprz5 ztreamerd-master[3034]: 2026-10-10T19:35:27.783605Z  INFO zakura_state::service::finalized_state::disk_db: Total Live Data Disk Size: 12.6 GB
1791660927.783738 runnervmmprz5 ztreamerd-master[3034]: 2026-10-10T19:35:27.783610Z  INFO zakura_state::service::finalized_state::disk_db: Total Database Memory Size: 100.6 MB
1791660927.783738 runnervmmprz5 ztreamerd-master[3034]: 2026-10-10T19:35:27.783678Z  INFO zakura_state::service::finalized_state::disk_format::upgrade: checking new blocks were written in current database format running_version=29.1.0+indexer
1791660927.783738 runnervmmprz5 ztreamerd-master[3034]: 2026-10-10T19:35:27.783685Z  INFO zakura_state::service::finalized_state::disk_format::upgrade: checking database format produced by new blocks in this instance is valid running_version=29.1.0+indexer
1791660931.992191 runnervmmprz5 ztreamerd-master[3034]: 2026-10-10T19:35:31.992139Z  INFO zakura_state::service::finalized_state::disk_format::upgrade: database format is valid running_version=29.1.0+indexer initial_disk_version=29.1.0+indexer
1791660931.992191 runnervmmprz5 ztreamerd-master[3034]: 2026-10-10T19:35:31.992172Z  INFO zakura_state::service::finalized_state::disk_db: forcing shutdown of a state database with multiple active instances path="/zbench/zakura-v29/state/v29/testnet"
1791660931.992191 runnervmmprz5 ztreamerd-master[3034]: 2026-10-10T19:35:31.992139Z  INFO zakura_state::service::finalized_state::disk_format::upgrade: database format is valid running_version=29.1.0+indexer initial_disk_version=29.1.0+indexer
1791660931.992191 runnervmmprz5 ztreamerd-master[3034]: 2026-10-10T19:35:31.992192Z  INFO zakura_state::service::finalized_state::disk_db: forcing shutdown of a state database with multiple active instances path="/zbench/zakura-v29/state/v29/testnet"
1791660931.993208 runnervmmprz5 ztreamerd-master[3034]: 2026-10-10T19:35:31.993184Z  INFO zakura_state::service: waiting for the block write task to finish
1791660931.993523 runnervmmprz5 ztreamerd-master[3034]: 2026-10-10T19:35:31.993500Z  INFO zakura_state::service::finalized_state::disk_format::upgrade: checking new blocks were written in current database format running_version=29.1.0+indexer
1791660931.993523 runnervmmprz5 ztreamerd-master[3034]: 2026-10-10T19:35:31.993515Z  INFO zakura_state::service::finalized_state::disk_format::upgrade: checking database format produced by new blocks in this instance is valid running_version=29.1.0+indexer
1791660935.772920 runnervmmprz5 ztreamerd-master[3034]: 2026-10-10T19:35:35.772855Z  INFO zakura_state::service::finalized_state::disk_format::upgrade: database format is valid running_version=29.1.0+indexer initial_disk_version=29.1.0+indexer
1791660935.858096 runnervmmprz5 systemd[1]: zbench-ztreamer-master.service: Deactivated successfully.
1791660935.858363 runnervmmprz5 systemd[1]: Stopped zbench-ztreamer-master.service - /opt/zbench/bin/ztreamerd-master --zakura-config /home/runner/work/zcash-indexer-bench/zcash-indexer-bench/runs/ztreamer-master-r3/index/zakura.toml --index-dir /zbench/index/ztreamer-master --grpc-listen 127.0.0.1:9067 --metrics-listen 127.0.0.1:9999.
1791660935.858678 runnervmmprz5 systemd[1]: zbench-ztreamer-master.service: Consumed 5min 38.068s CPU time, 10.2G memory peak, 0B memory swap peak, read 13.5G from disk, written 8.1G to disk.
