Oct 10 19:30:06 runnervmmprz5 systemd[1]: Started zebrad.service - /opt/zbench/bin/zebrad-v6.4.2 -c /etc/zbench/zebrad.toml start.
Oct 10 19:30:06 runnervmmprz5 zebrad-v6.4.2[2958]: Thank you for running a testnet zebrad 6.4.2 node!
Oct 10 19:30:06 runnervmmprz5 zebrad-v6.4.2[2958]: You're helping to strengthen the network and contributing to a social good :)
Oct 10 19:30:06 runnervmmprz5 zebrad-v6.4.2[2958]: 2026-10-10T19:30:06.295203Z  INFO zebrad::components::tracing::component: started tracing component filter="info" TRACING_STATIC_MAX_LEVEL=LevelFilter::INFO LOG_STATIC_MAX_LEVEL=Info
Oct 10 19:30:06 runnervmmprz5 zebrad-v6.4.2[2958]: 2026-10-10T19:30:06.297376Z  INFO zebrad::components::tracing::component: installed sentry tracing layer
Oct 10 19:30:06 runnervmmprz5 zebrad-v6.4.2[2958]: 2026-10-10T19:30:06.297391Z  INFO zebrad::components::tracing::component: set 'tracing.progress_bar ="summary"' in zebrad.toml to activate progress bars
Oct 10 19:30:06 runnervmmprz5 zebrad-v6.4.2[2958]: 2026-10-10T19:30:06.297396Z  INFO zebrad::application: Diagnostic metadata:
Oct 10 19:30:06 runnervmmprz5 zebrad-v6.4.2[2958]: version: 6.4.2
Oct 10 19:30:06 runnervmmprz5 zebrad-v6.4.2[2958]: Zcash network: Testnet
Oct 10 19:30:06 runnervmmprz5 zebrad-v6.4.2[2958]: running state version: 28.0.0+indexer
Oct 10 19:30:06 runnervmmprz5 zebrad-v6.4.2[2958]: initial disk state version: 28.0.0
Oct 10 19:30:06 runnervmmprz5 zebrad-v6.4.2[2958]: features: default,default_release_binaries,howudoin,indexer,indicatif,metrics_exporter_prometheus,opentelemetry,progress_bar,prometheus,release_max_level_info,sentry
Oct 10 19:30:06 runnervmmprz5 zebrad-v6.4.2[2958]: branch: HEAD
Oct 10 19:30:06 runnervmmprz5 zebrad-v6.4.2[2958]: git commit: e3eef2f
Oct 10 19:30:06 runnervmmprz5 zebrad-v6.4.2[2958]: commit timestamp: 2026-09-25T19:37:34.000000000Z
Oct 10 19:30:06 runnervmmprz5 zebrad-v6.4.2[2958]: target triple: x86_64-unknown-linux-gnu
Oct 10 19:30:06 runnervmmprz5 zebrad-v6.4.2[2958]: rust compiler: 1.91.0
Oct 10 19:30:06 runnervmmprz5 zebrad-v6.4.2[2958]: rust release date: 2025-10-28
Oct 10 19:30:06 runnervmmprz5 zebrad-v6.4.2[2958]: optimization level: 3
Oct 10 19:30:06 runnervmmprz5 zebrad-v6.4.2[2958]: debug checks: true
Oct 10 19:30:06 runnervmmprz5 zebrad-v6.4.2[2958]: 2026-10-10T19:30:06.297405Z  INFO zebrad::application: Using config file at: "/etc/zbench/zebrad.toml"
Oct 10 19:30:06 runnervmmprz5 zebrad-v6.4.2[2958]: 2026-10-10T19:30:06.297410Z  INFO zebrad::application: ZebradConfig { consensus: Config { checkpoint_sync: true }, metrics: Config { endpoint_addr: Some(127.0.0.1:9101) }, network: Config { listen_addr: 127.0.0.1:8233, external_addr: None, network: Testnet, initial_mainnet_peers: {}, initial_testnet_peers: {}, cache_dir: IsEnabled(false), peerset_initial_target_size: 25, crawl_new_peer_interval: 61s, max_connections_per_ip: 1 }, state: Config { cache_dir: "/zbench/zebra", ephemeral: false, should_backup_non_finalized_state: true, delete_old_database: true, debug_stop_at_height: None, debug_validity_check_interval: None, debug_skip_non_finalized_state_backup_task: false }, tracing: Config { inner: InnerConfig { use_color: false, force_use_color: false, filter: None, buffer_limit: 128000, endpoint_addr: None, flamegraph: None, progress_bar: None, log_file: None, use_journald: false, opentelemetry_endpoint: None, opentelemetry_service_name: None, opentelemetry_sample_percent: None } }, sync: Config { download_concurrency_limit: 50, checkpoint_verify_concurrency_limit: 1000, full_verify_concurrency_limit: 20, parallel_cpu_threads: 0 }, mempool: Config { tx_cost_limit: 80000000, eviction_memory_time: 3600s, debug_enable_at_height: None, max_datacarrier_bytes: Some(83) }, notify: Config { block_notify_command: None }, rpc: Config { listen_addr: Some(127.0.0.1:8232), indexer_listen_addr: Some(127.0.0.1:8230), lightwalletd_listen_addr: None, parallel_cpu_threads: 0, debug_force_finished_sync: false, cookie_dir: "/zbench/zebra-cookie", enable_cookie_auth: true, max_response_body_size: 52428800 }, mining: Config { miner_address: None, extra_coinbase_data: None, miner_memo: None, internal_miner: false }, health: Config { listen_addr: None, min_connected_peers: 1, ready_max_blocks_behind: 2, enforce_on_test_networks: false, ready_max_tip_age: 300s }, zcashd_compat: Config { enabled: false, manage_zcashd: false, zcashd_source: Path, zcashd_path: None, zcashd_datadir: None, zcashd_extra_args: [], p2p_connect_addr: None, block_gossip_peer_ips: [], startup_delay: 1s, restart_backoff: 2s, restart_backoff_max: 300s, restart_reset_after: 3600s, shutdown_grace_period: 300s } }
Oct 10 19:30:06 runnervmmprz5 zebrad-v6.4.2[2958]: 2026-10-10T19:30:06.299027Z  INFO {zebrad="e3eef2f" net="Test"}: zebrad::application: initialized rayon thread pool for CPU-bound tasks num_threads=4
Oct 10 19:30:06 runnervmmprz5 zebrad-v6.4.2[2958]: 2026-10-10T19:30:06.300094Z  INFO {zebrad="e3eef2f" net="Test"}: zebrad::components::metrics: Trying to open metrics endpoint at 127.0.0.1:9101...
Oct 10 19:30:06 runnervmmprz5 zebrad-v6.4.2[2958]: 2026-10-10T19:30:06.301578Z  INFO {zebrad="e3eef2f" net="Test"}: zebrad::components::metrics: Opened metrics endpoint at 127.0.0.1:9101
Oct 10 19:30:06 runnervmmprz5 zebrad-v6.4.2[2958]: 2026-10-10T19:30:06.302396Z  INFO zebrad::commands::start: Starting zebrad
Oct 10 19:30:06 runnervmmprz5 zebrad-v6.4.2[2958]: 2026-10-10T19:30:06.303407Z  WARN zebrad::commands::start: TCP slow-start-after-idle is enabled, which resets TCP's congestion window between block requests and significantly reduces single-peer throughput for block propagation. Hint: set `net.ipv4.tcp_slow_start_after_idle=0` via sysctl. See https://zebra.zfnd.org/user/troubleshooting.html#linux-tcp-tuning-for-block-propagation setting="net.ipv4.tcp_slow_start_after_idle"
Oct 10 19:30:06 runnervmmprz5 zebrad-v6.4.2[2958]: 2026-10-10T19:30:06.303438Z  INFO zebrad::commands::start: initializing node state
Oct 10 19:30:06 runnervmmprz5 zebrad-v6.4.2[2958]: 2026-10-10T19:30:06.303749Z  INFO zebrad::commands::start: opening database, this may take a few minutes
Oct 10 19:30:06 runnervmmprz5 zebrad-v6.4.2[2958]: 2026-10-10T19:30:06.306342Z  INFO zebra_state::service::finalized_state::disk_format::upgrade: trying to open current database format running_version=28.0.0+indexer
Oct 10 19:30:07 runnervmmprz5 zebrad-v6.4.2[2958]: 2026-10-10T19:30:07.436393Z  INFO zebra_state::service::finalized_state::disk_db: Opened Zebra state cache at /zbench/zebra/state/v28/testnet
Oct 10 19:30:07 runnervmmprz5 zebrad-v6.4.2[2958]: 2026-10-10T19:30:07.438361Z  INFO zebra_state::service::finalized_state::disk_format::upgrade: checking database format produced by a previous zebra instance is current and valid running_version=28.0.0+indexer
Oct 10 19:30:07 runnervmmprz5 zebrad-v6.4.2[2958]: 2026-10-10T19:30:07.438669Z  INFO zebra_state::service::finalized_state::disk_format::upgrade: started checking/adding indexes for spending tx ids
Oct 10 19:30:07 runnervmmprz5 zebrad-v6.4.2[2958]: 2026-10-10T19:30:07.444937Z  INFO zebra_state::service::non_finalized_state: restoring non-finalized blocks from backup and spawning backup task backup_dir_path="/zbench/zebra/non_finalized_state/testnet"
Oct 10 19:30:07 runnervmmprz5 zebrad-v6.4.2[2958]: 2026-10-10T19:30:07.445297Z  INFO zebra_state::service::non_finalized_state: no blocks were restored from the non-finalized backup cache
Oct 10 19:30:07 runnervmmprz5 zebrad-v6.4.2[2958]: 2026-10-10T19:30:07.445320Z  INFO zebra_state::service: loaded Zebra state cache chain_tip=Some((block::Hash("00005894e6410b9d9524e38d725e6595ef4c8f85d4deb9e56b340751b0c3d678"), Height(4382897)))
Oct 10 19:30:07 runnervmmprz5 zebrad-v6.4.2[2958]: 2026-10-10T19:30:07.449838Z  INFO zebra_state::service: starting legacy chain check
Oct 10 19:30:07 runnervmmprz5 zebrad-v6.4.2[2958]: 2026-10-10T19:30:07.450209Z  INFO zebra_state::service: cached state consensus branch is valid: no legacy chain found
Oct 10 19:30:07 runnervmmprz5 zebrad-v6.4.2[2958]: 2026-10-10T19:30:07.450238Z  INFO zebrad::commands::start: logging database metrics on startup
Oct 10 19:30:07 runnervmmprz5 zebrad-v6.4.2[2958]: 2026-10-10T19:30:07.454448Z  INFO zebra_state::service::finalized_state::disk_db: Total Database Disk Size: 12.6 GB
Oct 10 19:30:07 runnervmmprz5 zebrad-v6.4.2[2958]: 2026-10-10T19:30:07.454456Z  INFO zebra_state::service::finalized_state::disk_db: Total Live Data Disk Size: 12.6 GB
Oct 10 19:30:07 runnervmmprz5 zebrad-v6.4.2[2958]: 2026-10-10T19:30:07.454458Z  INFO zebra_state::service::finalized_state::disk_db: Total Database Memory Size: 1.1 MB
Oct 10 19:30:07 runnervmmprz5 zebrad-v6.4.2[2958]: 2026-10-10T19:30:07.454469Z  INFO zebrad::commands::start: initializing network
Oct 10 19:30:07 runnervmmprz5 zebrad-v6.4.2[2958]: 2026-10-10T19:30:07.454834Z  INFO open_listener{addr=127.0.0.1:8233}: zebra_network::peer_set::initialize: Trying to open Zcash protocol endpoint at 127.0.0.1:8233...
Oct 10 19:30:07 runnervmmprz5 zebrad-v6.4.2[2958]: 2026-10-10T19:30:07.454882Z  INFO open_listener{addr=127.0.0.1:8233}: zebra_network::peer_set::initialize: Opened Zcash protocol endpoint at 127.0.0.1:8233
Oct 10 19:30:07 runnervmmprz5 zebrad-v6.4.2[2958]: 2026-10-10T19:30:07.457007Z  INFO zebra_network::address_book_updater: starting the address book updater
Oct 10 19:30:07 runnervmmprz5 zebrad-v6.4.2[2958]: 2026-10-10T19:30:07.457646Z  WARN add_initial_peers: zebra_network::config: no initial peers in the network config. Hint: you must configure at least one peer IP or DNS seeder to run Zebra, give it some previously cached peer IP addresses on disk, or make sure Zebra's listener port gets inbound connections.
Oct 10 19:30:07 runnervmmprz5 zebrad-v6.4.2[2958]: 2026-10-10T19:30:07.458013Z  INFO add_initial_peers: zebra_network::peer_set::initialize: connecting to initial peer set ipv4_peer_count=0 ipv6_peer_count=0
Oct 10 19:30:07 runnervmmprz5 zebrad-v6.4.2[2958]: 2026-10-10T19:30:07.458029Z  INFO add_initial_peers: zebra_network::peer_set::initialize: finished connecting to initial seed and disk cache peers handshake_success_total=0 handshake_error_total=0 outbound_connections=0
Oct 10 19:30:07 runnervmmprz5 zebrad-v6.4.2[2958]: 2026-10-10T19:30:07.458116Z  INFO zebra_network::peer_set::initialize: sending initial request for peers active_initial_peer_count=0
Oct 10 19:30:07 runnervmmprz5 zebrad-v6.4.2[2958]: 2026-10-10T19:30:07.458137Z  INFO zebrad::commands::start: initializing verifiers
Oct 10 19:30:07 runnervmmprz5 zebrad-v6.4.2[2958]: 2026-10-10T19:30:07.458204Z  INFO crawl_and_dial{new_peer_interval=61s}: zebra_network::peer_set::initialize: starting the peer address crawler crawl_new_peer_interval=61s outbound_connections=0
Oct 10 19:30:07 runnervmmprz5 zebrad-v6.4.2[2958]: 2026-10-10T19:30:07.458266Z  INFO init{config=Config { checkpoint_sync: true } network=Testnet}: zebra_consensus::router: starting state checkpoint validation
Oct 10 19:30:07 runnervmmprz5 zebrad-v6.4.2[2958]: 2026-10-10T19:30:07.458890Z  INFO init{config=Config { checkpoint_sync: true } network=Testnet}: zebra_consensus::router: initializing block verifier router tip=Some((Height(4382897), block::Hash("00005894e6410b9d9524e38d725e6595ef4c8f85d4deb9e56b340751b0c3d678"))) max_checkpoint_height=Height(4359385)
Oct 10 19:30:07 runnervmmprz5 zebrad-v6.4.2[2958]: 2026-10-10T19:30:07.459178Z  INFO zebrad::commands::start: initializing syncer
Oct 10 19:30:07 runnervmmprz5 zebrad-v6.4.2[2958]: 2026-10-10T19:30:07.459368Z  INFO zebrad::commands::start: initializing mempool
Oct 10 19:30:07 runnervmmprz5 zebrad-v6.4.2[2958]: 2026-10-10T19:30:07.459539Z  INFO zebrad::commands::start: fully initializing inbound peer request handler
Oct 10 19:30:07 runnervmmprz5 zebrad-v6.4.2[2958]: 2026-10-10T19:30:07.463558Z  INFO zebra_rpc::server::cookie: RPC auth cookie written to disk
Oct 10 19:30:07 runnervmmprz5 zebrad-v6.4.2[2958]: 2026-10-10T19:30:07.463602Z  INFO zebra_rpc::server: Opened RPC endpoint at 127.0.0.1:8232
Oct 10 19:30:07 runnervmmprz5 zebrad-v6.4.2[2958]: 2026-10-10T19:30:07.463619Z  INFO zebrad::commands::start: spawning indexer RPC server
Oct 10 19:30:07 runnervmmprz5 zebrad-v6.4.2[2958]: 2026-10-10T19:30:07.465055Z  INFO init: zebra_rpc::indexer::server: Trying to open indexer RPC endpoint at 127.0.0.1:8230...
Oct 10 19:30:07 runnervmmprz5 zebrad-v6.4.2[2958]: 2026-10-10T19:30:07.465085Z  INFO init: zebra_rpc::indexer::server: Opened RPC endpoint at 127.0.0.1:8230
Oct 10 19:30:07 runnervmmprz5 zebrad-v6.4.2[2958]: 2026-10-10T19:30:07.465098Z  INFO zebrad::commands::start: spawning block gossip task
Oct 10 19:30:07 runnervmmprz5 zebrad-v6.4.2[2958]: 2026-10-10T19:30:07.465103Z  INFO zebrad::commands::start: spawning block notify task
Oct 10 19:30:07 runnervmmprz5 zebrad-v6.4.2[2958]: 2026-10-10T19:30:07.465106Z  INFO zebrad::commands::start: spawning mempool queue checker task
Oct 10 19:30:07 runnervmmprz5 zebrad-v6.4.2[2958]: 2026-10-10T19:30:07.465109Z  INFO zebrad::commands::start: spawning mempool transaction gossip task
Oct 10 19:30:07 runnervmmprz5 zebrad-v6.4.2[2958]: 2026-10-10T19:30:07.465112Z  INFO zebrad::commands::start: spawning delete old databases task
Oct 10 19:30:07 runnervmmprz5 zebrad-v6.4.2[2958]: 2026-10-10T19:30:07.465121Z  INFO zebrad::commands::start: spawning progress logging task
Oct 10 19:30:07 runnervmmprz5 zebrad-v6.4.2[2958]: 2026-10-10T19:30:07.465125Z  INFO zebrad::commands::start: initializing health endpoints
Oct 10 19:30:07 runnervmmprz5 zebrad-v6.4.2[2958]: 2026-10-10T19:30:07.465129Z  INFO zebrad::commands::start: spawning end of support checking task
Oct 10 19:30:07 runnervmmprz5 zebrad-v6.4.2[2958]: 2026-10-10T19:30:07.465135Z  INFO zebrad::commands::start: spawning mempool crawler task
Oct 10 19:30:07 runnervmmprz5 zebrad-v6.4.2[2958]: 2026-10-10T19:30:07.465138Z  INFO zebrad::commands::start: spawning syncer task
Oct 10 19:30:07 runnervmmprz5 zebrad-v6.4.2[2958]: 2026-10-10T19:30:07.465142Z  INFO zebrad::commands::start: spawned initial Zebra tasks
Oct 10 19:30:07 runnervmmprz5 zebrad-v6.4.2[2958]: 2026-10-10T19:30:07.465268Z  INFO zebra_state::config: checking for old database versions db_kind="state"
Oct 10 19:30:07 runnervmmprz5 zebrad-v6.4.2[2958]: 2026-10-10T19:30:07.465309Z  INFO zebra_state::config: finished old database version cleanup task
Oct 10 19:30:07 runnervmmprz5 zebrad-v6.4.2[2958]: 2026-10-10T19:30:07.465375Z  INFO zebrad::components::mempool::queue_checker: initializing mempool queue checker task
Oct 10 19:30:07 runnervmmprz5 zebrad-v6.4.2[2958]: 2026-10-10T19:30:07.465390Z  INFO zebrad::components::mempool::gossip: initializing transaction gossip task
Oct 10 19:30:07 runnervmmprz5 zebrad-v6.4.2[2958]: 2026-10-10T19:30:07.465405Z  INFO zebrad::components::sync::end_of_support: Starting end of support task
Oct 10 19:30:07 runnervmmprz5 zebrad-v6.4.2[2958]: 2026-10-10T19:30:07.465559Z  INFO zebrad::components::mempool::crawler: initializing mempool crawler task
Oct 10 19:30:07 runnervmmprz5 zebrad-v6.4.2[2958]: 2026-10-10T19:30:07.465620Z  WARN zebrad::components::sync::progress: chain tip metrics channel closed err=SendError { .. }
Oct 10 19:30:07 runnervmmprz5 zebrad-v6.4.2[2958]: 2026-10-10T19:30:07.465638Z  INFO zebrad::components::sync::gossip: initializing block gossip task
Oct 10 19:30:07 runnervmmprz5 zebrad-v6.4.2[2958]: 2026-10-10T19:30:07.466891Z  INFO sync:try_to_sync: zebrad::components::sync: starting sync, obtaining new tips state_tip=Some(Height(4382897))
Oct 10 19:30:09 runnervmmprz5 zebrad-v6.4.2[2958]: 2026-10-10T19:30:09.669699Z  INFO init{config=Config { checkpoint_sync: true } network=Testnet}: zebra_consensus::router: finished state checkpoint validation
Oct 10 19:30:13 runnervmmprz5 zebrad-v6.4.2[2958]: 2026-10-10T19:30:13.469016Z  INFO sync:try_to_sync: zebrad::components::sync: exhausted prospective tip set
Oct 10 19:30:13 runnervmmprz5 zebrad-v6.4.2[2958]: 2026-10-10T19:30:13.469043Z  INFO sync: zebrad::components::sync: waiting to restart sync timeout=67s state_tip=Some(Height(4382897))
Oct 10 19:30:14 runnervmmprz5 zebrad-v6.4.2[2958]: 2026-10-10T19:30:14.467089Z  INFO zebrad::components::sync::gossip: height=Height(4382897) request=AdvertiseBlock(block::Hash("00005894e6410b9d9524e38d725e6595ef4c8f85d4deb9e56b340751b0c3d678"), None) log_msg="sending committed block broadcast"
Oct 10 19:30:17 runnervmmprz5 zebrad-v6.4.2[2958]: 2026-10-10T19:30:17.466652Z  INFO zebrad::components::sync::end_of_support: Release always valid in Testnet
Oct 10 19:30:17 runnervmmprz5 zebrad-v6.4.2[2958]: 2026-10-10T19:30:17.467839Z  INFO zebrad::components::mempool: activating mempool: Zebra is close to the tip tip_height=Height(4382897)
Oct 10 19:31:07 runnervmmprz5 zebrad-v6.4.2[2958]: 2026-10-10T19:31:07.480823Z  INFO zebrad::components::sync::progress: initial sync is very slow, or estimated tip is wrong. Hint: check your network connection, and your computer clock and time zone sync_percent=99.539% current_height=Height(4382897) network_upgrade=Nu6_3 remaining_sync_blocks=20292 after_checkpoint_height=Height(4360395) time_since_last_state_block=1m
Oct 10 19:31:08 runnervmmprz5 zebrad-v6.4.2[2958]: 2026-10-10T19:31:08.460434Z  INFO crawl_and_dial{new_peer_interval=61s}:crawl: zebra_network::peer_set::candidate_set::crawl: timeout waiting for peer service readiness or peer responses
Oct 10 19:31:20 runnervmmprz5 zebrad-v6.4.2[2958]: 2026-10-10T19:31:20.470222Z  INFO sync:try_to_sync: zebrad::components::sync: starting sync, obtaining new tips state_tip=Some(Height(4382897))
Oct 10 19:31:26 runnervmmprz5 zebrad-v6.4.2[2958]: 2026-10-10T19:31:26.470479Z  INFO zebrad::components::mempool::crawler: mempool crawl timed out: Elapsed(())
Oct 10 19:32:00 runnervmmprz5 zebrad-v6.4.2[2958]: 2026-10-10T19:32:00.885834Z  INFO zebra_state::service::finalized_state::disk_format::upgrade: finished checking/adding indexes for spending tx ids
Oct 10 19:32:05 runnervmmprz5 zebrad-v6.4.2[2958]: 2026-10-10T19:32:05.395491Z  INFO zebra_state::service::finalized_state::disk_format::upgrade: database format is valid running_version=28.0.0+indexer initial_disk_version=28.0.0+indexer
Oct 10 19:32:07 runnervmmprz5 zebrad-v6.4.2[2958]: 2026-10-10T19:32:07.497930Z  INFO zebrad::components::sync::progress: initial sync is very slow, or estimated tip is wrong. Hint: check your network connection, and your computer clock and time zone sync_percent=99.539% current_height=Height(4382897) network_upgrade=Nu6_3 remaining_sync_blocks=20293 after_checkpoint_height=Height(4360395) time_since_last_state_block=2m
Oct 10 19:32:17 runnervmmprz5 zebrad-v6.4.2[2958]: 2026-10-10T19:32:17.460881Z  INFO crawl_and_dial{new_peer_interval=61s}:crawl: zebra_network::peer_set::candidate_set::crawl: timeout waiting for peer service readiness or peer responses
Oct 10 19:32:27 runnervmmprz5 zebrad-v6.4.2[2958]: 2026-10-10T19:32:27.471959Z  INFO sync:try_to_sync: zebrad::components::sync: temporary error obtaining tips: deadline has elapsed
Oct 10 19:32:27 runnervmmprz5 zebrad-v6.4.2[2958]: 2026-10-10T19:32:27.472021Z  INFO sync: zebrad::components::sync: waiting to restart sync timeout=67s state_tip=Some(Height(4382897))
Oct 10 19:33:07 runnervmmprz5 zebrad-v6.4.2[2958]: 2026-10-10T19:33:07.510564Z  INFO zebrad::components::sync::progress: initial sync is very slow, or estimated tip is wrong. Hint: check your network connection, and your computer clock and time zone sync_percent=99.539% current_height=Height(4382897) network_upgrade=Nu6_3 remaining_sync_blocks=20294 after_checkpoint_height=Height(4360395) time_since_last_state_block=3m
Oct 10 19:33:18 runnervmmprz5 zebrad-v6.4.2[2958]: 2026-10-10T19:33:18.460214Z  INFO crawl_and_dial{new_peer_interval=61s}:crawl: zebra_network::peer_set::candidate_set::crawl: timeout waiting for peer service readiness or peer responses
Oct 10 19:33:34 runnervmmprz5 zebrad-v6.4.2[2958]: 2026-10-10T19:33:34.473979Z  INFO sync:try_to_sync: zebrad::components::sync: starting sync, obtaining new tips state_tip=Some(Height(4382897))
Oct 10 19:33:52 runnervmmprz5 zebrad-v6.4.2[2958]: 2026-10-10T19:33:52.472054Z  INFO zebrad::components::mempool::crawler: mempool crawl timed out: Elapsed(())
Oct 10 19:34:07 runnervmmprz5 zebrad-v6.4.2[2958]: 2026-10-10T19:34:07.523287Z  INFO zebrad::components::sync::progress: initial sync is very slow, or estimated tip is wrong. Hint: check your network connection, and your computer clock and time zone sync_percent=99.539% current_height=Height(4382897) network_upgrade=Nu6_3 remaining_sync_blocks=20294 after_checkpoint_height=Height(4360395) time_since_last_state_block=4m
Oct 10 19:34:19 runnervmmprz5 zebrad-v6.4.2[2958]: 2026-10-10T19:34:19.460735Z  INFO crawl_and_dial{new_peer_interval=61s}:crawl: zebra_network::peer_set::candidate_set::crawl: timeout waiting for peer service readiness or peer responses
Oct 10 19:34:41 runnervmmprz5 zebrad-v6.4.2[2958]: 2026-10-10T19:34:41.475712Z  INFO sync:try_to_sync: zebrad::components::sync: temporary error obtaining tips: deadline has elapsed
Oct 10 19:34:41 runnervmmprz5 zebrad-v6.4.2[2958]: 2026-10-10T19:34:41.475769Z  INFO sync: zebrad::components::sync: waiting to restart sync timeout=67s state_tip=Some(Height(4382897))
Oct 10 19:35:07 runnervmmprz5 zebrad-v6.4.2[2958]: 2026-10-10T19:35:07.539237Z  INFO zebrad::components::sync::progress: initial sync is very slow, or estimated tip is wrong. Hint: check your network connection, and your computer clock and time zone sync_percent=99.539% current_height=Height(4382897) network_upgrade=Nu6_3 remaining_sync_blocks=20295 after_checkpoint_height=Height(4360395) time_since_last_state_block=5m
Oct 10 19:35:20 runnervmmprz5 zebrad-v6.4.2[2958]: 2026-10-10T19:35:20.460897Z  INFO crawl_and_dial{new_peer_interval=61s}:crawl: zebra_network::peer_set::candidate_set::crawl: timeout waiting for peer service readiness or peer responses
Oct 10 19:35:48 runnervmmprz5 zebrad-v6.4.2[2958]: 2026-10-10T19:35:48.476970Z  INFO sync:try_to_sync: zebrad::components::sync: starting sync, obtaining new tips state_tip=Some(Height(4382897))
Oct 10 19:36:07 runnervmmprz5 zebrad-v6.4.2[2958]: 2026-10-10T19:36:07.551626Z  INFO zebrad::components::sync::progress: initial sync is very slow, or estimated tip is wrong. Hint: check your network connection, and your computer clock and time zone sync_percent=99.539% current_height=Height(4382897) network_upgrade=Nu6_3 remaining_sync_blocks=20296 after_checkpoint_height=Height(4360395) time_since_last_state_block=6m
Oct 10 19:36:18 runnervmmprz5 zebrad-v6.4.2[2958]: 2026-10-10T19:36:18.473943Z  INFO zebrad::components::mempool::crawler: mempool crawl timed out: Elapsed(())
Oct 10 19:36:21 runnervmmprz5 zebrad-v6.4.2[2958]: 2026-10-10T19:36:21.461610Z  INFO crawl_and_dial{new_peer_interval=61s}:crawl: zebra_network::peer_set::candidate_set::crawl: timeout waiting for peer service readiness or peer responses
Oct 10 19:36:55 runnervmmprz5 zebrad-v6.4.2[2958]: 2026-10-10T19:36:55.478512Z  INFO sync:try_to_sync: zebrad::components::sync: temporary error obtaining tips: deadline has elapsed
Oct 10 19:36:55 runnervmmprz5 zebrad-v6.4.2[2958]: 2026-10-10T19:36:55.478568Z  INFO sync: zebrad::components::sync: waiting to restart sync timeout=67s state_tip=Some(Height(4382897))
Oct 10 19:37:07 runnervmmprz5 zebrad-v6.4.2[2958]: 2026-10-10T19:37:07.563268Z  INFO zebrad::components::sync::progress: initial sync is very slow, or estimated tip is wrong. Hint: check your network connection, and your computer clock and time zone sync_percent=99.539% current_height=Height(4382897) network_upgrade=Nu6_3 remaining_sync_blocks=20297 after_checkpoint_height=Height(4360395) time_since_last_state_block=7m
Oct 10 19:37:22 runnervmmprz5 zebrad-v6.4.2[2958]: 2026-10-10T19:37:22.460399Z  INFO crawl_and_dial{new_peer_interval=61s}:crawl: zebra_network::peer_set::candidate_set::crawl: timeout waiting for peer service readiness or peer responses
Oct 10 19:38:02 runnervmmprz5 zebrad-v6.4.2[2958]: 2026-10-10T19:38:02.479605Z  INFO sync:try_to_sync: zebrad::components::sync: starting sync, obtaining new tips state_tip=Some(Height(4382897))
Oct 10 19:38:07 runnervmmprz5 zebrad-v6.4.2[2958]: 2026-10-10T19:38:07.575609Z  INFO zebrad::components::sync::progress: initial sync is very slow, or estimated tip is wrong. Hint: check your network connection, and your computer clock and time zone sync_percent=99.539% current_height=Height(4382897) network_upgrade=Nu6_3 remaining_sync_blocks=20298 after_checkpoint_height=Height(4360395) time_since_last_state_block=8m
Oct 10 19:38:23 runnervmmprz5 zebrad-v6.4.2[2958]: 2026-10-10T19:38:23.460011Z  INFO crawl_and_dial{new_peer_interval=61s}:crawl: zebra_network::peer_set::candidate_set::crawl: timeout waiting for peer service readiness or peer responses
Oct 10 19:38:44 runnervmmprz5 zebrad-v6.4.2[2958]: 2026-10-10T19:38:44.476766Z  INFO zebrad::components::mempool::crawler: mempool crawl timed out: Elapsed(())
Oct 10 19:39:07 runnervmmprz5 zebrad-v6.4.2[2958]: 2026-10-10T19:39:07.589208Z  INFO zebrad::components::sync::progress: initial sync is very slow, or estimated tip is wrong. Hint: check your network connection, and your computer clock and time zone sync_percent=99.539% current_height=Height(4382897) network_upgrade=Nu6_3 remaining_sync_blocks=20298 after_checkpoint_height=Height(4360395) time_since_last_state_block=9m
Oct 10 19:39:09 runnervmmprz5 zebrad-v6.4.2[2958]: 2026-10-10T19:39:09.480175Z  INFO sync:try_to_sync: zebrad::components::sync: temporary error obtaining tips: deadline has elapsed
Oct 10 19:39:09 runnervmmprz5 zebrad-v6.4.2[2958]: 2026-10-10T19:39:09.480231Z  INFO sync: zebrad::components::sync: waiting to restart sync timeout=67s state_tip=Some(Height(4382897))
Oct 10 19:39:24 runnervmmprz5 zebrad-v6.4.2[2958]: 2026-10-10T19:39:24.460501Z  INFO crawl_and_dial{new_peer_interval=61s}:crawl: zebra_network::peer_set::candidate_set::crawl: timeout waiting for peer service readiness or peer responses
Oct 10 19:40:07 runnervmmprz5 zebrad-v6.4.2[2958]: 2026-10-10T19:40:07.602592Z  INFO zebrad::components::sync::progress: initial sync is very slow, or estimated tip is wrong. Hint: check your network connection, and your computer clock and time zone sync_percent=99.539% current_height=Height(4382897) network_upgrade=Nu6_3 remaining_sync_blocks=20299 after_checkpoint_height=Height(4360395) time_since_last_state_block=10m
Oct 10 19:40:16 runnervmmprz5 zebrad-v6.4.2[2958]: 2026-10-10T19:40:16.481356Z  INFO sync:try_to_sync: zebrad::components::sync: starting sync, obtaining new tips state_tip=Some(Height(4382897))
Oct 10 19:40:25 runnervmmprz5 zebrad-v6.4.2[2958]: 2026-10-10T19:40:25.460620Z  INFO crawl_and_dial{new_peer_interval=61s}:crawl: zebra_network::peer_set::candidate_set::crawl: timeout waiting for peer service readiness or peer responses
Oct 10 19:41:07 runnervmmprz5 zebrad-v6.4.2[2958]: 2026-10-10T19:41:07.615527Z  INFO zebrad::components::sync::progress: initial sync is very slow, or estimated tip is wrong. Hint: check your network connection, and your computer clock and time zone sync_percent=99.539% current_height=Height(4382897) network_upgrade=Nu6_3 remaining_sync_blocks=20300 after_checkpoint_height=Height(4360395) time_since_last_state_block=11m
Oct 10 19:41:10 runnervmmprz5 zebrad-v6.4.2[2958]: 2026-10-10T19:41:10.478446Z  INFO zebrad::components::mempool::crawler: mempool crawl timed out: Elapsed(())
Oct 10 19:41:23 runnervmmprz5 zebrad-v6.4.2[2958]: 2026-10-10T19:41:23.482725Z  INFO sync:try_to_sync: zebrad::components::sync: temporary error obtaining tips: deadline has elapsed
Oct 10 19:41:23 runnervmmprz5 zebrad-v6.4.2[2958]: 2026-10-10T19:41:23.482783Z  INFO sync: zebrad::components::sync: waiting to restart sync timeout=67s state_tip=Some(Height(4382897))
Oct 10 19:41:26 runnervmmprz5 zebrad-v6.4.2[2958]: 2026-10-10T19:41:26.460699Z  INFO crawl_and_dial{new_peer_interval=61s}:crawl: zebra_network::peer_set::candidate_set::crawl: timeout waiting for peer service readiness or peer responses
Oct 10 19:42:07 runnervmmprz5 zebrad-v6.4.2[2958]: 2026-10-10T19:42:07.627420Z  INFO zebrad::components::sync::progress: initial sync is very slow, or estimated tip is wrong. Hint: check your network connection, and your computer clock and time zone sync_percent=99.539% current_height=Height(4382897) network_upgrade=Nu6_3 remaining_sync_blocks=20301 after_checkpoint_height=Height(4360395) time_since_last_state_block=12m
Oct 10 19:42:27 runnervmmprz5 zebrad-v6.4.2[2958]: 2026-10-10T19:42:27.459943Z  INFO crawl_and_dial{new_peer_interval=61s}:crawl: zebra_network::peer_set::candidate_set::crawl: timeout waiting for peer service readiness or peer responses
Oct 10 19:42:30 runnervmmprz5 zebrad-v6.4.2[2958]: 2026-10-10T19:42:30.484379Z  INFO sync:try_to_sync: zebrad::components::sync: starting sync, obtaining new tips state_tip=Some(Height(4382897))
Oct 10 19:43:07 runnervmmprz5 zebrad-v6.4.2[2958]: 2026-10-10T19:43:07.641755Z  INFO zebrad::components::sync::progress: initial sync is very slow, or estimated tip is wrong. Hint: check your network connection, and your computer clock and time zone sync_percent=99.539% current_height=Height(4382897) network_upgrade=Nu6_3 remaining_sync_blocks=20302 after_checkpoint_height=Height(4360395) time_since_last_state_block=13m
Oct 10 19:43:28 runnervmmprz5 zebrad-v6.4.2[2958]: 2026-10-10T19:43:28.461284Z  INFO crawl_and_dial{new_peer_interval=61s}:crawl: zebra_network::peer_set::candidate_set::crawl: timeout waiting for peer service readiness or peer responses
Oct 10 19:43:36 runnervmmprz5 zebrad-v6.4.2[2958]: 2026-10-10T19:43:36.480144Z  INFO zebrad::components::mempool::crawler: mempool crawl timed out: Elapsed(())
Oct 10 19:43:37 runnervmmprz5 zebrad-v6.4.2[2958]: 2026-10-10T19:43:37.485939Z  INFO sync:try_to_sync: zebrad::components::sync: temporary error obtaining tips: deadline has elapsed
Oct 10 19:43:37 runnervmmprz5 zebrad-v6.4.2[2958]: 2026-10-10T19:43:37.485996Z  INFO sync: zebrad::components::sync: waiting to restart sync timeout=67s state_tip=Some(Height(4382897))
Oct 10 19:44:07 runnervmmprz5 zebrad-v6.4.2[2958]: 2026-10-10T19:44:07.656007Z  INFO zebrad::components::sync::progress: initial sync is very slow, or estimated tip is wrong. Hint: check your network connection, and your computer clock and time zone sync_percent=99.539% current_height=Height(4382897) network_upgrade=Nu6_3 remaining_sync_blocks=20302 after_checkpoint_height=Height(4360395) time_since_last_state_block=14m
Oct 10 19:44:29 runnervmmprz5 zebrad-v6.4.2[2958]: 2026-10-10T19:44:29.460150Z  INFO crawl_and_dial{new_peer_interval=61s}:crawl: zebra_network::peer_set::candidate_set::crawl: timeout waiting for peer service readiness or peer responses
Oct 10 19:44:44 runnervmmprz5 zebrad-v6.4.2[2958]: 2026-10-10T19:44:44.487196Z  INFO sync:try_to_sync: zebrad::components::sync: starting sync, obtaining new tips state_tip=Some(Height(4382897))
Oct 10 19:45:07 runnervmmprz5 zebrad-v6.4.2[2958]: 2026-10-10T19:45:07.670620Z  WARN zebrad::components::sync::progress: chain updates have stalled, state height has not increased for 15 minutes. Hint: check your network connection, and your computer clock and time zone sync_percent=99.539% current_height=Height(4382897) network_upgrade=Nu6_3 time_since_last_state_block=15m target_block_spacing=1m 15s max_block_spacing=7m 30s is_syncer_stopped=true
Oct 10 19:45:30 runnervmmprz5 zebrad-v6.4.2[2958]: 2026-10-10T19:45:30.460504Z  INFO crawl_and_dial{new_peer_interval=61s}:crawl: zebra_network::peer_set::candidate_set::crawl: timeout waiting for peer service readiness or peer responses
Oct 10 19:45:51 runnervmmprz5 zebrad-v6.4.2[2958]: 2026-10-10T19:45:51.488705Z  INFO sync:try_to_sync: zebrad::components::sync: temporary error obtaining tips: deadline has elapsed
Oct 10 19:45:51 runnervmmprz5 zebrad-v6.4.2[2958]: 2026-10-10T19:45:51.488765Z  INFO sync: zebrad::components::sync: waiting to restart sync timeout=67s state_tip=Some(Height(4382897))
Oct 10 19:46:02 runnervmmprz5 zebrad-v6.4.2[2958]: 2026-10-10T19:46:02.482543Z  INFO zebrad::components::mempool::crawler: mempool crawl timed out: Elapsed(())
Oct 10 19:46:07 runnervmmprz5 zebrad-v6.4.2[2958]: 2026-10-10T19:46:07.683449Z  WARN zebrad::components::sync::progress: chain updates have stalled, state height has not increased for 16 minutes. Hint: check your network connection, and your computer clock and time zone sync_percent=99.539% current_height=Height(4382897) network_upgrade=Nu6_3 time_since_last_state_block=16m target_block_spacing=1m 15s max_block_spacing=7m 30s is_syncer_stopped=true
Oct 10 19:46:31 runnervmmprz5 zebrad-v6.4.2[2958]: 2026-10-10T19:46:31.461890Z  INFO crawl_and_dial{new_peer_interval=61s}:crawl: zebra_network::peer_set::candidate_set::crawl: timeout waiting for peer service readiness or peer responses
Oct 10 19:46:58 runnervmmprz5 zebrad-v6.4.2[2958]: 2026-10-10T19:46:58.489074Z  INFO sync:try_to_sync: zebrad::components::sync: starting sync, obtaining new tips state_tip=Some(Height(4382897))
Oct 10 19:47:07 runnervmmprz5 zebrad-v6.4.2[2958]: 2026-10-10T19:47:07.697694Z  WARN zebrad::components::sync::progress: chain updates have stalled, state height has not increased for 17 minutes. Hint: check your network connection, and your computer clock and time zone sync_percent=99.539% current_height=Height(4382897) network_upgrade=Nu6_3 time_since_last_state_block=17m target_block_spacing=1m 15s max_block_spacing=7m 30s is_syncer_stopped=true
Oct 10 19:47:32 runnervmmprz5 zebrad-v6.4.2[2958]: 2026-10-10T19:47:32.459952Z  INFO crawl_and_dial{new_peer_interval=61s}:crawl: zebra_network::peer_set::candidate_set::crawl: timeout waiting for peer service readiness or peer responses
Oct 10 19:48:05 runnervmmprz5 zebrad-v6.4.2[2958]: 2026-10-10T19:48:05.490755Z  INFO sync:try_to_sync: zebrad::components::sync: temporary error obtaining tips: deadline has elapsed
Oct 10 19:48:05 runnervmmprz5 zebrad-v6.4.2[2958]: 2026-10-10T19:48:05.490833Z  INFO sync: zebrad::components::sync: waiting to restart sync timeout=67s state_tip=Some(Height(4382897))
Oct 10 19:48:07 runnervmmprz5 zebrad-v6.4.2[2958]: 2026-10-10T19:48:07.713675Z  WARN zebrad::components::sync::progress: chain updates have stalled, state height has not increased for 18 minutes. Hint: check your network connection, and your computer clock and time zone sync_percent=99.539% current_height=Height(4382897) network_upgrade=Nu6_3 time_since_last_state_block=18m target_block_spacing=1m 15s max_block_spacing=7m 30s is_syncer_stopped=true
Oct 10 19:48:28 runnervmmprz5 zebrad-v6.4.2[2958]: 2026-10-10T19:48:28.484027Z  INFO zebrad::components::mempool::crawler: mempool crawl timed out: Elapsed(())
Oct 10 19:48:33 runnervmmprz5 zebrad-v6.4.2[2958]: 2026-10-10T19:48:33.461616Z  INFO crawl_and_dial{new_peer_interval=61s}:crawl: zebra_network::peer_set::candidate_set::crawl: timeout waiting for peer service readiness or peer responses
Oct 10 19:49:07 runnervmmprz5 zebrad-v6.4.2[2958]: 2026-10-10T19:49:07.725074Z  WARN zebrad::components::sync::progress: chain updates have stalled, state height has not increased for 19 minutes. Hint: check your network connection, and your computer clock and time zone sync_percent=99.539% current_height=Height(4382897) network_upgrade=Nu6_3 time_since_last_state_block=19m target_block_spacing=1m 15s max_block_spacing=7m 30s is_syncer_stopped=true
Oct 10 19:49:12 runnervmmprz5 zebrad-v6.4.2[2958]: 2026-10-10T19:49:12.492861Z  INFO sync:try_to_sync: zebrad::components::sync: starting sync, obtaining new tips state_tip=Some(Height(4382897))
Oct 10 19:49:34 runnervmmprz5 zebrad-v6.4.2[2958]: 2026-10-10T19:49:34.460413Z  INFO crawl_and_dial{new_peer_interval=61s}:crawl: zebra_network::peer_set::candidate_set::crawl: timeout waiting for peer service readiness or peer responses
Oct 10 19:50:07 runnervmmprz5 zebrad-v6.4.2[2958]: 2026-10-10T19:50:07.739379Z  WARN zebrad::components::sync::progress: chain updates have stalled, state height has not increased for 20 minutes. Hint: check your network connection, and your computer clock and time zone sync_percent=99.539% current_height=Height(4382897) network_upgrade=Nu6_3 time_since_last_state_block=20m target_block_spacing=1m 15s max_block_spacing=7m 30s is_syncer_stopped=true
Oct 10 19:50:19 runnervmmprz5 zebrad-v6.4.2[2958]: 2026-10-10T19:50:19.494934Z  INFO sync:try_to_sync: zebrad::components::sync: temporary error obtaining tips: deadline has elapsed
Oct 10 19:50:19 runnervmmprz5 zebrad-v6.4.2[2958]: 2026-10-10T19:50:19.494997Z  INFO sync: zebrad::components::sync: waiting to restart sync timeout=67s state_tip=Some(Height(4382897))
Oct 10 19:50:35 runnervmmprz5 zebrad-v6.4.2[2958]: 2026-10-10T19:50:35.460103Z  INFO crawl_and_dial{new_peer_interval=61s}:crawl: zebra_network::peer_set::candidate_set::crawl: timeout waiting for peer service readiness or peer responses
Oct 10 19:50:54 runnervmmprz5 zebrad-v6.4.2[2958]: 2026-10-10T19:50:54.486040Z  INFO zebrad::components::mempool::crawler: mempool crawl timed out: Elapsed(())
Oct 10 19:51:07 runnervmmprz5 zebrad-v6.4.2[2958]: 2026-10-10T19:51:07.752889Z  WARN zebrad::components::sync::progress: chain updates have stalled, state height has not increased for 21 minutes. Hint: check your network connection, and your computer clock and time zone sync_percent=99.539% current_height=Height(4382897) network_upgrade=Nu6_3 time_since_last_state_block=21m target_block_spacing=1m 15s max_block_spacing=7m 30s is_syncer_stopped=true
Oct 10 19:51:26 runnervmmprz5 zebrad-v6.4.2[2958]: 2026-10-10T19:51:26.496676Z  INFO sync:try_to_sync: zebrad::components::sync: starting sync, obtaining new tips state_tip=Some(Height(4382897))
Oct 10 19:51:36 runnervmmprz5 zebrad-v6.4.2[2958]: 2026-10-10T19:51:36.460222Z  INFO crawl_and_dial{new_peer_interval=61s}:crawl: zebra_network::peer_set::candidate_set::crawl: timeout waiting for peer service readiness or peer responses
Oct 10 19:52:07 runnervmmprz5 zebrad-v6.4.2[2958]: 2026-10-10T19:52:07.768480Z  WARN zebrad::components::sync::progress: chain updates have stalled, state height has not increased for 22 minutes. Hint: check your network connection, and your computer clock and time zone sync_percent=99.539% current_height=Height(4382897) network_upgrade=Nu6_3 time_since_last_state_block=22m target_block_spacing=1m 15s max_block_spacing=7m 30s is_syncer_stopped=true
Oct 10 19:52:33 runnervmmprz5 zebrad-v6.4.2[2958]: 2026-10-10T19:52:33.496976Z  INFO sync:try_to_sync: zebrad::components::sync: temporary error obtaining tips: deadline has elapsed
Oct 10 19:52:33 runnervmmprz5 zebrad-v6.4.2[2958]: 2026-10-10T19:52:33.497026Z  INFO sync: zebrad::components::sync: waiting to restart sync timeout=67s state_tip=Some(Height(4382897))
Oct 10 19:52:37 runnervmmprz5 zebrad-v6.4.2[2958]: 2026-10-10T19:52:37.460211Z  INFO crawl_and_dial{new_peer_interval=61s}:crawl: zebra_network::peer_set::candidate_set::crawl: timeout waiting for peer service readiness or peer responses
Oct 10 19:53:07 runnervmmprz5 zebrad-v6.4.2[2958]: 2026-10-10T19:53:07.782608Z  WARN zebrad::components::sync::progress: chain updates have stalled, state height has not increased for 23 minutes. Hint: check your network connection, and your computer clock and time zone sync_percent=99.539% current_height=Height(4382897) network_upgrade=Nu6_3 time_since_last_state_block=23m target_block_spacing=1m 15s max_block_spacing=7m 30s is_syncer_stopped=true
Oct 10 19:53:20 runnervmmprz5 zebrad-v6.4.2[2958]: 2026-10-10T19:53:20.488546Z  INFO zebrad::components::mempool::crawler: mempool crawl timed out: Elapsed(())
Oct 10 19:53:38 runnervmmprz5 zebrad-v6.4.2[2958]: 2026-10-10T19:53:38.460879Z  INFO crawl_and_dial{new_peer_interval=61s}:crawl: zebra_network::peer_set::candidate_set::crawl: timeout waiting for peer service readiness or peer responses
Oct 10 19:53:40 runnervmmprz5 zebrad-v6.4.2[2958]: 2026-10-10T19:53:40.498245Z  INFO sync:try_to_sync: zebrad::components::sync: starting sync, obtaining new tips state_tip=Some(Height(4382897))
Oct 10 19:54:07 runnervmmprz5 zebrad-v6.4.2[2958]: 2026-10-10T19:54:07.796550Z  WARN zebrad::components::sync::progress: chain updates have stalled, state height has not increased for 24 minutes. Hint: check your network connection, and your computer clock and time zone sync_percent=99.539% current_height=Height(4382897) network_upgrade=Nu6_3 time_since_last_state_block=24m target_block_spacing=1m 15s max_block_spacing=7m 30s is_syncer_stopped=true
Oct 10 19:54:39 runnervmmprz5 zebrad-v6.4.2[2958]: 2026-10-10T19:54:39.460602Z  INFO crawl_and_dial{new_peer_interval=61s}:crawl: zebra_network::peer_set::candidate_set::crawl: timeout waiting for peer service readiness or peer responses
Oct 10 19:54:47 runnervmmprz5 zebrad-v6.4.2[2958]: 2026-10-10T19:54:47.499432Z  INFO sync:try_to_sync: zebrad::components::sync: temporary error obtaining tips: deadline has elapsed
Oct 10 19:54:47 runnervmmprz5 zebrad-v6.4.2[2958]: 2026-10-10T19:54:47.499492Z  INFO sync: zebrad::components::sync: waiting to restart sync timeout=67s state_tip=Some(Height(4382897))
Oct 10 19:55:07 runnervmmprz5 zebrad-v6.4.2[2958]: 2026-10-10T19:55:07.810653Z  WARN zebrad::components::sync::progress: chain updates have stalled, state height has not increased for 25 minutes. Hint: check your network connection, and your computer clock and time zone sync_percent=99.539% current_height=Height(4382897) network_upgrade=Nu6_3 time_since_last_state_block=25m target_block_spacing=1m 15s max_block_spacing=7m 30s is_syncer_stopped=true
Oct 10 19:55:40 runnervmmprz5 zebrad-v6.4.2[2958]: 2026-10-10T19:55:40.460719Z  INFO crawl_and_dial{new_peer_interval=61s}:crawl: zebra_network::peer_set::candidate_set::crawl: timeout waiting for peer service readiness or peer responses
Oct 10 19:55:46 runnervmmprz5 zebrad-v6.4.2[2958]: 2026-10-10T19:55:46.490691Z  INFO zebrad::components::mempool::crawler: mempool crawl timed out: Elapsed(())
Oct 10 19:55:54 runnervmmprz5 zebrad-v6.4.2[2958]: 2026-10-10T19:55:54.500357Z  INFO sync:try_to_sync: zebrad::components::sync: starting sync, obtaining new tips state_tip=Some(Height(4382897))
Oct 10 19:56:07 runnervmmprz5 zebrad-v6.4.2[2958]: 2026-10-10T19:56:07.824365Z  WARN zebrad::components::sync::progress: chain updates have stalled, state height has not increased for 26 minutes. Hint: check your network connection, and your computer clock and time zone sync_percent=99.539% current_height=Height(4382897) network_upgrade=Nu6_3 time_since_last_state_block=26m target_block_spacing=1m 15s max_block_spacing=7m 30s is_syncer_stopped=true
Oct 10 19:56:41 runnervmmprz5 zebrad-v6.4.2[2958]: 2026-10-10T19:56:41.460620Z  INFO crawl_and_dial{new_peer_interval=61s}:crawl: zebra_network::peer_set::candidate_set::crawl: timeout waiting for peer service readiness or peer responses
Oct 10 19:57:01 runnervmmprz5 zebrad-v6.4.2[2958]: 2026-10-10T19:57:01.501899Z  INFO sync:try_to_sync: zebrad::components::sync: temporary error obtaining tips: deadline has elapsed
Oct 10 19:57:01 runnervmmprz5 zebrad-v6.4.2[2958]: 2026-10-10T19:57:01.501971Z  INFO sync: zebrad::components::sync: waiting to restart sync timeout=67s state_tip=Some(Height(4382897))
Oct 10 19:57:07 runnervmmprz5 zebrad-v6.4.2[2958]: 2026-10-10T19:57:07.836088Z  WARN zebrad::components::sync::progress: chain updates have stalled, state height has not increased for 27 minutes. Hint: check your network connection, and your computer clock and time zone sync_percent=99.539% current_height=Height(4382897) network_upgrade=Nu6_3 time_since_last_state_block=27m target_block_spacing=1m 15s max_block_spacing=7m 30s is_syncer_stopped=true
Oct 10 19:57:42 runnervmmprz5 zebrad-v6.4.2[2958]: 2026-10-10T19:57:42.461309Z  INFO crawl_and_dial{new_peer_interval=61s}:crawl: zebra_network::peer_set::candidate_set::crawl: timeout waiting for peer service readiness or peer responses
Oct 10 19:58:07 runnervmmprz5 zebrad-v6.4.2[2958]: 2026-10-10T19:58:07.849177Z  WARN zebrad::components::sync::progress: chain updates have stalled, state height has not increased for 28 minutes. Hint: check your network connection, and your computer clock and time zone sync_percent=99.539% current_height=Height(4382897) network_upgrade=Nu6_3 time_since_last_state_block=28m target_block_spacing=1m 15s max_block_spacing=7m 30s is_syncer_stopped=true
Oct 10 19:58:08 runnervmmprz5 zebrad-v6.4.2[2958]: 2026-10-10T19:58:08.503144Z  INFO sync:try_to_sync: zebrad::components::sync: starting sync, obtaining new tips state_tip=Some(Height(4382897))
Oct 10 19:58:12 runnervmmprz5 zebrad-v6.4.2[2958]: 2026-10-10T19:58:12.492176Z  INFO zebrad::components::mempool::crawler: mempool crawl timed out: Elapsed(())
Oct 10 19:58:43 runnervmmprz5 zebrad-v6.4.2[2958]: 2026-10-10T19:58:43.461285Z  INFO crawl_and_dial{new_peer_interval=61s}:crawl: zebra_network::peer_set::candidate_set::crawl: timeout waiting for peer service readiness or peer responses
Oct 10 19:59:07 runnervmmprz5 zebrad-v6.4.2[2958]: 2026-10-10T19:59:07.862408Z  WARN zebrad::components::sync::progress: chain updates have stalled, state height has not increased for 29 minutes. Hint: check your network connection, and your computer clock and time zone sync_percent=99.539% current_height=Height(4382897) network_upgrade=Nu6_3 time_since_last_state_block=29m target_block_spacing=1m 15s max_block_spacing=7m 30s is_syncer_stopped=true
Oct 10 19:59:15 runnervmmprz5 zebrad-v6.4.2[2958]: 2026-10-10T19:59:15.504112Z  INFO sync:try_to_sync: zebrad::components::sync: temporary error obtaining tips: deadline has elapsed
Oct 10 19:59:15 runnervmmprz5 zebrad-v6.4.2[2958]: 2026-10-10T19:59:15.504172Z  INFO sync: zebrad::components::sync: waiting to restart sync timeout=67s state_tip=Some(Height(4382897))
Oct 10 19:59:44 runnervmmprz5 zebrad-v6.4.2[2958]: 2026-10-10T19:59:44.460074Z  INFO crawl_and_dial{new_peer_interval=61s}:crawl: zebra_network::peer_set::candidate_set::crawl: timeout waiting for peer service readiness or peer responses
Oct 10 20:00:07 runnervmmprz5 zebrad-v6.4.2[2958]: 2026-10-10T20:00:07.875407Z  WARN zebrad::components::sync::progress: chain updates have stalled, state height has not increased for 30 minutes. Hint: check your network connection, and your computer clock and time zone sync_percent=99.539% current_height=Height(4382897) network_upgrade=Nu6_3 time_since_last_state_block=30m target_block_spacing=1m 15s max_block_spacing=7m 30s is_syncer_stopped=true
Oct 10 20:00:22 runnervmmprz5 zebrad-v6.4.2[2958]: 2026-10-10T20:00:22.505383Z  INFO sync:try_to_sync: zebrad::components::sync: starting sync, obtaining new tips state_tip=Some(Height(4382897))
Oct 10 20:00:38 runnervmmprz5 zebrad-v6.4.2[2958]: 2026-10-10T20:00:38.494328Z  INFO zebrad::components::mempool::crawler: mempool crawl timed out: Elapsed(())
Oct 10 20:00:45 runnervmmprz5 zebrad-v6.4.2[2958]: 2026-10-10T20:00:45.460744Z  INFO crawl_and_dial{new_peer_interval=61s}:crawl: zebra_network::peer_set::candidate_set::crawl: timeout waiting for peer service readiness or peer responses
Oct 10 20:01:07 runnervmmprz5 zebrad-v6.4.2[2958]: 2026-10-10T20:01:07.889927Z  WARN zebrad::components::sync::progress: chain updates have stalled, state height has not increased for 31 minutes. Hint: check your network connection, and your computer clock and time zone sync_percent=99.539% current_height=Height(4382897) network_upgrade=Nu6_3 time_since_last_state_block=31m target_block_spacing=1m 15s max_block_spacing=7m 30s is_syncer_stopped=true
Oct 10 20:01:29 runnervmmprz5 zebrad-v6.4.2[2958]: 2026-10-10T20:01:29.506049Z  INFO sync:try_to_sync: zebrad::components::sync: temporary error obtaining tips: deadline has elapsed
Oct 10 20:01:29 runnervmmprz5 zebrad-v6.4.2[2958]: 2026-10-10T20:01:29.506112Z  INFO sync: zebrad::components::sync: waiting to restart sync timeout=67s state_tip=Some(Height(4382897))
Oct 10 20:01:46 runnervmmprz5 zebrad-v6.4.2[2958]: 2026-10-10T20:01:46.460100Z  INFO crawl_and_dial{new_peer_interval=61s}:crawl: zebra_network::peer_set::candidate_set::crawl: timeout waiting for peer service readiness or peer responses
Oct 10 20:02:07 runnervmmprz5 zebrad-v6.4.2[2958]: 2026-10-10T20:02:07.902570Z  WARN zebrad::components::sync::progress: chain updates have stalled, state height has not increased for 32 minutes. Hint: check your network connection, and your computer clock and time zone sync_percent=99.539% current_height=Height(4382897) network_upgrade=Nu6_3 time_since_last_state_block=32m target_block_spacing=1m 15s max_block_spacing=7m 30s is_syncer_stopped=true
Oct 10 20:02:36 runnervmmprz5 zebrad-v6.4.2[2958]: 2026-10-10T20:02:36.507831Z  INFO sync:try_to_sync: zebrad::components::sync: starting sync, obtaining new tips state_tip=Some(Height(4382897))
Oct 10 20:02:47 runnervmmprz5 zebrad-v6.4.2[2958]: 2026-10-10T20:02:47.460511Z  INFO crawl_and_dial{new_peer_interval=61s}:crawl: zebra_network::peer_set::candidate_set::crawl: timeout waiting for peer service readiness or peer responses
Oct 10 20:03:04 runnervmmprz5 zebrad-v6.4.2[2958]: 2026-10-10T20:03:04.496275Z  INFO zebrad::components::mempool::crawler: mempool crawl timed out: Elapsed(())
Oct 10 20:03:07 runnervmmprz5 zebrad-v6.4.2[2958]: 2026-10-10T20:03:07.914963Z  WARN zebrad::components::sync::progress: chain updates have stalled, state height has not increased for 33 minutes. Hint: check your network connection, and your computer clock and time zone sync_percent=99.539% current_height=Height(4382897) network_upgrade=Nu6_3 time_since_last_state_block=33m target_block_spacing=1m 15s max_block_spacing=7m 30s is_syncer_stopped=true
Oct 10 20:03:43 runnervmmprz5 zebrad-v6.4.2[2958]: 2026-10-10T20:03:43.509922Z  INFO sync:try_to_sync: zebrad::components::sync: temporary error obtaining tips: deadline has elapsed
Oct 10 20:03:43 runnervmmprz5 zebrad-v6.4.2[2958]: 2026-10-10T20:03:43.509987Z  INFO sync: zebrad::components::sync: waiting to restart sync timeout=67s state_tip=Some(Height(4382897))
Oct 10 20:03:48 runnervmmprz5 zebrad-v6.4.2[2958]: 2026-10-10T20:03:48.460524Z  INFO crawl_and_dial{new_peer_interval=61s}:crawl: zebra_network::peer_set::candidate_set::crawl: timeout waiting for peer service readiness or peer responses
Oct 10 20:04:07 runnervmmprz5 zebrad-v6.4.2[2958]: 2026-10-10T20:04:07.929485Z  WARN zebrad::components::sync::progress: chain updates have stalled, state height has not increased for 34 minutes. Hint: check your network connection, and your computer clock and time zone sync_percent=99.539% current_height=Height(4382897) network_upgrade=Nu6_3 time_since_last_state_block=34m target_block_spacing=1m 15s max_block_spacing=7m 30s is_syncer_stopped=true
Oct 10 20:04:49 runnervmmprz5 zebrad-v6.4.2[2958]: 2026-10-10T20:04:49.460720Z  INFO crawl_and_dial{new_peer_interval=61s}:crawl: zebra_network::peer_set::candidate_set::crawl: timeout waiting for peer service readiness or peer responses
Oct 10 20:04:50 runnervmmprz5 zebrad-v6.4.2[2958]: 2026-10-10T20:04:50.511503Z  INFO sync:try_to_sync: zebrad::components::sync: starting sync, obtaining new tips state_tip=Some(Height(4382897))
Oct 10 20:05:07 runnervmmprz5 zebrad-v6.4.2[2958]: 2026-10-10T20:05:07.943387Z  WARN zebrad::components::sync::progress: chain updates have stalled, state height has not increased for 35 minutes. Hint: check your network connection, and your computer clock and time zone sync_percent=99.539% current_height=Height(4382897) network_upgrade=Nu6_3 time_since_last_state_block=35m target_block_spacing=1m 15s max_block_spacing=7m 30s is_syncer_stopped=true
Oct 10 20:05:30 runnervmmprz5 zebrad-v6.4.2[2958]: 2026-10-10T20:05:30.498904Z  INFO zebrad::components::mempool::crawler: mempool crawl timed out: Elapsed(())
Oct 10 20:05:50 runnervmmprz5 zebrad-v6.4.2[2958]: 2026-10-10T20:05:50.460600Z  INFO crawl_and_dial{new_peer_interval=61s}:crawl: zebra_network::peer_set::candidate_set::crawl: timeout waiting for peer service readiness or peer responses
Oct 10 20:05:57 runnervmmprz5 zebrad-v6.4.2[2958]: 2026-10-10T20:05:57.512423Z  INFO sync:try_to_sync: zebrad::components::sync: temporary error obtaining tips: deadline has elapsed
Oct 10 20:05:57 runnervmmprz5 zebrad-v6.4.2[2958]: 2026-10-10T20:05:57.512474Z  INFO sync: zebrad::components::sync: waiting to restart sync timeout=67s state_tip=Some(Height(4382897))
Oct 10 20:06:07 runnervmmprz5 zebrad-v6.4.2[2958]: 2026-10-10T20:06:07.955772Z  WARN zebrad::components::sync::progress: chain updates have stalled, state height has not increased for 36 minutes. Hint: check your network connection, and your computer clock and time zone sync_percent=99.539% current_height=Height(4382897) network_upgrade=Nu6_3 time_since_last_state_block=36m target_block_spacing=1m 15s max_block_spacing=7m 30s is_syncer_stopped=true
Oct 10 20:06:51 runnervmmprz5 zebrad-v6.4.2[2958]: 2026-10-10T20:06:51.460904Z  INFO crawl_and_dial{new_peer_interval=61s}:crawl: zebra_network::peer_set::candidate_set::crawl: timeout waiting for peer service readiness or peer responses
Oct 10 20:07:04 runnervmmprz5 zebrad-v6.4.2[2958]: 2026-10-10T20:07:04.513476Z  INFO sync:try_to_sync: zebrad::components::sync: starting sync, obtaining new tips state_tip=Some(Height(4382897))
Oct 10 20:07:07 runnervmmprz5 zebrad-v6.4.2[2958]: 2026-10-10T20:07:07.968453Z  WARN zebrad::components::sync::progress: chain updates have stalled, state height has not increased for 37 minutes. Hint: check your network connection, and your computer clock and time zone sync_percent=99.538% current_height=Height(4382897) network_upgrade=Nu6_3 time_since_last_state_block=37m target_block_spacing=1m 15s max_block_spacing=7m 30s is_syncer_stopped=true
Oct 10 20:07:52 runnervmmprz5 zebrad-v6.4.2[2958]: 2026-10-10T20:07:52.460276Z  INFO crawl_and_dial{new_peer_interval=61s}:crawl: zebra_network::peer_set::candidate_set::crawl: timeout waiting for peer service readiness or peer responses
Oct 10 20:07:56 runnervmmprz5 zebrad-v6.4.2[2958]: 2026-10-10T20:07:56.501831Z  INFO zebrad::components::mempool::crawler: mempool crawl timed out: Elapsed(())
Oct 10 20:08:07 runnervmmprz5 zebrad-v6.4.2[2958]: 2026-10-10T20:08:07.980588Z  WARN zebrad::components::sync::progress: chain updates have stalled, state height has not increased for 38 minutes. Hint: check your network connection, and your computer clock and time zone sync_percent=99.538% current_height=Height(4382897) network_upgrade=Nu6_3 time_since_last_state_block=38m target_block_spacing=1m 15s max_block_spacing=7m 30s is_syncer_stopped=true
Oct 10 20:08:11 runnervmmprz5 zebrad-v6.4.2[2958]: 2026-10-10T20:08:11.514020Z  INFO sync:try_to_sync: zebrad::components::sync: temporary error obtaining tips: deadline has elapsed
Oct 10 20:08:11 runnervmmprz5 zebrad-v6.4.2[2958]: 2026-10-10T20:08:11.514079Z  INFO sync: zebrad::components::sync: waiting to restart sync timeout=67s state_tip=Some(Height(4382897))
Oct 10 20:08:53 runnervmmprz5 zebrad-v6.4.2[2958]: 2026-10-10T20:08:53.460872Z  INFO crawl_and_dial{new_peer_interval=61s}:crawl: zebra_network::peer_set::candidate_set::crawl: timeout waiting for peer service readiness or peer responses
Oct 10 20:09:07 runnervmmprz5 zebrad-v6.4.2[2958]: 2026-10-10T20:09:07.994013Z  WARN zebrad::components::sync::progress: chain updates have stalled, state height has not increased for 39 minutes. Hint: check your network connection, and your computer clock and time zone sync_percent=99.538% current_height=Height(4382897) network_upgrade=Nu6_3 time_since_last_state_block=39m target_block_spacing=1m 15s max_block_spacing=7m 30s is_syncer_stopped=true
Oct 10 20:09:18 runnervmmprz5 zebrad-v6.4.2[2958]: 2026-10-10T20:09:18.515667Z  INFO sync:try_to_sync: zebrad::components::sync: starting sync, obtaining new tips state_tip=Some(Height(4382897))
Oct 10 20:09:54 runnervmmprz5 zebrad-v6.4.2[2958]: 2026-10-10T20:09:54.460330Z  INFO crawl_and_dial{new_peer_interval=61s}:crawl: zebra_network::peer_set::candidate_set::crawl: timeout waiting for peer service readiness or peer responses
Oct 10 20:10:08 runnervmmprz5 zebrad-v6.4.2[2958]: 2026-10-10T20:10:08.009208Z  WARN zebrad::components::sync::progress: chain updates have stalled, state height has not increased for 40 minutes. Hint: check your network connection, and your computer clock and time zone sync_percent=99.538% current_height=Height(4382897) network_upgrade=Nu6_3 time_since_last_state_block=40m target_block_spacing=1m 15s max_block_spacing=7m 30s is_syncer_stopped=true
Oct 10 20:10:22 runnervmmprz5 zebrad-v6.4.2[2958]: 2026-10-10T20:10:22.504353Z  INFO zebrad::components::mempool::crawler: mempool crawl timed out: Elapsed(())
Oct 10 20:10:25 runnervmmprz5 zebrad-v6.4.2[2958]: 2026-10-10T20:10:25.515860Z  INFO sync:try_to_sync: zebrad::components::sync: temporary error obtaining tips: deadline has elapsed
Oct 10 20:10:25 runnervmmprz5 zebrad-v6.4.2[2958]: 2026-10-10T20:10:25.515911Z  INFO sync: zebrad::components::sync: waiting to restart sync timeout=67s state_tip=Some(Height(4382897))
Oct 10 20:10:55 runnervmmprz5 zebrad-v6.4.2[2958]: 2026-10-10T20:10:55.460803Z  INFO crawl_and_dial{new_peer_interval=61s}:crawl: zebra_network::peer_set::candidate_set::crawl: timeout waiting for peer service readiness or peer responses
Oct 10 20:11:08 runnervmmprz5 zebrad-v6.4.2[2958]: 2026-10-10T20:11:08.022985Z  WARN zebrad::components::sync::progress: chain updates have stalled, state height has not increased for 41 minutes. Hint: check your network connection, and your computer clock and time zone sync_percent=99.538% current_height=Height(4382897) network_upgrade=Nu6_3 time_since_last_state_block=41m target_block_spacing=1m 15s max_block_spacing=7m 30s is_syncer_stopped=true
Oct 10 20:11:32 runnervmmprz5 zebrad-v6.4.2[2958]: 2026-10-10T20:11:32.517788Z  INFO sync:try_to_sync: zebrad::components::sync: starting sync, obtaining new tips state_tip=Some(Height(4382897))
Oct 10 20:11:56 runnervmmprz5 zebrad-v6.4.2[2958]: 2026-10-10T20:11:56.460000Z  INFO crawl_and_dial{new_peer_interval=61s}:crawl: zebra_network::peer_set::candidate_set::crawl: timeout waiting for peer service readiness or peer responses
Oct 10 20:12:08 runnervmmprz5 zebrad-v6.4.2[2958]: 2026-10-10T20:12:08.041053Z  WARN zebrad::components::sync::progress: chain updates have stalled, state height has not increased for 42 minutes. Hint: check your network connection, and your computer clock and time zone sync_percent=99.538% current_height=Height(4382897) network_upgrade=Nu6_3 time_since_last_state_block=42m target_block_spacing=1m 15s max_block_spacing=7m 30s is_syncer_stopped=true
Oct 10 20:12:39 runnervmmprz5 zebrad-v6.4.2[2958]: 2026-10-10T20:12:39.518951Z  INFO sync:try_to_sync: zebrad::components::sync: temporary error obtaining tips: deadline has elapsed
Oct 10 20:12:39 runnervmmprz5 zebrad-v6.4.2[2958]: 2026-10-10T20:12:39.519007Z  INFO sync: zebrad::components::sync: waiting to restart sync timeout=67s state_tip=Some(Height(4382897))
Oct 10 20:12:48 runnervmmprz5 zebrad-v6.4.2[2958]: 2026-10-10T20:12:48.506594Z  INFO zebrad::components::mempool::crawler: mempool crawl timed out: Elapsed(())
Oct 10 20:12:57 runnervmmprz5 zebrad-v6.4.2[2958]: 2026-10-10T20:12:57.460923Z  INFO crawl_and_dial{new_peer_interval=61s}:crawl: zebra_network::peer_set::candidate_set::crawl: timeout waiting for peer service readiness or peer responses
Oct 10 20:13:08 runnervmmprz5 zebrad-v6.4.2[2958]: 2026-10-10T20:13:08.054247Z  WARN zebrad::components::sync::progress: chain updates have stalled, state height has not increased for 43 minutes. Hint: check your network connection, and your computer clock and time zone sync_percent=99.538% current_height=Height(4382897) network_upgrade=Nu6_3 time_since_last_state_block=43m target_block_spacing=1m 15s max_block_spacing=7m 30s is_syncer_stopped=true
Oct 10 20:13:46 runnervmmprz5 zebrad-v6.4.2[2958]: 2026-10-10T20:13:46.520688Z  INFO sync:try_to_sync: zebrad::components::sync: starting sync, obtaining new tips state_tip=Some(Height(4382897))
Oct 10 20:13:58 runnervmmprz5 zebrad-v6.4.2[2958]: 2026-10-10T20:13:58.460991Z  INFO crawl_and_dial{new_peer_interval=61s}:crawl: zebra_network::peer_set::candidate_set::crawl: timeout waiting for peer service readiness or peer responses
Oct 10 20:14:08 runnervmmprz5 zebrad-v6.4.2[2958]: 2026-10-10T20:14:08.066582Z  WARN zebrad::components::sync::progress: chain updates have stalled, state height has not increased for 44 minutes. Hint: check your network connection, and your computer clock and time zone sync_percent=99.538% current_height=Height(4382897) network_upgrade=Nu6_3 time_since_last_state_block=44m target_block_spacing=1m 15s max_block_spacing=7m 30s is_syncer_stopped=true
Oct 10 20:14:53 runnervmmprz5 zebrad-v6.4.2[2958]: 2026-10-10T20:14:53.521668Z  INFO sync:try_to_sync: zebrad::components::sync: temporary error obtaining tips: deadline has elapsed
Oct 10 20:14:53 runnervmmprz5 zebrad-v6.4.2[2958]: 2026-10-10T20:14:53.521729Z  INFO sync: zebrad::components::sync: waiting to restart sync timeout=67s state_tip=Some(Height(4382897))
Oct 10 20:14:59 runnervmmprz5 zebrad-v6.4.2[2958]: 2026-10-10T20:14:59.460270Z  INFO crawl_and_dial{new_peer_interval=61s}:crawl: zebra_network::peer_set::candidate_set::crawl: timeout waiting for peer service readiness or peer responses
Oct 10 20:15:08 runnervmmprz5 zebrad-v6.4.2[2958]: 2026-10-10T20:15:08.079342Z  WARN zebrad::components::sync::progress: chain updates have stalled, state height has not increased for 45 minutes. Hint: check your network connection, and your computer clock and time zone sync_percent=99.538% current_height=Height(4382897) network_upgrade=Nu6_3 time_since_last_state_block=45m target_block_spacing=1m 15s max_block_spacing=7m 30s is_syncer_stopped=true
Oct 10 20:15:14 runnervmmprz5 zebrad-v6.4.2[2958]: 2026-10-10T20:15:14.508710Z  INFO zebrad::components::mempool::crawler: mempool crawl timed out: Elapsed(())
Oct 10 20:16:00 runnervmmprz5 zebrad-v6.4.2[2958]: 2026-10-10T20:16:00.459954Z  INFO crawl_and_dial{new_peer_interval=61s}:crawl: zebra_network::peer_set::candidate_set::crawl: timeout waiting for peer service readiness or peer responses
Oct 10 20:16:00 runnervmmprz5 zebrad-v6.4.2[2958]: 2026-10-10T20:16:00.522238Z  INFO sync:try_to_sync: zebrad::components::sync: starting sync, obtaining new tips state_tip=Some(Height(4382897))
Oct 10 20:16:08 runnervmmprz5 zebrad-v6.4.2[2958]: 2026-10-10T20:16:08.092840Z  WARN zebrad::components::sync::progress: chain updates have stalled, state height has not increased for 46 minutes. Hint: check your network connection, and your computer clock and time zone sync_percent=99.538% current_height=Height(4382897) network_upgrade=Nu6_3 time_since_last_state_block=46m target_block_spacing=1m 15s max_block_spacing=7m 30s is_syncer_stopped=true
Oct 10 20:17:01 runnervmmprz5 zebrad-v6.4.2[2958]: 2026-10-10T20:17:01.460441Z  INFO crawl_and_dial{new_peer_interval=61s}:crawl: zebra_network::peer_set::candidate_set::crawl: timeout waiting for peer service readiness or peer responses
Oct 10 20:17:07 runnervmmprz5 zebrad-v6.4.2[2958]: 2026-10-10T20:17:07.523242Z  INFO sync:try_to_sync: zebrad::components::sync: temporary error obtaining tips: deadline has elapsed
Oct 10 20:17:07 runnervmmprz5 zebrad-v6.4.2[2958]: 2026-10-10T20:17:07.523320Z  INFO sync: zebrad::components::sync: waiting to restart sync timeout=67s state_tip=Some(Height(4382897))
Oct 10 20:17:08 runnervmmprz5 zebrad-v6.4.2[2958]: 2026-10-10T20:17:08.105583Z  WARN zebrad::components::sync::progress: chain updates have stalled, state height has not increased for 47 minutes. Hint: check your network connection, and your computer clock and time zone sync_percent=99.538% current_height=Height(4382897) network_upgrade=Nu6_3 time_since_last_state_block=47m target_block_spacing=1m 15s max_block_spacing=7m 30s is_syncer_stopped=true
Oct 10 20:17:40 runnervmmprz5 zebrad-v6.4.2[2958]: 2026-10-10T20:17:40.510226Z  INFO zebrad::components::mempool::crawler: mempool crawl timed out: Elapsed(())
Oct 10 20:18:02 runnervmmprz5 zebrad-v6.4.2[2958]: 2026-10-10T20:18:02.461396Z  INFO crawl_and_dial{new_peer_interval=61s}:crawl: zebra_network::peer_set::candidate_set::crawl: timeout waiting for peer service readiness or peer responses
Oct 10 20:18:08 runnervmmprz5 zebrad-v6.4.2[2958]: 2026-10-10T20:18:08.118913Z  WARN zebrad::components::sync::progress: chain updates have stalled, state height has not increased for 48 minutes. Hint: check your network connection, and your computer clock and time zone sync_percent=99.538% current_height=Height(4382897) network_upgrade=Nu6_3 time_since_last_state_block=48m target_block_spacing=1m 15s max_block_spacing=7m 30s is_syncer_stopped=true
Oct 10 20:18:14 runnervmmprz5 zebrad-v6.4.2[2958]: 2026-10-10T20:18:14.524499Z  INFO sync:try_to_sync: zebrad::components::sync: starting sync, obtaining new tips state_tip=Some(Height(4382897))
Oct 10 20:19:03 runnervmmprz5 zebrad-v6.4.2[2958]: 2026-10-10T20:19:03.459916Z  INFO crawl_and_dial{new_peer_interval=61s}:crawl: zebra_network::peer_set::candidate_set::crawl: timeout waiting for peer service readiness or peer responses
Oct 10 20:19:08 runnervmmprz5 zebrad-v6.4.2[2958]: 2026-10-10T20:19:08.134967Z  WARN zebrad::components::sync::progress: chain updates have stalled, state height has not increased for 49 minutes. Hint: check your network connection, and your computer clock and time zone sync_percent=99.538% current_height=Height(4382897) network_upgrade=Nu6_3 time_since_last_state_block=49m target_block_spacing=1m 15s max_block_spacing=7m 30s is_syncer_stopped=true
Oct 10 20:19:21 runnervmmprz5 zebrad-v6.4.2[2958]: 2026-10-10T20:19:21.525511Z  INFO sync:try_to_sync: zebrad::components::sync: temporary error obtaining tips: deadline has elapsed
Oct 10 20:19:21 runnervmmprz5 zebrad-v6.4.2[2958]: 2026-10-10T20:19:21.525574Z  INFO sync: zebrad::components::sync: waiting to restart sync timeout=67s state_tip=Some(Height(4382897))
Oct 10 20:20:04 runnervmmprz5 zebrad-v6.4.2[2958]: 2026-10-10T20:20:04.460416Z  INFO crawl_and_dial{new_peer_interval=61s}:crawl: zebra_network::peer_set::candidate_set::crawl: timeout waiting for peer service readiness or peer responses
Oct 10 20:20:06 runnervmmprz5 zebrad-v6.4.2[2958]: 2026-10-10T20:20:06.513757Z  INFO zebrad::components::mempool::crawler: mempool crawl timed out: Elapsed(())
Oct 10 20:20:08 runnervmmprz5 zebrad-v6.4.2[2958]: 2026-10-10T20:20:08.148536Z  WARN zebrad::components::sync::progress: chain updates have stalled, state height has not increased for 50 minutes. Hint: check your network connection, and your computer clock and time zone sync_percent=99.538% current_height=Height(4382897) network_upgrade=Nu6_3 time_since_last_state_block=50m target_block_spacing=1m 15s max_block_spacing=7m 30s is_syncer_stopped=true
Oct 10 20:20:28 runnervmmprz5 zebrad-v6.4.2[2958]: 2026-10-10T20:20:28.526793Z  INFO sync:try_to_sync: zebrad::components::sync: starting sync, obtaining new tips state_tip=Some(Height(4382897))
Oct 10 20:21:05 runnervmmprz5 zebrad-v6.4.2[2958]: 2026-10-10T20:21:05.460204Z  INFO crawl_and_dial{new_peer_interval=61s}:crawl: zebra_network::peer_set::candidate_set::crawl: timeout waiting for peer service readiness or peer responses
Oct 10 20:21:08 runnervmmprz5 zebrad-v6.4.2[2958]: 2026-10-10T20:21:08.190384Z  WARN zebrad::components::sync::progress: chain updates have stalled, state height has not increased for 51 minutes. Hint: check your network connection, and your computer clock and time zone sync_percent=99.538% current_height=Height(4382897) network_upgrade=Nu6_3 time_since_last_state_block=51m target_block_spacing=1m 15s max_block_spacing=7m 30s is_syncer_stopped=true
Oct 10 20:21:35 runnervmmprz5 zebrad-v6.4.2[2958]: 2026-10-10T20:21:35.527993Z  INFO sync:try_to_sync: zebrad::components::sync: temporary error obtaining tips: deadline has elapsed
Oct 10 20:21:35 runnervmmprz5 zebrad-v6.4.2[2958]: 2026-10-10T20:21:35.528068Z  INFO sync: zebrad::components::sync: waiting to restart sync timeout=67s state_tip=Some(Height(4382897))
Oct 10 20:22:06 runnervmmprz5 zebrad-v6.4.2[2958]: 2026-10-10T20:22:06.460323Z  INFO crawl_and_dial{new_peer_interval=61s}:crawl: zebra_network::peer_set::candidate_set::crawl: timeout waiting for peer service readiness or peer responses
Oct 10 20:22:08 runnervmmprz5 zebrad-v6.4.2[2958]: 2026-10-10T20:22:08.205074Z  WARN zebrad::components::sync::progress: chain updates have stalled, state height has not increased for 52 minutes. Hint: check your network connection, and your computer clock and time zone sync_percent=99.538% current_height=Height(4382897) network_upgrade=Nu6_3 time_since_last_state_block=52m target_block_spacing=1m 15s max_block_spacing=7m 30s is_syncer_stopped=true
Oct 10 20:22:32 runnervmmprz5 zebrad-v6.4.2[2958]: 2026-10-10T20:22:32.515435Z  INFO zebrad::components::mempool::crawler: mempool crawl timed out: Elapsed(())
Oct 10 20:22:42 runnervmmprz5 zebrad-v6.4.2[2958]: 2026-10-10T20:22:42.529720Z  INFO sync:try_to_sync: zebrad::components::sync: starting sync, obtaining new tips state_tip=Some(Height(4382897))
Oct 10 20:23:07 runnervmmprz5 zebrad-v6.4.2[2958]: 2026-10-10T20:23:07.460858Z  INFO crawl_and_dial{new_peer_interval=61s}:crawl: zebra_network::peer_set::candidate_set::crawl: timeout waiting for peer service readiness or peer responses
Oct 10 20:23:08 runnervmmprz5 zebrad-v6.4.2[2958]: 2026-10-10T20:23:08.217375Z  WARN zebrad::components::sync::progress: chain updates have stalled, state height has not increased for 53 minutes. Hint: check your network connection, and your computer clock and time zone sync_percent=99.538% current_height=Height(4382897) network_upgrade=Nu6_3 time_since_last_state_block=53m target_block_spacing=1m 15s max_block_spacing=7m 30s is_syncer_stopped=true
Oct 10 20:23:49 runnervmmprz5 zebrad-v6.4.2[2958]: 2026-10-10T20:23:49.530417Z  INFO sync:try_to_sync: zebrad::components::sync: temporary error obtaining tips: deadline has elapsed
Oct 10 20:23:49 runnervmmprz5 zebrad-v6.4.2[2958]: 2026-10-10T20:23:49.530475Z  INFO sync: zebrad::components::sync: waiting to restart sync timeout=67s state_tip=Some(Height(4382897))
Oct 10 20:24:08 runnervmmprz5 zebrad-v6.4.2[2958]: 2026-10-10T20:24:08.230084Z  WARN zebrad::components::sync::progress: chain updates have stalled, state height has not increased for 54 minutes. Hint: check your network connection, and your computer clock and time zone sync_percent=99.538% current_height=Height(4382897) network_upgrade=Nu6_3 time_since_last_state_block=54m target_block_spacing=1m 15s max_block_spacing=7m 30s is_syncer_stopped=true
Oct 10 20:24:08 runnervmmprz5 zebrad-v6.4.2[2958]: 2026-10-10T20:24:08.460636Z  INFO crawl_and_dial{new_peer_interval=61s}:crawl: zebra_network::peer_set::candidate_set::crawl: timeout waiting for peer service readiness or peer responses
Oct 10 20:24:56 runnervmmprz5 zebrad-v6.4.2[2958]: 2026-10-10T20:24:56.531671Z  INFO sync:try_to_sync: zebrad::components::sync: starting sync, obtaining new tips state_tip=Some(Height(4382897))
Oct 10 20:24:58 runnervmmprz5 zebrad-v6.4.2[2958]: 2026-10-10T20:24:58.517308Z  INFO zebrad::components::mempool::crawler: mempool crawl timed out: Elapsed(())
Oct 10 20:25:08 runnervmmprz5 zebrad-v6.4.2[2958]: 2026-10-10T20:25:08.242985Z  WARN zebrad::components::sync::progress: chain updates have stalled, state height has not increased for 55 minutes. Hint: check your network connection, and your computer clock and time zone sync_percent=99.538% current_height=Height(4382897) network_upgrade=Nu6_3 time_since_last_state_block=55m target_block_spacing=1m 15s max_block_spacing=7m 30s is_syncer_stopped=true
Oct 10 20:25:09 runnervmmprz5 zebrad-v6.4.2[2958]: 2026-10-10T20:25:09.460388Z  INFO crawl_and_dial{new_peer_interval=61s}:crawl: zebra_network::peer_set::candidate_set::crawl: timeout waiting for peer service readiness or peer responses
Oct 10 20:26:03 runnervmmprz5 zebrad-v6.4.2[2958]: 2026-10-10T20:26:03.532060Z  INFO sync:try_to_sync: zebrad::components::sync: temporary error obtaining tips: deadline has elapsed
Oct 10 20:26:03 runnervmmprz5 zebrad-v6.4.2[2958]: 2026-10-10T20:26:03.532124Z  INFO sync: zebrad::components::sync: waiting to restart sync timeout=67s state_tip=Some(Height(4382897))
Oct 10 20:26:08 runnervmmprz5 zebrad-v6.4.2[2958]: 2026-10-10T20:26:08.257377Z  WARN zebrad::components::sync::progress: chain updates have stalled, state height has not increased for 56 minutes. Hint: check your network connection, and your computer clock and time zone sync_percent=99.538% current_height=Height(4382897) network_upgrade=Nu6_3 time_since_last_state_block=56m target_block_spacing=1m 15s max_block_spacing=7m 30s is_syncer_stopped=true
Oct 10 20:26:10 runnervmmprz5 zebrad-v6.4.2[2958]: 2026-10-10T20:26:10.461497Z  INFO crawl_and_dial{new_peer_interval=61s}:crawl: zebra_network::peer_set::candidate_set::crawl: timeout waiting for peer service readiness or peer responses
Oct 10 20:27:08 runnervmmprz5 zebrad-v6.4.2[2958]: 2026-10-10T20:27:08.271298Z  WARN zebrad::components::sync::progress: chain updates have stalled, state height has not increased for 57 minutes. Hint: check your network connection, and your computer clock and time zone sync_percent=99.538% current_height=Height(4382897) network_upgrade=Nu6_3 time_since_last_state_block=57m target_block_spacing=1m 15s max_block_spacing=7m 30s is_syncer_stopped=true
Oct 10 20:27:10 runnervmmprz5 zebrad-v6.4.2[2958]: 2026-10-10T20:27:10.533327Z  INFO sync:try_to_sync: zebrad::components::sync: starting sync, obtaining new tips state_tip=Some(Height(4382897))
Oct 10 20:27:11 runnervmmprz5 zebrad-v6.4.2[2958]: 2026-10-10T20:27:11.461721Z  INFO crawl_and_dial{new_peer_interval=61s}:crawl: zebra_network::peer_set::candidate_set::crawl: timeout waiting for peer service readiness or peer responses
Oct 10 20:27:24 runnervmmprz5 zebrad-v6.4.2[2958]: 2026-10-10T20:27:24.519310Z  INFO zebrad::components::mempool::crawler: mempool crawl timed out: Elapsed(())
Oct 10 20:27:33 runnervmmprz5 systemd[1]: zebrad.service: Failed to set 'cpuset.cpus' attribute on '/system.slice/zebrad.service' to '': No space left on device
