Oct 09 02:40:29 runnervmmprz5 systemd[1]: Started zebrad.service - /opt/zbench/bin/zebrad-v6.4.2 -c /etc/zbench/zebrad.toml start.
Oct 09 02:40:29 runnervmmprz5 zebrad-v6.4.2[3084]: Thank you for running a testnet zebrad 6.4.2 node!
Oct 09 02:40:29 runnervmmprz5 zebrad-v6.4.2[3084]: You're helping to strengthen the network and contributing to a social good :)
Oct 09 02:40:29 runnervmmprz5 zebrad-v6.4.2[3084]: 2026-10-09T02:40:29.936755Z  INFO zebrad::components::tracing::component: started tracing component filter="info" TRACING_STATIC_MAX_LEVEL=LevelFilter::INFO LOG_STATIC_MAX_LEVEL=Info
Oct 09 02:40:29 runnervmmprz5 zebrad-v6.4.2[3084]: 2026-10-09T02:40:29.939045Z  INFO zebrad::components::tracing::component: installed sentry tracing layer
Oct 09 02:40:29 runnervmmprz5 zebrad-v6.4.2[3084]: 2026-10-09T02:40:29.939057Z  INFO zebrad::components::tracing::component: set 'tracing.progress_bar ="summary"' in zebrad.toml to activate progress bars
Oct 09 02:40:29 runnervmmprz5 zebrad-v6.4.2[3084]: 2026-10-09T02:40:29.939061Z  INFO zebrad::application: Diagnostic metadata:
Oct 09 02:40:29 runnervmmprz5 zebrad-v6.4.2[3084]: version: 6.4.2
Oct 09 02:40:29 runnervmmprz5 zebrad-v6.4.2[3084]: Zcash network: Testnet
Oct 09 02:40:29 runnervmmprz5 zebrad-v6.4.2[3084]: running state version: 28.0.0+indexer
Oct 09 02:40:29 runnervmmprz5 zebrad-v6.4.2[3084]: initial disk state version: 28.0.0
Oct 09 02:40:29 runnervmmprz5 zebrad-v6.4.2[3084]: features: default,default_release_binaries,howudoin,indexer,indicatif,metrics_exporter_prometheus,opentelemetry,progress_bar,prometheus,release_max_level_info,sentry
Oct 09 02:40:29 runnervmmprz5 zebrad-v6.4.2[3084]: branch: HEAD
Oct 09 02:40:29 runnervmmprz5 zebrad-v6.4.2[3084]: git commit: e3eef2f
Oct 09 02:40:29 runnervmmprz5 zebrad-v6.4.2[3084]: commit timestamp: 2026-09-25T19:37:34.000000000Z
Oct 09 02:40:29 runnervmmprz5 zebrad-v6.4.2[3084]: target triple: x86_64-unknown-linux-gnu
Oct 09 02:40:29 runnervmmprz5 zebrad-v6.4.2[3084]: rust compiler: 1.91.0
Oct 09 02:40:29 runnervmmprz5 zebrad-v6.4.2[3084]: rust release date: 2025-10-28
Oct 09 02:40:29 runnervmmprz5 zebrad-v6.4.2[3084]: optimization level: 3
Oct 09 02:40:29 runnervmmprz5 zebrad-v6.4.2[3084]: debug checks: true
Oct 09 02:40:29 runnervmmprz5 zebrad-v6.4.2[3084]: 2026-10-09T02:40:29.939069Z  INFO zebrad::application: Using config file at: "/etc/zbench/zebrad.toml"
Oct 09 02:40:29 runnervmmprz5 zebrad-v6.4.2[3084]: 2026-10-09T02:40:29.939073Z  INFO zebrad::application: ZebradConfig { consensus: Config { checkpoint_sync: true }, metrics: Config { endpoint_addr: Some(127.0.0.1:9101) }, network: Config { listen_addr: 127.0.0.1:8233, external_addr: None, network: Testnet, initial_mainnet_peers: {}, initial_testnet_peers: {}, cache_dir: IsEnabled(false), peerset_initial_target_size: 25, crawl_new_peer_interval: 61s, max_connections_per_ip: 1 }, state: Config { cache_dir: "/zbench/zebra", ephemeral: false, should_backup_non_finalized_state: true, delete_old_database: true, debug_stop_at_height: None, debug_validity_check_interval: None, debug_skip_non_finalized_state_backup_task: false }, tracing: Config { inner: InnerConfig { use_color: false, force_use_color: false, filter: None, buffer_limit: 128000, endpoint_addr: None, flamegraph: None, progress_bar: None, log_file: None, use_journald: false, opentelemetry_endpoint: None, opentelemetry_service_name: None, opentelemetry_sample_percent: None } }, sync: Config { download_concurrency_limit: 50, checkpoint_verify_concurrency_limit: 1000, full_verify_concurrency_limit: 20, parallel_cpu_threads: 0 }, mempool: Config { tx_cost_limit: 80000000, eviction_memory_time: 3600s, debug_enable_at_height: None, max_datacarrier_bytes: Some(83) }, notify: Config { block_notify_command: None }, rpc: Config { listen_addr: Some(127.0.0.1:8232), indexer_listen_addr: Some(127.0.0.1:8230), lightwalletd_listen_addr: None, parallel_cpu_threads: 0, debug_force_finished_sync: false, cookie_dir: "/zbench/zebra-cookie", enable_cookie_auth: true, max_response_body_size: 52428800 }, mining: Config { miner_address: None, extra_coinbase_data: None, miner_memo: None, internal_miner: false }, health: Config { listen_addr: None, min_connected_peers: 1, ready_max_blocks_behind: 2, enforce_on_test_networks: false, ready_max_tip_age: 300s }, zcashd_compat: Config { enabled: false, manage_zcashd: false, zcashd_source: Path, zcashd_path: None, zcashd_datadir: None, zcashd_extra_args: [], p2p_connect_addr: None, block_gossip_peer_ips: [], startup_delay: 1s, restart_backoff: 2s, restart_backoff_max: 300s, restart_reset_after: 3600s, shutdown_grace_period: 300s } }
Oct 09 02:40:29 runnervmmprz5 zebrad-v6.4.2[3084]: 2026-10-09T02:40:29.940780Z  INFO {zebrad="e3eef2f" net="Test"}: zebrad::application: initialized rayon thread pool for CPU-bound tasks num_threads=4
Oct 09 02:40:29 runnervmmprz5 zebrad-v6.4.2[3084]: 2026-10-09T02:40:29.941643Z  INFO {zebrad="e3eef2f" net="Test"}: zebrad::components::metrics: Trying to open metrics endpoint at 127.0.0.1:9101...
Oct 09 02:40:29 runnervmmprz5 zebrad-v6.4.2[3084]: 2026-10-09T02:40:29.943264Z  INFO {zebrad="e3eef2f" net="Test"}: zebrad::components::metrics: Opened metrics endpoint at 127.0.0.1:9101
Oct 09 02:40:29 runnervmmprz5 zebrad-v6.4.2[3084]: 2026-10-09T02:40:29.944030Z  INFO zebrad::commands::start: Starting zebrad
Oct 09 02:40:29 runnervmmprz5 zebrad-v6.4.2[3084]: 2026-10-09T02:40:29.944930Z  WARN zebrad::commands::start: TCP slow-start-after-idle is enabled, which resets TCP's congestion window between block requests and significantly reduces single-peer throughput for block propagation. Hint: set `net.ipv4.tcp_slow_start_after_idle=0` via sysctl. See https://zebra.zfnd.org/user/troubleshooting.html#linux-tcp-tuning-for-block-propagation setting="net.ipv4.tcp_slow_start_after_idle"
Oct 09 02:40:29 runnervmmprz5 zebrad-v6.4.2[3084]: 2026-10-09T02:40:29.944969Z  INFO zebrad::commands::start: initializing node state
Oct 09 02:40:29 runnervmmprz5 zebrad-v6.4.2[3084]: 2026-10-09T02:40:29.945255Z  INFO zebrad::commands::start: opening database, this may take a few minutes
Oct 09 02:40:29 runnervmmprz5 zebrad-v6.4.2[3084]: 2026-10-09T02:40:29.947804Z  INFO zebra_state::service::finalized_state::disk_format::upgrade: trying to open current database format running_version=28.0.0+indexer
Oct 09 02:40:31 runnervmmprz5 zebrad-v6.4.2[3084]: 2026-10-09T02:40:31.861020Z  INFO zebra_state::service::finalized_state::disk_db: Opened Zebra state cache at /zbench/zebra/state/v28/testnet
Oct 09 02:40:31 runnervmmprz5 zebrad-v6.4.2[3084]: 2026-10-09T02:40:31.865190Z  INFO zebra_state::service::finalized_state::disk_format::upgrade: checking database format produced by a previous zebra instance is current and valid running_version=28.0.0+indexer
Oct 09 02:40:31 runnervmmprz5 zebrad-v6.4.2[3084]: 2026-10-09T02:40:31.865911Z  INFO zebra_state::service::finalized_state::disk_format::upgrade: started checking/adding indexes for spending tx ids
Oct 09 02:40:31 runnervmmprz5 zebrad-v6.4.2[3084]: 2026-10-09T02:40:31.874592Z  INFO zebra_state::service::non_finalized_state: restoring non-finalized blocks from backup and spawning backup task backup_dir_path="/zbench/zebra/non_finalized_state/testnet"
Oct 09 02:40:31 runnervmmprz5 zebrad-v6.4.2[3084]: 2026-10-09T02:40:31.884910Z  INFO zebra_state::service::non_finalized_state: no blocks were restored from the non-finalized backup cache
Oct 09 02:40:31 runnervmmprz5 zebrad-v6.4.2[3084]: 2026-10-09T02:40:31.884963Z  INFO zebra_state::service: loaded Zebra state cache chain_tip=Some((block::Hash("00005894e6410b9d9524e38d725e6595ef4c8f85d4deb9e56b340751b0c3d678"), Height(4382897)))
Oct 09 02:40:31 runnervmmprz5 zebrad-v6.4.2[3084]: 2026-10-09T02:40:31.886019Z  INFO zebra_state::service: starting legacy chain check
Oct 09 02:40:31 runnervmmprz5 zebrad-v6.4.2[3084]: 2026-10-09T02:40:31.886316Z  INFO zebra_state::service: cached state consensus branch is valid: no legacy chain found
Oct 09 02:40:31 runnervmmprz5 zebrad-v6.4.2[3084]: 2026-10-09T02:40:31.886342Z  INFO zebrad::commands::start: logging database metrics on startup
Oct 09 02:40:31 runnervmmprz5 zebrad-v6.4.2[3084]: 2026-10-09T02:40:31.889437Z  INFO zebra_state::service::finalized_state::disk_db: Total Database Disk Size: 12.6 GB
Oct 09 02:40:31 runnervmmprz5 zebrad-v6.4.2[3084]: 2026-10-09T02:40:31.889451Z  INFO zebra_state::service::finalized_state::disk_db: Total Live Data Disk Size: 12.6 GB
Oct 09 02:40:31 runnervmmprz5 zebrad-v6.4.2[3084]: 2026-10-09T02:40:31.889455Z  INFO zebra_state::service::finalized_state::disk_db: Total Database Memory Size: 61.4 KB
Oct 09 02:40:31 runnervmmprz5 zebrad-v6.4.2[3084]: 2026-10-09T02:40:31.889524Z  INFO zebrad::commands::start: initializing network
Oct 09 02:40:31 runnervmmprz5 zebrad-v6.4.2[3084]: 2026-10-09T02:40:31.894379Z  INFO open_listener{addr=127.0.0.1:8233}: zebra_network::peer_set::initialize: Trying to open Zcash protocol endpoint at 127.0.0.1:8233...
Oct 09 02:40:31 runnervmmprz5 zebrad-v6.4.2[3084]: 2026-10-09T02:40:31.894441Z  INFO open_listener{addr=127.0.0.1:8233}: zebra_network::peer_set::initialize: Opened Zcash protocol endpoint at 127.0.0.1:8233
Oct 09 02:40:31 runnervmmprz5 zebrad-v6.4.2[3084]: 2026-10-09T02:40:31.897224Z  INFO zebra_network::address_book_updater: starting the address book updater
Oct 09 02:40:31 runnervmmprz5 zebrad-v6.4.2[3084]: 2026-10-09T02:40:31.904916Z  WARN add_initial_peers: zebra_network::config: no initial peers in the network config. Hint: you must configure at least one peer IP or DNS seeder to run Zebra, give it some previously cached peer IP addresses on disk, or make sure Zebra's listener port gets inbound connections.
Oct 09 02:40:31 runnervmmprz5 zebrad-v6.4.2[3084]: 2026-10-09T02:40:31.905993Z  INFO add_initial_peers: zebra_network::peer_set::initialize: connecting to initial peer set ipv4_peer_count=0 ipv6_peer_count=0
Oct 09 02:40:31 runnervmmprz5 zebrad-v6.4.2[3084]: 2026-10-09T02:40:31.906017Z  INFO add_initial_peers: zebra_network::peer_set::initialize: finished connecting to initial seed and disk cache peers handshake_success_total=0 handshake_error_total=0 outbound_connections=0
Oct 09 02:40:31 runnervmmprz5 zebrad-v6.4.2[3084]: 2026-10-09T02:40:31.907008Z  INFO zebra_network::peer_set::initialize: sending initial request for peers active_initial_peer_count=0
Oct 09 02:40:31 runnervmmprz5 zebrad-v6.4.2[3084]: 2026-10-09T02:40:31.907037Z  INFO zebrad::commands::start: initializing verifiers
Oct 09 02:40:31 runnervmmprz5 zebrad-v6.4.2[3084]: 2026-10-09T02:40:31.907096Z  INFO init{config=Config { checkpoint_sync: true } network=Testnet}: zebra_consensus::router: starting state checkpoint validation
Oct 09 02:40:31 runnervmmprz5 zebrad-v6.4.2[3084]: 2026-10-09T02:40:31.907795Z  INFO crawl_and_dial{new_peer_interval=61s}: zebra_network::peer_set::initialize: starting the peer address crawler crawl_new_peer_interval=61s outbound_connections=0
Oct 09 02:40:31 runnervmmprz5 zebrad-v6.4.2[3084]: 2026-10-09T02:40:31.908809Z  INFO init{config=Config { checkpoint_sync: true } network=Testnet}: zebra_consensus::router: initializing block verifier router tip=Some((Height(4382897), block::Hash("00005894e6410b9d9524e38d725e6595ef4c8f85d4deb9e56b340751b0c3d678"))) max_checkpoint_height=Height(4359385)
Oct 09 02:40:31 runnervmmprz5 zebrad-v6.4.2[3084]: 2026-10-09T02:40:31.909508Z  INFO zebrad::commands::start: initializing syncer
Oct 09 02:40:31 runnervmmprz5 zebrad-v6.4.2[3084]: 2026-10-09T02:40:31.909769Z  INFO zebrad::commands::start: initializing mempool
Oct 09 02:40:31 runnervmmprz5 zebrad-v6.4.2[3084]: 2026-10-09T02:40:31.910189Z  INFO zebrad::commands::start: fully initializing inbound peer request handler
Oct 09 02:40:31 runnervmmprz5 zebrad-v6.4.2[3084]: 2026-10-09T02:40:31.917706Z  INFO zebra_rpc::server::cookie: RPC auth cookie written to disk
Oct 09 02:40:31 runnervmmprz5 zebrad-v6.4.2[3084]: 2026-10-09T02:40:31.917747Z  INFO zebra_rpc::server: Opened RPC endpoint at 127.0.0.1:8232
Oct 09 02:40:31 runnervmmprz5 zebrad-v6.4.2[3084]: 2026-10-09T02:40:31.917760Z  INFO zebrad::commands::start: spawning indexer RPC server
Oct 09 02:40:31 runnervmmprz5 zebrad-v6.4.2[3084]: 2026-10-09T02:40:31.925295Z  INFO init: zebra_rpc::indexer::server: Trying to open indexer RPC endpoint at 127.0.0.1:8230...
Oct 09 02:40:31 runnervmmprz5 zebrad-v6.4.2[3084]: 2026-10-09T02:40:31.925340Z  INFO init: zebra_rpc::indexer::server: Opened RPC endpoint at 127.0.0.1:8230
Oct 09 02:40:31 runnervmmprz5 zebrad-v6.4.2[3084]: 2026-10-09T02:40:31.925354Z  INFO zebrad::commands::start: spawning block gossip task
Oct 09 02:40:31 runnervmmprz5 zebrad-v6.4.2[3084]: 2026-10-09T02:40:31.925360Z  INFO zebrad::commands::start: spawning block notify task
Oct 09 02:40:31 runnervmmprz5 zebrad-v6.4.2[3084]: 2026-10-09T02:40:31.925364Z  INFO zebrad::commands::start: spawning mempool queue checker task
Oct 09 02:40:31 runnervmmprz5 zebrad-v6.4.2[3084]: 2026-10-09T02:40:31.925368Z  INFO zebrad::commands::start: spawning mempool transaction gossip task
Oct 09 02:40:31 runnervmmprz5 zebrad-v6.4.2[3084]: 2026-10-09T02:40:31.925372Z  INFO zebrad::commands::start: spawning delete old databases task
Oct 09 02:40:31 runnervmmprz5 zebrad-v6.4.2[3084]: 2026-10-09T02:40:31.925457Z  INFO zebrad::components::sync::gossip: initializing block gossip task
Oct 09 02:40:31 runnervmmprz5 zebrad-v6.4.2[3084]: 2026-10-09T02:40:31.925479Z  INFO zebrad::components::mempool::queue_checker: initializing mempool queue checker task
Oct 09 02:40:31 runnervmmprz5 zebrad-v6.4.2[3084]: 2026-10-09T02:40:31.925485Z  INFO zebrad::components::mempool::gossip: initializing transaction gossip task
Oct 09 02:40:31 runnervmmprz5 zebrad-v6.4.2[3084]: 2026-10-09T02:40:31.925527Z  INFO zebra_state::config: checking for old database versions db_kind="state"
Oct 09 02:40:31 runnervmmprz5 zebrad-v6.4.2[3084]: 2026-10-09T02:40:31.925604Z  INFO zebra_state::config: finished old database version cleanup task
Oct 09 02:40:31 runnervmmprz5 zebrad-v6.4.2[3084]: 2026-10-09T02:40:31.925613Z  INFO zebrad::commands::start: spawning progress logging task
Oct 09 02:40:31 runnervmmprz5 zebrad-v6.4.2[3084]: 2026-10-09T02:40:31.925618Z  INFO zebrad::commands::start: initializing health endpoints
Oct 09 02:40:31 runnervmmprz5 zebrad-v6.4.2[3084]: 2026-10-09T02:40:31.925622Z  INFO zebrad::commands::start: spawning end of support checking task
Oct 09 02:40:31 runnervmmprz5 zebrad-v6.4.2[3084]: 2026-10-09T02:40:31.925630Z  INFO zebrad::commands::start: spawning mempool crawler task
Oct 09 02:40:31 runnervmmprz5 zebrad-v6.4.2[3084]: 2026-10-09T02:40:31.925634Z  INFO zebrad::commands::start: spawning syncer task
Oct 09 02:40:31 runnervmmprz5 zebrad-v6.4.2[3084]: 2026-10-09T02:40:31.925639Z  INFO zebrad::commands::start: spawned initial Zebra tasks
Oct 09 02:40:31 runnervmmprz5 zebrad-v6.4.2[3084]: 2026-10-09T02:40:31.925710Z  INFO zebrad::components::sync::end_of_support: Starting end of support task
Oct 09 02:40:31 runnervmmprz5 zebrad-v6.4.2[3084]: 2026-10-09T02:40:31.926009Z  WARN zebrad::components::sync::progress: chain tip metrics channel closed err=SendError { .. }
Oct 09 02:40:31 runnervmmprz5 zebrad-v6.4.2[3084]: 2026-10-09T02:40:31.926123Z  INFO zebrad::components::mempool::crawler: initializing mempool crawler task
Oct 09 02:40:31 runnervmmprz5 zebrad-v6.4.2[3084]: 2026-10-09T02:40:31.935743Z  INFO sync:try_to_sync: zebrad::components::sync: starting sync, obtaining new tips state_tip=Some(Height(4382897))
Oct 09 02:40:38 runnervmmprz5 zebrad-v6.4.2[3084]: 2026-10-09T02:40:38.014359Z  INFO sync:try_to_sync: zebrad::components::sync: exhausted prospective tip set
Oct 09 02:40:38 runnervmmprz5 zebrad-v6.4.2[3084]: 2026-10-09T02:40:38.014397Z  INFO sync: zebrad::components::sync: waiting to restart sync timeout=67s state_tip=Some(Height(4382897))
Oct 09 02:40:38 runnervmmprz5 zebrad-v6.4.2[3084]: 2026-10-09T02:40:38.926725Z  INFO zebrad::components::sync::gossip: height=Height(4382897) request=AdvertiseBlock(block::Hash("00005894e6410b9d9524e38d725e6595ef4c8f85d4deb9e56b340751b0c3d678"), None) log_msg="sending committed block broadcast"
Oct 09 02:40:41 runnervmmprz5 zebrad-v6.4.2[3084]: 2026-10-09T02:40:41.927598Z  INFO zebrad::components::sync::end_of_support: Release always valid in Testnet
Oct 09 02:40:41 runnervmmprz5 zebrad-v6.4.2[3084]: 2026-10-09T02:40:41.927672Z  INFO zebrad::components::mempool: activating mempool: Zebra is close to the tip tip_height=Height(4382897)
Oct 09 02:40:45 runnervmmprz5 zebrad-v6.4.2[3084]: 2026-10-09T02:40:45.598671Z  INFO init{config=Config { checkpoint_sync: true } network=Testnet}: zebra_consensus::router: finished state checkpoint validation
Oct 09 02:41:31 runnervmmprz5 zebrad-v6.4.2[3084]: 2026-10-09T02:41:31.939464Z  INFO zebrad::components::sync::progress: initial sync is very slow, or estimated tip is wrong. Hint: check your network connection, and your computer clock and time zone sync_percent=99.583% current_height=Height(4382897) network_upgrade=Nu6_3 remaining_sync_blocks=18332 after_checkpoint_height=Height(4360395) time_since_last_state_block=1m
Oct 09 02:41:32 runnervmmprz5 zebrad-v6.4.2[3084]: 2026-10-09T02:41:32.906002Z  INFO crawl_and_dial{new_peer_interval=61s}:crawl: zebra_network::peer_set::candidate_set::crawl: timeout waiting for peer service readiness or peer responses
Oct 09 02:41:45 runnervmmprz5 zebrad-v6.4.2[3084]: 2026-10-09T02:41:45.015445Z  INFO sync:try_to_sync: zebrad::components::sync: starting sync, obtaining new tips state_tip=Some(Height(4382897))
Oct 09 02:41:51 runnervmmprz5 zebrad-v6.4.2[3084]: 2026-10-09T02:41:51.015377Z  INFO zebrad::components::mempool::crawler: mempool crawl timed out: Elapsed(())
Oct 09 02:42:22 runnervmmprz5 zebrad-v6.4.2[3084]: 2026-10-09T02:42:22.510387Z  INFO sync:try_to_sync: zebrad::components::sync: exhausted prospective tip set
Oct 09 02:42:22 runnervmmprz5 zebrad-v6.4.2[3084]: 2026-10-09T02:42:22.510425Z  INFO sync: zebrad::components::sync: waiting to restart sync timeout=67s state_tip=Some(Height(4382897))
Oct 09 02:42:23 runnervmmprz5 zebrad-v6.4.2[3084]: 2026-10-09T02:42:23.756396Z  INFO zebra_state::service::finalized_state::disk_format::upgrade: finished checking/adding indexes for spending tx ids
Oct 09 02:42:28 runnervmmprz5 zebrad-v6.4.2[3084]: 2026-10-09T02:42:28.352781Z  INFO zebra_state::service::finalized_state::disk_format::upgrade: database format is valid running_version=28.0.0+indexer initial_disk_version=28.0.0+indexer
Oct 09 02:42:31 runnervmmprz5 zebrad-v6.4.2[3084]: 2026-10-09T02:42:31.957411Z  INFO zebrad::components::sync::progress: initial sync is very slow, or estimated tip is wrong. Hint: check your network connection, and your computer clock and time zone sync_percent=99.583% current_height=Height(4382897) network_upgrade=Nu6_3 remaining_sync_blocks=18333 after_checkpoint_height=Height(4360395) time_since_last_state_block=2m
Oct 09 02:43:12 runnervmmprz5 zebrad-v6.4.2[3084]: 2026-10-09T02:43:12.016877Z  INFO crawl_and_dial{new_peer_interval=61s}:crawl: zebra_network::peer_set::candidate_set::crawl: timeout waiting for peer service readiness or peer responses
Oct 09 02:43:29 runnervmmprz5 zebrad-v6.4.2[3084]: 2026-10-09T02:43:29.511189Z  INFO sync:try_to_sync: zebrad::components::sync: starting sync, obtaining new tips state_tip=Some(Height(4382897))
Oct 09 02:43:31 runnervmmprz5 zebrad-v6.4.2[3084]: 2026-10-09T02:43:31.970412Z  INFO zebrad::components::sync::progress: initial sync is very slow, or estimated tip is wrong. Hint: check your network connection, and your computer clock and time zone sync_percent=99.583% current_height=Height(4382897) network_upgrade=Nu6_3 remaining_sync_blocks=18334 after_checkpoint_height=Height(4360395) time_since_last_state_block=3m
Oct 09 02:44:31 runnervmmprz5 zebrad-v6.4.2[3084]: 2026-10-09T02:44:31.983280Z  INFO zebrad::components::sync::progress: initial sync is very slow, or estimated tip is wrong. Hint: check your network connection, and your computer clock and time zone sync_percent=99.583% current_height=Height(4382897) network_upgrade=Nu6_3 remaining_sync_blocks=18335 after_checkpoint_height=Height(4360395) time_since_last_state_block=4m
Oct 09 02:44:32 runnervmmprz5 zebrad-v6.4.2[3084]: 2026-10-09T02:44:32.554331Z  INFO sync:try_to_sync: zebrad::components::sync: exhausted prospective tip set
Oct 09 02:44:32 runnervmmprz5 zebrad-v6.4.2[3084]: 2026-10-09T02:44:32.554367Z  INFO sync: zebrad::components::sync: waiting to restart sync timeout=67s state_tip=Some(Height(4382897))
Oct 09 02:45:31 runnervmmprz5 zebrad-v6.4.2[3084]: 2026-10-09T02:45:31.997695Z  INFO zebrad::components::sync::progress: initial sync is very slow, or estimated tip is wrong. Hint: check your network connection, and your computer clock and time zone sync_percent=99.583% current_height=Height(4382897) network_upgrade=Nu6_3 remaining_sync_blocks=18335 after_checkpoint_height=Height(4360395) time_since_last_state_block=5m
Oct 09 02:45:36 runnervmmprz5 zebrad-v6.4.2[3084]: 2026-10-09T02:45:36.909188Z  WARN crawl_and_dial{new_peer_interval=61s}:crawl: zebra_network::peer_set::set: network request with no peer connections. Hint: check your network connection address_metrics=AddressMetrics { responded: 1, never_attempted_gossiped: 1, failed: 1, attempt_pending: 0, recently_live: 0, recently_stopped_responding: 1, num_addresses: 3, address_limit: 5000 }
Oct 09 02:45:39 runnervmmprz5 zebrad-v6.4.2[3084]: 2026-10-09T02:45:39.555506Z  INFO sync:try_to_sync: zebrad::components::sync: starting sync, obtaining new tips state_tip=Some(Height(4382897))
Oct 09 02:45:44 runnervmmprz5 zebrad-v6.4.2[3084]: 2026-10-09T02:45:44.910463Z  INFO crawl_and_dial{new_peer_interval=61s}:crawl: zebra_network::peer_set::candidate_set::crawl: timeout waiting for peer service readiness or peer responses
Oct 09 02:46:32 runnervmmprz5 zebrad-v6.4.2[3084]: 2026-10-09T02:46:32.011885Z  INFO zebrad::components::sync::progress: initial sync is very slow, or estimated tip is wrong. Hint: check your network connection, and your computer clock and time zone sync_percent=99.583% current_height=Height(4382897) network_upgrade=Nu6_3 remaining_sync_blocks=18336 after_checkpoint_height=Height(4360395) time_since_last_state_block=6m
Oct 09 02:46:37 runnervmmprz5 zebrad-v6.4.2[3084]: 2026-10-09T02:46:37.909479Z  INFO crawl_and_dial{new_peer_interval=61s}: zebra_network::address_book: no active peer connections: trying gossiped addresses address_metrics=AddressMetrics { responded: 0, never_attempted_gossiped: 1, failed: 1, attempt_pending: 1, recently_live: 0, recently_stopped_responding: 0, num_addresses: 3, address_limit: 5000 }
Oct 09 02:46:37 runnervmmprz5 zebrad-v6.4.2[3084]: 2026-10-09T02:46:37.910783Z  INFO crawl_and_dial{new_peer_interval=61s}:dial{network=Testnet candidate=MetaAddr { addr: v4redacted:37680, services: Some(PeerServices(NODE_NETWORK)), untrusted_last_seen: None, last_response: Some(DateTime32 { timestamp: 1791513736, calendar: 2026-10-09T02:42:16Z }), rtt: None, ping_sent_at: None, last_attempt: Some(Instant { tv_sec: 885, tv_nsec: 749507882 }), last_failure: None, last_connection_state: AttemptPending, is_inbound: true, user_agent: Some("/Zakura:1.3.1/"), negotiated_version: Some(Version(170160)) }}: zebra_network::peer_set::initialize: failed to make outbound connection to peer error=Os { code: 111, kind: ConnectionRefused, message: "Connection refused" } candidate.addr=v4redacted:37680
Oct 09 02:46:38 runnervmmprz5 zebrad-v6.4.2[3084]: 2026-10-09T02:46:38.011255Z  INFO crawl_and_dial{new_peer_interval=61s}:dial{network=Testnet candidate=MetaAddr { addr: v4redacted:8243, services: Some(PeerServices(NODE_NETWORK)), untrusted_last_seen: Some(DateTime32 { timestamp: 1791513736, calendar: 2026-10-09T02:42:16Z }), last_response: None, rtt: None, ping_sent_at: None, last_attempt: Some(Instant { tv_sec: 885, tv_nsec: 749581209 }), last_failure: None, last_connection_state: AttemptPending, is_inbound: false, user_agent: None, negotiated_version: None }}: zebra_network::peer_set::initialize: failed to make outbound connection to peer error=Os { code: 111, kind: ConnectionRefused, message: "Connection refused" } candidate.addr=v4redacted:8243
Oct 09 02:46:45 runnervmmprz5 zebrad-v6.4.2[3084]: 2026-10-09T02:46:45.909853Z  INFO crawl_and_dial{new_peer_interval=61s}:crawl: zebra_network::peer_set::candidate_set::crawl: timeout waiting for peer service readiness or peer responses
Oct 09 02:46:46 runnervmmprz5 zebrad-v6.4.2[3084]: 2026-10-09T02:46:46.556683Z  INFO sync:try_to_sync: zebrad::components::sync: temporary error obtaining tips: deadline has elapsed
Oct 09 02:46:46 runnervmmprz5 zebrad-v6.4.2[3084]: 2026-10-09T02:46:46.556748Z  INFO sync: zebrad::components::sync: waiting to restart sync timeout=67s state_tip=Some(Height(4382897))
Oct 09 02:46:58 runnervmmprz5 zebrad-v6.4.2[3084]: 2026-10-09T02:46:58.555999Z  INFO zebrad::components::mempool::crawler: mempool crawl timed out: Elapsed(())
Oct 09 02:47:32 runnervmmprz5 zebrad-v6.4.2[3084]: 2026-10-09T02:47:32.023682Z  INFO zebrad::components::sync::progress: initial sync is very slow, or estimated tip is wrong. Hint: check your network connection, and your computer clock and time zone sync_percent=99.583% current_height=Height(4382897) network_upgrade=Nu6_3 remaining_sync_blocks=18337 after_checkpoint_height=Height(4360395) time_since_last_state_block=7m
Oct 09 02:47:53 runnervmmprz5 zebrad-v6.4.2[3084]: 2026-10-09T02:47:53.558061Z  INFO sync:try_to_sync: zebrad::components::sync: starting sync, obtaining new tips state_tip=Some(Height(4382897))
Oct 09 02:47:59 runnervmmprz5 zebrad-v6.4.2[3084]: 2026-10-09T02:47:59.559082Z  INFO sync:try_to_sync: zebrad::components::sync: exhausted prospective tip set
Oct 09 02:47:59 runnervmmprz5 zebrad-v6.4.2[3084]: 2026-10-09T02:47:59.559113Z  INFO sync: zebrad::components::sync: waiting to restart sync timeout=67s state_tip=Some(Height(4382897))
Oct 09 02:48:19 runnervmmprz5 zebrad-v6.4.2[3084]: 2026-10-09T02:48:19.558077Z  INFO crawl_and_dial{new_peer_interval=61s}:crawl: zebra_network::peer_set::candidate_set::crawl: timeout waiting for peer service readiness or peer responses
Oct 09 02:48:32 runnervmmprz5 zebrad-v6.4.2[3084]: 2026-10-09T02:48:32.038141Z  INFO zebrad::components::sync::progress: initial sync is very slow, or estimated tip is wrong. Hint: check your network connection, and your computer clock and time zone sync_percent=99.583% current_height=Height(4382897) network_upgrade=Nu6_3 remaining_sync_blocks=18338 after_checkpoint_height=Height(4360395) time_since_last_state_block=8m
Oct 09 02:49:06 runnervmmprz5 zebrad-v6.4.2[3084]: 2026-10-09T02:49:06.560027Z  INFO sync:try_to_sync: zebrad::components::sync: starting sync, obtaining new tips state_tip=Some(Height(4382897))
Oct 09 02:49:06 runnervmmprz5 zebrad-v6.4.2[3084]: 2026-10-09T02:49:06.560651Z  WARN sync:try_to_sync:obtain_tips: zebra_network::peer_set::set: network request with no peer connections. Hint: check your network connection address_metrics=AddressMetrics { responded: 1, never_attempted_gossiped: 0, failed: 3, attempt_pending: 0, recently_live: 1, recently_stopped_responding: 0, num_addresses: 4, address_limit: 5000 }
Oct 09 02:49:12 runnervmmprz5 zebrad-v6.4.2[3084]: 2026-10-09T02:49:12.562142Z  INFO sync:try_to_sync: zebrad::components::sync: exhausted prospective tip set
Oct 09 02:49:12 runnervmmprz5 zebrad-v6.4.2[3084]: 2026-10-09T02:49:12.562173Z  INFO sync: zebrad::components::sync: waiting to restart sync timeout=67s state_tip=Some(Height(4382897))
Oct 09 02:49:14 runnervmmprz5 zebrad-v6.4.2[3084]: 2026-10-09T02:49:14.562337Z  INFO crawl_and_dial{new_peer_interval=61s}:crawl: zebra_network::peer_set::candidate_set::crawl: timeout waiting for peer service readiness or peer responses
Oct 09 02:49:32 runnervmmprz5 zebrad-v6.4.2[3084]: 2026-10-09T02:49:32.052264Z  INFO zebrad::components::sync::progress: initial sync is very slow, or estimated tip is wrong. Hint: check your network connection, and your computer clock and time zone sync_percent=99.583% current_height=Height(4382897) network_upgrade=Nu6_3 remaining_sync_blocks=18339 after_checkpoint_height=Height(4360395) time_since_last_state_block=9m
Oct 09 02:50:19 runnervmmprz5 zebrad-v6.4.2[3084]: 2026-10-09T02:50:19.563352Z  INFO sync:try_to_sync: zebrad::components::sync: starting sync, obtaining new tips state_tip=Some(Height(4382897))
Oct 09 02:50:19 runnervmmprz5 zebrad-v6.4.2[3084]: 2026-10-09T02:50:19.563941Z  WARN sync:try_to_sync:obtain_tips: zebra_network::peer_set::set: network request with no peer connections. Hint: check your network connection address_metrics=AddressMetrics { responded: 2, never_attempted_gossiped: 0, failed: 3, attempt_pending: 0, recently_live: 1, recently_stopped_responding: 1, num_addresses: 5, address_limit: 5000 }
Oct 09 02:50:25 runnervmmprz5 zebrad-v6.4.2[3084]: 2026-10-09T02:50:25.565349Z  INFO sync:try_to_sync: zebrad::components::sync: exhausted prospective tip set
Oct 09 02:50:25 runnervmmprz5 zebrad-v6.4.2[3084]: 2026-10-09T02:50:25.565380Z  INFO sync: zebrad::components::sync: waiting to restart sync timeout=67s state_tip=Some(Height(4382897))
Oct 09 02:50:27 runnervmmprz5 zebrad-v6.4.2[3084]: 2026-10-09T02:50:27.564669Z  INFO crawl_and_dial{new_peer_interval=61s}:crawl: zebra_network::peer_set::candidate_set::crawl: timeout waiting for peer service readiness or peer responses
Oct 09 02:50:32 runnervmmprz5 zebrad-v6.4.2[3084]: 2026-10-09T02:50:32.064615Z  INFO zebrad::components::sync::progress: initial sync is very slow, or estimated tip is wrong. Hint: check your network connection, and your computer clock and time zone sync_percent=99.583% current_height=Height(4382897) network_upgrade=Nu6_3 remaining_sync_blocks=18339 after_checkpoint_height=Height(4360395) time_since_last_state_block=10m
Oct 09 02:51:32 runnervmmprz5 zebrad-v6.4.2[3084]: 2026-10-09T02:51:32.079597Z  INFO zebrad::components::sync::progress: initial sync is very slow, or estimated tip is wrong. Hint: check your network connection, and your computer clock and time zone sync_percent=99.583% current_height=Height(4382897) network_upgrade=Nu6_3 remaining_sync_blocks=18340 after_checkpoint_height=Height(4360395) time_since_last_state_block=11m
Oct 09 02:51:32 runnervmmprz5 zebrad-v6.4.2[3084]: 2026-10-09T02:51:32.566317Z  INFO sync:try_to_sync: zebrad::components::sync: starting sync, obtaining new tips state_tip=Some(Height(4382897))
Oct 09 02:51:40 runnervmmprz5 zebrad-v6.4.2[3084]: 2026-10-09T02:51:40.424224Z  INFO sync:try_to_sync: zebrad::components::sync: exhausted prospective tip set
Oct 09 02:51:40 runnervmmprz5 zebrad-v6.4.2[3084]: 2026-10-09T02:51:40.424258Z  INFO sync: zebrad::components::sync: waiting to restart sync timeout=67s state_tip=Some(Height(4382897))
Oct 09 02:52:32 runnervmmprz5 zebrad-v6.4.2[3084]: 2026-10-09T02:52:32.091684Z  INFO zebrad::components::sync::progress: initial sync is very slow, or estimated tip is wrong. Hint: check your network connection, and your computer clock and time zone sync_percent=99.583% current_height=Height(4382897) network_upgrade=Nu6_3 remaining_sync_blocks=18341 after_checkpoint_height=Height(4360395) time_since_last_state_block=12m
Oct 09 02:52:43 runnervmmprz5 zebrad-v6.4.2[3084]: 2026-10-09T02:52:43.908789Z  WARN crawl_and_dial{new_peer_interval=61s}:crawl: zebra_network::peer_set::set: network request with no peer connections. Hint: check your network connection address_metrics=AddressMetrics { responded: 2, never_attempted_gossiped: 0, failed: 4, attempt_pending: 0, recently_live: 0, recently_stopped_responding: 2, num_addresses: 6, address_limit: 5000 }
Oct 09 02:52:47 runnervmmprz5 zebrad-v6.4.2[3084]: 2026-10-09T02:52:47.424618Z  INFO sync:try_to_sync: zebrad::components::sync: starting sync, obtaining new tips state_tip=Some(Height(4382897))
Oct 09 02:52:51 runnervmmprz5 zebrad-v6.4.2[3084]: 2026-10-09T02:52:51.909984Z  INFO crawl_and_dial{new_peer_interval=61s}:crawl: zebra_network::peer_set::candidate_set::crawl: timeout waiting for peer service readiness or peer responses
Oct 09 02:53:32 runnervmmprz5 zebrad-v6.4.2[3084]: 2026-10-09T02:53:32.106705Z  INFO zebrad::components::sync::progress: initial sync is very slow, or estimated tip is wrong. Hint: check your network connection, and your computer clock and time zone sync_percent=99.583% current_height=Height(4382897) network_upgrade=Nu6_3 remaining_sync_blocks=18342 after_checkpoint_height=Height(4360395) time_since_last_state_block=13m
Oct 09 02:53:36 runnervmmprz5 zebrad-v6.4.2[3084]: 2026-10-09T02:53:36.420751Z  INFO sync:try_to_sync: zebrad::components::sync: exhausted prospective tip set
Oct 09 02:53:36 runnervmmprz5 zebrad-v6.4.2[3084]: 2026-10-09T02:53:36.420781Z  INFO sync: zebrad::components::sync: waiting to restart sync timeout=67s state_tip=Some(Height(4382897))
Oct 09 02:54:32 runnervmmprz5 zebrad-v6.4.2[3084]: 2026-10-09T02:54:32.121058Z  INFO zebrad::components::sync::progress: initial sync is very slow, or estimated tip is wrong. Hint: check your network connection, and your computer clock and time zone sync_percent=99.583% current_height=Height(4382897) network_upgrade=Nu6_3 remaining_sync_blocks=18343 after_checkpoint_height=Height(4360395) time_since_last_state_block=14m
Oct 09 02:54:43 runnervmmprz5 zebrad-v6.4.2[3084]: 2026-10-09T02:54:43.422416Z  INFO sync:try_to_sync: zebrad::components::sync: starting sync, obtaining new tips state_tip=Some(Height(4382897))
Oct 09 02:54:43 runnervmmprz5 zebrad-v6.4.2[3084]: 2026-10-09T02:54:43.423003Z  WARN sync:try_to_sync:obtain_tips: zebra_network::peer_set::set: network request with no peer connections. Hint: check your network connection address_metrics=AddressMetrics { responded: 2, never_attempted_gossiped: 0, failed: 5, attempt_pending: 0, recently_live: 0, recently_stopped_responding: 2, num_addresses: 7, address_limit: 5000 }
