Oct 10 19:37:58 runnervmmprz5 systemd[1]: Started zebrad.service - /opt/zbench/bin/zebrad-v6.4.2 -c /etc/zbench/zebrad.toml start.
Oct 10 19:37:58 runnervmmprz5 zebrad-v6.4.2[2893]: Thank you for running a testnet zebrad 6.4.2 node!
Oct 10 19:37:58 runnervmmprz5 zebrad-v6.4.2[2893]: You're helping to strengthen the network and contributing to a social good :)
Oct 10 19:37:58 runnervmmprz5 zebrad-v6.4.2[2893]: 2026-10-10T19:37:58.286239Z  INFO zebrad::components::tracing::component: started tracing component filter="info" TRACING_STATIC_MAX_LEVEL=LevelFilter::INFO LOG_STATIC_MAX_LEVEL=Info
Oct 10 19:37:58 runnervmmprz5 zebrad-v6.4.2[2893]: 2026-10-10T19:37:58.288114Z  INFO zebrad::components::tracing::component: installed sentry tracing layer
Oct 10 19:37:58 runnervmmprz5 zebrad-v6.4.2[2893]: 2026-10-10T19:37:58.288124Z  INFO zebrad::components::tracing::component: set 'tracing.progress_bar ="summary"' in zebrad.toml to activate progress bars
Oct 10 19:37:58 runnervmmprz5 zebrad-v6.4.2[2893]: 2026-10-10T19:37:58.288127Z  INFO zebrad::application: Diagnostic metadata:
Oct 10 19:37:58 runnervmmprz5 zebrad-v6.4.2[2893]: version: 6.4.2
Oct 10 19:37:58 runnervmmprz5 zebrad-v6.4.2[2893]: Zcash network: Testnet
Oct 10 19:37:58 runnervmmprz5 zebrad-v6.4.2[2893]: running state version: 28.0.0+indexer
Oct 10 19:37:58 runnervmmprz5 zebrad-v6.4.2[2893]: initial disk state version: 28.0.0
Oct 10 19:37:58 runnervmmprz5 zebrad-v6.4.2[2893]: features: default,default_release_binaries,howudoin,indexer,indicatif,metrics_exporter_prometheus,opentelemetry,progress_bar,prometheus,release_max_level_info,sentry
Oct 10 19:37:58 runnervmmprz5 zebrad-v6.4.2[2893]: branch: HEAD
Oct 10 19:37:58 runnervmmprz5 zebrad-v6.4.2[2893]: git commit: e3eef2f
Oct 10 19:37:58 runnervmmprz5 zebrad-v6.4.2[2893]: commit timestamp: 2026-09-25T19:37:34.000000000Z
Oct 10 19:37:58 runnervmmprz5 zebrad-v6.4.2[2893]: target triple: x86_64-unknown-linux-gnu
Oct 10 19:37:58 runnervmmprz5 zebrad-v6.4.2[2893]: rust compiler: 1.91.0
Oct 10 19:37:58 runnervmmprz5 zebrad-v6.4.2[2893]: rust release date: 2025-10-28
Oct 10 19:37:58 runnervmmprz5 zebrad-v6.4.2[2893]: optimization level: 3
Oct 10 19:37:58 runnervmmprz5 zebrad-v6.4.2[2893]: debug checks: true
Oct 10 19:37:58 runnervmmprz5 zebrad-v6.4.2[2893]: 2026-10-10T19:37:58.288133Z  INFO zebrad::application: Using config file at: "/etc/zbench/zebrad.toml"
Oct 10 19:37:58 runnervmmprz5 zebrad-v6.4.2[2893]: 2026-10-10T19:37:58.288136Z  INFO zebrad::application: ZebradConfig { consensus: Config { checkpoint_sync: true }, metrics: Config { endpoint_addr: Some(127.0.0.1:9101) }, network: Config { listen_addr: 127.0.0.1:8233, external_addr: None, network: Testnet, initial_mainnet_peers: {}, initial_testnet_peers: {}, cache_dir: IsEnabled(false), peerset_initial_target_size: 25, crawl_new_peer_interval: 61s, max_connections_per_ip: 1 }, state: Config { cache_dir: "/zbench/zebra", ephemeral: false, should_backup_non_finalized_state: true, delete_old_database: true, debug_stop_at_height: None, debug_validity_check_interval: None, debug_skip_non_finalized_state_backup_task: false }, tracing: Config { inner: InnerConfig { use_color: false, force_use_color: false, filter: None, buffer_limit: 128000, endpoint_addr: None, flamegraph: None, progress_bar: None, log_file: None, use_journald: false, opentelemetry_endpoint: None, opentelemetry_service_name: None, opentelemetry_sample_percent: None } }, sync: Config { download_concurrency_limit: 50, checkpoint_verify_concurrency_limit: 1000, full_verify_concurrency_limit: 20, parallel_cpu_threads: 0 }, mempool: Config { tx_cost_limit: 80000000, eviction_memory_time: 3600s, debug_enable_at_height: None, max_datacarrier_bytes: Some(83) }, notify: Config { block_notify_command: None }, rpc: Config { listen_addr: Some(127.0.0.1:8232), indexer_listen_addr: Some(127.0.0.1:8230), lightwalletd_listen_addr: None, parallel_cpu_threads: 0, debug_force_finished_sync: false, cookie_dir: "/zbench/zebra-cookie", enable_cookie_auth: true, max_response_body_size: 52428800 }, mining: Config { miner_address: None, extra_coinbase_data: None, miner_memo: None, internal_miner: false }, health: Config { listen_addr: None, min_connected_peers: 1, ready_max_blocks_behind: 2, enforce_on_test_networks: false, ready_max_tip_age: 300s }, zcashd_compat: Config { enabled: false, manage_zcashd: false, zcashd_source: Path, zcashd_path: None, zcashd_datadir: None, zcashd_extra_args: [], p2p_connect_addr: None, block_gossip_peer_ips: [], startup_delay: 1s, restart_backoff: 2s, restart_backoff_max: 300s, restart_reset_after: 3600s, shutdown_grace_period: 300s } }
Oct 10 19:37:58 runnervmmprz5 zebrad-v6.4.2[2893]: 2026-10-10T19:37:58.289651Z  INFO {zebrad="e3eef2f" net="Test"}: zebrad::application: initialized rayon thread pool for CPU-bound tasks num_threads=4
Oct 10 19:37:58 runnervmmprz5 zebrad-v6.4.2[2893]: 2026-10-10T19:37:58.290549Z  INFO {zebrad="e3eef2f" net="Test"}: zebrad::components::metrics: Trying to open metrics endpoint at 127.0.0.1:9101...
Oct 10 19:37:58 runnervmmprz5 zebrad-v6.4.2[2893]: 2026-10-10T19:37:58.292073Z  INFO {zebrad="e3eef2f" net="Test"}: zebrad::components::metrics: Opened metrics endpoint at 127.0.0.1:9101
Oct 10 19:37:58 runnervmmprz5 zebrad-v6.4.2[2893]: 2026-10-10T19:37:58.292954Z  INFO zebrad::commands::start: Starting zebrad
Oct 10 19:37:58 runnervmmprz5 zebrad-v6.4.2[2893]: 2026-10-10T19:37:58.293800Z  WARN zebrad::commands::start: TCP slow-start-after-idle is enabled, which resets TCP's congestion window between block requests and significantly reduces single-peer throughput for block propagation. Hint: set `net.ipv4.tcp_slow_start_after_idle=0` via sysctl. See https://zebra.zfnd.org/user/troubleshooting.html#linux-tcp-tuning-for-block-propagation setting="net.ipv4.tcp_slow_start_after_idle"
Oct 10 19:37:58 runnervmmprz5 zebrad-v6.4.2[2893]: 2026-10-10T19:37:58.293853Z  INFO zebrad::commands::start: initializing node state
Oct 10 19:37:58 runnervmmprz5 zebrad-v6.4.2[2893]: 2026-10-10T19:37:58.294139Z  INFO zebrad::commands::start: opening database, this may take a few minutes
Oct 10 19:37:58 runnervmmprz5 zebrad-v6.4.2[2893]: 2026-10-10T19:37:58.296806Z  INFO zebra_state::service::finalized_state::disk_format::upgrade: trying to open current database format running_version=28.0.0+indexer
Oct 10 19:37:59 runnervmmprz5 zebrad-v6.4.2[2893]: 2026-10-10T19:37:59.405162Z  INFO zebra_state::service::finalized_state::disk_db: Opened Zebra state cache at /zbench/zebra/state/v28/testnet
Oct 10 19:37:59 runnervmmprz5 zebrad-v6.4.2[2893]: 2026-10-10T19:37:59.406931Z  INFO zebra_state::service::finalized_state::disk_format::upgrade: checking database format produced by a previous zebra instance is current and valid running_version=28.0.0+indexer
Oct 10 19:37:59 runnervmmprz5 zebrad-v6.4.2[2893]: 2026-10-10T19:37:59.407227Z  INFO zebra_state::service::finalized_state::disk_format::upgrade: started checking/adding indexes for spending tx ids
Oct 10 19:37:59 runnervmmprz5 zebrad-v6.4.2[2893]: 2026-10-10T19:37:59.410632Z  INFO zebra_state::service::non_finalized_state: restoring non-finalized blocks from backup and spawning backup task backup_dir_path="/zbench/zebra/non_finalized_state/testnet"
Oct 10 19:37:59 runnervmmprz5 zebrad-v6.4.2[2893]: 2026-10-10T19:37:59.411788Z  INFO zebra_state::service::non_finalized_state: no blocks were restored from the non-finalized backup cache
Oct 10 19:37:59 runnervmmprz5 zebrad-v6.4.2[2893]: 2026-10-10T19:37:59.411843Z  INFO zebra_state::service: loaded Zebra state cache chain_tip=Some((block::Hash("00005894e6410b9d9524e38d725e6595ef4c8f85d4deb9e56b340751b0c3d678"), Height(4382897)))
Oct 10 19:37:59 runnervmmprz5 zebrad-v6.4.2[2893]: 2026-10-10T19:37:59.412794Z  INFO zebra_state::service: starting legacy chain check
Oct 10 19:37:59 runnervmmprz5 zebrad-v6.4.2[2893]: 2026-10-10T19:37:59.412963Z  INFO zebra_state::service: cached state consensus branch is valid: no legacy chain found
Oct 10 19:37:59 runnervmmprz5 zebrad-v6.4.2[2893]: 2026-10-10T19:37:59.412980Z  INFO zebrad::commands::start: logging database metrics on startup
Oct 10 19:37:59 runnervmmprz5 zebrad-v6.4.2[2893]: 2026-10-10T19:37:59.419136Z  INFO zebra_state::service::finalized_state::disk_db: Total Database Disk Size: 12.6 GB
Oct 10 19:37:59 runnervmmprz5 zebrad-v6.4.2[2893]: 2026-10-10T19:37:59.419151Z  INFO zebra_state::service::finalized_state::disk_db: Total Live Data Disk Size: 12.6 GB
Oct 10 19:37:59 runnervmmprz5 zebrad-v6.4.2[2893]: 2026-10-10T19:37:59.419154Z  INFO zebra_state::service::finalized_state::disk_db: Total Database Memory Size: 61.4 KB
Oct 10 19:37:59 runnervmmprz5 zebrad-v6.4.2[2893]: 2026-10-10T19:37:59.419167Z  INFO zebrad::commands::start: initializing network
Oct 10 19:37:59 runnervmmprz5 zebrad-v6.4.2[2893]: 2026-10-10T19:37:59.420867Z  INFO open_listener{addr=127.0.0.1:8233}: zebra_network::peer_set::initialize: Trying to open Zcash protocol endpoint at 127.0.0.1:8233...
Oct 10 19:37:59 runnervmmprz5 zebrad-v6.4.2[2893]: 2026-10-10T19:37:59.420924Z  INFO open_listener{addr=127.0.0.1:8233}: zebra_network::peer_set::initialize: Opened Zcash protocol endpoint at 127.0.0.1:8233
Oct 10 19:37:59 runnervmmprz5 zebrad-v6.4.2[2893]: 2026-10-10T19:37:59.422741Z  INFO zebra_network::address_book_updater: starting the address book updater
Oct 10 19:37:59 runnervmmprz5 zebrad-v6.4.2[2893]: 2026-10-10T19:37:59.424400Z  WARN add_initial_peers: zebra_network::config: no initial peers in the network config. Hint: you must configure at least one peer IP or DNS seeder to run Zebra, give it some previously cached peer IP addresses on disk, or make sure Zebra's listener port gets inbound connections.
Oct 10 19:37:59 runnervmmprz5 zebrad-v6.4.2[2893]: 2026-10-10T19:37:59.424692Z  INFO add_initial_peers: zebra_network::peer_set::initialize: connecting to initial peer set ipv4_peer_count=0 ipv6_peer_count=0
Oct 10 19:37:59 runnervmmprz5 zebrad-v6.4.2[2893]: 2026-10-10T19:37:59.424704Z  INFO add_initial_peers: zebra_network::peer_set::initialize: finished connecting to initial seed and disk cache peers handshake_success_total=0 handshake_error_total=0 outbound_connections=0
Oct 10 19:37:59 runnervmmprz5 zebrad-v6.4.2[2893]: 2026-10-10T19:37:59.424758Z  INFO zebra_network::peer_set::initialize: sending initial request for peers active_initial_peer_count=0
Oct 10 19:37:59 runnervmmprz5 zebrad-v6.4.2[2893]: 2026-10-10T19:37:59.424802Z  INFO crawl_and_dial{new_peer_interval=61s}: zebra_network::peer_set::initialize: starting the peer address crawler crawl_new_peer_interval=61s outbound_connections=0
Oct 10 19:37:59 runnervmmprz5 zebrad-v6.4.2[2893]: 2026-10-10T19:37:59.425014Z  INFO zebrad::commands::start: initializing verifiers
Oct 10 19:37:59 runnervmmprz5 zebrad-v6.4.2[2893]: 2026-10-10T19:37:59.425072Z  INFO init{config=Config { checkpoint_sync: true } network=Testnet}: zebra_consensus::router: starting state checkpoint validation
Oct 10 19:37:59 runnervmmprz5 zebrad-v6.4.2[2893]: 2026-10-10T19:37:59.426540Z  INFO init{config=Config { checkpoint_sync: true } network=Testnet}: zebra_consensus::router: initializing block verifier router tip=Some((Height(4382897), block::Hash("00005894e6410b9d9524e38d725e6595ef4c8f85d4deb9e56b340751b0c3d678"))) max_checkpoint_height=Height(4359385)
Oct 10 19:37:59 runnervmmprz5 zebrad-v6.4.2[2893]: 2026-10-10T19:37:59.426851Z  INFO zebrad::commands::start: initializing syncer
Oct 10 19:37:59 runnervmmprz5 zebrad-v6.4.2[2893]: 2026-10-10T19:37:59.427139Z  INFO zebrad::commands::start: initializing mempool
Oct 10 19:37:59 runnervmmprz5 zebrad-v6.4.2[2893]: 2026-10-10T19:37:59.427311Z  INFO zebrad::commands::start: fully initializing inbound peer request handler
Oct 10 19:37:59 runnervmmprz5 zebrad-v6.4.2[2893]: 2026-10-10T19:37:59.431282Z  INFO zebra_rpc::server::cookie: RPC auth cookie written to disk
Oct 10 19:37:59 runnervmmprz5 zebrad-v6.4.2[2893]: 2026-10-10T19:37:59.431320Z  INFO zebra_rpc::server: Opened RPC endpoint at 127.0.0.1:8232
Oct 10 19:37:59 runnervmmprz5 zebrad-v6.4.2[2893]: 2026-10-10T19:37:59.431341Z  INFO zebrad::commands::start: spawning indexer RPC server
Oct 10 19:37:59 runnervmmprz5 zebrad-v6.4.2[2893]: 2026-10-10T19:37:59.433028Z  INFO init: zebra_rpc::indexer::server: Trying to open indexer RPC endpoint at 127.0.0.1:8230...
Oct 10 19:37:59 runnervmmprz5 zebrad-v6.4.2[2893]: 2026-10-10T19:37:59.433062Z  INFO init: zebra_rpc::indexer::server: Opened RPC endpoint at 127.0.0.1:8230
Oct 10 19:37:59 runnervmmprz5 zebrad-v6.4.2[2893]: 2026-10-10T19:37:59.433076Z  INFO zebrad::commands::start: spawning block gossip task
Oct 10 19:37:59 runnervmmprz5 zebrad-v6.4.2[2893]: 2026-10-10T19:37:59.433082Z  INFO zebrad::commands::start: spawning block notify task
Oct 10 19:37:59 runnervmmprz5 zebrad-v6.4.2[2893]: 2026-10-10T19:37:59.433086Z  INFO zebrad::commands::start: spawning mempool queue checker task
Oct 10 19:37:59 runnervmmprz5 zebrad-v6.4.2[2893]: 2026-10-10T19:37:59.433089Z  INFO zebrad::commands::start: spawning mempool transaction gossip task
Oct 10 19:37:59 runnervmmprz5 zebrad-v6.4.2[2893]: 2026-10-10T19:37:59.433094Z  INFO zebrad::commands::start: spawning delete old databases task
Oct 10 19:37:59 runnervmmprz5 zebrad-v6.4.2[2893]: 2026-10-10T19:37:59.433189Z  INFO zebrad::components::sync::gossip: initializing block gossip task
Oct 10 19:37:59 runnervmmprz5 zebrad-v6.4.2[2893]: 2026-10-10T19:37:59.433208Z  INFO zebrad::components::mempool::queue_checker: initializing mempool queue checker task
Oct 10 19:37:59 runnervmmprz5 zebrad-v6.4.2[2893]: 2026-10-10T19:37:59.433213Z  INFO zebrad::components::mempool::gossip: initializing transaction gossip task
Oct 10 19:37:59 runnervmmprz5 zebrad-v6.4.2[2893]: 2026-10-10T19:37:59.433602Z  INFO zebrad::commands::start: spawning progress logging task
Oct 10 19:37:59 runnervmmprz5 zebrad-v6.4.2[2893]: 2026-10-10T19:37:59.433608Z  INFO zebra_state::config: checking for old database versions db_kind="state"
Oct 10 19:37:59 runnervmmprz5 zebrad-v6.4.2[2893]: 2026-10-10T19:37:59.433611Z  INFO zebrad::commands::start: initializing health endpoints
Oct 10 19:37:59 runnervmmprz5 zebrad-v6.4.2[2893]: 2026-10-10T19:37:59.433616Z  INFO zebrad::commands::start: spawning end of support checking task
Oct 10 19:37:59 runnervmmprz5 zebrad-v6.4.2[2893]: 2026-10-10T19:37:59.433625Z  INFO zebrad::commands::start: spawning mempool crawler task
Oct 10 19:37:59 runnervmmprz5 zebrad-v6.4.2[2893]: 2026-10-10T19:37:59.433629Z  INFO zebrad::commands::start: spawning syncer task
Oct 10 19:37:59 runnervmmprz5 zebrad-v6.4.2[2893]: 2026-10-10T19:37:59.433634Z  INFO zebrad::commands::start: spawned initial Zebra tasks
Oct 10 19:37:59 runnervmmprz5 zebrad-v6.4.2[2893]: 2026-10-10T19:37:59.433648Z  INFO zebra_state::config: finished old database version cleanup task
Oct 10 19:37:59 runnervmmprz5 zebrad-v6.4.2[2893]: 2026-10-10T19:37:59.433711Z  INFO zebrad::components::sync::end_of_support: Starting end of support task
Oct 10 19:37:59 runnervmmprz5 zebrad-v6.4.2[2893]: 2026-10-10T19:37:59.433876Z  INFO zebrad::components::mempool::crawler: initializing mempool crawler task
Oct 10 19:37:59 runnervmmprz5 zebrad-v6.4.2[2893]: 2026-10-10T19:37:59.433992Z  WARN zebrad::components::sync::progress: chain tip metrics channel closed err=SendError { .. }
Oct 10 19:37:59 runnervmmprz5 zebrad-v6.4.2[2893]: 2026-10-10T19:37:59.434668Z  INFO sync:try_to_sync: zebrad::components::sync: starting sync, obtaining new tips state_tip=Some(Height(4382897))
Oct 10 19:38:00 runnervmmprz5 zebrad-v6.4.2[2893]: 2026-10-10T19:38:00.945231Z  INFO init{config=Config { checkpoint_sync: true } network=Testnet}: zebra_consensus::router: finished state checkpoint validation
Oct 10 19:38:05 runnervmmprz5 zebrad-v6.4.2[2893]: 2026-10-10T19:38:05.436076Z  INFO sync:try_to_sync: zebrad::components::sync: exhausted prospective tip set
Oct 10 19:38:05 runnervmmprz5 zebrad-v6.4.2[2893]: 2026-10-10T19:38:05.436108Z  INFO sync: zebrad::components::sync: waiting to restart sync timeout=67s state_tip=Some(Height(4382897))
Oct 10 19:38:06 runnervmmprz5 zebrad-v6.4.2[2893]: 2026-10-10T19:38:06.435147Z  INFO zebrad::components::sync::gossip: height=Height(4382897) request=AdvertiseBlock(block::Hash("00005894e6410b9d9524e38d725e6595ef4c8f85d4deb9e56b340751b0c3d678"), None) log_msg="sending committed block broadcast"
Oct 10 19:38:09 runnervmmprz5 zebrad-v6.4.2[2893]: 2026-10-10T19:38:09.434990Z  INFO zebrad::components::sync::end_of_support: Release always valid in Testnet
Oct 10 19:38:09 runnervmmprz5 zebrad-v6.4.2[2893]: 2026-10-10T19:38:09.435037Z  INFO zebrad::components::mempool: activating mempool: Zebra is close to the tip tip_height=Height(4382897)
Oct 10 19:38:59 runnervmmprz5 zebrad-v6.4.2[2893]: 2026-10-10T19:38:59.448613Z  INFO zebrad::components::sync::progress: initial sync is very slow, or estimated tip is wrong. Hint: check your network connection, and your computer clock and time zone sync_percent=99.539% current_height=Height(4382897) network_upgrade=Nu6_3 remaining_sync_blocks=20298 after_checkpoint_height=Height(4360395) time_since_last_state_block=1m
Oct 10 19:39:00 runnervmmprz5 zebrad-v6.4.2[2893]: 2026-10-10T19:39:00.426285Z  INFO crawl_and_dial{new_peer_interval=61s}:crawl: zebra_network::peer_set::candidate_set::crawl: timeout waiting for peer service readiness or peer responses
Oct 10 19:39:12 runnervmmprz5 zebrad-v6.4.2[2893]: 2026-10-10T19:39:12.436994Z  INFO sync:try_to_sync: zebrad::components::sync: starting sync, obtaining new tips state_tip=Some(Height(4382897))
Oct 10 19:39:18 runnervmmprz5 zebrad-v6.4.2[2893]: 2026-10-10T19:39:18.436560Z  INFO zebrad::components::mempool::crawler: mempool crawl timed out: Elapsed(())
Oct 10 19:39:53 runnervmmprz5 zebrad-v6.4.2[2893]: 2026-10-10T19:39:53.294295Z  INFO zebra_state::service::finalized_state::disk_format::upgrade: finished checking/adding indexes for spending tx ids
Oct 10 19:39:58 runnervmmprz5 zebrad-v6.4.2[2893]: 2026-10-10T19:39:58.119369Z  INFO zebra_state::service::finalized_state::disk_format::upgrade: database format is valid running_version=28.0.0+indexer initial_disk_version=28.0.0+indexer
Oct 10 19:39:59 runnervmmprz5 zebrad-v6.4.2[2893]: 2026-10-10T19:39:59.464351Z  INFO zebrad::components::sync::progress: initial sync is very slow, or estimated tip is wrong. Hint: check your network connection, and your computer clock and time zone sync_percent=99.539% current_height=Height(4382897) network_upgrade=Nu6_3 remaining_sync_blocks=20299 after_checkpoint_height=Height(4360395) time_since_last_state_block=2m
Oct 10 19:40:09 runnervmmprz5 zebrad-v6.4.2[2893]: 2026-10-10T19:40:09.427142Z  INFO crawl_and_dial{new_peer_interval=61s}:crawl: zebra_network::peer_set::candidate_set::crawl: timeout waiting for peer service readiness or peer responses
Oct 10 19:40:19 runnervmmprz5 zebrad-v6.4.2[2893]: 2026-10-10T19:40:19.437815Z  INFO sync:try_to_sync: zebrad::components::sync: temporary error obtaining tips: deadline has elapsed
Oct 10 19:40:19 runnervmmprz5 zebrad-v6.4.2[2893]: 2026-10-10T19:40:19.438002Z  INFO sync: zebrad::components::sync: waiting to restart sync timeout=67s state_tip=Some(Height(4382897))
Oct 10 19:40:59 runnervmmprz5 zebrad-v6.4.2[2893]: 2026-10-10T19:40:59.478776Z  INFO zebrad::components::sync::progress: initial sync is very slow, or estimated tip is wrong. Hint: check your network connection, and your computer clock and time zone sync_percent=99.539% current_height=Height(4382897) network_upgrade=Nu6_3 remaining_sync_blocks=20300 after_checkpoint_height=Height(4360395) time_since_last_state_block=3m
Oct 10 19:41:10 runnervmmprz5 zebrad-v6.4.2[2893]: 2026-10-10T19:41:10.426579Z  INFO crawl_and_dial{new_peer_interval=61s}:crawl: zebra_network::peer_set::candidate_set::crawl: timeout waiting for peer service readiness or peer responses
Oct 10 19:41:26 runnervmmprz5 zebrad-v6.4.2[2893]: 2026-10-10T19:41:26.439359Z  INFO sync:try_to_sync: zebrad::components::sync: starting sync, obtaining new tips state_tip=Some(Height(4382897))
Oct 10 19:41:44 runnervmmprz5 zebrad-v6.4.2[2893]: 2026-10-10T19:41:44.438563Z  INFO zebrad::components::mempool::crawler: mempool crawl timed out: Elapsed(())
Oct 10 19:41:59 runnervmmprz5 zebrad-v6.4.2[2893]: 2026-10-10T19:41:59.493268Z  INFO zebrad::components::sync::progress: initial sync is very slow, or estimated tip is wrong. Hint: check your network connection, and your computer clock and time zone sync_percent=99.539% current_height=Height(4382897) network_upgrade=Nu6_3 remaining_sync_blocks=20301 after_checkpoint_height=Height(4360395) time_since_last_state_block=4m
Oct 10 19:42:11 runnervmmprz5 zebrad-v6.4.2[2893]: 2026-10-10T19:42:11.426937Z  INFO crawl_and_dial{new_peer_interval=61s}:crawl: zebra_network::peer_set::candidate_set::crawl: timeout waiting for peer service readiness or peer responses
Oct 10 19:42:33 runnervmmprz5 zebrad-v6.4.2[2893]: 2026-10-10T19:42:33.441143Z  INFO sync:try_to_sync: zebrad::components::sync: temporary error obtaining tips: deadline has elapsed
Oct 10 19:42:33 runnervmmprz5 zebrad-v6.4.2[2893]: 2026-10-10T19:42:33.441199Z  INFO sync: zebrad::components::sync: waiting to restart sync timeout=67s state_tip=Some(Height(4382897))
Oct 10 19:42:59 runnervmmprz5 zebrad-v6.4.2[2893]: 2026-10-10T19:42:59.508276Z  INFO zebrad::components::sync::progress: initial sync is very slow, or estimated tip is wrong. Hint: check your network connection, and your computer clock and time zone sync_percent=99.539% current_height=Height(4382897) network_upgrade=Nu6_3 remaining_sync_blocks=20301 after_checkpoint_height=Height(4360395) time_since_last_state_block=5m
Oct 10 19:43:12 runnervmmprz5 zebrad-v6.4.2[2893]: 2026-10-10T19:43:12.427083Z  INFO crawl_and_dial{new_peer_interval=61s}:crawl: zebra_network::peer_set::candidate_set::crawl: timeout waiting for peer service readiness or peer responses
Oct 10 19:43:40 runnervmmprz5 zebrad-v6.4.2[2893]: 2026-10-10T19:43:40.442015Z  INFO sync:try_to_sync: zebrad::components::sync: starting sync, obtaining new tips state_tip=Some(Height(4382897))
Oct 10 19:43:59 runnervmmprz5 zebrad-v6.4.2[2893]: 2026-10-10T19:43:59.521756Z  INFO zebrad::components::sync::progress: initial sync is very slow, or estimated tip is wrong. Hint: check your network connection, and your computer clock and time zone sync_percent=99.539% current_height=Height(4382897) network_upgrade=Nu6_3 remaining_sync_blocks=20302 after_checkpoint_height=Height(4360395) time_since_last_state_block=6m
Oct 10 19:44:10 runnervmmprz5 zebrad-v6.4.2[2893]: 2026-10-10T19:44:10.441834Z  INFO zebrad::components::mempool::crawler: mempool crawl timed out: Elapsed(())
Oct 10 19:44:13 runnervmmprz5 zebrad-v6.4.2[2893]: 2026-10-10T19:44:13.426738Z  INFO crawl_and_dial{new_peer_interval=61s}:crawl: zebra_network::peer_set::candidate_set::crawl: timeout waiting for peer service readiness or peer responses
Oct 10 19:44:47 runnervmmprz5 zebrad-v6.4.2[2893]: 2026-10-10T19:44:47.442539Z  INFO sync:try_to_sync: zebrad::components::sync: temporary error obtaining tips: deadline has elapsed
Oct 10 19:44:47 runnervmmprz5 zebrad-v6.4.2[2893]: 2026-10-10T19:44:47.442585Z  INFO sync: zebrad::components::sync: waiting to restart sync timeout=67s state_tip=Some(Height(4382897))
Oct 10 19:44:59 runnervmmprz5 zebrad-v6.4.2[2893]: 2026-10-10T19:44:59.536125Z  INFO zebrad::components::sync::progress: initial sync is very slow, or estimated tip is wrong. Hint: check your network connection, and your computer clock and time zone sync_percent=99.539% current_height=Height(4382897) network_upgrade=Nu6_3 remaining_sync_blocks=20303 after_checkpoint_height=Height(4360395) time_since_last_state_block=7m
Oct 10 19:45:14 runnervmmprz5 zebrad-v6.4.2[2893]: 2026-10-10T19:45:14.426690Z  INFO crawl_and_dial{new_peer_interval=61s}:crawl: zebra_network::peer_set::candidate_set::crawl: timeout waiting for peer service readiness or peer responses
Oct 10 19:45:54 runnervmmprz5 zebrad-v6.4.2[2893]: 2026-10-10T19:45:54.444054Z  INFO sync:try_to_sync: zebrad::components::sync: starting sync, obtaining new tips state_tip=Some(Height(4382897))
Oct 10 19:45:59 runnervmmprz5 zebrad-v6.4.2[2893]: 2026-10-10T19:45:59.548901Z  INFO zebrad::components::sync::progress: initial sync is very slow, or estimated tip is wrong. Hint: check your network connection, and your computer clock and time zone sync_percent=99.539% current_height=Height(4382897) network_upgrade=Nu6_3 remaining_sync_blocks=20304 after_checkpoint_height=Height(4360395) time_since_last_state_block=8m
Oct 10 19:46:15 runnervmmprz5 zebrad-v6.4.2[2893]: 2026-10-10T19:46:15.426566Z  INFO crawl_and_dial{new_peer_interval=61s}:crawl: zebra_network::peer_set::candidate_set::crawl: timeout waiting for peer service readiness or peer responses
Oct 10 19:46:36 runnervmmprz5 zebrad-v6.4.2[2893]: 2026-10-10T19:46:36.443563Z  INFO zebrad::components::mempool::crawler: mempool crawl timed out: Elapsed(())
Oct 10 19:46:59 runnervmmprz5 zebrad-v6.4.2[2893]: 2026-10-10T19:46:59.562248Z  INFO zebrad::components::sync::progress: initial sync is very slow, or estimated tip is wrong. Hint: check your network connection, and your computer clock and time zone sync_percent=99.539% current_height=Height(4382897) network_upgrade=Nu6_3 remaining_sync_blocks=20305 after_checkpoint_height=Height(4360395) time_since_last_state_block=9m
Oct 10 19:47:01 runnervmmprz5 zebrad-v6.4.2[2893]: 2026-10-10T19:47:01.444548Z  INFO sync:try_to_sync: zebrad::components::sync: temporary error obtaining tips: deadline has elapsed
Oct 10 19:47:01 runnervmmprz5 zebrad-v6.4.2[2893]: 2026-10-10T19:47:01.444610Z  INFO sync: zebrad::components::sync: waiting to restart sync timeout=67s state_tip=Some(Height(4382897))
Oct 10 19:47:16 runnervmmprz5 zebrad-v6.4.2[2893]: 2026-10-10T19:47:16.426917Z  INFO crawl_and_dial{new_peer_interval=61s}:crawl: zebra_network::peer_set::candidate_set::crawl: timeout waiting for peer service readiness or peer responses
Oct 10 19:47:59 runnervmmprz5 zebrad-v6.4.2[2893]: 2026-10-10T19:47:59.576343Z  INFO zebrad::components::sync::progress: initial sync is very slow, or estimated tip is wrong. Hint: check your network connection, and your computer clock and time zone sync_percent=99.539% current_height=Height(4382897) network_upgrade=Nu6_3 remaining_sync_blocks=20305 after_checkpoint_height=Height(4360395) time_since_last_state_block=10m
Oct 10 19:48:08 runnervmmprz5 zebrad-v6.4.2[2893]: 2026-10-10T19:48:08.446035Z  INFO sync:try_to_sync: zebrad::components::sync: starting sync, obtaining new tips state_tip=Some(Height(4382897))
Oct 10 19:48:17 runnervmmprz5 zebrad-v6.4.2[2893]: 2026-10-10T19:48:17.427348Z  INFO crawl_and_dial{new_peer_interval=61s}:crawl: zebra_network::peer_set::candidate_set::crawl: timeout waiting for peer service readiness or peer responses
Oct 10 19:48:59 runnervmmprz5 zebrad-v6.4.2[2893]: 2026-10-10T19:48:59.591590Z  INFO zebrad::components::sync::progress: initial sync is very slow, or estimated tip is wrong. Hint: check your network connection, and your computer clock and time zone sync_percent=99.539% current_height=Height(4382897) network_upgrade=Nu6_3 remaining_sync_blocks=20306 after_checkpoint_height=Height(4360395) time_since_last_state_block=11m
Oct 10 19:49:02 runnervmmprz5 zebrad-v6.4.2[2893]: 2026-10-10T19:49:02.445997Z  INFO zebrad::components::mempool::crawler: mempool crawl timed out: Elapsed(())
Oct 10 19:49:15 runnervmmprz5 zebrad-v6.4.2[2893]: 2026-10-10T19:49:15.447348Z  INFO sync:try_to_sync: zebrad::components::sync: temporary error obtaining tips: deadline has elapsed
Oct 10 19:49:15 runnervmmprz5 zebrad-v6.4.2[2893]: 2026-10-10T19:49:15.447394Z  INFO sync: zebrad::components::sync: waiting to restart sync timeout=67s state_tip=Some(Height(4382897))
Oct 10 19:49:18 runnervmmprz5 zebrad-v6.4.2[2893]: 2026-10-10T19:49:18.426945Z  INFO crawl_and_dial{new_peer_interval=61s}:crawl: zebra_network::peer_set::candidate_set::crawl: timeout waiting for peer service readiness or peer responses
Oct 10 19:49:59 runnervmmprz5 zebrad-v6.4.2[2893]: 2026-10-10T19:49:59.604834Z  INFO zebrad::components::sync::progress: initial sync is very slow, or estimated tip is wrong. Hint: check your network connection, and your computer clock and time zone sync_percent=99.539% current_height=Height(4382897) network_upgrade=Nu6_3 remaining_sync_blocks=20307 after_checkpoint_height=Height(4360395) time_since_last_state_block=12m
Oct 10 19:50:19 runnervmmprz5 zebrad-v6.4.2[2893]: 2026-10-10T19:50:19.427391Z  INFO crawl_and_dial{new_peer_interval=61s}:crawl: zebra_network::peer_set::candidate_set::crawl: timeout waiting for peer service readiness or peer responses
Oct 10 19:50:22 runnervmmprz5 zebrad-v6.4.2[2893]: 2026-10-10T19:50:22.449136Z  INFO sync:try_to_sync: zebrad::components::sync: starting sync, obtaining new tips state_tip=Some(Height(4382897))
Oct 10 19:50:59 runnervmmprz5 zebrad-v6.4.2[2893]: 2026-10-10T19:50:59.624421Z  INFO zebrad::components::sync::progress: initial sync is very slow, or estimated tip is wrong. Hint: check your network connection, and your computer clock and time zone sync_percent=99.539% current_height=Height(4382897) network_upgrade=Nu6_3 remaining_sync_blocks=20308 after_checkpoint_height=Height(4360395) time_since_last_state_block=13m
Oct 10 19:51:20 runnervmmprz5 zebrad-v6.4.2[2893]: 2026-10-10T19:51:20.427022Z  INFO crawl_and_dial{new_peer_interval=61s}:crawl: zebra_network::peer_set::candidate_set::crawl: timeout waiting for peer service readiness or peer responses
Oct 10 19:51:28 runnervmmprz5 zebrad-v6.4.2[2893]: 2026-10-10T19:51:28.447974Z  INFO zebrad::components::mempool::crawler: mempool crawl timed out: Elapsed(())
Oct 10 19:51:29 runnervmmprz5 zebrad-v6.4.2[2893]: 2026-10-10T19:51:29.449690Z  INFO sync:try_to_sync: zebrad::components::sync: temporary error obtaining tips: deadline has elapsed
Oct 10 19:51:29 runnervmmprz5 zebrad-v6.4.2[2893]: 2026-10-10T19:51:29.449745Z  INFO sync: zebrad::components::sync: waiting to restart sync timeout=67s state_tip=Some(Height(4382897))
Oct 10 19:51:59 runnervmmprz5 zebrad-v6.4.2[2893]: 2026-10-10T19:51:59.637664Z  INFO zebrad::components::sync::progress: initial sync is very slow, or estimated tip is wrong. Hint: check your network connection, and your computer clock and time zone sync_percent=99.539% current_height=Height(4382897) network_upgrade=Nu6_3 remaining_sync_blocks=20309 after_checkpoint_height=Height(4360395) time_since_last_state_block=14m
Oct 10 19:52:21 runnervmmprz5 zebrad-v6.4.2[2893]: 2026-10-10T19:52:21.426688Z  INFO crawl_and_dial{new_peer_interval=61s}:crawl: zebra_network::peer_set::candidate_set::crawl: timeout waiting for peer service readiness or peer responses
Oct 10 19:52:36 runnervmmprz5 zebrad-v6.4.2[2893]: 2026-10-10T19:52:36.451074Z  INFO sync:try_to_sync: zebrad::components::sync: starting sync, obtaining new tips state_tip=Some(Height(4382897))
Oct 10 19:52:59 runnervmmprz5 zebrad-v6.4.2[2893]: 2026-10-10T19:52:59.651918Z  WARN zebrad::components::sync::progress: chain updates have stalled, state height has not increased for 15 minutes. Hint: check your network connection, and your computer clock and time zone sync_percent=99.539% current_height=Height(4382897) network_upgrade=Nu6_3 time_since_last_state_block=15m target_block_spacing=1m 15s max_block_spacing=7m 30s is_syncer_stopped=true
Oct 10 19:53:22 runnervmmprz5 zebrad-v6.4.2[2893]: 2026-10-10T19:53:22.427211Z  INFO crawl_and_dial{new_peer_interval=61s}:crawl: zebra_network::peer_set::candidate_set::crawl: timeout waiting for peer service readiness or peer responses
Oct 10 19:53:43 runnervmmprz5 zebrad-v6.4.2[2893]: 2026-10-10T19:53:43.452378Z  INFO sync:try_to_sync: zebrad::components::sync: temporary error obtaining tips: deadline has elapsed
Oct 10 19:53:43 runnervmmprz5 zebrad-v6.4.2[2893]: 2026-10-10T19:53:43.452425Z  INFO sync: zebrad::components::sync: waiting to restart sync timeout=67s state_tip=Some(Height(4382897))
Oct 10 19:53:54 runnervmmprz5 zebrad-v6.4.2[2893]: 2026-10-10T19:53:54.449914Z  INFO zebrad::components::mempool::crawler: mempool crawl timed out: Elapsed(())
Oct 10 19:53:59 runnervmmprz5 zebrad-v6.4.2[2893]: 2026-10-10T19:53:59.663890Z  WARN zebrad::components::sync::progress: chain updates have stalled, state height has not increased for 16 minutes. Hint: check your network connection, and your computer clock and time zone sync_percent=99.539% current_height=Height(4382897) network_upgrade=Nu6_3 time_since_last_state_block=16m target_block_spacing=1m 15s max_block_spacing=7m 30s is_syncer_stopped=true
Oct 10 19:54:23 runnervmmprz5 zebrad-v6.4.2[2893]: 2026-10-10T19:54:23.427818Z  INFO crawl_and_dial{new_peer_interval=61s}:crawl: zebra_network::peer_set::candidate_set::crawl: timeout waiting for peer service readiness or peer responses
Oct 10 19:54:50 runnervmmprz5 zebrad-v6.4.2[2893]: 2026-10-10T19:54:50.454044Z  INFO sync:try_to_sync: zebrad::components::sync: starting sync, obtaining new tips state_tip=Some(Height(4382897))
Oct 10 19:54:59 runnervmmprz5 zebrad-v6.4.2[2893]: 2026-10-10T19:54:59.676561Z  WARN zebrad::components::sync::progress: chain updates have stalled, state height has not increased for 17 minutes. Hint: check your network connection, and your computer clock and time zone sync_percent=99.539% current_height=Height(4382897) network_upgrade=Nu6_3 time_since_last_state_block=17m target_block_spacing=1m 15s max_block_spacing=7m 30s is_syncer_stopped=true
Oct 10 19:55:24 runnervmmprz5 zebrad-v6.4.2[2893]: 2026-10-10T19:55:24.426965Z  INFO crawl_and_dial{new_peer_interval=61s}:crawl: zebra_network::peer_set::candidate_set::crawl: timeout waiting for peer service readiness or peer responses
Oct 10 19:55:57 runnervmmprz5 zebrad-v6.4.2[2893]: 2026-10-10T19:55:57.454522Z  INFO sync:try_to_sync: zebrad::components::sync: temporary error obtaining tips: deadline has elapsed
Oct 10 19:55:57 runnervmmprz5 zebrad-v6.4.2[2893]: 2026-10-10T19:55:57.454583Z  INFO sync: zebrad::components::sync: waiting to restart sync timeout=67s state_tip=Some(Height(4382897))
Oct 10 19:55:59 runnervmmprz5 zebrad-v6.4.2[2893]: 2026-10-10T19:55:59.692716Z  WARN zebrad::components::sync::progress: chain updates have stalled, state height has not increased for 18 minutes. Hint: check your network connection, and your computer clock and time zone sync_percent=99.539% current_height=Height(4382897) network_upgrade=Nu6_3 time_since_last_state_block=18m target_block_spacing=1m 15s max_block_spacing=7m 30s is_syncer_stopped=true
Oct 10 19:56:20 runnervmmprz5 zebrad-v6.4.2[2893]: 2026-10-10T19:56:20.451826Z  INFO zebrad::components::mempool::crawler: mempool crawl timed out: Elapsed(())
Oct 10 19:56:25 runnervmmprz5 zebrad-v6.4.2[2893]: 2026-10-10T19:56:25.427465Z  INFO crawl_and_dial{new_peer_interval=61s}:crawl: zebra_network::peer_set::candidate_set::crawl: timeout waiting for peer service readiness or peer responses
Oct 10 19:56:59 runnervmmprz5 zebrad-v6.4.2[2893]: 2026-10-10T19:56:59.705903Z  WARN zebrad::components::sync::progress: chain updates have stalled, state height has not increased for 19 minutes. Hint: check your network connection, and your computer clock and time zone sync_percent=99.539% current_height=Height(4382897) network_upgrade=Nu6_3 time_since_last_state_block=19m target_block_spacing=1m 15s max_block_spacing=7m 30s is_syncer_stopped=true
Oct 10 19:57:04 runnervmmprz5 zebrad-v6.4.2[2893]: 2026-10-10T19:57:04.455720Z  INFO sync:try_to_sync: zebrad::components::sync: starting sync, obtaining new tips state_tip=Some(Height(4382897))
Oct 10 19:57:26 runnervmmprz5 zebrad-v6.4.2[2893]: 2026-10-10T19:57:26.426593Z  INFO crawl_and_dial{new_peer_interval=61s}:crawl: zebra_network::peer_set::candidate_set::crawl: timeout waiting for peer service readiness or peer responses
Oct 10 19:57:59 runnervmmprz5 zebrad-v6.4.2[2893]: 2026-10-10T19:57:59.718824Z  WARN zebrad::components::sync::progress: chain updates have stalled, state height has not increased for 20 minutes. Hint: check your network connection, and your computer clock and time zone sync_percent=99.539% current_height=Height(4382897) network_upgrade=Nu6_3 time_since_last_state_block=20m target_block_spacing=1m 15s max_block_spacing=7m 30s is_syncer_stopped=true
Oct 10 19:58:11 runnervmmprz5 zebrad-v6.4.2[2893]: 2026-10-10T19:58:11.456700Z  INFO sync:try_to_sync: zebrad::components::sync: temporary error obtaining tips: deadline has elapsed
Oct 10 19:58:11 runnervmmprz5 zebrad-v6.4.2[2893]: 2026-10-10T19:58:11.456755Z  INFO sync: zebrad::components::sync: waiting to restart sync timeout=67s state_tip=Some(Height(4382897))
Oct 10 19:58:27 runnervmmprz5 zebrad-v6.4.2[2893]: 2026-10-10T19:58:27.427307Z  INFO crawl_and_dial{new_peer_interval=61s}:crawl: zebra_network::peer_set::candidate_set::crawl: timeout waiting for peer service readiness or peer responses
Oct 10 19:58:46 runnervmmprz5 zebrad-v6.4.2[2893]: 2026-10-10T19:58:46.453541Z  INFO zebrad::components::mempool::crawler: mempool crawl timed out: Elapsed(())
Oct 10 19:58:59 runnervmmprz5 zebrad-v6.4.2[2893]: 2026-10-10T19:58:59.730706Z  WARN zebrad::components::sync::progress: chain updates have stalled, state height has not increased for 21 minutes. Hint: check your network connection, and your computer clock and time zone sync_percent=99.539% current_height=Height(4382897) network_upgrade=Nu6_3 time_since_last_state_block=21m target_block_spacing=1m 15s max_block_spacing=7m 30s is_syncer_stopped=true
Oct 10 19:59:18 runnervmmprz5 zebrad-v6.4.2[2893]: 2026-10-10T19:59:18.457888Z  INFO sync:try_to_sync: zebrad::components::sync: starting sync, obtaining new tips state_tip=Some(Height(4382897))
Oct 10 19:59:28 runnervmmprz5 zebrad-v6.4.2[2893]: 2026-10-10T19:59:28.426550Z  INFO crawl_and_dial{new_peer_interval=61s}:crawl: zebra_network::peer_set::candidate_set::crawl: timeout waiting for peer service readiness or peer responses
Oct 10 19:59:59 runnervmmprz5 zebrad-v6.4.2[2893]: 2026-10-10T19:59:59.744910Z  WARN zebrad::components::sync::progress: chain updates have stalled, state height has not increased for 22 minutes. Hint: check your network connection, and your computer clock and time zone sync_percent=99.539% current_height=Height(4382897) network_upgrade=Nu6_3 time_since_last_state_block=22m target_block_spacing=1m 15s max_block_spacing=7m 30s is_syncer_stopped=true
Oct 10 20:00:25 runnervmmprz5 zebrad-v6.4.2[2893]: 2026-10-10T20:00:25.459400Z  INFO sync:try_to_sync: zebrad::components::sync: temporary error obtaining tips: deadline has elapsed
Oct 10 20:00:25 runnervmmprz5 zebrad-v6.4.2[2893]: 2026-10-10T20:00:25.459446Z  INFO sync: zebrad::components::sync: waiting to restart sync timeout=67s state_tip=Some(Height(4382897))
Oct 10 20:00:29 runnervmmprz5 zebrad-v6.4.2[2893]: 2026-10-10T20:00:29.427246Z  INFO crawl_and_dial{new_peer_interval=61s}:crawl: zebra_network::peer_set::candidate_set::crawl: timeout waiting for peer service readiness or peer responses
Oct 10 20:00:59 runnervmmprz5 zebrad-v6.4.2[2893]: 2026-10-10T20:00:59.757063Z  WARN zebrad::components::sync::progress: chain updates have stalled, state height has not increased for 23 minutes. Hint: check your network connection, and your computer clock and time zone sync_percent=99.539% current_height=Height(4382897) network_upgrade=Nu6_3 time_since_last_state_block=23m target_block_spacing=1m 15s max_block_spacing=7m 30s is_syncer_stopped=true
Oct 10 20:01:12 runnervmmprz5 zebrad-v6.4.2[2893]: 2026-10-10T20:01:12.456464Z  INFO zebrad::components::mempool::crawler: mempool crawl timed out: Elapsed(())
Oct 10 20:01:30 runnervmmprz5 zebrad-v6.4.2[2893]: 2026-10-10T20:01:30.427710Z  INFO crawl_and_dial{new_peer_interval=61s}:crawl: zebra_network::peer_set::candidate_set::crawl: timeout waiting for peer service readiness or peer responses
Oct 10 20:01:32 runnervmmprz5 zebrad-v6.4.2[2893]: 2026-10-10T20:01:32.461435Z  INFO sync:try_to_sync: zebrad::components::sync: starting sync, obtaining new tips state_tip=Some(Height(4382897))
Oct 10 20:01:59 runnervmmprz5 zebrad-v6.4.2[2893]: 2026-10-10T20:01:59.772719Z  WARN zebrad::components::sync::progress: chain updates have stalled, state height has not increased for 24 minutes. Hint: check your network connection, and your computer clock and time zone sync_percent=99.539% current_height=Height(4382897) network_upgrade=Nu6_3 time_since_last_state_block=24m target_block_spacing=1m 15s max_block_spacing=7m 30s is_syncer_stopped=true
Oct 10 20:02:31 runnervmmprz5 zebrad-v6.4.2[2893]: 2026-10-10T20:02:31.427035Z  INFO crawl_and_dial{new_peer_interval=61s}:crawl: zebra_network::peer_set::candidate_set::crawl: timeout waiting for peer service readiness or peer responses
Oct 10 20:02:39 runnervmmprz5 zebrad-v6.4.2[2893]: 2026-10-10T20:02:39.463273Z  INFO sync:try_to_sync: zebrad::components::sync: temporary error obtaining tips: deadline has elapsed
Oct 10 20:02:39 runnervmmprz5 zebrad-v6.4.2[2893]: 2026-10-10T20:02:39.463335Z  INFO sync: zebrad::components::sync: waiting to restart sync timeout=67s state_tip=Some(Height(4382897))
Oct 10 20:02:59 runnervmmprz5 zebrad-v6.4.2[2893]: 2026-10-10T20:02:59.786514Z  WARN zebrad::components::sync::progress: chain updates have stalled, state height has not increased for 25 minutes. Hint: check your network connection, and your computer clock and time zone sync_percent=99.539% current_height=Height(4382897) network_upgrade=Nu6_3 time_since_last_state_block=25m target_block_spacing=1m 15s max_block_spacing=7m 30s is_syncer_stopped=true
Oct 10 20:03:32 runnervmmprz5 zebrad-v6.4.2[2893]: 2026-10-10T20:03:32.426637Z  INFO crawl_and_dial{new_peer_interval=61s}:crawl: zebra_network::peer_set::candidate_set::crawl: timeout waiting for peer service readiness or peer responses
Oct 10 20:03:38 runnervmmprz5 zebrad-v6.4.2[2893]: 2026-10-10T20:03:38.458840Z  INFO zebrad::components::mempool::crawler: mempool crawl timed out: Elapsed(())
Oct 10 20:03:46 runnervmmprz5 zebrad-v6.4.2[2893]: 2026-10-10T20:03:46.464484Z  INFO sync:try_to_sync: zebrad::components::sync: starting sync, obtaining new tips state_tip=Some(Height(4382897))
Oct 10 20:03:59 runnervmmprz5 zebrad-v6.4.2[2893]: 2026-10-10T20:03:59.799696Z  WARN zebrad::components::sync::progress: chain updates have stalled, state height has not increased for 26 minutes. Hint: check your network connection, and your computer clock and time zone sync_percent=99.539% current_height=Height(4382897) network_upgrade=Nu6_3 time_since_last_state_block=26m target_block_spacing=1m 15s max_block_spacing=7m 30s is_syncer_stopped=true
Oct 10 20:04:33 runnervmmprz5 zebrad-v6.4.2[2893]: 2026-10-10T20:04:33.427177Z  INFO crawl_and_dial{new_peer_interval=61s}:crawl: zebra_network::peer_set::candidate_set::crawl: timeout waiting for peer service readiness or peer responses
Oct 10 20:04:53 runnervmmprz5 zebrad-v6.4.2[2893]: 2026-10-10T20:04:53.466168Z  INFO sync:try_to_sync: zebrad::components::sync: temporary error obtaining tips: deadline has elapsed
Oct 10 20:04:53 runnervmmprz5 zebrad-v6.4.2[2893]: 2026-10-10T20:04:53.466240Z  INFO sync: zebrad::components::sync: waiting to restart sync timeout=67s state_tip=Some(Height(4382897))
Oct 10 20:04:59 runnervmmprz5 zebrad-v6.4.2[2893]: 2026-10-10T20:04:59.816086Z  WARN zebrad::components::sync::progress: chain updates have stalled, state height has not increased for 27 minutes. Hint: check your network connection, and your computer clock and time zone sync_percent=99.539% current_height=Height(4382897) network_upgrade=Nu6_3 time_since_last_state_block=27m target_block_spacing=1m 15s max_block_spacing=7m 30s is_syncer_stopped=true
Oct 10 20:05:34 runnervmmprz5 zebrad-v6.4.2[2893]: 2026-10-10T20:05:34.427156Z  INFO crawl_and_dial{new_peer_interval=61s}:crawl: zebra_network::peer_set::candidate_set::crawl: timeout waiting for peer service readiness or peer responses
Oct 10 20:05:59 runnervmmprz5 zebrad-v6.4.2[2893]: 2026-10-10T20:05:59.827470Z  WARN zebrad::components::sync::progress: chain updates have stalled, state height has not increased for 28 minutes. Hint: check your network connection, and your computer clock and time zone sync_percent=99.539% current_height=Height(4382897) network_upgrade=Nu6_3 time_since_last_state_block=28m target_block_spacing=1m 15s max_block_spacing=7m 30s is_syncer_stopped=true
Oct 10 20:06:00 runnervmmprz5 zebrad-v6.4.2[2893]: 2026-10-10T20:06:00.467648Z  INFO sync:try_to_sync: zebrad::components::sync: starting sync, obtaining new tips state_tip=Some(Height(4382897))
Oct 10 20:06:04 runnervmmprz5 zebrad-v6.4.2[2893]: 2026-10-10T20:06:04.461018Z  INFO zebrad::components::mempool::crawler: mempool crawl timed out: Elapsed(())
Oct 10 20:06:35 runnervmmprz5 zebrad-v6.4.2[2893]: 2026-10-10T20:06:35.426753Z  INFO crawl_and_dial{new_peer_interval=61s}:crawl: zebra_network::peer_set::candidate_set::crawl: timeout waiting for peer service readiness or peer responses
Oct 10 20:06:59 runnervmmprz5 zebrad-v6.4.2[2893]: 2026-10-10T20:06:59.842013Z  WARN zebrad::components::sync::progress: chain updates have stalled, state height has not increased for 29 minutes. Hint: check your network connection, and your computer clock and time zone sync_percent=99.538% current_height=Height(4382897) network_upgrade=Nu6_3 time_since_last_state_block=29m target_block_spacing=1m 15s max_block_spacing=7m 30s is_syncer_stopped=true
Oct 10 20:07:07 runnervmmprz5 zebrad-v6.4.2[2893]: 2026-10-10T20:07:07.468514Z  INFO sync:try_to_sync: zebrad::components::sync: temporary error obtaining tips: deadline has elapsed
Oct 10 20:07:07 runnervmmprz5 zebrad-v6.4.2[2893]: 2026-10-10T20:07:07.468582Z  INFO sync: zebrad::components::sync: waiting to restart sync timeout=67s state_tip=Some(Height(4382897))
Oct 10 20:07:36 runnervmmprz5 zebrad-v6.4.2[2893]: 2026-10-10T20:07:36.428078Z  INFO crawl_and_dial{new_peer_interval=61s}:crawl: zebra_network::peer_set::candidate_set::crawl: timeout waiting for peer service readiness or peer responses
Oct 10 20:07:59 runnervmmprz5 zebrad-v6.4.2[2893]: 2026-10-10T20:07:59.854389Z  WARN zebrad::components::sync::progress: chain updates have stalled, state height has not increased for 30 minutes. Hint: check your network connection, and your computer clock and time zone sync_percent=99.538% current_height=Height(4382897) network_upgrade=Nu6_3 time_since_last_state_block=30m target_block_spacing=1m 15s max_block_spacing=7m 30s is_syncer_stopped=true
Oct 10 20:08:14 runnervmmprz5 zebrad-v6.4.2[2893]: 2026-10-10T20:08:14.469829Z  INFO sync:try_to_sync: zebrad::components::sync: starting sync, obtaining new tips state_tip=Some(Height(4382897))
Oct 10 20:08:30 runnervmmprz5 zebrad-v6.4.2[2893]: 2026-10-10T20:08:30.462421Z  INFO zebrad::components::mempool::crawler: mempool crawl timed out: Elapsed(())
Oct 10 20:08:37 runnervmmprz5 zebrad-v6.4.2[2893]: 2026-10-10T20:08:37.427849Z  INFO crawl_and_dial{new_peer_interval=61s}:crawl: zebra_network::peer_set::candidate_set::crawl: timeout waiting for peer service readiness or peer responses
Oct 10 20:08:59 runnervmmprz5 zebrad-v6.4.2[2893]: 2026-10-10T20:08:59.868492Z  WARN zebrad::components::sync::progress: chain updates have stalled, state height has not increased for 31 minutes. Hint: check your network connection, and your computer clock and time zone sync_percent=99.538% current_height=Height(4382897) network_upgrade=Nu6_3 time_since_last_state_block=31m target_block_spacing=1m 15s max_block_spacing=7m 30s is_syncer_stopped=true
Oct 10 20:09:21 runnervmmprz5 zebrad-v6.4.2[2893]: 2026-10-10T20:09:21.471256Z  INFO sync:try_to_sync: zebrad::components::sync: temporary error obtaining tips: deadline has elapsed
Oct 10 20:09:21 runnervmmprz5 zebrad-v6.4.2[2893]: 2026-10-10T20:09:21.471315Z  INFO sync: zebrad::components::sync: waiting to restart sync timeout=67s state_tip=Some(Height(4382897))
Oct 10 20:09:38 runnervmmprz5 zebrad-v6.4.2[2893]: 2026-10-10T20:09:38.426653Z  INFO crawl_and_dial{new_peer_interval=61s}:crawl: zebra_network::peer_set::candidate_set::crawl: timeout waiting for peer service readiness or peer responses
Oct 10 20:09:59 runnervmmprz5 zebrad-v6.4.2[2893]: 2026-10-10T20:09:59.881950Z  WARN zebrad::components::sync::progress: chain updates have stalled, state height has not increased for 32 minutes. Hint: check your network connection, and your computer clock and time zone sync_percent=99.538% current_height=Height(4382897) network_upgrade=Nu6_3 time_since_last_state_block=32m target_block_spacing=1m 15s max_block_spacing=7m 30s is_syncer_stopped=true
Oct 10 20:10:28 runnervmmprz5 zebrad-v6.4.2[2893]: 2026-10-10T20:10:28.472687Z  INFO sync:try_to_sync: zebrad::components::sync: starting sync, obtaining new tips state_tip=Some(Height(4382897))
Oct 10 20:10:39 runnervmmprz5 zebrad-v6.4.2[2893]: 2026-10-10T20:10:39.426879Z  INFO crawl_and_dial{new_peer_interval=61s}:crawl: zebra_network::peer_set::candidate_set::crawl: timeout waiting for peer service readiness or peer responses
Oct 10 20:10:56 runnervmmprz5 zebrad-v6.4.2[2893]: 2026-10-10T20:10:56.464816Z  INFO zebrad::components::mempool::crawler: mempool crawl timed out: Elapsed(())
Oct 10 20:10:59 runnervmmprz5 zebrad-v6.4.2[2893]: 2026-10-10T20:10:59.898181Z  WARN zebrad::components::sync::progress: chain updates have stalled, state height has not increased for 33 minutes. Hint: check your network connection, and your computer clock and time zone sync_percent=99.538% current_height=Height(4382897) network_upgrade=Nu6_3 time_since_last_state_block=33m target_block_spacing=1m 15s max_block_spacing=7m 30s is_syncer_stopped=true
Oct 10 20:11:35 runnervmmprz5 zebrad-v6.4.2[2893]: 2026-10-10T20:11:35.474436Z  INFO sync:try_to_sync: zebrad::components::sync: temporary error obtaining tips: deadline has elapsed
Oct 10 20:11:35 runnervmmprz5 zebrad-v6.4.2[2893]: 2026-10-10T20:11:35.474506Z  INFO sync: zebrad::components::sync: waiting to restart sync timeout=67s state_tip=Some(Height(4382897))
Oct 10 20:11:40 runnervmmprz5 zebrad-v6.4.2[2893]: 2026-10-10T20:11:40.426672Z  INFO crawl_and_dial{new_peer_interval=61s}:crawl: zebra_network::peer_set::candidate_set::crawl: timeout waiting for peer service readiness or peer responses
Oct 10 20:11:59 runnervmmprz5 zebrad-v6.4.2[2893]: 2026-10-10T20:11:59.911900Z  WARN zebrad::components::sync::progress: chain updates have stalled, state height has not increased for 34 minutes. Hint: check your network connection, and your computer clock and time zone sync_percent=99.538% current_height=Height(4382897) network_upgrade=Nu6_3 time_since_last_state_block=34m target_block_spacing=1m 15s max_block_spacing=7m 30s is_syncer_stopped=true
Oct 10 20:12:41 runnervmmprz5 zebrad-v6.4.2[2893]: 2026-10-10T20:12:41.427011Z  INFO crawl_and_dial{new_peer_interval=61s}:crawl: zebra_network::peer_set::candidate_set::crawl: timeout waiting for peer service readiness or peer responses
Oct 10 20:12:42 runnervmmprz5 zebrad-v6.4.2[2893]: 2026-10-10T20:12:42.475698Z  INFO sync:try_to_sync: zebrad::components::sync: starting sync, obtaining new tips state_tip=Some(Height(4382897))
Oct 10 20:12:59 runnervmmprz5 zebrad-v6.4.2[2893]: 2026-10-10T20:12:59.926465Z  WARN zebrad::components::sync::progress: chain updates have stalled, state height has not increased for 35 minutes. Hint: check your network connection, and your computer clock and time zone sync_percent=99.538% current_height=Height(4382897) network_upgrade=Nu6_3 time_since_last_state_block=35m target_block_spacing=1m 15s max_block_spacing=7m 30s is_syncer_stopped=true
Oct 10 20:13:22 runnervmmprz5 zebrad-v6.4.2[2893]: 2026-10-10T20:13:22.466737Z  INFO zebrad::components::mempool::crawler: mempool crawl timed out: Elapsed(())
Oct 10 20:13:42 runnervmmprz5 zebrad-v6.4.2[2893]: 2026-10-10T20:13:42.426714Z  INFO crawl_and_dial{new_peer_interval=61s}:crawl: zebra_network::peer_set::candidate_set::crawl: timeout waiting for peer service readiness or peer responses
Oct 10 20:13:49 runnervmmprz5 zebrad-v6.4.2[2893]: 2026-10-10T20:13:49.476920Z  INFO sync:try_to_sync: zebrad::components::sync: temporary error obtaining tips: deadline has elapsed
Oct 10 20:13:49 runnervmmprz5 zebrad-v6.4.2[2893]: 2026-10-10T20:13:49.476978Z  INFO sync: zebrad::components::sync: waiting to restart sync timeout=67s state_tip=Some(Height(4382897))
Oct 10 20:13:59 runnervmmprz5 zebrad-v6.4.2[2893]: 2026-10-10T20:13:59.940280Z  WARN zebrad::components::sync::progress: chain updates have stalled, state height has not increased for 36 minutes. Hint: check your network connection, and your computer clock and time zone sync_percent=99.538% current_height=Height(4382897) network_upgrade=Nu6_3 time_since_last_state_block=36m target_block_spacing=1m 15s max_block_spacing=7m 30s is_syncer_stopped=true
Oct 10 20:14:43 runnervmmprz5 zebrad-v6.4.2[2893]: 2026-10-10T20:14:43.427390Z  INFO crawl_and_dial{new_peer_interval=61s}:crawl: zebra_network::peer_set::candidate_set::crawl: timeout waiting for peer service readiness or peer responses
Oct 10 20:14:56 runnervmmprz5 zebrad-v6.4.2[2893]: 2026-10-10T20:14:56.478348Z  INFO sync:try_to_sync: zebrad::components::sync: starting sync, obtaining new tips state_tip=Some(Height(4382897))
Oct 10 20:14:59 runnervmmprz5 zebrad-v6.4.2[2893]: 2026-10-10T20:14:59.954492Z  WARN zebrad::components::sync::progress: chain updates have stalled, state height has not increased for 37 minutes. Hint: check your network connection, and your computer clock and time zone sync_percent=99.538% current_height=Height(4382897) network_upgrade=Nu6_3 time_since_last_state_block=37m target_block_spacing=1m 15s max_block_spacing=7m 30s is_syncer_stopped=true
Oct 10 20:15:44 runnervmmprz5 zebrad-v6.4.2[2893]: 2026-10-10T20:15:44.427373Z  INFO crawl_and_dial{new_peer_interval=61s}:crawl: zebra_network::peer_set::candidate_set::crawl: timeout waiting for peer service readiness or peer responses
Oct 10 20:15:48 runnervmmprz5 zebrad-v6.4.2[2893]: 2026-10-10T20:15:48.469163Z  INFO zebrad::components::mempool::crawler: mempool crawl timed out: Elapsed(())
Oct 10 20:15:59 runnervmmprz5 zebrad-v6.4.2[2893]: 2026-10-10T20:15:59.968340Z  WARN zebrad::components::sync::progress: chain updates have stalled, state height has not increased for 38 minutes. Hint: check your network connection, and your computer clock and time zone sync_percent=99.538% current_height=Height(4382897) network_upgrade=Nu6_3 time_since_last_state_block=38m target_block_spacing=1m 15s max_block_spacing=7m 30s is_syncer_stopped=true
Oct 10 20:16:03 runnervmmprz5 zebrad-v6.4.2[2893]: 2026-10-10T20:16:03.479497Z  INFO sync:try_to_sync: zebrad::components::sync: temporary error obtaining tips: deadline has elapsed
Oct 10 20:16:03 runnervmmprz5 zebrad-v6.4.2[2893]: 2026-10-10T20:16:03.479557Z  INFO sync: zebrad::components::sync: waiting to restart sync timeout=67s state_tip=Some(Height(4382897))
Oct 10 20:16:45 runnervmmprz5 zebrad-v6.4.2[2893]: 2026-10-10T20:16:45.428165Z  INFO crawl_and_dial{new_peer_interval=61s}:crawl: zebra_network::peer_set::candidate_set::crawl: timeout waiting for peer service readiness or peer responses
Oct 10 20:16:59 runnervmmprz5 zebrad-v6.4.2[2893]: 2026-10-10T20:16:59.981241Z  WARN zebrad::components::sync::progress: chain updates have stalled, state height has not increased for 39 minutes. Hint: check your network connection, and your computer clock and time zone sync_percent=99.538% current_height=Height(4382897) network_upgrade=Nu6_3 time_since_last_state_block=39m target_block_spacing=1m 15s max_block_spacing=7m 30s is_syncer_stopped=true
Oct 10 20:17:10 runnervmmprz5 zebrad-v6.4.2[2893]: 2026-10-10T20:17:10.480979Z  INFO sync:try_to_sync: zebrad::components::sync: starting sync, obtaining new tips state_tip=Some(Height(4382897))
Oct 10 20:17:46 runnervmmprz5 zebrad-v6.4.2[2893]: 2026-10-10T20:17:46.427324Z  INFO crawl_and_dial{new_peer_interval=61s}:crawl: zebra_network::peer_set::candidate_set::crawl: timeout waiting for peer service readiness or peer responses
Oct 10 20:17:59 runnervmmprz5 zebrad-v6.4.2[2893]: 2026-10-10T20:17:59.993283Z  WARN zebrad::components::sync::progress: chain updates have stalled, state height has not increased for 40 minutes. Hint: check your network connection, and your computer clock and time zone sync_percent=99.538% current_height=Height(4382897) network_upgrade=Nu6_3 time_since_last_state_block=40m target_block_spacing=1m 15s max_block_spacing=7m 30s is_syncer_stopped=true
Oct 10 20:18:14 runnervmmprz5 zebrad-v6.4.2[2893]: 2026-10-10T20:18:14.470619Z  INFO zebrad::components::mempool::crawler: mempool crawl timed out: Elapsed(())
Oct 10 20:18:17 runnervmmprz5 zebrad-v6.4.2[2893]: 2026-10-10T20:18:17.481621Z  INFO sync:try_to_sync: zebrad::components::sync: temporary error obtaining tips: deadline has elapsed
Oct 10 20:18:17 runnervmmprz5 zebrad-v6.4.2[2893]: 2026-10-10T20:18:17.481678Z  INFO sync: zebrad::components::sync: waiting to restart sync timeout=67s state_tip=Some(Height(4382897))
Oct 10 20:18:47 runnervmmprz5 zebrad-v6.4.2[2893]: 2026-10-10T20:18:47.427085Z  INFO crawl_and_dial{new_peer_interval=61s}:crawl: zebra_network::peer_set::candidate_set::crawl: timeout waiting for peer service readiness or peer responses
Oct 10 20:19:00 runnervmmprz5 zebrad-v6.4.2[2893]: 2026-10-10T20:19:00.005647Z  WARN zebrad::components::sync::progress: chain updates have stalled, state height has not increased for 41 minutes. Hint: check your network connection, and your computer clock and time zone sync_percent=99.538% current_height=Height(4382897) network_upgrade=Nu6_3 time_since_last_state_block=41m target_block_spacing=1m 15s max_block_spacing=7m 30s is_syncer_stopped=true
Oct 10 20:19:24 runnervmmprz5 zebrad-v6.4.2[2893]: 2026-10-10T20:19:24.482590Z  INFO sync:try_to_sync: zebrad::components::sync: starting sync, obtaining new tips state_tip=Some(Height(4382897))
Oct 10 20:19:48 runnervmmprz5 zebrad-v6.4.2[2893]: 2026-10-10T20:19:48.426528Z  INFO crawl_and_dial{new_peer_interval=61s}:crawl: zebra_network::peer_set::candidate_set::crawl: timeout waiting for peer service readiness or peer responses
Oct 10 20:20:00 runnervmmprz5 zebrad-v6.4.2[2893]: 2026-10-10T20:20:00.019587Z  WARN zebrad::components::sync::progress: chain updates have stalled, state height has not increased for 42 minutes. Hint: check your network connection, and your computer clock and time zone sync_percent=99.538% current_height=Height(4382897) network_upgrade=Nu6_3 time_since_last_state_block=42m target_block_spacing=1m 15s max_block_spacing=7m 30s is_syncer_stopped=true
Oct 10 20:20:31 runnervmmprz5 zebrad-v6.4.2[2893]: 2026-10-10T20:20:31.484095Z  INFO sync:try_to_sync: zebrad::components::sync: temporary error obtaining tips: deadline has elapsed
Oct 10 20:20:31 runnervmmprz5 zebrad-v6.4.2[2893]: 2026-10-10T20:20:31.484158Z  INFO sync: zebrad::components::sync: waiting to restart sync timeout=67s state_tip=Some(Height(4382897))
Oct 10 20:20:40 runnervmmprz5 zebrad-v6.4.2[2893]: 2026-10-10T20:20:40.474202Z  INFO zebrad::components::mempool::crawler: mempool crawl timed out: Elapsed(())
Oct 10 20:20:49 runnervmmprz5 zebrad-v6.4.2[2893]: 2026-10-10T20:20:49.426743Z  INFO crawl_and_dial{new_peer_interval=61s}:crawl: zebra_network::peer_set::candidate_set::crawl: timeout waiting for peer service readiness or peer responses
Oct 10 20:21:00 runnervmmprz5 zebrad-v6.4.2[2893]: 2026-10-10T20:21:00.034039Z  WARN zebrad::components::sync::progress: chain updates have stalled, state height has not increased for 43 minutes. Hint: check your network connection, and your computer clock and time zone sync_percent=99.538% current_height=Height(4382897) network_upgrade=Nu6_3 time_since_last_state_block=43m target_block_spacing=1m 15s max_block_spacing=7m 30s is_syncer_stopped=true
Oct 10 20:21:38 runnervmmprz5 zebrad-v6.4.2[2893]: 2026-10-10T20:21:38.484886Z  INFO sync:try_to_sync: zebrad::components::sync: starting sync, obtaining new tips state_tip=Some(Height(4382897))
Oct 10 20:21:50 runnervmmprz5 zebrad-v6.4.2[2893]: 2026-10-10T20:21:50.426441Z  INFO crawl_and_dial{new_peer_interval=61s}:crawl: zebra_network::peer_set::candidate_set::crawl: timeout waiting for peer service readiness or peer responses
Oct 10 20:22:00 runnervmmprz5 zebrad-v6.4.2[2893]: 2026-10-10T20:22:00.046617Z  WARN zebrad::components::sync::progress: chain updates have stalled, state height has not increased for 44 minutes. Hint: check your network connection, and your computer clock and time zone sync_percent=99.538% current_height=Height(4382897) network_upgrade=Nu6_3 time_since_last_state_block=44m target_block_spacing=1m 15s max_block_spacing=7m 30s is_syncer_stopped=true
Oct 10 20:22:45 runnervmmprz5 zebrad-v6.4.2[2893]: 2026-10-10T20:22:45.486381Z  INFO sync:try_to_sync: zebrad::components::sync: temporary error obtaining tips: deadline has elapsed
Oct 10 20:22:45 runnervmmprz5 zebrad-v6.4.2[2893]: 2026-10-10T20:22:45.486441Z  INFO sync: zebrad::components::sync: waiting to restart sync timeout=67s state_tip=Some(Height(4382897))
Oct 10 20:22:51 runnervmmprz5 zebrad-v6.4.2[2893]: 2026-10-10T20:22:51.427280Z  INFO crawl_and_dial{new_peer_interval=61s}:crawl: zebra_network::peer_set::candidate_set::crawl: timeout waiting for peer service readiness or peer responses
Oct 10 20:23:00 runnervmmprz5 zebrad-v6.4.2[2893]: 2026-10-10T20:23:00.061494Z  WARN zebrad::components::sync::progress: chain updates have stalled, state height has not increased for 45 minutes. Hint: check your network connection, and your computer clock and time zone sync_percent=99.538% current_height=Height(4382897) network_upgrade=Nu6_3 time_since_last_state_block=45m target_block_spacing=1m 15s max_block_spacing=7m 30s is_syncer_stopped=true
Oct 10 20:23:06 runnervmmprz5 zebrad-v6.4.2[2893]: 2026-10-10T20:23:06.475851Z  INFO zebrad::components::mempool::crawler: mempool crawl timed out: Elapsed(())
Oct 10 20:23:52 runnervmmprz5 zebrad-v6.4.2[2893]: 2026-10-10T20:23:52.427545Z  INFO crawl_and_dial{new_peer_interval=61s}:crawl: zebra_network::peer_set::candidate_set::crawl: timeout waiting for peer service readiness or peer responses
Oct 10 20:23:52 runnervmmprz5 zebrad-v6.4.2[2893]: 2026-10-10T20:23:52.487884Z  INFO sync:try_to_sync: zebrad::components::sync: starting sync, obtaining new tips state_tip=Some(Height(4382897))
Oct 10 20:24:00 runnervmmprz5 zebrad-v6.4.2[2893]: 2026-10-10T20:24:00.075807Z  WARN zebrad::components::sync::progress: chain updates have stalled, state height has not increased for 46 minutes. Hint: check your network connection, and your computer clock and time zone sync_percent=99.538% current_height=Height(4382897) network_upgrade=Nu6_3 time_since_last_state_block=46m target_block_spacing=1m 15s max_block_spacing=7m 30s is_syncer_stopped=true
Oct 10 20:24:53 runnervmmprz5 zebrad-v6.4.2[2893]: 2026-10-10T20:24:53.426977Z  INFO crawl_and_dial{new_peer_interval=61s}:crawl: zebra_network::peer_set::candidate_set::crawl: timeout waiting for peer service readiness or peer responses
Oct 10 20:24:59 runnervmmprz5 zebrad-v6.4.2[2893]: 2026-10-10T20:24:59.489085Z  INFO sync:try_to_sync: zebrad::components::sync: temporary error obtaining tips: deadline has elapsed
Oct 10 20:24:59 runnervmmprz5 zebrad-v6.4.2[2893]: 2026-10-10T20:24:59.489151Z  INFO sync: zebrad::components::sync: waiting to restart sync timeout=67s state_tip=Some(Height(4382897))
Oct 10 20:25:00 runnervmmprz5 zebrad-v6.4.2[2893]: 2026-10-10T20:25:00.099734Z  WARN zebrad::components::sync::progress: chain updates have stalled, state height has not increased for 47 minutes. Hint: check your network connection, and your computer clock and time zone sync_percent=99.538% current_height=Height(4382897) network_upgrade=Nu6_3 time_since_last_state_block=47m target_block_spacing=1m 15s max_block_spacing=7m 30s is_syncer_stopped=true
Oct 10 20:25:32 runnervmmprz5 zebrad-v6.4.2[2893]: 2026-10-10T20:25:32.477848Z  INFO zebrad::components::mempool::crawler: mempool crawl timed out: Elapsed(())
Oct 10 20:25:54 runnervmmprz5 zebrad-v6.4.2[2893]: 2026-10-10T20:25:54.427362Z  INFO crawl_and_dial{new_peer_interval=61s}:crawl: zebra_network::peer_set::candidate_set::crawl: timeout waiting for peer service readiness or peer responses
Oct 10 20:26:00 runnervmmprz5 zebrad-v6.4.2[2893]: 2026-10-10T20:26:00.115115Z  WARN zebrad::components::sync::progress: chain updates have stalled, state height has not increased for 48 minutes. Hint: check your network connection, and your computer clock and time zone sync_percent=99.538% current_height=Height(4382897) network_upgrade=Nu6_3 time_since_last_state_block=48m target_block_spacing=1m 15s max_block_spacing=7m 30s is_syncer_stopped=true
Oct 10 20:26:06 runnervmmprz5 zebrad-v6.4.2[2893]: 2026-10-10T20:26:06.489619Z  INFO sync:try_to_sync: zebrad::components::sync: starting sync, obtaining new tips state_tip=Some(Height(4382897))
Oct 10 20:26:55 runnervmmprz5 zebrad-v6.4.2[2893]: 2026-10-10T20:26:55.427305Z  INFO crawl_and_dial{new_peer_interval=61s}:crawl: zebra_network::peer_set::candidate_set::crawl: timeout waiting for peer service readiness or peer responses
Oct 10 20:27:00 runnervmmprz5 zebrad-v6.4.2[2893]: 2026-10-10T20:27:00.129820Z  WARN zebrad::components::sync::progress: chain updates have stalled, state height has not increased for 49 minutes. Hint: check your network connection, and your computer clock and time zone sync_percent=99.538% current_height=Height(4382897) network_upgrade=Nu6_3 time_since_last_state_block=49m target_block_spacing=1m 15s max_block_spacing=7m 30s is_syncer_stopped=true
Oct 10 20:27:13 runnervmmprz5 zebrad-v6.4.2[2893]: 2026-10-10T20:27:13.490779Z  INFO sync:try_to_sync: zebrad::components::sync: temporary error obtaining tips: deadline has elapsed
Oct 10 20:27:13 runnervmmprz5 zebrad-v6.4.2[2893]: 2026-10-10T20:27:13.490866Z  INFO sync: zebrad::components::sync: waiting to restart sync timeout=67s state_tip=Some(Height(4382897))
Oct 10 20:27:56 runnervmmprz5 zebrad-v6.4.2[2893]: 2026-10-10T20:27:56.427090Z  INFO crawl_and_dial{new_peer_interval=61s}:crawl: zebra_network::peer_set::candidate_set::crawl: timeout waiting for peer service readiness or peer responses
Oct 10 20:27:58 runnervmmprz5 zebrad-v6.4.2[2893]: 2026-10-10T20:27:58.479992Z  INFO zebrad::components::mempool::crawler: mempool crawl timed out: Elapsed(())
Oct 10 20:28:00 runnervmmprz5 zebrad-v6.4.2[2893]: 2026-10-10T20:28:00.142485Z  WARN zebrad::components::sync::progress: chain updates have stalled, state height has not increased for 50 minutes. Hint: check your network connection, and your computer clock and time zone sync_percent=99.538% current_height=Height(4382897) network_upgrade=Nu6_3 time_since_last_state_block=50m target_block_spacing=1m 15s max_block_spacing=7m 30s is_syncer_stopped=true
Oct 10 20:28:20 runnervmmprz5 zebrad-v6.4.2[2893]: 2026-10-10T20:28:20.492095Z  INFO sync:try_to_sync: zebrad::components::sync: starting sync, obtaining new tips state_tip=Some(Height(4382897))
Oct 10 20:28:57 runnervmmprz5 zebrad-v6.4.2[2893]: 2026-10-10T20:28:57.426622Z  INFO crawl_and_dial{new_peer_interval=61s}:crawl: zebra_network::peer_set::candidate_set::crawl: timeout waiting for peer service readiness or peer responses
Oct 10 20:29:00 runnervmmprz5 zebrad-v6.4.2[2893]: 2026-10-10T20:29:00.157537Z  WARN zebrad::components::sync::progress: chain updates have stalled, state height has not increased for 51 minutes. Hint: check your network connection, and your computer clock and time zone sync_percent=99.538% current_height=Height(4382897) network_upgrade=Nu6_3 time_since_last_state_block=51m target_block_spacing=1m 15s max_block_spacing=7m 30s is_syncer_stopped=true
Oct 10 20:29:27 runnervmmprz5 zebrad-v6.4.2[2893]: 2026-10-10T20:29:27.492793Z  INFO sync:try_to_sync: zebrad::components::sync: temporary error obtaining tips: deadline has elapsed
Oct 10 20:29:27 runnervmmprz5 zebrad-v6.4.2[2893]: 2026-10-10T20:29:27.492883Z  INFO sync: zebrad::components::sync: waiting to restart sync timeout=67s state_tip=Some(Height(4382897))
Oct 10 20:29:58 runnervmmprz5 zebrad-v6.4.2[2893]: 2026-10-10T20:29:58.428388Z  INFO crawl_and_dial{new_peer_interval=61s}:crawl: zebra_network::peer_set::candidate_set::crawl: timeout waiting for peer service readiness or peer responses
Oct 10 20:30:00 runnervmmprz5 zebrad-v6.4.2[2893]: 2026-10-10T20:30:00.169641Z  WARN zebrad::components::sync::progress: chain updates have stalled, state height has not increased for 52 minutes. Hint: check your network connection, and your computer clock and time zone sync_percent=99.538% current_height=Height(4382897) network_upgrade=Nu6_3 time_since_last_state_block=52m target_block_spacing=1m 15s max_block_spacing=7m 30s is_syncer_stopped=true
Oct 10 20:30:24 runnervmmprz5 zebrad-v6.4.2[2893]: 2026-10-10T20:30:24.482303Z  INFO zebrad::components::mempool::crawler: mempool crawl timed out: Elapsed(())
Oct 10 20:30:34 runnervmmprz5 zebrad-v6.4.2[2893]: 2026-10-10T20:30:34.494221Z  INFO sync:try_to_sync: zebrad::components::sync: starting sync, obtaining new tips state_tip=Some(Height(4382897))
Oct 10 20:30:59 runnervmmprz5 zebrad-v6.4.2[2893]: 2026-10-10T20:30:59.426630Z  INFO crawl_and_dial{new_peer_interval=61s}:crawl: zebra_network::peer_set::candidate_set::crawl: timeout waiting for peer service readiness or peer responses
Oct 10 20:31:00 runnervmmprz5 zebrad-v6.4.2[2893]: 2026-10-10T20:31:00.185801Z  WARN zebrad::components::sync::progress: chain updates have stalled, state height has not increased for 53 minutes. Hint: check your network connection, and your computer clock and time zone sync_percent=99.538% current_height=Height(4382897) network_upgrade=Nu6_3 time_since_last_state_block=53m target_block_spacing=1m 15s max_block_spacing=7m 30s is_syncer_stopped=true
Oct 10 20:31:23 runnervmmprz5 systemd[1]: zebrad.service: Failed to set 'cpuset.cpus' attribute on '/system.slice/zebrad.service' to '': No space left on device
