1791661924.417130 runnervmmprz5 systemd[1]: Started zbench-serve-zaino-0.9.0.service - /opt/zbench/bin/zainod-0.9.0 start --config /home/runner/work/zcash-indexer-bench/zcash-indexer-bench/runs/zaino-0.9.0-r2/serving/zainod.toml.
1791661924.425333 runnervmmprz5 zainod-0.9.0[6617]:        ░▒▒▒▒▒▒▒▒▒▒▒▒▒▒▒▒▒▒▒▒▒▒▒▒▒▒▒▒▒▒▒▒▒▒▒████▓░▒▒▒
1791661924.425333 runnervmmprz5 zainod-0.9.0[6617]:        ▒▒▒▒▒▒▒▒▒▒▒▒▒▒▒▒▒▒▒▒▒▒▒▒▒▒▒▒▒▒▒▒▒▒▒▒████▓▒▒▒▒
1791661924.425333 runnervmmprz5 zainod-0.9.0[6617]:        ▒▒▒▒▒▒▒▒▒▒▒▒▒▒▒▒▒▒▒▒▒▒▒▒▒▒▒▒▒▒▒▒▒▒▒▒▒▒░▒▒▒▒▒▒
1791661924.425333 runnervmmprz5 zainod-0.9.0[6617]:        ▒▒▒▒▒▒▒▒▒▒▒▒▒▒▒▒▒▒▒▒▒▓▓▓▓▒▒▒▒▒▒▒▒▒▒▒▒▓▓▒▒▒▒▒▒
1791661924.425333 runnervmmprz5 zainod-0.9.0[6617]:        ▒▒▒▒▒▒▒▒▒▒▒▒▒▒▓▓▓▓▓▓▓▓▓▓▓▓▓▓▓▓▓▓▒▒▒▒▒██▓▒▒▒▒▒
1791661924.425333 runnervmmprz5 zainod-0.9.0[6617]:        ▒▒▒▒▒▒▒▒▒▒▒▓▓▓▓▓▓▓▓▓▓▓▓▓▓▓▓▓▓▓▓▓▓▓▓▒▒██▓▒▒▒▒▒
1791661924.425333 runnervmmprz5 zainod-0.9.0[6617]:        ▒▒▒▒▒▒▒▒▓▓▓▓▓▓▓▓▓▓▓▓▓▓▓▓▓▓▓▓▓▓▓▓▓███▓██▓▒▒▒▒▒
1791661924.425333 runnervmmprz5 zainod-0.9.0[6617]:        ▒▒▒▒▒▒▒▓▓▓▓▒███▓░▒▓▓████████████████▓▓▒▒▒▒▒▒▒
1791661924.425333 runnervmmprz5 zainod-0.9.0[6617]:        ▒▒▒▒▒▒▓▓▓▓▒▓████▓▓███████████████████▓▒▓▓▒▒▒▒
1791661924.425333 runnervmmprz5 zainod-0.9.0[6617]:        ▒▒▒▒▒▓▓▓▓▓▒▒▓▓▓▓████████████████████▓▒▓▓▓▒▒▒▒
1791661924.425333 runnervmmprz5 zainod-0.9.0[6617]:        ▒▒▒▒▒▓▓▓▓▓█████████████████████████▓▒▓▓▓▓▓▒▒▒
1791661924.425333 runnervmmprz5 zainod-0.9.0[6617]:        ▒▒▒▒▓▓▓▒▓█████████████████████████▓▓▓▓▓▓▓▓▒▒▒
1791661924.425333 runnervmmprz5 zainod-0.9.0[6617]:        ▒▒▒▒▒▓▓▓████████████████████████▓▓▓▓▓▓▓▓▓▒▒▒▒
1791661924.425333 runnervmmprz5 zainod-0.9.0[6617]:        ▒▒▒▒▒▓▒███████████████████████▒▓▓▓▓▓▓▓▓▓▓▒▒▒▒
1791661924.426317 runnervmmprz5 zainod-0.9.0[6617]:        ▒▒▒▒▒▒▓███████████████████▓▓▓▓▓▓▓▓▓▓▓▓▓▓▒▒▒▒▒
1791661924.426317 runnervmmprz5 zainod-0.9.0[6617]:        ▒▒▒▒▒▒▓███████████████▓▓▓▓▓▓▓▓▓▓▓▓▓▓▓▓▓▒▒▒▒▒▒
1791661924.426317 runnervmmprz5 zainod-0.9.0[6617]:        ▒▒▒▒▒▒▓██████████▓▓▒▒▓▓▓▓▓▓▓▓▓▓▓▓▓▓▓▓▒▒▒▒▒▒▒▒
1791661924.426317 runnervmmprz5 zainod-0.9.0[6617]:        ▒▒▒▒███▓▒▓▓▓▓▓▒▒▓▓▓▓▓▓▓▓▓▓▓▓▓▓▓▓▓▓▒▒▒▒▒▒▒▒▒▒▒
1791661924.426317 runnervmmprz5 zainod-0.9.0[6617]:        ▒▒▒▓████▒▒▒▒▒▒▒▒▓▓▓▓▓▓▓▓▓▓▓▓▓▓▒▒▒▒▒▒▒▒▒▒▒▒▒▒▒
1791661924.426317 runnervmmprz5 zainod-0.9.0[6617]:        ▒▒▒▒░▒▒▒▒▒▒▒▒▒▒▒▒▒▒▒▒▒▒▒▒▒▒▒▒▒▒▒▒▒▒▒▒▒▒▒▒▒▒▒▒
1791661924.426317 runnervmmprz5 zainod-0.9.0[6617]:        ▒▒▒▒░▒▒▒▒▒▒▒▒▒▒▒▒▒▒▒▒▒▒▒▒▒▒▒▒▒▒▒▒▒▒▒▒▒▒▒▒▒▒▒▒
1791661924.426317 runnervmmprz5 zainod-0.9.0[6617]:              Thank you for using ZingoLabs Zaino!
1791661924.426317 runnervmmprz5 zainod-0.9.0[6617]:        - Donate to us at https://free2z.cash/zingolabs.
1791661924.426317 runnervmmprz5 zainod-0.9.0[6617]: ****** Please note Zaino is currently in development and should not be used to run mainnet nodes. ******
1791661924.426317 runnervmmprz5 zainod-0.9.0[6617]:     
1791663867.133864 runnervmmprz5 systemd[1]: Stopping zbench-serve-zaino-0.9.0.service - /opt/zbench/bin/zainod-0.9.0 start --config /home/runner/work/zcash-indexer-bench/zcash-indexer-bench/runs/zaino-0.9.0-r2/serving/zainod.toml...
1791663867.679026 runnervmmprz5 systemd[1]: zbench-serve-zaino-0.9.0.service: Deactivated successfully.
1791663867.679336 runnervmmprz5 systemd[1]: Stopped zbench-serve-zaino-0.9.0.service - /opt/zbench/bin/zainod-0.9.0 start --config /home/runner/work/zcash-indexer-bench/zcash-indexer-bench/runs/zaino-0.9.0-r2/serving/zainod.toml.
1791663867.679625 runnervmmprz5 systemd[1]: zbench-serve-zaino-0.9.0.service: Consumed 14min 3.002s CPU time, 12.9G memory peak, 0B memory swap peak, read 18.7G from disk, written 128.0K to disk.
