Oct 10 19:38:43 runnervmmprz5 systemd[1]: Started zebrad.service - /opt/zbench/bin/zebrad-v6.4.2 -c /etc/zbench/zebrad.toml start.
Oct 10 19:38:43 runnervmmprz5 zebrad-v6.4.2[2909]: Thank you for running a testnet zebrad 6.4.2 node!
Oct 10 19:38:43 runnervmmprz5 zebrad-v6.4.2[2909]: You're helping to strengthen the network and contributing to a social good :)
Oct 10 19:38:43 runnervmmprz5 zebrad-v6.4.2[2909]: 2026-10-10T19:38:43.611891Z  INFO zebrad::components::tracing::component: started tracing component filter="info" TRACING_STATIC_MAX_LEVEL=LevelFilter::INFO LOG_STATIC_MAX_LEVEL=Info
Oct 10 19:38:43 runnervmmprz5 zebrad-v6.4.2[2909]: 2026-10-10T19:38:43.614249Z  INFO zebrad::components::tracing::component: installed sentry tracing layer
Oct 10 19:38:43 runnervmmprz5 zebrad-v6.4.2[2909]: 2026-10-10T19:38:43.614259Z  INFO zebrad::components::tracing::component: set 'tracing.progress_bar ="summary"' in zebrad.toml to activate progress bars
Oct 10 19:38:43 runnervmmprz5 zebrad-v6.4.2[2909]: 2026-10-10T19:38:43.614262Z  INFO zebrad::application: Diagnostic metadata:
Oct 10 19:38:43 runnervmmprz5 zebrad-v6.4.2[2909]: version: 6.4.2
Oct 10 19:38:43 runnervmmprz5 zebrad-v6.4.2[2909]: Zcash network: Testnet
Oct 10 19:38:43 runnervmmprz5 zebrad-v6.4.2[2909]: running state version: 28.0.0+indexer
Oct 10 19:38:43 runnervmmprz5 zebrad-v6.4.2[2909]: initial disk state version: 28.0.0
Oct 10 19:38:43 runnervmmprz5 zebrad-v6.4.2[2909]: features: default,default_release_binaries,howudoin,indexer,indicatif,metrics_exporter_prometheus,opentelemetry,progress_bar,prometheus,release_max_level_info,sentry
Oct 10 19:38:43 runnervmmprz5 zebrad-v6.4.2[2909]: branch: HEAD
Oct 10 19:38:43 runnervmmprz5 zebrad-v6.4.2[2909]: git commit: e3eef2f
Oct 10 19:38:43 runnervmmprz5 zebrad-v6.4.2[2909]: commit timestamp: 2026-09-25T19:37:34.000000000Z
Oct 10 19:38:43 runnervmmprz5 zebrad-v6.4.2[2909]: target triple: x86_64-unknown-linux-gnu
Oct 10 19:38:43 runnervmmprz5 zebrad-v6.4.2[2909]: rust compiler: 1.91.0
Oct 10 19:38:43 runnervmmprz5 zebrad-v6.4.2[2909]: rust release date: 2025-10-28
Oct 10 19:38:43 runnervmmprz5 zebrad-v6.4.2[2909]: optimization level: 3
Oct 10 19:38:43 runnervmmprz5 zebrad-v6.4.2[2909]: debug checks: true
Oct 10 19:38:43 runnervmmprz5 zebrad-v6.4.2[2909]: 2026-10-10T19:38:43.614267Z  INFO zebrad::application: Using config file at: "/etc/zbench/zebrad.toml"
Oct 10 19:38:43 runnervmmprz5 zebrad-v6.4.2[2909]: 2026-10-10T19:38:43.614271Z  INFO zebrad::application: ZebradConfig { consensus: Config { checkpoint_sync: true }, metrics: Config { endpoint_addr: Some(127.0.0.1:9101) }, network: Config { listen_addr: 127.0.0.1:8233, external_addr: None, network: Testnet, initial_mainnet_peers: {}, initial_testnet_peers: {}, cache_dir: IsEnabled(false), peerset_initial_target_size: 25, crawl_new_peer_interval: 61s, max_connections_per_ip: 1 }, state: Config { cache_dir: "/zbench/zebra", ephemeral: false, should_backup_non_finalized_state: true, delete_old_database: true, debug_stop_at_height: None, debug_validity_check_interval: None, debug_skip_non_finalized_state_backup_task: false }, tracing: Config { inner: InnerConfig { use_color: false, force_use_color: false, filter: None, buffer_limit: 128000, endpoint_addr: None, flamegraph: None, progress_bar: None, log_file: None, use_journald: false, opentelemetry_endpoint: None, opentelemetry_service_name: None, opentelemetry_sample_percent: None } }, sync: Config { download_concurrency_limit: 50, checkpoint_verify_concurrency_limit: 1000, full_verify_concurrency_limit: 20, parallel_cpu_threads: 0 }, mempool: Config { tx_cost_limit: 80000000, eviction_memory_time: 3600s, debug_enable_at_height: None, max_datacarrier_bytes: Some(83) }, notify: Config { block_notify_command: None }, rpc: Config { listen_addr: Some(127.0.0.1:8232), indexer_listen_addr: Some(127.0.0.1:8230), lightwalletd_listen_addr: None, parallel_cpu_threads: 0, debug_force_finished_sync: false, cookie_dir: "/zbench/zebra-cookie", enable_cookie_auth: true, max_response_body_size: 52428800 }, mining: Config { miner_address: None, extra_coinbase_data: None, miner_memo: None, internal_miner: false }, health: Config { listen_addr: None, min_connected_peers: 1, ready_max_blocks_behind: 2, enforce_on_test_networks: false, ready_max_tip_age: 300s }, zcashd_compat: Config { enabled: false, manage_zcashd: false, zcashd_source: Path, zcashd_path: None, zcashd_datadir: None, zcashd_extra_args: [], p2p_connect_addr: None, block_gossip_peer_ips: [], startup_delay: 1s, restart_backoff: 2s, restart_backoff_max: 300s, restart_reset_after: 3600s, shutdown_grace_period: 300s } }
Oct 10 19:38:43 runnervmmprz5 zebrad-v6.4.2[2909]: 2026-10-10T19:38:43.615981Z  INFO {zebrad="e3eef2f" net="Test"}: zebrad::application: initialized rayon thread pool for CPU-bound tasks num_threads=4
Oct 10 19:38:43 runnervmmprz5 zebrad-v6.4.2[2909]: 2026-10-10T19:38:43.616848Z  INFO {zebrad="e3eef2f" net="Test"}: zebrad::components::metrics: Trying to open metrics endpoint at 127.0.0.1:9101...
Oct 10 19:38:43 runnervmmprz5 zebrad-v6.4.2[2909]: 2026-10-10T19:38:43.618488Z  INFO {zebrad="e3eef2f" net="Test"}: zebrad::components::metrics: Opened metrics endpoint at 127.0.0.1:9101
Oct 10 19:38:43 runnervmmprz5 zebrad-v6.4.2[2909]: 2026-10-10T19:38:43.619307Z  INFO zebrad::commands::start: Starting zebrad
Oct 10 19:38:43 runnervmmprz5 zebrad-v6.4.2[2909]: 2026-10-10T19:38:43.620296Z  WARN zebrad::commands::start: TCP slow-start-after-idle is enabled, which resets TCP's congestion window between block requests and significantly reduces single-peer throughput for block propagation. Hint: set `net.ipv4.tcp_slow_start_after_idle=0` via sysctl. See https://zebra.zfnd.org/user/troubleshooting.html#linux-tcp-tuning-for-block-propagation setting="net.ipv4.tcp_slow_start_after_idle"
Oct 10 19:38:43 runnervmmprz5 zebrad-v6.4.2[2909]: 2026-10-10T19:38:43.620322Z  INFO zebrad::commands::start: initializing node state
Oct 10 19:38:43 runnervmmprz5 zebrad-v6.4.2[2909]: 2026-10-10T19:38:43.620620Z  INFO zebrad::commands::start: opening database, this may take a few minutes
Oct 10 19:38:43 runnervmmprz5 zebrad-v6.4.2[2909]: 2026-10-10T19:38:43.623177Z  INFO zebra_state::service::finalized_state::disk_format::upgrade: trying to open current database format running_version=28.0.0+indexer
Oct 10 19:38:44 runnervmmprz5 zebrad-v6.4.2[2909]: 2026-10-10T19:38:44.832122Z  INFO zebra_state::service::finalized_state::disk_db: Opened Zebra state cache at /zbench/zebra/state/v28/testnet
Oct 10 19:38:44 runnervmmprz5 zebrad-v6.4.2[2909]: 2026-10-10T19:38:44.835179Z  INFO zebra_state::service::finalized_state::disk_format::upgrade: checking database format produced by a previous zebra instance is current and valid running_version=28.0.0+indexer
Oct 10 19:38:44 runnervmmprz5 zebrad-v6.4.2[2909]: 2026-10-10T19:38:44.835614Z  INFO zebra_state::service::finalized_state::disk_format::upgrade: started checking/adding indexes for spending tx ids
Oct 10 19:38:44 runnervmmprz5 zebrad-v6.4.2[2909]: 2026-10-10T19:38:44.840475Z  INFO zebra_state::service::non_finalized_state: restoring non-finalized blocks from backup and spawning backup task backup_dir_path="/zbench/zebra/non_finalized_state/testnet"
Oct 10 19:38:44 runnervmmprz5 zebrad-v6.4.2[2909]: 2026-10-10T19:38:44.840861Z  INFO zebra_state::service::non_finalized_state: no blocks were restored from the non-finalized backup cache
Oct 10 19:38:44 runnervmmprz5 zebrad-v6.4.2[2909]: 2026-10-10T19:38:44.840892Z  INFO zebra_state::service: loaded Zebra state cache chain_tip=Some((block::Hash("00005894e6410b9d9524e38d725e6595ef4c8f85d4deb9e56b340751b0c3d678"), Height(4382897)))
Oct 10 19:38:44 runnervmmprz5 zebrad-v6.4.2[2909]: 2026-10-10T19:38:44.845268Z  INFO zebra_state::service: starting legacy chain check
Oct 10 19:38:44 runnervmmprz5 zebrad-v6.4.2[2909]: 2026-10-10T19:38:44.845705Z  INFO zebra_state::service: cached state consensus branch is valid: no legacy chain found
Oct 10 19:38:44 runnervmmprz5 zebrad-v6.4.2[2909]: 2026-10-10T19:38:44.845734Z  INFO zebrad::commands::start: logging database metrics on startup
Oct 10 19:38:44 runnervmmprz5 zebrad-v6.4.2[2909]: 2026-10-10T19:38:44.849234Z  INFO zebra_state::service::finalized_state::disk_db: Total Database Disk Size: 12.6 GB
Oct 10 19:38:44 runnervmmprz5 zebrad-v6.4.2[2909]: 2026-10-10T19:38:44.849252Z  INFO zebra_state::service::finalized_state::disk_db: Total Live Data Disk Size: 12.6 GB
Oct 10 19:38:44 runnervmmprz5 zebrad-v6.4.2[2909]: 2026-10-10T19:38:44.849256Z  INFO zebra_state::service::finalized_state::disk_db: Total Database Memory Size: 61.4 KB
Oct 10 19:38:44 runnervmmprz5 zebrad-v6.4.2[2909]: 2026-10-10T19:38:44.849267Z  INFO zebrad::commands::start: initializing network
Oct 10 19:38:44 runnervmmprz5 zebrad-v6.4.2[2909]: 2026-10-10T19:38:44.851789Z  INFO open_listener{addr=127.0.0.1:8233}: zebra_network::peer_set::initialize: Trying to open Zcash protocol endpoint at 127.0.0.1:8233...
Oct 10 19:38:44 runnervmmprz5 zebrad-v6.4.2[2909]: 2026-10-10T19:38:44.851838Z  INFO open_listener{addr=127.0.0.1:8233}: zebra_network::peer_set::initialize: Opened Zcash protocol endpoint at 127.0.0.1:8233
Oct 10 19:38:44 runnervmmprz5 zebrad-v6.4.2[2909]: 2026-10-10T19:38:44.853457Z  INFO zebra_network::address_book_updater: starting the address book updater
Oct 10 19:38:44 runnervmmprz5 zebrad-v6.4.2[2909]: 2026-10-10T19:38:44.853874Z  WARN add_initial_peers: zebra_network::config: no initial peers in the network config. Hint: you must configure at least one peer IP or DNS seeder to run Zebra, give it some previously cached peer IP addresses on disk, or make sure Zebra's listener port gets inbound connections.
Oct 10 19:38:44 runnervmmprz5 zebrad-v6.4.2[2909]: 2026-10-10T19:38:44.854177Z  INFO add_initial_peers: zebra_network::peer_set::initialize: connecting to initial peer set ipv4_peer_count=0 ipv6_peer_count=0
Oct 10 19:38:44 runnervmmprz5 zebrad-v6.4.2[2909]: 2026-10-10T19:38:44.854192Z  INFO add_initial_peers: zebra_network::peer_set::initialize: finished connecting to initial seed and disk cache peers handshake_success_total=0 handshake_error_total=0 outbound_connections=0
Oct 10 19:38:44 runnervmmprz5 zebrad-v6.4.2[2909]: 2026-10-10T19:38:44.854234Z  INFO zebra_network::peer_set::initialize: sending initial request for peers active_initial_peer_count=0
Oct 10 19:38:44 runnervmmprz5 zebrad-v6.4.2[2909]: 2026-10-10T19:38:44.854257Z  INFO zebrad::commands::start: initializing verifiers
Oct 10 19:38:44 runnervmmprz5 zebrad-v6.4.2[2909]: 2026-10-10T19:38:44.854314Z  INFO crawl_and_dial{new_peer_interval=61s}: zebra_network::peer_set::initialize: starting the peer address crawler crawl_new_peer_interval=61s outbound_connections=0
Oct 10 19:38:44 runnervmmprz5 zebrad-v6.4.2[2909]: 2026-10-10T19:38:44.854382Z  INFO init{config=Config { checkpoint_sync: true } network=Testnet}: zebra_consensus::router: starting state checkpoint validation
Oct 10 19:38:44 runnervmmprz5 zebrad-v6.4.2[2909]: 2026-10-10T19:38:44.855702Z  INFO init{config=Config { checkpoint_sync: true } network=Testnet}: zebra_consensus::router: initializing block verifier router tip=Some((Height(4382897), block::Hash("00005894e6410b9d9524e38d725e6595ef4c8f85d4deb9e56b340751b0c3d678"))) max_checkpoint_height=Height(4359385)
Oct 10 19:38:44 runnervmmprz5 zebrad-v6.4.2[2909]: 2026-10-10T19:38:44.857330Z  INFO zebrad::commands::start: initializing syncer
Oct 10 19:38:44 runnervmmprz5 zebrad-v6.4.2[2909]: 2026-10-10T19:38:44.857598Z  INFO zebrad::commands::start: initializing mempool
Oct 10 19:38:44 runnervmmprz5 zebrad-v6.4.2[2909]: 2026-10-10T19:38:44.857865Z  INFO zebrad::commands::start: fully initializing inbound peer request handler
Oct 10 19:38:44 runnervmmprz5 zebrad-v6.4.2[2909]: 2026-10-10T19:38:44.862234Z  INFO zebra_rpc::server::cookie: RPC auth cookie written to disk
Oct 10 19:38:44 runnervmmprz5 zebrad-v6.4.2[2909]: 2026-10-10T19:38:44.862293Z  INFO zebra_rpc::server: Opened RPC endpoint at 127.0.0.1:8232
Oct 10 19:38:44 runnervmmprz5 zebrad-v6.4.2[2909]: 2026-10-10T19:38:44.862318Z  INFO zebrad::commands::start: spawning indexer RPC server
Oct 10 19:38:44 runnervmmprz5 zebrad-v6.4.2[2909]: 2026-10-10T19:38:44.865140Z  INFO init: zebra_rpc::indexer::server: Trying to open indexer RPC endpoint at 127.0.0.1:8230...
Oct 10 19:38:44 runnervmmprz5 zebrad-v6.4.2[2909]: 2026-10-10T19:38:44.865171Z  INFO init: zebra_rpc::indexer::server: Opened RPC endpoint at 127.0.0.1:8230
Oct 10 19:38:44 runnervmmprz5 zebrad-v6.4.2[2909]: 2026-10-10T19:38:44.865193Z  INFO zebrad::commands::start: spawning block gossip task
Oct 10 19:38:44 runnervmmprz5 zebrad-v6.4.2[2909]: 2026-10-10T19:38:44.865199Z  INFO zebrad::commands::start: spawning block notify task
Oct 10 19:38:44 runnervmmprz5 zebrad-v6.4.2[2909]: 2026-10-10T19:38:44.865203Z  INFO zebrad::commands::start: spawning mempool queue checker task
Oct 10 19:38:44 runnervmmprz5 zebrad-v6.4.2[2909]: 2026-10-10T19:38:44.865207Z  INFO zebrad::commands::start: spawning mempool transaction gossip task
Oct 10 19:38:44 runnervmmprz5 zebrad-v6.4.2[2909]: 2026-10-10T19:38:44.865211Z  INFO zebrad::commands::start: spawning delete old databases task
Oct 10 19:38:44 runnervmmprz5 zebrad-v6.4.2[2909]: 2026-10-10T19:38:44.865220Z  INFO zebrad::commands::start: spawning progress logging task
Oct 10 19:38:44 runnervmmprz5 zebrad-v6.4.2[2909]: 2026-10-10T19:38:44.865225Z  INFO zebrad::commands::start: initializing health endpoints
Oct 10 19:38:44 runnervmmprz5 zebrad-v6.4.2[2909]: 2026-10-10T19:38:44.865229Z  INFO zebrad::commands::start: spawning end of support checking task
Oct 10 19:38:44 runnervmmprz5 zebrad-v6.4.2[2909]: 2026-10-10T19:38:44.865237Z  INFO zebrad::commands::start: spawning mempool crawler task
Oct 10 19:38:44 runnervmmprz5 zebrad-v6.4.2[2909]: 2026-10-10T19:38:44.865241Z  INFO zebrad::commands::start: spawning syncer task
Oct 10 19:38:44 runnervmmprz5 zebrad-v6.4.2[2909]: 2026-10-10T19:38:44.865246Z  INFO zebrad::commands::start: spawned initial Zebra tasks
Oct 10 19:38:44 runnervmmprz5 zebrad-v6.4.2[2909]: 2026-10-10T19:38:44.865250Z  INFO zebrad::components::mempool::queue_checker: initializing mempool queue checker task
Oct 10 19:38:44 runnervmmprz5 zebrad-v6.4.2[2909]: 2026-10-10T19:38:44.865266Z  INFO zebrad::components::sync::gossip: initializing block gossip task
Oct 10 19:38:44 runnervmmprz5 zebrad-v6.4.2[2909]: 2026-10-10T19:38:44.865273Z  INFO zebrad::components::mempool::gossip: initializing transaction gossip task
Oct 10 19:38:44 runnervmmprz5 zebrad-v6.4.2[2909]: 2026-10-10T19:38:44.865350Z  INFO zebrad::components::sync::end_of_support: Starting end of support task
Oct 10 19:38:44 runnervmmprz5 zebrad-v6.4.2[2909]: 2026-10-10T19:38:44.865497Z  INFO zebra_state::config: checking for old database versions db_kind="state"
Oct 10 19:38:44 runnervmmprz5 zebrad-v6.4.2[2909]: 2026-10-10T19:38:44.865503Z  INFO zebrad::components::mempool::crawler: initializing mempool crawler task
Oct 10 19:38:44 runnervmmprz5 zebrad-v6.4.2[2909]: 2026-10-10T19:38:44.865547Z  INFO zebra_state::config: finished old database version cleanup task
Oct 10 19:38:44 runnervmmprz5 zebrad-v6.4.2[2909]: 2026-10-10T19:38:44.865710Z  WARN zebrad::components::sync::progress: chain tip metrics channel closed err=SendError { .. }
Oct 10 19:38:44 runnervmmprz5 zebrad-v6.4.2[2909]: 2026-10-10T19:38:44.866602Z  INFO sync:try_to_sync: zebrad::components::sync: starting sync, obtaining new tips state_tip=Some(Height(4382897))
Oct 10 19:38:47 runnervmmprz5 zebrad-v6.4.2[2909]: 2026-10-10T19:38:47.976105Z  INFO init{config=Config { checkpoint_sync: true } network=Testnet}: zebra_consensus::router: finished state checkpoint validation
Oct 10 19:38:50 runnervmmprz5 zebrad-v6.4.2[2909]: 2026-10-10T19:38:50.878869Z  INFO sync:try_to_sync: zebrad::components::sync: exhausted prospective tip set
Oct 10 19:38:50 runnervmmprz5 zebrad-v6.4.2[2909]: 2026-10-10T19:38:50.878901Z  INFO sync: zebrad::components::sync: waiting to restart sync timeout=67s state_tip=Some(Height(4382897))
Oct 10 19:38:51 runnervmmprz5 zebrad-v6.4.2[2909]: 2026-10-10T19:38:51.867232Z  INFO zebrad::components::sync::gossip: height=Height(4382897) request=AdvertiseBlock(block::Hash("00005894e6410b9d9524e38d725e6595ef4c8f85d4deb9e56b340751b0c3d678"), None) log_msg="sending committed block broadcast"
Oct 10 19:38:54 runnervmmprz5 zebrad-v6.4.2[2909]: 2026-10-10T19:38:54.866065Z  INFO zebrad::components::sync::end_of_support: Release always valid in Testnet
Oct 10 19:38:54 runnervmmprz5 zebrad-v6.4.2[2909]: 2026-10-10T19:38:54.867246Z  INFO zebrad::components::mempool: activating mempool: Zebra is close to the tip tip_height=Height(4382897)
Oct 10 19:39:44 runnervmmprz5 zebrad-v6.4.2[2909]: 2026-10-10T19:39:44.884659Z  INFO zebrad::components::sync::progress: initial sync is very slow, or estimated tip is wrong. Hint: check your network connection, and your computer clock and time zone sync_percent=99.539% current_height=Height(4382897) network_upgrade=Nu6_3 remaining_sync_blocks=20299 after_checkpoint_height=Height(4360395) time_since_last_state_block=1m
Oct 10 19:39:45 runnervmmprz5 zebrad-v6.4.2[2909]: 2026-10-10T19:39:45.856676Z  INFO crawl_and_dial{new_peer_interval=61s}:crawl: zebra_network::peer_set::candidate_set::crawl: timeout waiting for peer service readiness or peer responses
Oct 10 19:39:57 runnervmmprz5 zebrad-v6.4.2[2909]: 2026-10-10T19:39:57.880615Z  INFO sync:try_to_sync: zebrad::components::sync: starting sync, obtaining new tips state_tip=Some(Height(4382897))
Oct 10 19:40:03 runnervmmprz5 zebrad-v6.4.2[2909]: 2026-10-10T19:40:03.879905Z  INFO zebrad::components::mempool::crawler: mempool crawl timed out: Elapsed(())
Oct 10 19:40:44 runnervmmprz5 zebrad-v6.4.2[2909]: 2026-10-10T19:40:44.900104Z  INFO zebrad::components::sync::progress: initial sync is very slow, or estimated tip is wrong. Hint: check your network connection, and your computer clock and time zone sync_percent=99.539% current_height=Height(4382897) network_upgrade=Nu6_3 remaining_sync_blocks=20300 after_checkpoint_height=Height(4360395) time_since_last_state_block=2m
Oct 10 19:40:45 runnervmmprz5 zebrad-v6.4.2[2909]: 2026-10-10T19:40:45.783897Z  INFO zebra_state::service::finalized_state::disk_format::upgrade: finished checking/adding indexes for spending tx ids
Oct 10 19:40:50 runnervmmprz5 zebrad-v6.4.2[2909]: 2026-10-10T19:40:50.250523Z  INFO zebra_state::service::finalized_state::disk_format::upgrade: database format is valid running_version=28.0.0+indexer initial_disk_version=28.0.0+indexer
Oct 10 19:40:55 runnervmmprz5 zebrad-v6.4.2[2909]: 2026-10-10T19:40:55.771692Z  INFO sync:try_to_sync: zebrad::components::sync: exhausted prospective tip set
Oct 10 19:40:55 runnervmmprz5 zebrad-v6.4.2[2909]: 2026-10-10T19:40:55.771723Z  INFO sync: zebrad::components::sync: waiting to restart sync timeout=67s state_tip=Some(Height(4382897))
Oct 10 19:41:44 runnervmmprz5 zebrad-v6.4.2[2909]: 2026-10-10T19:41:44.912415Z  INFO zebrad::components::sync::progress: initial sync is very slow, or estimated tip is wrong. Hint: check your network connection, and your computer clock and time zone sync_percent=99.539% current_height=Height(4382897) network_upgrade=Nu6_3 remaining_sync_blocks=20300 after_checkpoint_height=Height(4360395) time_since_last_state_block=3m
Oct 10 19:41:55 runnervmmprz5 zebrad-v6.4.2[2909]: 2026-10-10T19:41:55.855899Z  INFO crawl_and_dial{new_peer_interval=61s}:crawl: zebra_network::peer_set::candidate_set::crawl: timeout waiting for peer service readiness or peer responses
Oct 10 19:42:02 runnervmmprz5 zebrad-v6.4.2[2909]: 2026-10-10T19:42:02.772944Z  INFO sync:try_to_sync: zebrad::components::sync: starting sync, obtaining new tips state_tip=Some(Height(4382897))
Oct 10 19:42:44 runnervmmprz5 zebrad-v6.4.2[2909]: 2026-10-10T19:42:44.927022Z  INFO zebrad::components::sync::progress: initial sync is very slow, or estimated tip is wrong. Hint: check your network connection, and your computer clock and time zone sync_percent=99.539% current_height=Height(4382897) network_upgrade=Nu6_3 remaining_sync_blocks=20301 after_checkpoint_height=Height(4360395) time_since_last_state_block=4m
Oct 10 19:42:56 runnervmmprz5 zebrad-v6.4.2[2909]: 2026-10-10T19:42:56.855858Z  INFO crawl_and_dial{new_peer_interval=61s}:crawl: zebra_network::peer_set::candidate_set::crawl: timeout waiting for peer service readiness or peer responses
Oct 10 19:43:05 runnervmmprz5 zebrad-v6.4.2[2909]: 2026-10-10T19:43:05.774188Z  INFO sync:try_to_sync: zebrad::components::sync: exhausted prospective tip set
Oct 10 19:43:05 runnervmmprz5 zebrad-v6.4.2[2909]: 2026-10-10T19:43:05.774223Z  INFO sync: zebrad::components::sync: waiting to restart sync timeout=67s state_tip=Some(Height(4382897))
Oct 10 19:43:44 runnervmmprz5 zebrad-v6.4.2[2909]: 2026-10-10T19:43:44.943693Z  INFO zebrad::components::sync::progress: initial sync is very slow, or estimated tip is wrong. Hint: check your network connection, and your computer clock and time zone sync_percent=99.539% current_height=Height(4382897) network_upgrade=Nu6_3 remaining_sync_blocks=20302 after_checkpoint_height=Height(4360395) time_since_last_state_block=5m
Oct 10 19:43:57 runnervmmprz5 zebrad-v6.4.2[2909]: 2026-10-10T19:43:57.856323Z  INFO crawl_and_dial{new_peer_interval=61s}:crawl: zebra_network::peer_set::candidate_set::crawl: timeout waiting for peer service readiness or peer responses
Oct 10 19:44:12 runnervmmprz5 zebrad-v6.4.2[2909]: 2026-10-10T19:44:12.775495Z  INFO sync:try_to_sync: zebrad::components::sync: starting sync, obtaining new tips state_tip=Some(Height(4382897))
Oct 10 19:44:44 runnervmmprz5 zebrad-v6.4.2[2909]: 2026-10-10T19:44:44.958041Z  INFO zebrad::components::sync::progress: initial sync is very slow, or estimated tip is wrong. Hint: check your network connection, and your computer clock and time zone sync_percent=99.539% current_height=Height(4382897) network_upgrade=Nu6_3 remaining_sync_blocks=20303 after_checkpoint_height=Height(4360395) time_since_last_state_block=6m
Oct 10 19:44:58 runnervmmprz5 zebrad-v6.4.2[2909]: 2026-10-10T19:44:58.856716Z  INFO crawl_and_dial{new_peer_interval=61s}:crawl: zebra_network::peer_set::candidate_set::crawl: timeout waiting for peer service readiness or peer responses
Oct 10 19:45:19 runnervmmprz5 zebrad-v6.4.2[2909]: 2026-10-10T19:45:19.776565Z  INFO sync:try_to_sync: zebrad::components::sync: temporary error obtaining tips: deadline has elapsed
Oct 10 19:45:19 runnervmmprz5 zebrad-v6.4.2[2909]: 2026-10-10T19:45:19.776619Z  INFO sync: zebrad::components::sync: waiting to restart sync timeout=67s state_tip=Some(Height(4382897))
Oct 10 19:45:31 runnervmmprz5 zebrad-v6.4.2[2909]: 2026-10-10T19:45:31.776317Z  INFO zebrad::components::mempool::crawler: mempool crawl timed out: Elapsed(())
Oct 10 19:45:44 runnervmmprz5 zebrad-v6.4.2[2909]: 2026-10-10T19:45:44.971859Z  INFO zebrad::components::sync::progress: initial sync is very slow, or estimated tip is wrong. Hint: check your network connection, and your computer clock and time zone sync_percent=99.539% current_height=Height(4382897) network_upgrade=Nu6_3 remaining_sync_blocks=20304 after_checkpoint_height=Height(4360395) time_since_last_state_block=7m
Oct 10 19:46:26 runnervmmprz5 zebrad-v6.4.2[2909]: 2026-10-10T19:46:26.777547Z  INFO sync:try_to_sync: zebrad::components::sync: starting sync, obtaining new tips state_tip=Some(Height(4382897))
Oct 10 19:46:32 runnervmmprz5 zebrad-v6.4.2[2909]: 2026-10-10T19:46:32.779036Z  INFO sync:try_to_sync: zebrad::components::sync: exhausted prospective tip set
Oct 10 19:46:32 runnervmmprz5 zebrad-v6.4.2[2909]: 2026-10-10T19:46:32.779068Z  INFO sync: zebrad::components::sync: waiting to restart sync timeout=67s state_tip=Some(Height(4382897))
Oct 10 19:46:34 runnervmmprz5 zebrad-v6.4.2[2909]: 2026-10-10T19:46:34.779094Z  INFO crawl_and_dial{new_peer_interval=61s}:crawl: zebra_network::peer_set::candidate_set::crawl: timeout waiting for peer service readiness or peer responses
Oct 10 19:46:44 runnervmmprz5 zebrad-v6.4.2[2909]: 2026-10-10T19:46:44.984982Z  INFO zebrad::components::sync::progress: initial sync is very slow, or estimated tip is wrong. Hint: check your network connection, and your computer clock and time zone sync_percent=99.539% current_height=Height(4382897) network_upgrade=Nu6_3 remaining_sync_blocks=20304 after_checkpoint_height=Height(4360395) time_since_last_state_block=8m
Oct 10 19:47:39 runnervmmprz5 zebrad-v6.4.2[2909]: 2026-10-10T19:47:39.779890Z  INFO sync:try_to_sync: zebrad::components::sync: starting sync, obtaining new tips state_tip=Some(Height(4382897))
Oct 10 19:47:44 runnervmmprz5 zebrad-v6.4.2[2909]: 2026-10-10T19:47:44.999179Z  INFO zebrad::components::sync::progress: initial sync is very slow, or estimated tip is wrong. Hint: check your network connection, and your computer clock and time zone sync_percent=99.539% current_height=Height(4382897) network_upgrade=Nu6_3 remaining_sync_blocks=20305 after_checkpoint_height=Height(4360395) time_since_last_state_block=9m
Oct 10 19:47:58 runnervmmprz5 zebrad-v6.4.2[2909]: 2026-10-10T19:47:58.360716Z  INFO sync:try_to_sync: zebrad::components::sync: exhausted prospective tip set
Oct 10 19:47:58 runnervmmprz5 zebrad-v6.4.2[2909]: 2026-10-10T19:47:58.360771Z  INFO sync: zebrad::components::sync: waiting to restart sync timeout=67s state_tip=Some(Height(4382897))
Oct 10 19:48:45 runnervmmprz5 zebrad-v6.4.2[2909]: 2026-10-10T19:48:45.012689Z  INFO zebrad::components::sync::progress: initial sync is very slow, or estimated tip is wrong. Hint: check your network connection, and your computer clock and time zone sync_percent=99.539% current_height=Height(4382897) network_upgrade=Nu6_3 remaining_sync_blocks=20306 after_checkpoint_height=Height(4360395) time_since_last_state_block=10m
Oct 10 19:48:54 runnervmmprz5 zebrad-v6.4.2[2909]: 2026-10-10T19:48:54.854855Z  WARN crawl_and_dial{new_peer_interval=61s}:crawl: zebra_network::peer_set::set: network request with no peer connections. Hint: check your network connection address_metrics=AddressMetrics { responded: 3, never_attempted_gossiped: 1, failed: 1, attempt_pending: 0, recently_live: 0, recently_stopped_responding: 3, num_addresses: 5, address_limit: 5000 }
Oct 10 19:49:02 runnervmmprz5 zebrad-v6.4.2[2909]: 2026-10-10T19:49:02.855971Z  INFO crawl_and_dial{new_peer_interval=61s}:crawl: zebra_network::peer_set::candidate_set::crawl: timeout waiting for peer service readiness or peer responses
Oct 10 19:49:05 runnervmmprz5 zebrad-v6.4.2[2909]: 2026-10-10T19:49:05.361740Z  INFO sync:try_to_sync: zebrad::components::sync: starting sync, obtaining new tips state_tip=Some(Height(4382897))
Oct 10 19:49:45 runnervmmprz5 zebrad-v6.4.2[2909]: 2026-10-10T19:49:45.026653Z  INFO zebrad::components::sync::progress: initial sync is very slow, or estimated tip is wrong. Hint: check your network connection, and your computer clock and time zone sync_percent=99.539% current_height=Height(4382897) network_upgrade=Nu6_3 remaining_sync_blocks=20307 after_checkpoint_height=Height(4360395) time_since_last_state_block=11m
Oct 10 19:50:00 runnervmmprz5 zebrad-v6.4.2[2909]: 2026-10-10T19:50:00.360064Z  INFO sync:try_to_sync: zebrad::components::sync: exhausted prospective tip set
Oct 10 19:50:00 runnervmmprz5 zebrad-v6.4.2[2909]: 2026-10-10T19:50:00.360099Z  INFO sync: zebrad::components::sync: waiting to restart sync timeout=67s state_tip=Some(Height(4382897))
Oct 10 19:50:45 runnervmmprz5 zebrad-v6.4.2[2909]: 2026-10-10T19:50:45.041292Z  INFO zebrad::components::sync::progress: initial sync is very slow, or estimated tip is wrong. Hint: check your network connection, and your computer clock and time zone sync_percent=99.539% current_height=Height(4382897) network_upgrade=Nu6_3 remaining_sync_blocks=20308 after_checkpoint_height=Height(4360395) time_since_last_state_block=12m
Oct 10 19:51:04 runnervmmprz5 zebrad-v6.4.2[2909]: 2026-10-10T19:51:04.856991Z  INFO crawl_and_dial{new_peer_interval=61s}:crawl: zebra_network::peer_set::candidate_set::crawl: timeout waiting for peer service readiness or peer responses
Oct 10 19:51:07 runnervmmprz5 zebrad-v6.4.2[2909]: 2026-10-10T19:51:07.363905Z  INFO sync:try_to_sync: zebrad::components::sync: starting sync, obtaining new tips state_tip=Some(Height(4382897))
Oct 10 19:51:45 runnervmmprz5 zebrad-v6.4.2[2909]: 2026-10-10T19:51:45.054127Z  INFO zebrad::components::sync::progress: initial sync is very slow, or estimated tip is wrong. Hint: check your network connection, and your computer clock and time zone sync_percent=99.539% current_height=Height(4382897) network_upgrade=Nu6_3 remaining_sync_blocks=20308 after_checkpoint_height=Height(4360395) time_since_last_state_block=13m
Oct 10 19:52:02 runnervmmprz5 zebrad-v6.4.2[2909]: 2026-10-10T19:52:02.360969Z  INFO sync:try_to_sync: zebrad::components::sync: exhausted prospective tip set
Oct 10 19:52:02 runnervmmprz5 zebrad-v6.4.2[2909]: 2026-10-10T19:52:02.361000Z  INFO sync: zebrad::components::sync: waiting to restart sync timeout=67s state_tip=Some(Height(4382897))
Oct 10 19:52:45 runnervmmprz5 zebrad-v6.4.2[2909]: 2026-10-10T19:52:45.066076Z  INFO zebrad::components::sync::progress: initial sync is very slow, or estimated tip is wrong. Hint: check your network connection, and your computer clock and time zone sync_percent=99.539% current_height=Height(4382897) network_upgrade=Nu6_3 remaining_sync_blocks=20309 after_checkpoint_height=Height(4360395) time_since_last_state_block=14m
Oct 10 19:52:58 runnervmmprz5 zebrad-v6.4.2[2909]: 2026-10-10T19:52:58.855468Z  WARN crawl_and_dial{new_peer_interval=61s}:crawl: zebra_network::peer_set::set: network request with no peer connections. Hint: check your network connection address_metrics=AddressMetrics { responded: 3, never_attempted_gossiped: 1, failed: 3, attempt_pending: 0, recently_live: 0, recently_stopped_responding: 3, num_addresses: 7, address_limit: 5000 }
Oct 10 19:53:06 runnervmmprz5 zebrad-v6.4.2[2909]: 2026-10-10T19:53:06.856012Z  INFO crawl_and_dial{new_peer_interval=61s}:crawl: zebra_network::peer_set::candidate_set::crawl: timeout waiting for peer service readiness or peer responses
Oct 10 19:53:09 runnervmmprz5 zebrad-v6.4.2[2909]: 2026-10-10T19:53:09.361794Z  INFO sync:try_to_sync: zebrad::components::sync: starting sync, obtaining new tips state_tip=Some(Height(4382897))
