Oct 09 02:08:23 runnervmmprz5 systemd[1]: Started zebrad.service - /opt/zbench/bin/zebrad-v6.4.2 -c /etc/zbench/zebrad.toml start.
Oct 09 02:08:23 runnervmmprz5 zebrad-v6.4.2[2769]: Thank you for running a testnet zebrad 6.4.2 node!
Oct 09 02:08:23 runnervmmprz5 zebrad-v6.4.2[2769]: You're helping to strengthen the network and contributing to a social good :)
Oct 09 02:08:23 runnervmmprz5 zebrad-v6.4.2[2769]: 2026-10-09T02:08:23.991241Z  INFO zebrad::components::tracing::component: started tracing component filter="info" TRACING_STATIC_MAX_LEVEL=LevelFilter::INFO LOG_STATIC_MAX_LEVEL=Info
Oct 09 02:08:23 runnervmmprz5 zebrad-v6.4.2[2769]: 2026-10-09T02:08:23.993400Z  INFO zebrad::components::tracing::component: installed sentry tracing layer
Oct 09 02:08:23 runnervmmprz5 zebrad-v6.4.2[2769]: 2026-10-09T02:08:23.993406Z  INFO zebrad::components::tracing::component: set 'tracing.progress_bar ="summary"' in zebrad.toml to activate progress bars
Oct 09 02:08:23 runnervmmprz5 zebrad-v6.4.2[2769]: 2026-10-09T02:08:23.993408Z  INFO zebrad::application: Diagnostic metadata:
Oct 09 02:08:23 runnervmmprz5 zebrad-v6.4.2[2769]: version: 6.4.2
Oct 09 02:08:23 runnervmmprz5 zebrad-v6.4.2[2769]: Zcash network: Testnet
Oct 09 02:08:23 runnervmmprz5 zebrad-v6.4.2[2769]: running state version: 28.0.0+indexer
Oct 09 02:08:23 runnervmmprz5 zebrad-v6.4.2[2769]: initial disk state version: 28.0.0
Oct 09 02:08:23 runnervmmprz5 zebrad-v6.4.2[2769]: features: default,default_release_binaries,howudoin,indexer,indicatif,metrics_exporter_prometheus,opentelemetry,progress_bar,prometheus,release_max_level_info,sentry
Oct 09 02:08:23 runnervmmprz5 zebrad-v6.4.2[2769]: branch: HEAD
Oct 09 02:08:23 runnervmmprz5 zebrad-v6.4.2[2769]: git commit: e3eef2f
Oct 09 02:08:23 runnervmmprz5 zebrad-v6.4.2[2769]: commit timestamp: 2026-09-25T19:37:34.000000000Z
Oct 09 02:08:23 runnervmmprz5 zebrad-v6.4.2[2769]: target triple: x86_64-unknown-linux-gnu
Oct 09 02:08:23 runnervmmprz5 zebrad-v6.4.2[2769]: rust compiler: 1.91.0
Oct 09 02:08:23 runnervmmprz5 zebrad-v6.4.2[2769]: rust release date: 2025-10-28
Oct 09 02:08:23 runnervmmprz5 zebrad-v6.4.2[2769]: optimization level: 3
Oct 09 02:08:23 runnervmmprz5 zebrad-v6.4.2[2769]: debug checks: true
Oct 09 02:08:23 runnervmmprz5 zebrad-v6.4.2[2769]: 2026-10-09T02:08:23.993411Z  INFO zebrad::application: Using config file at: "/etc/zbench/zebrad.toml"
Oct 09 02:08:23 runnervmmprz5 zebrad-v6.4.2[2769]: 2026-10-09T02:08:23.993416Z  INFO zebrad::application: ZebradConfig { consensus: Config { checkpoint_sync: true }, metrics: Config { endpoint_addr: Some(127.0.0.1:9101) }, network: Config { listen_addr: 127.0.0.1:8233, external_addr: None, network: Testnet, initial_mainnet_peers: {}, initial_testnet_peers: {}, cache_dir: IsEnabled(false), peerset_initial_target_size: 25, crawl_new_peer_interval: 61s, max_connections_per_ip: 1 }, state: Config { cache_dir: "/zbench/zebra", ephemeral: false, should_backup_non_finalized_state: true, delete_old_database: true, debug_stop_at_height: None, debug_validity_check_interval: None, debug_skip_non_finalized_state_backup_task: false }, tracing: Config { inner: InnerConfig { use_color: false, force_use_color: false, filter: None, buffer_limit: 128000, endpoint_addr: None, flamegraph: None, progress_bar: None, log_file: None, use_journald: false, opentelemetry_endpoint: None, opentelemetry_service_name: None, opentelemetry_sample_percent: None } }, sync: Config { download_concurrency_limit: 50, checkpoint_verify_concurrency_limit: 1000, full_verify_concurrency_limit: 20, parallel_cpu_threads: 0 }, mempool: Config { tx_cost_limit: 80000000, eviction_memory_time: 3600s, debug_enable_at_height: None, max_datacarrier_bytes: Some(83) }, notify: Config { block_notify_command: None }, rpc: Config { listen_addr: Some(127.0.0.1:8232), indexer_listen_addr: Some(127.0.0.1:8230), lightwalletd_listen_addr: None, parallel_cpu_threads: 0, debug_force_finished_sync: false, cookie_dir: "/zbench/zebra-cookie", enable_cookie_auth: true, max_response_body_size: 52428800 }, mining: Config { miner_address: None, extra_coinbase_data: None, miner_memo: None, internal_miner: false }, health: Config { listen_addr: None, min_connected_peers: 1, ready_max_blocks_behind: 2, enforce_on_test_networks: false, ready_max_tip_age: 300s }, zcashd_compat: Config { enabled: false, manage_zcashd: false, zcashd_source: Path, zcashd_path: None, zcashd_datadir: None, zcashd_extra_args: [], p2p_connect_addr: None, block_gossip_peer_ips: [], startup_delay: 1s, restart_backoff: 2s, restart_backoff_max: 300s, restart_reset_after: 3600s, shutdown_grace_period: 300s } }
Oct 09 02:08:23 runnervmmprz5 zebrad-v6.4.2[2769]: 2026-10-09T02:08:23.994930Z  INFO {zebrad="e3eef2f" net="Test"}: zebrad::application: initialized rayon thread pool for CPU-bound tasks num_threads=4
Oct 09 02:08:23 runnervmmprz5 zebrad-v6.4.2[2769]: 2026-10-09T02:08:23.995644Z  INFO {zebrad="e3eef2f" net="Test"}: zebrad::components::metrics: Trying to open metrics endpoint at 127.0.0.1:9101...
Oct 09 02:08:23 runnervmmprz5 zebrad-v6.4.2[2769]: 2026-10-09T02:08:23.997047Z  INFO {zebrad="e3eef2f" net="Test"}: zebrad::components::metrics: Opened metrics endpoint at 127.0.0.1:9101
Oct 09 02:08:23 runnervmmprz5 zebrad-v6.4.2[2769]: 2026-10-09T02:08:23.997640Z  INFO zebrad::commands::start: Starting zebrad
Oct 09 02:08:23 runnervmmprz5 zebrad-v6.4.2[2769]: 2026-10-09T02:08:23.998487Z  WARN zebrad::commands::start: TCP slow-start-after-idle is enabled, which resets TCP's congestion window between block requests and significantly reduces single-peer throughput for block propagation. Hint: set `net.ipv4.tcp_slow_start_after_idle=0` via sysctl. See https://zebra.zfnd.org/user/troubleshooting.html#linux-tcp-tuning-for-block-propagation setting="net.ipv4.tcp_slow_start_after_idle"
Oct 09 02:08:23 runnervmmprz5 zebrad-v6.4.2[2769]: 2026-10-09T02:08:23.998506Z  INFO zebrad::commands::start: initializing node state
Oct 09 02:08:23 runnervmmprz5 zebrad-v6.4.2[2769]: 2026-10-09T02:08:23.998782Z  INFO zebrad::commands::start: opening database, this may take a few minutes
Oct 09 02:08:24 runnervmmprz5 zebrad-v6.4.2[2769]: 2026-10-09T02:08:24.001455Z  INFO zebra_state::service::finalized_state::disk_format::upgrade: trying to open current database format running_version=28.0.0+indexer
Oct 09 02:08:25 runnervmmprz5 zebrad-v6.4.2[2769]: 2026-10-09T02:08:25.137307Z  INFO zebra_state::service::finalized_state::disk_db: Opened Zebra state cache at /zbench/zebra/state/v28/testnet
Oct 09 02:08:25 runnervmmprz5 zebrad-v6.4.2[2769]: 2026-10-09T02:08:25.139470Z  INFO zebra_state::service::finalized_state::disk_format::upgrade: checking database format produced by a previous zebra instance is current and valid running_version=28.0.0+indexer
Oct 09 02:08:25 runnervmmprz5 zebrad-v6.4.2[2769]: 2026-10-09T02:08:25.139755Z  INFO zebra_state::service::finalized_state::disk_format::upgrade: started checking/adding indexes for spending tx ids
Oct 09 02:08:25 runnervmmprz5 zebrad-v6.4.2[2769]: 2026-10-09T02:08:25.143327Z  INFO zebra_state::service::non_finalized_state: restoring non-finalized blocks from backup and spawning backup task backup_dir_path="/zbench/zebra/non_finalized_state/testnet"
Oct 09 02:08:25 runnervmmprz5 zebrad-v6.4.2[2769]: 2026-10-09T02:08:25.144718Z  INFO zebra_state::service::non_finalized_state: no blocks were restored from the non-finalized backup cache
Oct 09 02:08:25 runnervmmprz5 zebrad-v6.4.2[2769]: 2026-10-09T02:08:25.144743Z  INFO zebra_state::service: loaded Zebra state cache chain_tip=Some((block::Hash("00005894e6410b9d9524e38d725e6595ef4c8f85d4deb9e56b340751b0c3d678"), Height(4382897)))
Oct 09 02:08:25 runnervmmprz5 zebrad-v6.4.2[2769]: 2026-10-09T02:08:25.148177Z  INFO zebra_state::service: starting legacy chain check
Oct 09 02:08:25 runnervmmprz5 zebrad-v6.4.2[2769]: 2026-10-09T02:08:25.148277Z  INFO zebra_state::service: cached state consensus branch is valid: no legacy chain found
Oct 09 02:08:25 runnervmmprz5 zebrad-v6.4.2[2769]: 2026-10-09T02:08:25.148286Z  INFO zebrad::commands::start: logging database metrics on startup
Oct 09 02:08:25 runnervmmprz5 zebrad-v6.4.2[2769]: 2026-10-09T02:08:25.150063Z  INFO zebra_state::service::finalized_state::disk_db: Total Database Disk Size: 12.6 GB
Oct 09 02:08:25 runnervmmprz5 zebrad-v6.4.2[2769]: 2026-10-09T02:08:25.150071Z  INFO zebra_state::service::finalized_state::disk_db: Total Live Data Disk Size: 12.6 GB
Oct 09 02:08:25 runnervmmprz5 zebrad-v6.4.2[2769]: 2026-10-09T02:08:25.150073Z  INFO zebra_state::service::finalized_state::disk_db: Total Database Memory Size: 61.4 KB
Oct 09 02:08:25 runnervmmprz5 zebrad-v6.4.2[2769]: 2026-10-09T02:08:25.150077Z  INFO zebrad::commands::start: initializing network
Oct 09 02:08:25 runnervmmprz5 zebrad-v6.4.2[2769]: 2026-10-09T02:08:25.154790Z  INFO open_listener{addr=127.0.0.1:8233}: zebra_network::peer_set::initialize: Trying to open Zcash protocol endpoint at 127.0.0.1:8233...
Oct 09 02:08:25 runnervmmprz5 zebrad-v6.4.2[2769]: 2026-10-09T02:08:25.154841Z  INFO open_listener{addr=127.0.0.1:8233}: zebra_network::peer_set::initialize: Opened Zcash protocol endpoint at 127.0.0.1:8233
Oct 09 02:08:25 runnervmmprz5 zebrad-v6.4.2[2769]: 2026-10-09T02:08:25.157070Z  INFO zebra_network::address_book_updater: starting the address book updater
Oct 09 02:08:25 runnervmmprz5 zebrad-v6.4.2[2769]: 2026-10-09T02:08:25.157996Z  WARN add_initial_peers: zebra_network::config: no initial peers in the network config. Hint: you must configure at least one peer IP or DNS seeder to run Zebra, give it some previously cached peer IP addresses on disk, or make sure Zebra's listener port gets inbound connections.
Oct 09 02:08:25 runnervmmprz5 zebrad-v6.4.2[2769]: 2026-10-09T02:08:25.158220Z  INFO add_initial_peers: zebra_network::peer_set::initialize: connecting to initial peer set ipv4_peer_count=0 ipv6_peer_count=0
Oct 09 02:08:25 runnervmmprz5 zebrad-v6.4.2[2769]: 2026-10-09T02:08:25.158231Z  INFO add_initial_peers: zebra_network::peer_set::initialize: finished connecting to initial seed and disk cache peers handshake_success_total=0 handshake_error_total=0 outbound_connections=0
Oct 09 02:08:25 runnervmmprz5 zebrad-v6.4.2[2769]: 2026-10-09T02:08:25.158253Z  INFO zebra_network::peer_set::initialize: sending initial request for peers active_initial_peer_count=0
Oct 09 02:08:25 runnervmmprz5 zebrad-v6.4.2[2769]: 2026-10-09T02:08:25.158272Z  INFO zebrad::commands::start: initializing verifiers
Oct 09 02:08:25 runnervmmprz5 zebrad-v6.4.2[2769]: 2026-10-09T02:08:25.158325Z  INFO crawl_and_dial{new_peer_interval=61s}: zebra_network::peer_set::initialize: starting the peer address crawler crawl_new_peer_interval=61s outbound_connections=0
Oct 09 02:08:25 runnervmmprz5 zebrad-v6.4.2[2769]: 2026-10-09T02:08:25.158391Z  INFO init{config=Config { checkpoint_sync: true } network=Testnet}: zebra_consensus::router: starting state checkpoint validation
Oct 09 02:08:25 runnervmmprz5 zebrad-v6.4.2[2769]: 2026-10-09T02:08:25.159253Z  INFO init{config=Config { checkpoint_sync: true } network=Testnet}: zebra_consensus::router: initializing block verifier router tip=Some((Height(4382897), block::Hash("00005894e6410b9d9524e38d725e6595ef4c8f85d4deb9e56b340751b0c3d678"))) max_checkpoint_height=Height(4359385)
Oct 09 02:08:25 runnervmmprz5 zebrad-v6.4.2[2769]: 2026-10-09T02:08:25.159549Z  INFO zebrad::commands::start: initializing syncer
Oct 09 02:08:25 runnervmmprz5 zebrad-v6.4.2[2769]: 2026-10-09T02:08:25.159717Z  INFO zebrad::commands::start: initializing mempool
Oct 09 02:08:25 runnervmmprz5 zebrad-v6.4.2[2769]: 2026-10-09T02:08:25.159871Z  INFO zebrad::commands::start: fully initializing inbound peer request handler
Oct 09 02:08:25 runnervmmprz5 zebrad-v6.4.2[2769]: 2026-10-09T02:08:25.162434Z  INFO zebra_rpc::server::cookie: RPC auth cookie written to disk
Oct 09 02:08:25 runnervmmprz5 zebrad-v6.4.2[2769]: 2026-10-09T02:08:25.162467Z  INFO zebra_rpc::server: Opened RPC endpoint at 127.0.0.1:8232
Oct 09 02:08:25 runnervmmprz5 zebrad-v6.4.2[2769]: 2026-10-09T02:08:25.162478Z  INFO zebrad::commands::start: spawning indexer RPC server
Oct 09 02:08:25 runnervmmprz5 zebrad-v6.4.2[2769]: 2026-10-09T02:08:25.163845Z  INFO init: zebra_rpc::indexer::server: Trying to open indexer RPC endpoint at 127.0.0.1:8230...
Oct 09 02:08:25 runnervmmprz5 zebrad-v6.4.2[2769]: 2026-10-09T02:08:25.163875Z  INFO init: zebra_rpc::indexer::server: Opened RPC endpoint at 127.0.0.1:8230
Oct 09 02:08:25 runnervmmprz5 zebrad-v6.4.2[2769]: 2026-10-09T02:08:25.163884Z  INFO zebrad::commands::start: spawning block gossip task
Oct 09 02:08:25 runnervmmprz5 zebrad-v6.4.2[2769]: 2026-10-09T02:08:25.163887Z  INFO zebrad::commands::start: spawning block notify task
Oct 09 02:08:25 runnervmmprz5 zebrad-v6.4.2[2769]: 2026-10-09T02:08:25.163890Z  INFO zebrad::commands::start: spawning mempool queue checker task
Oct 09 02:08:25 runnervmmprz5 zebrad-v6.4.2[2769]: 2026-10-09T02:08:25.163892Z  INFO zebrad::commands::start: spawning mempool transaction gossip task
Oct 09 02:08:25 runnervmmprz5 zebrad-v6.4.2[2769]: 2026-10-09T02:08:25.163894Z  INFO zebrad::commands::start: spawning delete old databases task
Oct 09 02:08:25 runnervmmprz5 zebrad-v6.4.2[2769]: 2026-10-09T02:08:25.163900Z  INFO zebrad::commands::start: spawning progress logging task
Oct 09 02:08:25 runnervmmprz5 zebrad-v6.4.2[2769]: 2026-10-09T02:08:25.163903Z  INFO zebrad::commands::start: initializing health endpoints
Oct 09 02:08:25 runnervmmprz5 zebrad-v6.4.2[2769]: 2026-10-09T02:08:25.163906Z  INFO zebrad::commands::start: spawning end of support checking task
Oct 09 02:08:25 runnervmmprz5 zebrad-v6.4.2[2769]: 2026-10-09T02:08:25.163911Z  INFO zebrad::commands::start: spawning mempool crawler task
Oct 09 02:08:25 runnervmmprz5 zebrad-v6.4.2[2769]: 2026-10-09T02:08:25.163913Z  INFO zebrad::commands::start: spawning syncer task
Oct 09 02:08:25 runnervmmprz5 zebrad-v6.4.2[2769]: 2026-10-09T02:08:25.163916Z  INFO zebrad::commands::start: spawned initial Zebra tasks
Oct 09 02:08:25 runnervmmprz5 zebrad-v6.4.2[2769]: 2026-10-09T02:08:25.164018Z  INFO zebrad::components::mempool::queue_checker: initializing mempool queue checker task
Oct 09 02:08:25 runnervmmprz5 zebrad-v6.4.2[2769]: 2026-10-09T02:08:25.164032Z  INFO zebrad::components::mempool::gossip: initializing transaction gossip task
Oct 09 02:08:25 runnervmmprz5 zebrad-v6.4.2[2769]: 2026-10-09T02:08:25.164199Z  INFO zebrad::components::sync::end_of_support: Starting end of support task
Oct 09 02:08:25 runnervmmprz5 zebrad-v6.4.2[2769]: 2026-10-09T02:08:25.164334Z  INFO zebra_state::config: checking for old database versions db_kind="state"
Oct 09 02:08:25 runnervmmprz5 zebrad-v6.4.2[2769]: 2026-10-09T02:08:25.164364Z  INFO zebra_state::config: finished old database version cleanup task
Oct 09 02:08:25 runnervmmprz5 zebrad-v6.4.2[2769]: 2026-10-09T02:08:25.164401Z  WARN zebrad::components::sync::progress: chain tip metrics channel closed err=SendError { .. }
Oct 09 02:08:25 runnervmmprz5 zebrad-v6.4.2[2769]: 2026-10-09T02:08:25.164981Z  INFO zebrad::components::sync::gossip: initializing block gossip task
Oct 09 02:08:25 runnervmmprz5 zebrad-v6.4.2[2769]: 2026-10-09T02:08:25.166434Z  INFO sync:try_to_sync: zebrad::components::sync: starting sync, obtaining new tips state_tip=Some(Height(4382897))
Oct 09 02:08:25 runnervmmprz5 zebrad-v6.4.2[2769]: 2026-10-09T02:08:25.166503Z  INFO zebrad::components::mempool::crawler: initializing mempool crawler task
Oct 09 02:08:27 runnervmmprz5 zebrad-v6.4.2[2769]: 2026-10-09T02:08:27.508349Z  INFO init{config=Config { checkpoint_sync: true } network=Testnet}: zebra_consensus::router: finished state checkpoint validation
Oct 09 02:08:31 runnervmmprz5 zebrad-v6.4.2[2769]: 2026-10-09T02:08:31.168358Z  INFO sync:try_to_sync: zebrad::components::sync: exhausted prospective tip set
Oct 09 02:08:31 runnervmmprz5 zebrad-v6.4.2[2769]: 2026-10-09T02:08:31.168385Z  INFO sync: zebrad::components::sync: waiting to restart sync timeout=67s state_tip=Some(Height(4382897))
Oct 09 02:08:32 runnervmmprz5 zebrad-v6.4.2[2769]: 2026-10-09T02:08:32.168583Z  INFO zebrad::components::sync::gossip: height=Height(4382897) request=AdvertiseBlock(block::Hash("00005894e6410b9d9524e38d725e6595ef4c8f85d4deb9e56b340751b0c3d678"), None) log_msg="sending committed block broadcast"
Oct 09 02:08:35 runnervmmprz5 zebrad-v6.4.2[2769]: 2026-10-09T02:08:35.164737Z  INFO zebrad::components::sync::end_of_support: Release always valid in Testnet
Oct 09 02:08:35 runnervmmprz5 zebrad-v6.4.2[2769]: 2026-10-09T02:08:35.165893Z  INFO zebrad::components::mempool: activating mempool: Zebra is close to the tip tip_height=Height(4382897)
Oct 09 02:09:25 runnervmmprz5 zebrad-v6.4.2[2769]: 2026-10-09T02:09:25.195205Z  INFO zebrad::components::sync::progress: initial sync is very slow, or estimated tip is wrong. Hint: check your network connection, and your computer clock and time zone sync_percent=99.584% current_height=Height(4382897) network_upgrade=Nu6_3 remaining_sync_blocks=18307 after_checkpoint_height=Height(4360395) time_since_last_state_block=1m
Oct 09 02:09:26 runnervmmprz5 zebrad-v6.4.2[2769]: 2026-10-09T02:09:26.159554Z  INFO crawl_and_dial{new_peer_interval=61s}:crawl: zebra_network::peer_set::candidate_set::crawl: timeout waiting for peer service readiness or peer responses
Oct 09 02:09:29 runnervmmprz5 zebrad-v6.4.2[2769]: 2026-10-09T02:09:29.337831Z  INFO zebra_state::service::finalized_state::disk_format::upgrade: finished checking/adding indexes for spending tx ids
Oct 09 02:09:32 runnervmmprz5 zebrad-v6.4.2[2769]: 2026-10-09T02:09:32.590218Z  INFO zebra_state::service::finalized_state::disk_format::upgrade: database format is valid running_version=28.0.0+indexer initial_disk_version=28.0.0+indexer
Oct 09 02:09:38 runnervmmprz5 zebrad-v6.4.2[2769]: 2026-10-09T02:09:38.169439Z  INFO sync:try_to_sync: zebrad::components::sync: starting sync, obtaining new tips state_tip=Some(Height(4382897))
Oct 09 02:09:44 runnervmmprz5 zebrad-v6.4.2[2769]: 2026-10-09T02:09:44.186999Z  INFO sync:try_to_sync: zebrad::components::sync: exhausted prospective tip set
Oct 09 02:09:44 runnervmmprz5 zebrad-v6.4.2[2769]: 2026-10-09T02:09:44.187028Z  INFO sync: zebrad::components::sync: waiting to restart sync timeout=67s state_tip=Some(Height(4382897))
Oct 09 02:10:25 runnervmmprz5 zebrad-v6.4.2[2769]: 2026-10-09T02:10:25.207614Z  INFO zebrad::components::sync::progress: initial sync is very slow, or estimated tip is wrong. Hint: check your network connection, and your computer clock and time zone sync_percent=99.584% current_height=Height(4382897) network_upgrade=Nu6_3 remaining_sync_blocks=18307 after_checkpoint_height=Height(4360395) time_since_last_state_block=2m
Oct 09 02:10:35 runnervmmprz5 zebrad-v6.4.2[2769]: 2026-10-09T02:10:35.159645Z  INFO crawl_and_dial{new_peer_interval=61s}:crawl: zebra_network::peer_set::candidate_set::crawl: timeout waiting for peer service readiness or peer responses
Oct 09 02:10:51 runnervmmprz5 zebrad-v6.4.2[2769]: 2026-10-09T02:10:51.187927Z  INFO sync:try_to_sync: zebrad::components::sync: starting sync, obtaining new tips state_tip=Some(Height(4382897))
Oct 09 02:11:25 runnervmmprz5 zebrad-v6.4.2[2769]: 2026-10-09T02:11:25.220983Z  INFO zebrad::components::sync::progress: initial sync is very slow, or estimated tip is wrong. Hint: check your network connection, and your computer clock and time zone sync_percent=99.584% current_height=Height(4382897) network_upgrade=Nu6_3 remaining_sync_blocks=18308 after_checkpoint_height=Height(4360395) time_since_last_state_block=3m
Oct 09 02:11:36 runnervmmprz5 zebrad-v6.4.2[2769]: 2026-10-09T02:11:36.159924Z  INFO crawl_and_dial{new_peer_interval=61s}:crawl: zebra_network::peer_set::candidate_set::crawl: timeout waiting for peer service readiness or peer responses
Oct 09 02:11:46 runnervmmprz5 zebrad-v6.4.2[2769]: 2026-10-09T02:11:46.480900Z  INFO sync:try_to_sync: zebrad::components::sync: exhausted prospective tip set
Oct 09 02:11:46 runnervmmprz5 zebrad-v6.4.2[2769]: 2026-10-09T02:11:46.480931Z  INFO sync: zebrad::components::sync: waiting to restart sync timeout=67s state_tip=Some(Height(4382897))
Oct 09 02:12:25 runnervmmprz5 zebrad-v6.4.2[2769]: 2026-10-09T02:12:25.233537Z  INFO zebrad::components::sync::progress: initial sync is very slow, or estimated tip is wrong. Hint: check your network connection, and your computer clock and time zone sync_percent=99.584% current_height=Height(4382897) network_upgrade=Nu6_3 remaining_sync_blocks=18309 after_checkpoint_height=Height(4360395) time_since_last_state_block=4m
Oct 09 02:12:37 runnervmmprz5 zebrad-v6.4.2[2769]: 2026-10-09T02:12:37.159653Z  INFO crawl_and_dial{new_peer_interval=61s}:crawl: zebra_network::peer_set::candidate_set::crawl: timeout waiting for peer service readiness or peer responses
Oct 09 02:12:53 runnervmmprz5 zebrad-v6.4.2[2769]: 2026-10-09T02:12:53.481915Z  INFO sync:try_to_sync: zebrad::components::sync: starting sync, obtaining new tips state_tip=Some(Height(4382897))
Oct 09 02:13:25 runnervmmprz5 zebrad-v6.4.2[2769]: 2026-10-09T02:13:25.248175Z  INFO zebrad::components::sync::progress: initial sync is very slow, or estimated tip is wrong. Hint: check your network connection, and your computer clock and time zone sync_percent=99.584% current_height=Height(4382897) network_upgrade=Nu6_3 remaining_sync_blocks=18310 after_checkpoint_height=Height(4360395) time_since_last_state_block=5m
Oct 09 02:13:38 runnervmmprz5 zebrad-v6.4.2[2769]: 2026-10-09T02:13:38.159951Z  INFO crawl_and_dial{new_peer_interval=61s}:crawl: zebra_network::peer_set::candidate_set::crawl: timeout waiting for peer service readiness or peer responses
Oct 09 02:14:00 runnervmmprz5 zebrad-v6.4.2[2769]: 2026-10-09T02:14:00.483387Z  INFO sync:try_to_sync: zebrad::components::sync: temporary error obtaining tips: deadline has elapsed
Oct 09 02:14:00 runnervmmprz5 zebrad-v6.4.2[2769]: 2026-10-09T02:14:00.483451Z  INFO sync: zebrad::components::sync: waiting to restart sync timeout=67s state_tip=Some(Height(4382897))
Oct 09 02:14:12 runnervmmprz5 zebrad-v6.4.2[2769]: 2026-10-09T02:14:12.483467Z  INFO zebrad::components::mempool::crawler: mempool crawl timed out: Elapsed(())
Oct 09 02:14:25 runnervmmprz5 zebrad-v6.4.2[2769]: 2026-10-09T02:14:25.261831Z  INFO zebrad::components::sync::progress: initial sync is very slow, or estimated tip is wrong. Hint: check your network connection, and your computer clock and time zone sync_percent=99.584% current_height=Height(4382897) network_upgrade=Nu6_3 remaining_sync_blocks=18311 after_checkpoint_height=Height(4360395) time_since_last_state_block=6m
Oct 09 02:14:31 runnervmmprz5 zebrad-v6.4.2[2769]: 2026-10-09T02:14:31.159215Z  INFO crawl_and_dial{new_peer_interval=61s}: zebra_network::address_book: no active peer connections: trying gossiped addresses address_metrics=AddressMetrics { responded: 0, never_attempted_gossiped: 0, failed: 0, attempt_pending: 2, recently_live: 0, recently_stopped_responding: 0, num_addresses: 2, address_limit: 5000 }
Oct 09 02:14:31 runnervmmprz5 zebrad-v6.4.2[2769]: 2026-10-09T02:14:31.160429Z  INFO crawl_and_dial{new_peer_interval=61s}:dial{network=Testnet candidate=MetaAddr { addr: v4redacted:51694, services: Some(PeerServices(NODE_NETWORK)), untrusted_last_seen: None, last_response: Some(DateTime32 { timestamp: 1791511770, calendar: 2026-10-09T02:09:30Z }), rtt: None, ping_sent_at: None, last_attempt: Some(Instant { tv_sec: 1002, tv_nsec: 656433290 }), last_failure: None, last_connection_state: AttemptPending, is_inbound: true, user_agent: Some("/Zakura:1.3.1/"), negotiated_version: Some(Version(170160)) }}: zebra_network::peer_set::initialize: failed to make outbound connection to peer error=Os { code: 111, kind: ConnectionRefused, message: "Connection refused" } candidate.addr=v4redacted:51694
Oct 09 02:14:31 runnervmmprz5 zebrad-v6.4.2[2769]: 2026-10-09T02:14:31.259862Z  INFO crawl_and_dial{new_peer_interval=61s}:dial{network=Testnet candidate=MetaAddr { addr: v4redacted:36294, services: Some(PeerServices(NODE_NETWORK)), untrusted_last_seen: None, last_response: Some(DateTime32 { timestamp: 1791511900, calendar: 2026-10-09T02:11:40Z }), rtt: None, ping_sent_at: None, last_attempt: Some(Instant { tv_sec: 1002, tv_nsec: 656447131 }), last_failure: None, last_connection_state: AttemptPending, is_inbound: true, user_agent: Some("/Zakura:1.3.1/"), negotiated_version: Some(Version(170160)) }}: zebra_network::peer_set::initialize: failed to make outbound connection to peer error=Os { code: 111, kind: ConnectionRefused, message: "Connection refused" } candidate.addr=v4redacted:36294
Oct 09 02:14:39 runnervmmprz5 zebrad-v6.4.2[2769]: 2026-10-09T02:14:39.160300Z  INFO crawl_and_dial{new_peer_interval=61s}:crawl: zebra_network::peer_set::candidate_set::crawl: timeout waiting for peer service readiness or peer responses
Oct 09 02:15:07 runnervmmprz5 zebrad-v6.4.2[2769]: 2026-10-09T02:15:07.484337Z  INFO sync:try_to_sync: zebrad::components::sync: starting sync, obtaining new tips state_tip=Some(Height(4382897))
Oct 09 02:15:25 runnervmmprz5 zebrad-v6.4.2[2769]: 2026-10-09T02:15:25.274371Z  INFO zebrad::components::sync::progress: initial sync is very slow, or estimated tip is wrong. Hint: check your network connection, and your computer clock and time zone sync_percent=99.584% current_height=Height(4382897) network_upgrade=Nu6_3 remaining_sync_blocks=18311 after_checkpoint_height=Height(4360395) time_since_last_state_block=7m
Oct 09 02:15:40 runnervmmprz5 zebrad-v6.4.2[2769]: 2026-10-09T02:15:40.160886Z  INFO crawl_and_dial{new_peer_interval=61s}:crawl: zebra_network::peer_set::candidate_set::crawl: timeout waiting for peer service readiness or peer responses
Oct 09 02:16:14 runnervmmprz5 zebrad-v6.4.2[2769]: 2026-10-09T02:16:14.485398Z  INFO sync:try_to_sync: zebrad::components::sync: temporary error obtaining tips: deadline has elapsed
Oct 09 02:16:14 runnervmmprz5 zebrad-v6.4.2[2769]: 2026-10-09T02:16:14.485456Z  INFO sync: zebrad::components::sync: waiting to restart sync timeout=67s state_tip=Some(Height(4382897))
Oct 09 02:16:25 runnervmmprz5 zebrad-v6.4.2[2769]: 2026-10-09T02:16:25.288157Z  INFO zebrad::components::sync::progress: initial sync is very slow, or estimated tip is wrong. Hint: check your network connection, and your computer clock and time zone sync_percent=99.584% current_height=Height(4382897) network_upgrade=Nu6_3 remaining_sync_blocks=18312 after_checkpoint_height=Height(4360395) time_since_last_state_block=8m
Oct 09 02:16:33 runnervmmprz5 zebrad-v6.4.2[2769]: 2026-10-09T02:16:33.158974Z  INFO crawl_and_dial{new_peer_interval=61s}: zebra_network::address_book: no active peer connections: trying gossiped addresses address_metrics=AddressMetrics { responded: 0, never_attempted_gossiped: 0, failed: 1, attempt_pending: 1, recently_live: 0, recently_stopped_responding: 0, num_addresses: 2, address_limit: 5000 }
Oct 09 02:16:33 runnervmmprz5 zebrad-v6.4.2[2769]: 2026-10-09T02:16:33.160262Z  INFO crawl_and_dial{new_peer_interval=61s}:dial{network=Testnet candidate=MetaAddr { addr: v4redacted:51694, services: Some(PeerServices(NODE_NETWORK)), untrusted_last_seen: None, last_response: Some(DateTime32 { timestamp: 1791511770, calendar: 2026-10-09T02:09:30Z }), rtt: None, ping_sent_at: None, last_attempt: Some(Instant { tv_sec: 1124, tv_nsec: 656197160 }), last_failure: Some(Instant { tv_sec: 1002, tv_nsec: 657719257 }), last_connection_state: AttemptPending, is_inbound: true, user_agent: Some("/Zakura:1.3.1/"), negotiated_version: Some(Version(170160)) }}: zebra_network::peer_set::initialize: failed to make outbound connection to peer error=Os { code: 111, kind: ConnectionRefused, message: "Connection refused" } candidate.addr=v4redacted:51694
Oct 09 02:16:33 runnervmmprz5 zebrad-v6.4.2[2769]: 2026-10-09T02:16:33.260823Z  INFO crawl_and_dial{new_peer_interval=61s}:dial{network=Testnet candidate=MetaAddr { addr: v4redacted:36294, services: Some(PeerServices(NODE_NETWORK)), untrusted_last_seen: None, last_response: Some(DateTime32 { timestamp: 1791511900, calendar: 2026-10-09T02:11:40Z }), rtt: None, ping_sent_at: None, last_attempt: Some(Instant { tv_sec: 1124, tv_nsec: 656259984 }), last_failure: Some(Instant { tv_sec: 1002, tv_nsec: 757163505 }), last_connection_state: AttemptPending, is_inbound: true, user_agent: Some("/Zakura:1.3.1/"), negotiated_version: Some(Version(170160)) }}: zebra_network::peer_set::initialize: failed to make outbound connection to peer error=Os { code: 111, kind: ConnectionRefused, message: "Connection refused" } candidate.addr=v4redacted:36294
Oct 09 02:16:38 runnervmmprz5 zebrad-v6.4.2[2769]: 2026-10-09T02:16:38.485544Z  INFO zebrad::components::mempool::crawler: mempool crawl timed out: Elapsed(())
Oct 09 02:16:41 runnervmmprz5 zebrad-v6.4.2[2769]: 2026-10-09T02:16:41.160559Z  INFO crawl_and_dial{new_peer_interval=61s}:crawl: zebra_network::peer_set::candidate_set::crawl: timeout waiting for peer service readiness or peer responses
Oct 09 02:17:21 runnervmmprz5 zebrad-v6.4.2[2769]: 2026-10-09T02:17:21.485964Z  INFO sync:try_to_sync: zebrad::components::sync: starting sync, obtaining new tips state_tip=Some(Height(4382897))
Oct 09 02:17:25 runnervmmprz5 zebrad-v6.4.2[2769]: 2026-10-09T02:17:25.301867Z  INFO zebrad::components::sync::progress: initial sync is very slow, or estimated tip is wrong. Hint: check your network connection, and your computer clock and time zone sync_percent=99.584% current_height=Height(4382897) network_upgrade=Nu6_3 remaining_sync_blocks=18313 after_checkpoint_height=Height(4360395) time_since_last_state_block=9m
Oct 09 02:17:42 runnervmmprz5 zebrad-v6.4.2[2769]: 2026-10-09T02:17:42.159926Z  INFO crawl_and_dial{new_peer_interval=61s}:crawl: zebra_network::peer_set::candidate_set::crawl: timeout waiting for peer service readiness or peer responses
Oct 09 02:18:25 runnervmmprz5 zebrad-v6.4.2[2769]: 2026-10-09T02:18:25.317585Z  INFO zebrad::components::sync::progress: initial sync is very slow, or estimated tip is wrong. Hint: check your network connection, and your computer clock and time zone sync_percent=99.584% current_height=Height(4382897) network_upgrade=Nu6_3 remaining_sync_blocks=18314 after_checkpoint_height=Height(4360395) time_since_last_state_block=10m
Oct 09 02:18:28 runnervmmprz5 zebrad-v6.4.2[2769]: 2026-10-09T02:18:28.487124Z  INFO sync:try_to_sync: zebrad::components::sync: temporary error obtaining tips: deadline has elapsed
Oct 09 02:18:28 runnervmmprz5 zebrad-v6.4.2[2769]: 2026-10-09T02:18:28.487188Z  INFO sync: zebrad::components::sync: waiting to restart sync timeout=67s state_tip=Some(Height(4382897))
Oct 09 02:18:35 runnervmmprz5 zebrad-v6.4.2[2769]: 2026-10-09T02:18:35.158868Z  INFO crawl_and_dial{new_peer_interval=61s}: zebra_network::address_book: no active peer connections: trying gossiped addresses address_metrics=AddressMetrics { responded: 0, never_attempted_gossiped: 0, failed: 1, attempt_pending: 1, recently_live: 0, recently_stopped_responding: 0, num_addresses: 2, address_limit: 5000 }
Oct 09 02:18:35 runnervmmprz5 zebrad-v6.4.2[2769]: 2026-10-09T02:18:35.160202Z  INFO crawl_and_dial{new_peer_interval=61s}:dial{network=Testnet candidate=MetaAddr { addr: v4redacted:51694, services: Some(PeerServices(NODE_NETWORK)), untrusted_last_seen: None, last_response: Some(DateTime32 { timestamp: 1791511770, calendar: 2026-10-09T02:09:30Z }), rtt: None, ping_sent_at: None, last_attempt: Some(Instant { tv_sec: 1246, tv_nsec: 656091138 }), last_failure: Some(Instant { tv_sec: 1124, tv_nsec: 657550613 }), last_connection_state: AttemptPending, is_inbound: true, user_agent: Some("/Zakura:1.3.1/"), negotiated_version: Some(Version(170160)) }}: zebra_network::peer_set::initialize: failed to make outbound connection to peer error=Os { code: 111, kind: ConnectionRefused, message: "Connection refused" } candidate.addr=v4redacted:51694
Oct 09 02:18:35 runnervmmprz5 zebrad-v6.4.2[2769]: 2026-10-09T02:18:35.260671Z  INFO crawl_and_dial{new_peer_interval=61s}:dial{network=Testnet candidate=MetaAddr { addr: v4redacted:36294, services: Some(PeerServices(NODE_NETWORK)), untrusted_last_seen: None, last_response: Some(DateTime32 { timestamp: 1791511900, calendar: 2026-10-09T02:11:40Z }), rtt: None, ping_sent_at: None, last_attempt: Some(Instant { tv_sec: 1246, tv_nsec: 656166731 }), last_failure: Some(Instant { tv_sec: 1124, tv_nsec: 758157743 }), last_connection_state: AttemptPending, is_inbound: true, user_agent: Some("/Zakura:1.3.1/"), negotiated_version: Some(Version(170160)) }}: zebra_network::peer_set::initialize: failed to make outbound connection to peer error=Os { code: 111, kind: ConnectionRefused, message: "Connection refused" } candidate.addr=v4redacted:36294
Oct 09 02:18:43 runnervmmprz5 zebrad-v6.4.2[2769]: 2026-10-09T02:18:43.160566Z  INFO crawl_and_dial{new_peer_interval=61s}:crawl: zebra_network::peer_set::candidate_set::crawl: timeout waiting for peer service readiness or peer responses
Oct 09 02:19:04 runnervmmprz5 zebrad-v6.4.2[2769]: 2026-10-09T02:19:04.488907Z  INFO zebrad::components::mempool::crawler: mempool crawl timed out: Elapsed(())
Oct 09 02:19:25 runnervmmprz5 zebrad-v6.4.2[2769]: 2026-10-09T02:19:25.331567Z  INFO zebrad::components::sync::progress: initial sync is very slow, or estimated tip is wrong. Hint: check your network connection, and your computer clock and time zone sync_percent=99.584% current_height=Height(4382897) network_upgrade=Nu6_3 remaining_sync_blocks=18315 after_checkpoint_height=Height(4360395) time_since_last_state_block=11m
Oct 09 02:19:35 runnervmmprz5 zebrad-v6.4.2[2769]: 2026-10-09T02:19:35.488427Z  INFO sync:try_to_sync: zebrad::components::sync: starting sync, obtaining new tips state_tip=Some(Height(4382897))
Oct 09 02:19:44 runnervmmprz5 zebrad-v6.4.2[2769]: 2026-10-09T02:19:44.159747Z  INFO crawl_and_dial{new_peer_interval=61s}:crawl: zebra_network::peer_set::candidate_set::crawl: timeout waiting for peer service readiness or peer responses
Oct 09 02:20:17 runnervmmprz5 zebrad-v6.4.2[2769]: 2026-10-09T02:20:17.690879Z  INFO sync:try_to_sync: zebrad::components::sync: exhausted prospective tip set
Oct 09 02:20:17 runnervmmprz5 zebrad-v6.4.2[2769]: 2026-10-09T02:20:17.690911Z  INFO sync: zebrad::components::sync: waiting to restart sync timeout=67s state_tip=Some(Height(4382897))
Oct 09 02:20:25 runnervmmprz5 zebrad-v6.4.2[2769]: 2026-10-09T02:20:25.346414Z  INFO zebrad::components::sync::progress: initial sync is very slow, or estimated tip is wrong. Hint: check your network connection, and your computer clock and time zone sync_percent=99.584% current_height=Height(4382897) network_upgrade=Nu6_3 remaining_sync_blocks=18315 after_checkpoint_height=Height(4360395) time_since_last_state_block=12m
