Oct 10 19:31:11 runnervmmprz5 systemd[1]: Started zebrad.service - /opt/zbench/bin/zebrad-v6.4.2 -c /etc/zbench/zebrad.toml start.
Oct 10 19:31:11 runnervmmprz5 zebrad-v6.4.2[2747]: Thank you for running a testnet zebrad 6.4.2 node!
Oct 10 19:31:11 runnervmmprz5 zebrad-v6.4.2[2747]: You're helping to strengthen the network and contributing to a social good :)
Oct 10 19:31:11 runnervmmprz5 zebrad-v6.4.2[2747]: 2026-10-10T19:31:11.959914Z  INFO zebrad::components::tracing::component: started tracing component filter="info" TRACING_STATIC_MAX_LEVEL=LevelFilter::INFO LOG_STATIC_MAX_LEVEL=Info
Oct 10 19:31:11 runnervmmprz5 zebrad-v6.4.2[2747]: 2026-10-10T19:31:11.961930Z  INFO zebrad::components::tracing::component: installed sentry tracing layer
Oct 10 19:31:11 runnervmmprz5 zebrad-v6.4.2[2747]: 2026-10-10T19:31:11.961938Z  INFO zebrad::components::tracing::component: set 'tracing.progress_bar ="summary"' in zebrad.toml to activate progress bars
Oct 10 19:31:11 runnervmmprz5 zebrad-v6.4.2[2747]: 2026-10-10T19:31:11.961943Z  INFO zebrad::application: Diagnostic metadata:
Oct 10 19:31:11 runnervmmprz5 zebrad-v6.4.2[2747]: version: 6.4.2
Oct 10 19:31:11 runnervmmprz5 zebrad-v6.4.2[2747]: Zcash network: Testnet
Oct 10 19:31:11 runnervmmprz5 zebrad-v6.4.2[2747]: running state version: 28.0.0+indexer
Oct 10 19:31:11 runnervmmprz5 zebrad-v6.4.2[2747]: initial disk state version: 28.0.0
Oct 10 19:31:11 runnervmmprz5 zebrad-v6.4.2[2747]: features: default,default_release_binaries,howudoin,indexer,indicatif,metrics_exporter_prometheus,opentelemetry,progress_bar,prometheus,release_max_level_info,sentry
Oct 10 19:31:11 runnervmmprz5 zebrad-v6.4.2[2747]: branch: HEAD
Oct 10 19:31:11 runnervmmprz5 zebrad-v6.4.2[2747]: git commit: e3eef2f
Oct 10 19:31:11 runnervmmprz5 zebrad-v6.4.2[2747]: commit timestamp: 2026-09-25T19:37:34.000000000Z
Oct 10 19:31:11 runnervmmprz5 zebrad-v6.4.2[2747]: target triple: x86_64-unknown-linux-gnu
Oct 10 19:31:11 runnervmmprz5 zebrad-v6.4.2[2747]: rust compiler: 1.91.0
Oct 10 19:31:11 runnervmmprz5 zebrad-v6.4.2[2747]: rust release date: 2025-10-28
Oct 10 19:31:11 runnervmmprz5 zebrad-v6.4.2[2747]: optimization level: 3
Oct 10 19:31:11 runnervmmprz5 zebrad-v6.4.2[2747]: debug checks: true
Oct 10 19:31:11 runnervmmprz5 zebrad-v6.4.2[2747]: 2026-10-10T19:31:11.961950Z  INFO zebrad::application: Using config file at: "/etc/zbench/zebrad.toml"
Oct 10 19:31:11 runnervmmprz5 zebrad-v6.4.2[2747]: 2026-10-10T19:31:11.961959Z  INFO zebrad::application: ZebradConfig { consensus: Config { checkpoint_sync: true }, metrics: Config { endpoint_addr: Some(127.0.0.1:9101) }, network: Config { listen_addr: 127.0.0.1:8233, external_addr: None, network: Testnet, initial_mainnet_peers: {}, initial_testnet_peers: {}, cache_dir: IsEnabled(false), peerset_initial_target_size: 25, crawl_new_peer_interval: 61s, max_connections_per_ip: 1 }, state: Config { cache_dir: "/zbench/zebra", ephemeral: false, should_backup_non_finalized_state: true, delete_old_database: true, debug_stop_at_height: None, debug_validity_check_interval: None, debug_skip_non_finalized_state_backup_task: false }, tracing: Config { inner: InnerConfig { use_color: false, force_use_color: false, filter: None, buffer_limit: 128000, endpoint_addr: None, flamegraph: None, progress_bar: None, log_file: None, use_journald: false, opentelemetry_endpoint: None, opentelemetry_service_name: None, opentelemetry_sample_percent: None } }, sync: Config { download_concurrency_limit: 50, checkpoint_verify_concurrency_limit: 1000, full_verify_concurrency_limit: 20, parallel_cpu_threads: 0 }, mempool: Config { tx_cost_limit: 80000000, eviction_memory_time: 3600s, debug_enable_at_height: None, max_datacarrier_bytes: Some(83) }, notify: Config { block_notify_command: None }, rpc: Config { listen_addr: Some(127.0.0.1:8232), indexer_listen_addr: Some(127.0.0.1:8230), lightwalletd_listen_addr: None, parallel_cpu_threads: 0, debug_force_finished_sync: false, cookie_dir: "/zbench/zebra-cookie", enable_cookie_auth: true, max_response_body_size: 52428800 }, mining: Config { miner_address: None, extra_coinbase_data: None, miner_memo: None, internal_miner: false }, health: Config { listen_addr: None, min_connected_peers: 1, ready_max_blocks_behind: 2, enforce_on_test_networks: false, ready_max_tip_age: 300s }, zcashd_compat: Config { enabled: false, manage_zcashd: false, zcashd_source: Path, zcashd_path: None, zcashd_datadir: None, zcashd_extra_args: [], p2p_connect_addr: None, block_gossip_peer_ips: [], startup_delay: 1s, restart_backoff: 2s, restart_backoff_max: 300s, restart_reset_after: 3600s, shutdown_grace_period: 300s } }
Oct 10 19:31:11 runnervmmprz5 zebrad-v6.4.2[2747]: 2026-10-10T19:31:11.963521Z  INFO {zebrad="e3eef2f" net="Test"}: zebrad::application: initialized rayon thread pool for CPU-bound tasks num_threads=4
Oct 10 19:31:11 runnervmmprz5 zebrad-v6.4.2[2747]: 2026-10-10T19:31:11.964238Z  INFO {zebrad="e3eef2f" net="Test"}: zebrad::components::metrics: Trying to open metrics endpoint at 127.0.0.1:9101...
Oct 10 19:31:11 runnervmmprz5 zebrad-v6.4.2[2747]: 2026-10-10T19:31:11.965576Z  INFO {zebrad="e3eef2f" net="Test"}: zebrad::components::metrics: Opened metrics endpoint at 127.0.0.1:9101
Oct 10 19:31:11 runnervmmprz5 zebrad-v6.4.2[2747]: 2026-10-10T19:31:11.966218Z  INFO zebrad::commands::start: Starting zebrad
Oct 10 19:31:11 runnervmmprz5 zebrad-v6.4.2[2747]: 2026-10-10T19:31:11.967021Z  WARN zebrad::commands::start: TCP slow-start-after-idle is enabled, which resets TCP's congestion window between block requests and significantly reduces single-peer throughput for block propagation. Hint: set `net.ipv4.tcp_slow_start_after_idle=0` via sysctl. See https://zebra.zfnd.org/user/troubleshooting.html#linux-tcp-tuning-for-block-propagation setting="net.ipv4.tcp_slow_start_after_idle"
Oct 10 19:31:11 runnervmmprz5 zebrad-v6.4.2[2747]: 2026-10-10T19:31:11.967045Z  INFO zebrad::commands::start: initializing node state
Oct 10 19:31:11 runnervmmprz5 zebrad-v6.4.2[2747]: 2026-10-10T19:31:11.967363Z  INFO zebrad::commands::start: opening database, this may take a few minutes
Oct 10 19:31:11 runnervmmprz5 zebrad-v6.4.2[2747]: 2026-10-10T19:31:11.969624Z  INFO zebra_state::service::finalized_state::disk_format::upgrade: trying to open current database format running_version=28.0.0+indexer
Oct 10 19:31:15 runnervmmprz5 zebrad-v6.4.2[2747]: 2026-10-10T19:31:15.695432Z  INFO zebra_state::service::finalized_state::disk_db: Opened Zebra state cache at /zbench/zebra/state/v28/testnet
Oct 10 19:31:15 runnervmmprz5 zebrad-v6.4.2[2747]: 2026-10-10T19:31:15.714317Z  INFO zebra_state::service::finalized_state::disk_format::upgrade: checking database format produced by a previous zebra instance is current and valid running_version=28.0.0+indexer
Oct 10 19:31:15 runnervmmprz5 zebrad-v6.4.2[2747]: 2026-10-10T19:31:15.714795Z  INFO zebra_state::service::finalized_state::disk_format::upgrade: started checking/adding indexes for spending tx ids
Oct 10 19:31:15 runnervmmprz5 zebrad-v6.4.2[2747]: 2026-10-10T19:31:15.809246Z  INFO zebra_state::service::non_finalized_state: restoring non-finalized blocks from backup and spawning backup task backup_dir_path="/zbench/zebra/non_finalized_state/testnet"
Oct 10 19:31:15 runnervmmprz5 zebrad-v6.4.2[2747]: 2026-10-10T19:31:15.831026Z  INFO zebra_state::service::non_finalized_state: no blocks were restored from the non-finalized backup cache
Oct 10 19:31:15 runnervmmprz5 zebrad-v6.4.2[2747]: 2026-10-10T19:31:15.831058Z  INFO zebra_state::service: loaded Zebra state cache chain_tip=Some((block::Hash("00005894e6410b9d9524e38d725e6595ef4c8f85d4deb9e56b340751b0c3d678"), Height(4382897)))
Oct 10 19:31:15 runnervmmprz5 zebrad-v6.4.2[2747]: 2026-10-10T19:31:15.856824Z  INFO zebra_state::service: starting legacy chain check
Oct 10 19:31:15 runnervmmprz5 zebrad-v6.4.2[2747]: 2026-10-10T19:31:15.857065Z  INFO zebra_state::service: cached state consensus branch is valid: no legacy chain found
Oct 10 19:31:15 runnervmmprz5 zebrad-v6.4.2[2747]: 2026-10-10T19:31:15.857080Z  INFO zebrad::commands::start: logging database metrics on startup
Oct 10 19:31:15 runnervmmprz5 zebrad-v6.4.2[2747]: 2026-10-10T19:31:15.858798Z  INFO zebra_state::service::finalized_state::disk_db: Total Database Disk Size: 12.6 GB
Oct 10 19:31:15 runnervmmprz5 zebrad-v6.4.2[2747]: 2026-10-10T19:31:15.858814Z  INFO zebra_state::service::finalized_state::disk_db: Total Live Data Disk Size: 12.6 GB
Oct 10 19:31:15 runnervmmprz5 zebrad-v6.4.2[2747]: 2026-10-10T19:31:15.858818Z  INFO zebra_state::service::finalized_state::disk_db: Total Database Memory Size: 61.4 KB
Oct 10 19:31:15 runnervmmprz5 zebrad-v6.4.2[2747]: 2026-10-10T19:31:15.858829Z  INFO zebrad::commands::start: initializing network
Oct 10 19:31:15 runnervmmprz5 zebrad-v6.4.2[2747]: 2026-10-10T19:31:15.860776Z  INFO open_listener{addr=127.0.0.1:8233}: zebra_network::peer_set::initialize: Trying to open Zcash protocol endpoint at 127.0.0.1:8233...
Oct 10 19:31:15 runnervmmprz5 zebrad-v6.4.2[2747]: 2026-10-10T19:31:15.860815Z  INFO open_listener{addr=127.0.0.1:8233}: zebra_network::peer_set::initialize: Opened Zcash protocol endpoint at 127.0.0.1:8233
Oct 10 19:31:15 runnervmmprz5 zebrad-v6.4.2[2747]: 2026-10-10T19:31:15.934060Z  INFO zebra_network::address_book_updater: starting the address book updater
Oct 10 19:31:15 runnervmmprz5 zebrad-v6.4.2[2747]: 2026-10-10T19:31:15.935215Z  WARN add_initial_peers: zebra_network::config: no initial peers in the network config. Hint: you must configure at least one peer IP or DNS seeder to run Zebra, give it some previously cached peer IP addresses on disk, or make sure Zebra's listener port gets inbound connections.
Oct 10 19:31:15 runnervmmprz5 zebrad-v6.4.2[2747]: 2026-10-10T19:31:15.937008Z  INFO add_initial_peers: zebra_network::peer_set::initialize: connecting to initial peer set ipv4_peer_count=0 ipv6_peer_count=0
Oct 10 19:31:15 runnervmmprz5 zebrad-v6.4.2[2747]: 2026-10-10T19:31:15.937028Z  INFO add_initial_peers: zebra_network::peer_set::initialize: finished connecting to initial seed and disk cache peers handshake_success_total=0 handshake_error_total=0 outbound_connections=0
Oct 10 19:31:15 runnervmmprz5 zebrad-v6.4.2[2747]: 2026-10-10T19:31:15.937079Z  INFO zebra_network::peer_set::initialize: sending initial request for peers active_initial_peer_count=0
Oct 10 19:31:15 runnervmmprz5 zebrad-v6.4.2[2747]: 2026-10-10T19:31:15.937116Z  INFO zebrad::commands::start: initializing verifiers
Oct 10 19:31:15 runnervmmprz5 zebrad-v6.4.2[2747]: 2026-10-10T19:31:15.937151Z  INFO crawl_and_dial{new_peer_interval=61s}: zebra_network::peer_set::initialize: starting the peer address crawler crawl_new_peer_interval=61s outbound_connections=0
Oct 10 19:31:15 runnervmmprz5 zebrad-v6.4.2[2747]: 2026-10-10T19:31:15.937418Z  INFO init{config=Config { checkpoint_sync: true } network=Testnet}: zebra_consensus::router: starting state checkpoint validation
Oct 10 19:31:15 runnervmmprz5 zebrad-v6.4.2[2747]: 2026-10-10T19:31:15.948857Z  INFO init{config=Config { checkpoint_sync: true } network=Testnet}: zebra_consensus::router: initializing block verifier router tip=Some((Height(4382897), block::Hash("00005894e6410b9d9524e38d725e6595ef4c8f85d4deb9e56b340751b0c3d678"))) max_checkpoint_height=Height(4359385)
Oct 10 19:31:15 runnervmmprz5 zebrad-v6.4.2[2747]: 2026-10-10T19:31:15.950829Z  INFO zebrad::commands::start: initializing syncer
Oct 10 19:31:15 runnervmmprz5 zebrad-v6.4.2[2747]: 2026-10-10T19:31:15.954807Z  INFO zebrad::commands::start: initializing mempool
Oct 10 19:31:15 runnervmmprz5 zebrad-v6.4.2[2747]: 2026-10-10T19:31:15.955784Z  INFO zebrad::commands::start: fully initializing inbound peer request handler
Oct 10 19:31:16 runnervmmprz5 zebrad-v6.4.2[2747]: 2026-10-10T19:31:16.037990Z  INFO zebra_rpc::server::cookie: RPC auth cookie written to disk
Oct 10 19:31:16 runnervmmprz5 zebrad-v6.4.2[2747]: 2026-10-10T19:31:16.038025Z  INFO zebra_rpc::server: Opened RPC endpoint at 127.0.0.1:8232
Oct 10 19:31:16 runnervmmprz5 zebrad-v6.4.2[2747]: 2026-10-10T19:31:16.038039Z  INFO zebrad::commands::start: spawning indexer RPC server
Oct 10 19:31:16 runnervmmprz5 zebrad-v6.4.2[2747]: 2026-10-10T19:31:16.061766Z  INFO init: zebra_rpc::indexer::server: Trying to open indexer RPC endpoint at 127.0.0.1:8230...
Oct 10 19:31:16 runnervmmprz5 zebrad-v6.4.2[2747]: 2026-10-10T19:31:16.061804Z  INFO init: zebra_rpc::indexer::server: Opened RPC endpoint at 127.0.0.1:8230
Oct 10 19:31:16 runnervmmprz5 zebrad-v6.4.2[2747]: 2026-10-10T19:31:16.061821Z  INFO zebrad::commands::start: spawning block gossip task
Oct 10 19:31:16 runnervmmprz5 zebrad-v6.4.2[2747]: 2026-10-10T19:31:16.061828Z  INFO zebrad::commands::start: spawning block notify task
Oct 10 19:31:16 runnervmmprz5 zebrad-v6.4.2[2747]: 2026-10-10T19:31:16.061831Z  INFO zebrad::commands::start: spawning mempool queue checker task
Oct 10 19:31:16 runnervmmprz5 zebrad-v6.4.2[2747]: 2026-10-10T19:31:16.061835Z  INFO zebrad::commands::start: spawning mempool transaction gossip task
Oct 10 19:31:16 runnervmmprz5 zebrad-v6.4.2[2747]: 2026-10-10T19:31:16.061839Z  INFO zebrad::commands::start: spawning delete old databases task
Oct 10 19:31:16 runnervmmprz5 zebrad-v6.4.2[2747]: 2026-10-10T19:31:16.061847Z  INFO zebrad::commands::start: spawning progress logging task
Oct 10 19:31:16 runnervmmprz5 zebrad-v6.4.2[2747]: 2026-10-10T19:31:16.061851Z  INFO zebrad::commands::start: initializing health endpoints
Oct 10 19:31:16 runnervmmprz5 zebrad-v6.4.2[2747]: 2026-10-10T19:31:16.061855Z  INFO zebrad::commands::start: spawning end of support checking task
Oct 10 19:31:16 runnervmmprz5 zebrad-v6.4.2[2747]: 2026-10-10T19:31:16.061854Z  INFO zebra_state::config: checking for old database versions db_kind="state"
Oct 10 19:31:16 runnervmmprz5 zebrad-v6.4.2[2747]: 2026-10-10T19:31:16.061862Z  INFO zebrad::commands::start: spawning mempool crawler task
Oct 10 19:31:16 runnervmmprz5 zebrad-v6.4.2[2747]: 2026-10-10T19:31:16.061866Z  INFO zebrad::commands::start: spawning syncer task
Oct 10 19:31:16 runnervmmprz5 zebrad-v6.4.2[2747]: 2026-10-10T19:31:16.061870Z  INFO zebrad::commands::start: spawned initial Zebra tasks
Oct 10 19:31:16 runnervmmprz5 zebrad-v6.4.2[2747]: 2026-10-10T19:31:16.061895Z  INFO zebra_state::config: finished old database version cleanup task
Oct 10 19:31:16 runnervmmprz5 zebrad-v6.4.2[2747]: 2026-10-10T19:31:16.061930Z  INFO zebrad::components::mempool::queue_checker: initializing mempool queue checker task
Oct 10 19:31:16 runnervmmprz5 zebrad-v6.4.2[2747]: 2026-10-10T19:31:16.061942Z  INFO zebrad::components::mempool::gossip: initializing transaction gossip task
Oct 10 19:31:16 runnervmmprz5 zebrad-v6.4.2[2747]: 2026-10-10T19:31:16.061950Z  INFO zebrad::components::sync::end_of_support: Starting end of support task
Oct 10 19:31:16 runnervmmprz5 zebrad-v6.4.2[2747]: 2026-10-10T19:31:16.063699Z  INFO zebrad::components::mempool::crawler: initializing mempool crawler task
Oct 10 19:31:16 runnervmmprz5 zebrad-v6.4.2[2747]: 2026-10-10T19:31:16.063742Z  WARN zebrad::components::sync::progress: chain tip metrics channel closed err=SendError { .. }
Oct 10 19:31:16 runnervmmprz5 zebrad-v6.4.2[2747]: 2026-10-10T19:31:16.063754Z  INFO zebrad::components::sync::gossip: initializing block gossip task
Oct 10 19:31:16 runnervmmprz5 zebrad-v6.4.2[2747]: 2026-10-10T19:31:16.091410Z  INFO sync:try_to_sync: zebrad::components::sync: starting sync, obtaining new tips state_tip=Some(Height(4382897))
Oct 10 19:31:22 runnervmmprz5 zebrad-v6.4.2[2747]: 2026-10-10T19:31:22.093923Z  INFO sync:try_to_sync: zebrad::components::sync: exhausted prospective tip set
Oct 10 19:31:22 runnervmmprz5 zebrad-v6.4.2[2747]: 2026-10-10T19:31:22.093948Z  INFO sync: zebrad::components::sync: waiting to restart sync timeout=67s state_tip=Some(Height(4382897))
Oct 10 19:31:23 runnervmmprz5 zebrad-v6.4.2[2747]: 2026-10-10T19:31:23.065691Z  INFO zebrad::components::sync::gossip: height=Height(4382897) request=AdvertiseBlock(block::Hash("00005894e6410b9d9524e38d725e6595ef4c8f85d4deb9e56b340751b0c3d678"), None) log_msg="sending committed block broadcast"
Oct 10 19:31:23 runnervmmprz5 zebrad-v6.4.2[2747]: 2026-10-10T19:31:23.275396Z  INFO init{config=Config { checkpoint_sync: true } network=Testnet}: zebra_consensus::router: finished state checkpoint validation
Oct 10 19:31:26 runnervmmprz5 zebrad-v6.4.2[2747]: 2026-10-10T19:31:26.062306Z  INFO zebrad::components::sync::end_of_support: Release always valid in Testnet
Oct 10 19:31:26 runnervmmprz5 zebrad-v6.4.2[2747]: 2026-10-10T19:31:26.063485Z  INFO zebrad::components::mempool: activating mempool: Zebra is close to the tip tip_height=Height(4382897)
Oct 10 19:32:16 runnervmmprz5 zebrad-v6.4.2[2747]: 2026-10-10T19:32:16.078082Z  INFO zebrad::components::sync::progress: initial sync is very slow, or estimated tip is wrong. Hint: check your network connection, and your computer clock and time zone sync_percent=99.539% current_height=Height(4382897) network_upgrade=Nu6_3 remaining_sync_blocks=20293 after_checkpoint_height=Height(4360395) time_since_last_state_block=1m
Oct 10 19:32:16 runnervmmprz5 zebrad-v6.4.2[2747]: 2026-10-10T19:32:16.936292Z  INFO crawl_and_dial{new_peer_interval=61s}:crawl: zebra_network::peer_set::candidate_set::crawl: timeout waiting for peer service readiness or peer responses
Oct 10 19:32:29 runnervmmprz5 zebrad-v6.4.2[2747]: 2026-10-10T19:32:29.094312Z  INFO sync:try_to_sync: zebrad::components::sync: starting sync, obtaining new tips state_tip=Some(Height(4382897))
Oct 10 19:32:35 runnervmmprz5 zebrad-v6.4.2[2747]: 2026-10-10T19:32:35.094416Z  INFO zebrad::components::mempool::crawler: mempool crawl timed out: Elapsed(())
Oct 10 19:32:41 runnervmmprz5 zebrad-v6.4.2[2747]: 2026-10-10T19:32:41.578204Z  INFO zebra_state::service::finalized_state::disk_format::upgrade: finished checking/adding indexes for spending tx ids
Oct 10 19:32:42 runnervmmprz5 zebrad-v6.4.2[2747]: 2026-10-10T19:32:42.800411Z  INFO sync:try_to_sync: zebrad::components::sync: exhausted prospective tip set
Oct 10 19:32:42 runnervmmprz5 zebrad-v6.4.2[2747]: 2026-10-10T19:32:42.800439Z  INFO sync: zebrad::components::sync: waiting to restart sync timeout=67s state_tip=Some(Height(4382897))
Oct 10 19:32:45 runnervmmprz5 zebrad-v6.4.2[2747]: 2026-10-10T19:32:45.115758Z  INFO zebra_state::service::finalized_state::disk_format::upgrade: database format is valid running_version=28.0.0+indexer initial_disk_version=28.0.0+indexer
Oct 10 19:33:16 runnervmmprz5 zebrad-v6.4.2[2747]: 2026-10-10T19:33:16.092082Z  INFO zebrad::components::sync::progress: initial sync is very slow, or estimated tip is wrong. Hint: check your network connection, and your computer clock and time zone sync_percent=99.539% current_height=Height(4382897) network_upgrade=Nu6_3 remaining_sync_blocks=20294 after_checkpoint_height=Height(4360395) time_since_last_state_block=2m
Oct 10 19:33:49 runnervmmprz5 zebrad-v6.4.2[2747]: 2026-10-10T19:33:49.802001Z  INFO sync:try_to_sync: zebrad::components::sync: starting sync, obtaining new tips state_tip=Some(Height(4382897))
Oct 10 19:34:00 runnervmmprz5 zebrad-v6.4.2[2747]: 2026-10-10T19:34:00.098057Z  INFO sync:try_to_sync: zebrad::components::sync: exhausted prospective tip set
Oct 10 19:34:00 runnervmmprz5 zebrad-v6.4.2[2747]: 2026-10-10T19:34:00.098095Z  INFO sync: zebrad::components::sync: waiting to restart sync timeout=67s state_tip=Some(Height(4382897))
Oct 10 19:34:16 runnervmmprz5 zebrad-v6.4.2[2747]: 2026-10-10T19:34:16.104452Z  INFO zebrad::components::sync::progress: initial sync is very slow, or estimated tip is wrong. Hint: check your network connection, and your computer clock and time zone sync_percent=99.539% current_height=Height(4382897) network_upgrade=Nu6_3 remaining_sync_blocks=20294 after_checkpoint_height=Height(4360395) time_since_last_state_block=3m
Oct 10 19:35:07 runnervmmprz5 zebrad-v6.4.2[2747]: 2026-10-10T19:35:07.099539Z  INFO sync:try_to_sync: zebrad::components::sync: starting sync, obtaining new tips state_tip=Some(Height(4382897))
Oct 10 19:35:16 runnervmmprz5 zebrad-v6.4.2[2747]: 2026-10-10T19:35:16.117259Z  INFO zebrad::components::sync::progress: initial sync is very slow, or estimated tip is wrong. Hint: check your network connection, and your computer clock and time zone sync_percent=99.539% current_height=Height(4382897) network_upgrade=Nu6_3 remaining_sync_blocks=20295 after_checkpoint_height=Height(4360395) time_since_last_state_block=4m
Oct 10 19:35:19 runnervmmprz5 zebrad-v6.4.2[2747]: 2026-10-10T19:35:19.100334Z  INFO sync:try_to_sync: zebrad::components::sync: exhausted prospective tip set
Oct 10 19:35:19 runnervmmprz5 zebrad-v6.4.2[2747]: 2026-10-10T19:35:19.100368Z  INFO sync: zebrad::components::sync: waiting to restart sync timeout=67s state_tip=Some(Height(4382897))
Oct 10 19:36:16 runnervmmprz5 zebrad-v6.4.2[2747]: 2026-10-10T19:36:16.130349Z  INFO zebrad::components::sync::progress: initial sync is very slow, or estimated tip is wrong. Hint: check your network connection, and your computer clock and time zone sync_percent=99.539% current_height=Height(4382897) network_upgrade=Nu6_3 remaining_sync_blocks=20296 after_checkpoint_height=Height(4360395) time_since_last_state_block=5m
Oct 10 19:36:20 runnervmmprz5 zebrad-v6.4.2[2747]: 2026-10-10T19:36:20.938425Z  WARN crawl_and_dial{new_peer_interval=61s}:crawl: zebra_network::peer_set::set: network request with no peer connections. Hint: check your network connection address_metrics=AddressMetrics { responded: 1, never_attempted_gossiped: 2, failed: 0, attempt_pending: 0, recently_live: 1, recently_stopped_responding: 0, num_addresses: 3, address_limit: 5000 }
Oct 10 19:36:26 runnervmmprz5 zebrad-v6.4.2[2747]: 2026-10-10T19:36:26.101190Z  INFO sync:try_to_sync: zebrad::components::sync: starting sync, obtaining new tips state_tip=Some(Height(4382897))
Oct 10 19:36:28 runnervmmprz5 zebrad-v6.4.2[2747]: 2026-10-10T19:36:28.940133Z  INFO crawl_and_dial{new_peer_interval=61s}:crawl: zebra_network::peer_set::candidate_set::crawl: timeout waiting for peer service readiness or peer responses
Oct 10 19:37:00 runnervmmprz5 zebrad-v6.4.2[2747]: 2026-10-10T19:37:00.533828Z  INFO sync:try_to_sync: zebrad::components::sync: exhausted prospective tip set
Oct 10 19:37:00 runnervmmprz5 zebrad-v6.4.2[2747]: 2026-10-10T19:37:00.533874Z  INFO sync: zebrad::components::sync: waiting to restart sync timeout=67s state_tip=Some(Height(4382897))
Oct 10 19:37:16 runnervmmprz5 zebrad-v6.4.2[2747]: 2026-10-10T19:37:16.145222Z  INFO zebrad::components::sync::progress: initial sync is very slow, or estimated tip is wrong. Hint: check your network connection, and your computer clock and time zone sync_percent=99.539% current_height=Height(4382897) network_upgrade=Nu6_3 remaining_sync_blocks=20297 after_checkpoint_height=Height(4360395) time_since_last_state_block=6m
Oct 10 19:38:07 runnervmmprz5 zebrad-v6.4.2[2747]: 2026-10-10T19:38:07.535080Z  INFO sync:try_to_sync: zebrad::components::sync: starting sync, obtaining new tips state_tip=Some(Height(4382897))
Oct 10 19:38:13 runnervmmprz5 zebrad-v6.4.2[2747]: 2026-10-10T19:38:13.536755Z  INFO sync:try_to_sync: zebrad::components::sync: exhausted prospective tip set
Oct 10 19:38:13 runnervmmprz5 zebrad-v6.4.2[2747]: 2026-10-10T19:38:13.536790Z  INFO sync: zebrad::components::sync: waiting to restart sync timeout=67s state_tip=Some(Height(4382897))
Oct 10 19:38:16 runnervmmprz5 zebrad-v6.4.2[2747]: 2026-10-10T19:38:16.157617Z  INFO zebrad::components::sync::progress: initial sync is very slow, or estimated tip is wrong. Hint: check your network connection, and your computer clock and time zone sync_percent=99.539% current_height=Height(4382897) network_upgrade=Nu6_3 remaining_sync_blocks=20298 after_checkpoint_height=Height(4360395) time_since_last_state_block=7m
Oct 10 19:39:16 runnervmmprz5 zebrad-v6.4.2[2747]: 2026-10-10T19:39:16.172517Z  INFO zebrad::components::sync::progress: initial sync is very slow, or estimated tip is wrong. Hint: check your network connection, and your computer clock and time zone sync_percent=99.539% current_height=Height(4382897) network_upgrade=Nu6_3 remaining_sync_blocks=20298 after_checkpoint_height=Height(4360395) time_since_last_state_block=8m
Oct 10 19:39:20 runnervmmprz5 zebrad-v6.4.2[2747]: 2026-10-10T19:39:20.537349Z  INFO sync:try_to_sync: zebrad::components::sync: starting sync, obtaining new tips state_tip=Some(Height(4382897))
Oct 10 19:39:26 runnervmmprz5 zebrad-v6.4.2[2747]: 2026-10-10T19:39:26.538422Z  INFO sync:try_to_sync: zebrad::components::sync: exhausted prospective tip set
Oct 10 19:39:26 runnervmmprz5 zebrad-v6.4.2[2747]: 2026-10-10T19:39:26.538457Z  INFO sync: zebrad::components::sync: waiting to restart sync timeout=67s state_tip=Some(Height(4382897))
Oct 10 19:40:16 runnervmmprz5 zebrad-v6.4.2[2747]: 2026-10-10T19:40:16.186011Z  INFO zebrad::components::sync::progress: initial sync is very slow, or estimated tip is wrong. Hint: check your network connection, and your computer clock and time zone sync_percent=99.539% current_height=Height(4382897) network_upgrade=Nu6_3 remaining_sync_blocks=20299 after_checkpoint_height=Height(4360395) time_since_last_state_block=9m
Oct 10 19:40:33 runnervmmprz5 zebrad-v6.4.2[2747]: 2026-10-10T19:40:33.539319Z  INFO sync:try_to_sync: zebrad::components::sync: starting sync, obtaining new tips state_tip=Some(Height(4382897))
Oct 10 19:40:39 runnervmmprz5 zebrad-v6.4.2[2747]: 2026-10-10T19:40:39.540950Z  INFO sync:try_to_sync: zebrad::components::sync: exhausted prospective tip set
Oct 10 19:40:39 runnervmmprz5 zebrad-v6.4.2[2747]: 2026-10-10T19:40:39.540981Z  INFO sync: zebrad::components::sync: waiting to restart sync timeout=67s state_tip=Some(Height(4382897))
Oct 10 19:41:16 runnervmmprz5 zebrad-v6.4.2[2747]: 2026-10-10T19:41:16.201609Z  INFO zebrad::components::sync::progress: initial sync is very slow, or estimated tip is wrong. Hint: check your network connection, and your computer clock and time zone sync_percent=99.539% current_height=Height(4382897) network_upgrade=Nu6_3 remaining_sync_blocks=20300 after_checkpoint_height=Height(4360395) time_since_last_state_block=10m
Oct 10 19:41:46 runnervmmprz5 zebrad-v6.4.2[2747]: 2026-10-10T19:41:46.541534Z  INFO sync:try_to_sync: zebrad::components::sync: starting sync, obtaining new tips state_tip=Some(Height(4382897))
Oct 10 19:41:52 runnervmmprz5 zebrad-v6.4.2[2747]: 2026-10-10T19:41:52.543738Z  INFO sync:try_to_sync: zebrad::components::sync: exhausted prospective tip set
Oct 10 19:41:52 runnervmmprz5 zebrad-v6.4.2[2747]: 2026-10-10T19:41:52.543768Z  INFO sync: zebrad::components::sync: waiting to restart sync timeout=67s state_tip=Some(Height(4382897))
Oct 10 19:42:16 runnervmmprz5 zebrad-v6.4.2[2747]: 2026-10-10T19:42:16.217097Z  INFO zebrad::components::sync::progress: initial sync is very slow, or estimated tip is wrong. Hint: check your network connection, and your computer clock and time zone sync_percent=99.539% current_height=Height(4382897) network_upgrade=Nu6_3 remaining_sync_blocks=20301 after_checkpoint_height=Height(4360395) time_since_last_state_block=11m
Oct 10 19:42:59 runnervmmprz5 zebrad-v6.4.2[2747]: 2026-10-10T19:42:59.544852Z  INFO sync:try_to_sync: zebrad::components::sync: starting sync, obtaining new tips state_tip=Some(Height(4382897))
Oct 10 19:43:05 runnervmmprz5 zebrad-v6.4.2[2747]: 2026-10-10T19:43:05.546744Z  INFO sync:try_to_sync: zebrad::components::sync: exhausted prospective tip set
Oct 10 19:43:05 runnervmmprz5 zebrad-v6.4.2[2747]: 2026-10-10T19:43:05.546977Z  INFO sync: zebrad::components::sync: waiting to restart sync timeout=67s state_tip=Some(Height(4382897))
Oct 10 19:43:16 runnervmmprz5 zebrad-v6.4.2[2747]: 2026-10-10T19:43:16.232354Z  INFO zebrad::components::sync::progress: initial sync is very slow, or estimated tip is wrong. Hint: check your network connection, and your computer clock and time zone sync_percent=99.539% current_height=Height(4382897) network_upgrade=Nu6_3 remaining_sync_blocks=20302 after_checkpoint_height=Height(4360395) time_since_last_state_block=12m
Oct 10 19:44:12 runnervmmprz5 zebrad-v6.4.2[2747]: 2026-10-10T19:44:12.547328Z  INFO sync:try_to_sync: zebrad::components::sync: starting sync, obtaining new tips state_tip=Some(Height(4382897))
Oct 10 19:44:12 runnervmmprz5 zebrad-v6.4.2[2747]: 2026-10-10T19:44:12.547849Z  WARN sync:try_to_sync:obtain_tips: zebra_network::peer_set::set: network request with no peer connections. Hint: check your network connection address_metrics=AddressMetrics { responded: 1, never_attempted_gossiped: 2, failed: 1, attempt_pending: 0, recently_live: 0, recently_stopped_responding: 1, num_addresses: 4, address_limit: 5000 }
Oct 10 19:44:16 runnervmmprz5 zebrad-v6.4.2[2747]: 2026-10-10T19:44:16.245804Z  INFO zebrad::components::sync::progress: initial sync is very slow, or estimated tip is wrong. Hint: check your network connection, and your computer clock and time zone sync_percent=99.539% current_height=Height(4382897) network_upgrade=Nu6_3 remaining_sync_blocks=20302 after_checkpoint_height=Height(4360395) time_since_last_state_block=13m
Oct 10 19:44:18 runnervmmprz5 zebrad-v6.4.2[2747]: 2026-10-10T19:44:18.548327Z  INFO sync:try_to_sync: zebrad::components::sync: exhausted prospective tip set
Oct 10 19:44:18 runnervmmprz5 zebrad-v6.4.2[2747]: 2026-10-10T19:44:18.548362Z  INFO sync: zebrad::components::sync: waiting to restart sync timeout=67s state_tip=Some(Height(4382897))
