Oct 10 20:27:05 runnervmmprz5 systemd[1]: Started zbench-compat-zaino-0.9.0.service - /opt/zbench/bin/zainod-0.9.0 start --config /home/runner/work/zcash-indexer-bench/zcash-indexer-bench/runs/zaino-0.9.0-r1/compat/zainod.toml.
Oct 10 20:27:05 runnervmmprz5 zainod-0.9.0[8313]:        ░▒▒▒▒▒▒▒▒▒▒▒▒▒▒▒▒▒▒▒▒▒▒▒▒▒▒▒▒▒▒▒▒▒▒▒████▓░▒▒▒
Oct 10 20:27:05 runnervmmprz5 zainod-0.9.0[8313]:        ▒▒▒▒▒▒▒▒▒▒▒▒▒▒▒▒▒▒▒▒▒▒▒▒▒▒▒▒▒▒▒▒▒▒▒▒████▓▒▒▒▒
Oct 10 20:27:05 runnervmmprz5 zainod-0.9.0[8313]:        ▒▒▒▒▒▒▒▒▒▒▒▒▒▒▒▒▒▒▒▒▒▒▒▒▒▒▒▒▒▒▒▒▒▒▒▒▒▒░▒▒▒▒▒▒
Oct 10 20:27:05 runnervmmprz5 zainod-0.9.0[8313]:        ▒▒▒▒▒▒▒▒▒▒▒▒▒▒▒▒▒▒▒▒▒▓▓▓▓▒▒▒▒▒▒▒▒▒▒▒▒▓▓▒▒▒▒▒▒
Oct 10 20:27:05 runnervmmprz5 zainod-0.9.0[8313]:        ▒▒▒▒▒▒▒▒▒▒▒▒▒▒▓▓▓▓▓▓▓▓▓▓▓▓▓▓▓▓▓▓▒▒▒▒▒██▓▒▒▒▒▒
Oct 10 20:27:05 runnervmmprz5 zainod-0.9.0[8313]:        ▒▒▒▒▒▒▒▒▒▒▒▓▓▓▓▓▓▓▓▓▓▓▓▓▓▓▓▓▓▓▓▓▓▓▓▒▒██▓▒▒▒▒▒
Oct 10 20:27:05 runnervmmprz5 zainod-0.9.0[8313]:        ▒▒▒▒▒▒▒▒▓▓▓▓▓▓▓▓▓▓▓▓▓▓▓▓▓▓▓▓▓▓▓▓▓███▓██▓▒▒▒▒▒
Oct 10 20:27:05 runnervmmprz5 zainod-0.9.0[8313]:        ▒▒▒▒▒▒▒▓▓▓▓▒███▓░▒▓▓████████████████▓▓▒▒▒▒▒▒▒
Oct 10 20:27:05 runnervmmprz5 zainod-0.9.0[8313]:        ▒▒▒▒▒▒▓▓▓▓▒▓████▓▓███████████████████▓▒▓▓▒▒▒▒
Oct 10 20:27:05 runnervmmprz5 zainod-0.9.0[8313]:        ▒▒▒▒▒▓▓▓▓▓▒▒▓▓▓▓████████████████████▓▒▓▓▓▒▒▒▒
Oct 10 20:27:05 runnervmmprz5 zainod-0.9.0[8313]:        ▒▒▒▒▒▓▓▓▓▓█████████████████████████▓▒▓▓▓▓▓▒▒▒
Oct 10 20:27:05 runnervmmprz5 zainod-0.9.0[8313]:        ▒▒▒▒▓▓▓▒▓█████████████████████████▓▓▓▓▓▓▓▓▒▒▒
Oct 10 20:27:05 runnervmmprz5 zainod-0.9.0[8313]:        ▒▒▒▒▒▓▓▓████████████████████████▓▓▓▓▓▓▓▓▓▒▒▒▒
Oct 10 20:27:05 runnervmmprz5 zainod-0.9.0[8313]:        ▒▒▒▒▒▓▒███████████████████████▒▓▓▓▓▓▓▓▓▓▓▒▒▒▒
Oct 10 20:27:05 runnervmmprz5 zainod-0.9.0[8313]:        ▒▒▒▒▒▒▓███████████████████▓▓▓▓▓▓▓▓▓▓▓▓▓▓▒▒▒▒▒
Oct 10 20:27:05 runnervmmprz5 zainod-0.9.0[8313]:        ▒▒▒▒▒▒▓███████████████▓▓▓▓▓▓▓▓▓▓▓▓▓▓▓▓▓▒▒▒▒▒▒
Oct 10 20:27:05 runnervmmprz5 zainod-0.9.0[8313]:        ▒▒▒▒▒▒▓██████████▓▓▒▒▓▓▓▓▓▓▓▓▓▓▓▓▓▓▓▓▒▒▒▒▒▒▒▒
Oct 10 20:27:05 runnervmmprz5 zainod-0.9.0[8313]:        ▒▒▒▒███▓▒▓▓▓▓▓▒▒▓▓▓▓▓▓▓▓▓▓▓▓▓▓▓▓▓▓▒▒▒▒▒▒▒▒▒▒▒
Oct 10 20:27:05 runnervmmprz5 zainod-0.9.0[8313]:        ▒▒▒▓████▒▒▒▒▒▒▒▒▓▓▓▓▓▓▓▓▓▓▓▓▓▓▒▒▒▒▒▒▒▒▒▒▒▒▒▒▒
Oct 10 20:27:05 runnervmmprz5 zainod-0.9.0[8313]:        ▒▒▒▒░▒▒▒▒▒▒▒▒▒▒▒▒▒▒▒▒▒▒▒▒▒▒▒▒▒▒▒▒▒▒▒▒▒▒▒▒▒▒▒▒
Oct 10 20:27:05 runnervmmprz5 zainod-0.9.0[8313]:        ▒▒▒▒░▒▒▒▒▒▒▒▒▒▒▒▒▒▒▒▒▒▒▒▒▒▒▒▒▒▒▒▒▒▒▒▒▒▒▒▒▒▒▒▒
Oct 10 20:27:05 runnervmmprz5 zainod-0.9.0[8313]:              Thank you for using ZingoLabs Zaino!
Oct 10 20:27:05 runnervmmprz5 zainod-0.9.0[8313]:        - Donate to us at https://free2z.cash/zingolabs.
Oct 10 20:27:05 runnervmmprz5 zainod-0.9.0[8313]: ****** Please note Zaino is currently in development and should not be used to run mainnet nodes. ******
Oct 10 20:27:05 runnervmmprz5 zainod-0.9.0[8313]:     
Oct 10 20:44:44 runnervmmprz5 zainod-0.9.0[8313]:   20:44:44.613  WARN zaino_serve::rpc::jsonrpc::service: z_validateaddress is deprecated: delegating address validation to a non-client actor encourages information leakage. This service is only offered for bugwards compatibility with zcashd, and WILL BE REMOVED.
Oct 10 20:44:44 runnervmmprz5 zainod-0.9.0[8313]:     at packages/zaino-serve/src/rpc/jsonrpc/service.rs:727
Oct 10 20:44:44 runnervmmprz5 zainod-0.9.0[8313]:   20:44:44.613  WARN zaino_address::classify: z_validateaddress is deprecated: delegating address validation to a non-client actor encourages information leakage. This service is only offered for bugwards compatibility with zcashd, and WILL BE REMOVED.
Oct 10 20:44:44 runnervmmprz5 zainod-0.9.0[8313]:     at packages/zaino-address/src/classify.rs:54
